10-28 12:55:54.995 17800 17800 V ActivityScenario: Activity lifecycle changed event received but ignored because the intent does not match. startActivityIntent=Intent { act=android.intent.action.MAIN cat=[android.intent.category.LAUNCHER] cmp=com.example.lunchtray/.MainActivity }, activity.getIntent()=Intent { act=android.intent.action.MAIN cat=[android.intent.category.LAUNCHER] cmp=com.example.lunchtray/androidx.fragment.app.testing.FragmentScenario$EmptyFragmentActivity (has extras) }, activity=androidx.fragment.app.testing.FragmentScenario$EmptyFragmentActivity@6bfafdd
10-28 12:55:54.995 17800 17800 V ActivityScenario: Activity lifecycle changed event received but ignored because the intent does not match. startActivityIntent=Intent { act=android.intent.action.MAIN cat=[android.intent.category.LAUNCHER] cmp=com.example.lunchtray/.MainActivity }, activity.getIntent()=Intent { act=android.intent.action.MAIN cat=[android.intent.category.LAUNCHER] cmp=com.example.lunchtray/androidx.fragment.app.testing.FragmentScenario$EmptyFragmentActivity (has extras) }, activity=androidx.fragment.app.testing.FragmentScenario$EmptyFragmentActivity@6bfafdd
10-28 12:55:54.995 17800 17800 V ActivityScenario: Activity lifecycle changed event received but ignored because the intent does not match. startActivityIntent=Intent { act=android.intent.action.MAIN cat=[android.intent.category.LAUNCHER] cmp=com.example.lunchtray/.MainActivity }, activity.getIntent()=Intent { act=android.intent.action.MAIN cat=[android.intent.category.LAUNCHER] cmp=com.example.lunchtray/androidx.fragment.app.testing.FragmentScenario$EmptyFragmentActivity (has extras) }, activity=androidx.fragment.app.testing.FragmentScenario$EmptyFragmentActivity@6bfafdd
10-28 12:55:54.995 17800 17800 V ActivityScenario: Activity lifecycle changed event received but ignored because the intent does not match. startActivityIntent=Intent { act=android.intent.action.MAIN cat=[android.intent.category.LAUNCHER] cmp=com.example.lunchtray/.MainActivity }, activity.getIntent()=Intent { act=android.intent.action.MAIN cat=[android.intent.category.LAUNCHER] cmp=com.example.lunchtray/androidx.fragment.app.testing.FragmentScenario$EmptyFragmentActivity (has extras) }, activity=androidx.fragment.app.testing.FragmentScenario$EmptyFragmentActivity@6bfafdd
10-28 12:55:54.995 17800 17800 V ActivityScenario: Activity lifecycle changed event received but ignored because the reported transition was not ON_CREATE while the last known transition was PRE_ON_CREATE
10-28 12:55:54.995   954  1015 D EnterpriseDeviceManagerService: isMdmAdminPresentInternal() : MDM Admin Found - com.samsung.knox.securefolder
10-28 12:55:54.999  8198  8198 I Utils   : HomePackage : com.sec.android.app.launcher, resumePackageName : com.example.lunchtray
10-28 12:55:55.001 17800 17800 I DecorView: [INFO] isPopOver=false, config=true
10-28 12:55:55.001 17800 17800 I DecorView: updateCaptionType >> DecorView@bcaa69e[], isFloating=false, isApplication=true, hasWindowControllerCallback=true, hasWindowDecorCaption=false
10-28 12:55:55.001 17800 17800 D DecorView: setCaptionType = 0, this = DecorView@bcaa69e[]
10-28 12:55:55.003 17800 17800 I DecorView: getCurrentDensityDpi: from real metrics. densityDpi=420 msg=resources_loaded
10-28 12:55:55.004 17800 17800 D LifecycleMonitor: Lifecycle status change: androidx.fragment.app.testing.FragmentScenario$EmptyFragmentActivity@6bfafdd in: CREATED
10-28 12:55:55.004 17800 17800 V ActivityScenario: Update currentActivityStage to CREATED, currentActivity=androidx.fragment.app.testing.FragmentScenario$EmptyFragmentActivity@6bfafdd
10-28 12:55:55.004 17800 17800 V ActivityScenario: Update currentActivityStage to CREATED, currentActivity=androidx.fragment.app.testing.FragmentScenario$EmptyFragmentActivity@6bfafdd
10-28 12:55:55.005 17800 17800 V ActivityScenario: Update currentActivityStage to CREATED, currentActivity=androidx.fragment.app.testing.FragmentScenario$EmptyFragmentActivity@6bfafdd
10-28 12:55:55.005 17800 17800 V ActivityScenario: Update currentActivityStage to CREATED, currentActivity=androidx.fragment.app.testing.FragmentScenario$EmptyFragmentActivity@6bfafdd
10-28 12:55:55.005 17800 17800 V ActivityScenario: Activity lifecycle changed event received but ignored because the intent does not match. startActivityIntent=Intent { act=android.intent.action.MAIN cat=[android.intent.category.LAUNCHER] cmp=com.example.lunchtray/.MainActivity }, activity.getIntent()=Intent { act=android.intent.action.MAIN cat=[android.intent.category.LAUNCHER] cmp=com.example.lunchtray/androidx.fragment.app.testing.FragmentScenario$EmptyFragmentActivity (has extras) }, activity=androidx.fragment.app.testing.FragmentScenario$EmptyFragmentActivity@6bfafdd
10-28 12:55:55.005 17800 17800 V ActivityScenario: Activity lifecycle changed event received but ignored because the intent does not match. startActivityIntent=Intent { act=android.intent.action.MAIN cat=[android.intent.category.LAUNCHER] cmp=com.example.lunchtray/.MainActivity }, activity.getIntent()=Intent { act=android.intent.action.MAIN cat=[android.intent.category.LAUNCHER] cmp=com.example.lunchtray/androidx.fragment.app.testing.FragmentScenario$EmptyFragmentActivity (has extras) }, activity=androidx.fragment.app.testing.FragmentScenario$EmptyFragmentActivity@6bfafdd
10-28 12:55:55.005 17800 17800 V ActivityScenario: Activity lifecycle changed event received but ignored because the intent does not match. startActivityIntent=Intent { act=android.intent.action.MAIN cat=[android.intent.category.LAUNCHER] cmp=com.example.lunchtray/.MainActivity }, activity.getIntent()=Intent { act=android.intent.action.MAIN cat=[android.intent.category.LAUNCHER] cmp=com.example.lunchtray/androidx.fragment.app.testing.FragmentScenario$EmptyFragmentActivity (has extras) }, activity=androidx.fragment.app.testing.FragmentScenario$EmptyFragmentActivity@6bfafdd
10-28 12:55:55.005 17800 17800 V ActivityScenario: Activity lifecycle changed event received but ignored because the intent does not match. startActivityIntent=Intent { act=android.intent.action.MAIN cat=[android.intent.category.LAUNCHER] cmp=com.example.lunchtray/.MainActivity }, activity.getIntent()=Intent { act=android.intent.action.MAIN cat=[android.intent.category.LAUNCHER] cmp=com.example.lunchtray/androidx.fragment.app.testing.FragmentScenario$EmptyFragmentActivity (has extras) }, activity=androidx.fragment.app.testing.FragmentScenario$EmptyFragmentActivity@6bfafdd
10-28 12:55:55.005 17800 17800 V ActivityScenario: Activity lifecycle changed event received but ignored because the intent does not match. startActivityIntent=Intent { act=android.intent.action.MAIN cat=[android.intent.category.LAUNCHER] cmp=com.example.lunchtray/.MainActivity }, activity.getIntent()=Intent { act=android.intent.action.MAIN cat=[android.intent.category.LAUNCHER] cmp=com.example.lunchtray/androidx.fragment.app.testing.FragmentScenario$EmptyFragmentActivity (has extras) }, activity=androidx.fragment.app.testing.FragmentScenario$EmptyFragmentActivity@6bfafdd
10-28 12:55:55.005 17800 17800 V ActivityScenario: Update currentActivityStage to CREATED, currentActivity=androidx.fragment.app.testing.FragmentScenario$EmptyFragmentActivity@6bfafdd
10-28 12:55:55.006 17800 17800 D LifecycleMonitor: Lifecycle status change: androidx.fragment.app.testing.FragmentScenario$EmptyFragmentActivity@6bfafdd in: STARTED
10-28 12:55:55.006 17800 17800 V ActivityScenario: Update currentActivityStage to STARTED, currentActivity=androidx.fragment.app.testing.FragmentScenario$EmptyFragmentActivity@6bfafdd
10-28 12:55:55.006 17800 17800 V ActivityScenario: Update currentActivityStage to STARTED, currentActivity=androidx.fragment.app.testing.FragmentScenario$EmptyFragmentActivity@6bfafdd
10-28 12:55:55.006 17800 17800 V ActivityScenario: Update currentActivityStage to STARTED, currentActivity=androidx.fragment.app.testing.FragmentScenario$EmptyFragmentActivity@6bfafdd
10-28 12:55:55.006 17800 17800 V ActivityScenario: Update currentActivityStage to STARTED, currentActivity=androidx.fragment.app.testing.FragmentScenario$EmptyFragmentActivity@6bfafdd
10-28 12:55:55.006 17800 17800 V ActivityScenario: Activity lifecycle changed event received but ignored because the intent does not match. startActivityIntent=Intent { act=android.intent.action.MAIN cat=[android.intent.category.LAUNCHER] cmp=com.example.lunchtray/.MainActivity }, activity.getIntent()=Intent { act=android.intent.action.MAIN cat=[android.intent.category.LAUNCHER] cmp=com.example.lunchtray/androidx.fragment.app.testing.FragmentScenario$EmptyFragmentActivity (has extras) }, activity=androidx.fragment.app.testing.FragmentScenario$EmptyFragmentActivity@6bfafdd
10-28 12:55:55.006 17800 17800 V ActivityScenario: Activity lifecycle changed event received but ignored because the intent does not match. startActivityIntent=Intent { act=android.intent.action.MAIN cat=[android.intent.category.LAUNCHER] cmp=com.example.lunchtray/.MainActivity }, activity.getIntent()=Intent { act=android.intent.action.MAIN cat=[android.intent.category.LAUNCHER] cmp=com.example.lunchtray/androidx.fragment.app.testing.FragmentScenario$EmptyFragmentActivity (has extras) }, activity=androidx.fragment.app.testing.FragmentScenario$EmptyFragmentActivity@6bfafdd
10-28 12:55:55.007 17800 17800 V ActivityScenario: Activity lifecycle changed event received but ignored because the intent does not match. startActivityIntent=Intent { act=android.intent.action.MAIN cat=[android.intent.category.LAUNCHER] cmp=com.example.lunchtray/.MainActivity }, activity.getIntent()=Intent { act=android.intent.action.MAIN cat=[android.intent.category.LAUNCHER] cmp=com.example.lunchtray/androidx.fragment.app.testing.FragmentScenario$EmptyFragmentActivity (has extras) }, activity=androidx.fragment.app.testing.FragmentScenario$EmptyFragmentActivity@6bfafdd
10-28 12:55:55.007 17800 17800 V ActivityScenario: Activity lifecycle changed event received but ignored because the intent does not match. startActivityIntent=Intent { act=android.intent.action.MAIN cat=[android.intent.category.LAUNCHER] cmp=com.example.lunchtray/.MainActivity }, activity.getIntent()=Intent { act=android.intent.action.MAIN cat=[android.intent.category.LAUNCHER] cmp=com.example.lunchtray/androidx.fragment.app.testing.FragmentScenario$EmptyFragmentActivity (has extras) }, activity=androidx.fragment.app.testing.FragmentScenario$EmptyFragmentActivity@6bfafdd
10-28 12:55:55.007 17800 17800 V ActivityScenario: Activity lifecycle changed event received but ignored because the intent does not match. startActivityIntent=Intent { act=android.intent.action.MAIN cat=[android.intent.category.LAUNCHER] cmp=com.example.lunchtray/.MainActivity }, activity.getIntent()=Intent { act=android.intent.action.MAIN cat=[android.intent.category.LAUNCHER] cmp=com.example.lunchtray/androidx.fragment.app.testing.FragmentScenario$EmptyFragmentActivity (has extras) }, activity=androidx.fragment.app.testing.FragmentScenario$EmptyFragmentActivity@6bfafdd
10-28 12:55:55.007 17800 17800 V ActivityScenario: Update currentActivityStage to STARTED, currentActivity=androidx.fragment.app.testing.FragmentScenario$EmptyFragmentActivity@6bfafdd
10-28 12:55:55.007 17800 17800 D LifecycleMonitor: Lifecycle status change: androidx.fragment.app.testing.FragmentScenario$EmptyFragmentActivity@6bfafdd in: RESUMED
10-28 12:55:55.007 17800 17800 V ActivityScenario: Update currentActivityStage to RESUMED, currentActivity=androidx.fragment.app.testing.FragmentScenario$EmptyFragmentActivity@6bfafdd
10-28 12:55:55.007 17800 17800 V ActivityScenario: Update currentActivityStage to RESUMED, currentActivity=androidx.fragment.app.testing.FragmentScenario$EmptyFragmentActivity@6bfafdd
10-28 12:55:55.007 17800 17800 V ActivityScenario: Update currentActivityStage to RESUMED, currentActivity=androidx.fragment.app.testing.FragmentScenario$EmptyFragmentActivity@6bfafdd
10-28 12:55:55.007 17800 17800 V ActivityScenario: Update currentActivityStage to RESUMED, currentActivity=androidx.fragment.app.testing.FragmentScenario$EmptyFragmentActivity@6bfafdd
10-28 12:55:55.007 17800 17800 V ActivityScenario: Activity lifecycle changed event received but ignored because the intent does not match. startActivityIntent=Intent { act=android.intent.action.MAIN cat=[android.intent.category.LAUNCHER] cmp=com.example.lunchtray/.MainActivity }, activity.getIntent()=Intent { act=android.intent.action.MAIN cat=[android.intent.category.LAUNCHER] cmp=com.example.lunchtray/androidx.fragment.app.testing.FragmentScenario$EmptyFragmentActivity (has extras) }, activity=androidx.fragment.app.testing.FragmentScenario$EmptyFragmentActivity@6bfafdd
10-28 12:55:55.007 17800 17800 V ActivityScenario: Activity lifecycle changed event received but ignored because the intent does not match. startActivityIntent=Intent { act=android.intent.action.MAIN cat=[android.intent.category.LAUNCHER] cmp=com.example.lunchtray/.MainActivity }, activity.getIntent()=Intent { act=android.intent.action.MAIN cat=[android.intent.category.LAUNCHER] cmp=com.example.lunchtray/androidx.fragment.app.testing.FragmentScenario$EmptyFragmentActivity (has extras) }, activity=androidx.fragment.app.testing.FragmentScenario$EmptyFragmentActivity@6bfafdd
10-28 12:55:55.007 17800 17800 V ActivityScenario: Activity lifecycle changed event received but ignored because the intent does not match. startActivityIntent=Intent { act=android.intent.action.MAIN cat=[android.intent.category.LAUNCHER] cmp=com.example.lunchtray/.MainActivity }, activity.getIntent()=Intent { act=android.intent.action.MAIN cat=[android.intent.category.LAUNCHER] cmp=com.example.lunchtray/androidx.fragment.app.testing.FragmentScenario$EmptyFragmentActivity (has extras) }, activity=androidx.fragment.app.testing.FragmentScenario$EmptyFragmentActivity@6bfafdd
10-28 12:55:55.008 17800 17800 V ActivityScenario: Activity lifecycle changed event received but ignored because the intent does not match. startActivityIntent=Intent { act=android.intent.action.MAIN cat=[android.intent.category.LAUNCHER] cmp=com.example.lunchtray/.MainActivity }, activity.getIntent()=Intent { act=android.intent.action.MAIN cat=[android.intent.category.LAUNCHER] cmp=com.example.lunchtray/androidx.fragment.app.testing.FragmentScenario$EmptyFragmentActivity (has extras) }, activity=androidx.fragment.app.testing.FragmentScenario$EmptyFragmentActivity@6bfafdd
10-28 12:55:55.008 17800 17800 V ActivityScenario: Activity lifecycle changed event received but ignored because the intent does not match. startActivityIntent=Intent { act=android.intent.action.MAIN cat=[android.intent.category.LAUNCHER] cmp=com.example.lunchtray/.MainActivity }, activity.getIntent()=Intent { act=android.intent.action.MAIN cat=[android.intent.category.LAUNCHER] cmp=com.example.lunchtray/androidx.fragment.app.testing.FragmentScenario$EmptyFragmentActivity (has extras) }, activity=androidx.fragment.app.testing.FragmentScenario$EmptyFragmentActivity@6bfafdd
10-28 12:55:55.008 17800 17800 V ActivityScenario: Update currentActivityStage to RESUMED, currentActivity=androidx.fragment.app.testing.FragmentScenario$EmptyFragmentActivity@6bfafdd
10-28 12:55:55.011   954  1855 D InputTransport: Input channel constructed: '357a0eb', fd=1439
10-28 12:55:55.011   954  1855 D InputTransport: Input channel constructed: '357a0eb', fd=1445
10-28 12:55:55.012   954  1855 D InputTransport: Input channel constructed: '357a0eb', fd=1447
10-28 12:55:55.012   620  3677 I SurfaceFlinger: id=205075 createSurf (0x0),-1 flag=80004, 357a0eb com.example.lunchtray/androidx.fragment.app.testing.FragmentScenario$EmptyFragmentActivity#0
10-28 12:55:55.012   954  1855 D InputTransport: Input channel destroyed: '357a0eb', fd=1447
10-28 12:55:55.014 17800 17800 I ViewRootImpl@b46577[FragmentScenario$EmptyFragmentActivity]: setView = com.android.internal.policy.DecorView@bcaa69e TM=true
10-28 12:55:55.015   954  1054 D AnalyticsContainerHandler: handleMessage : { when=0 what=1 target=com.android.server.knox.KnoxAnalyticsContainer$AnalyticsHandler }
10-28 12:55:55.017   954  1855 V WindowManager: Relayout Window{357a0eb u0 com.example.lunchtray/androidx.fragment.app.testing.FragmentScenario$EmptyFragmentActivity}: viewVisibility=0 req=1080x2280 d0
10-28 12:55:55.017   620   620 D SurfaceFlinger: Display 0 HWC layers:
10-28 12:55:55.017   620   620 D SurfaceFlinger:      CLIENT | 0x7843da8ad0 | 0100 | RGBx_8888    |  589.0    0.0 1651.0 2240.0 |    0    0 1080 2280 | Wallpaper BBQ wrapper#0
10-28 12:55:55.017   620   620 D SurfaceFlinger:      CLIENT |              | 0000 |  Unknown  |    0.0    0.0    0.0    0.0 |    0    0 1080 2280 | OneUiHome-BlurLayer#0 (backgroundBlurRadius)
10-28 12:55:55.017   620   620 D SurfaceFlinger:      DEVICE | 0x7843d91e50 | 0100 | RGBA_8888    |    0.0    0.0 1080.0 2280.0 |    0    0 1080 2280 | com.sec.android.app.launcher/com.sec[...]activities.LauncherActivity$_26660#0
10-28 12:55:55.017   620   620 D SurfaceFlinger:      DEVICE | 0x7843da8890 | 0100 | RGBA_8888    |    0.0    0.0 1080.0 2280.0 |   75  159 1005 2121 | Splash Screen com.example.lunchtray$_1348#0
10-28 12:55:55.017   620   620 D SurfaceFlinger:      DEVICE | 0x7843db3a50 | 0100 | RGBA_8888    |    0.0    0.0 1080.0  112.0 |    0    0 1080  112 | StatusBar$_1348#0
10-28 12:55:55.017   620   620 D SurfaceFlinger:      DEVICE | 0x7843dbc6f0 | 0100 | RGBA_8888    |    0.0    0.0   67.0  416.0 |    0  814   67 1230 | com.samsung.android.app.cocktailbars[...]arservice.CocktailBarService$_8198#0
10-28 12:55:55.017   620   620 D SurfaceFlinger:      DEVICE | 0x7843dbe0d0 | 0100 | RGBA_8888    |    0.0    0.0 1080.0  126.0 |    0 2154 1080 228
10-28 12:55:55.017   620   620 D SurfaceFlinger: 0 | NavigationBar0$_1348#0
10-28 12:55:55.017   620   620 D SurfaceFlinger:
10-28 12:55:55.018   620   810 I SurfaceFlinger: id=205076 createSurf (1x1),-3 flag=40004, com.example.lunchtray/androidx.fragment.app.testing.FragmentScenario$EmptyFragmentActivity$_17800#0
10-28 12:55:55.020   620   810 I SurfaceFlinger: id=205077 createSurf (0x0),-1 flag=24000, Surface(name=2fa8401 StatusBar)/@0xf000e26 - animation-leash of insets_animation#1
10-28 12:55:55.020   620   810 I SurfaceFlinger: id=205078 createSurf (0x0),-1 flag=24000, Surface(name=be23078 NavigationBar0)/@0x50010bd - animation-leash of insets_animation#1
10-28 12:55:55.021   954  1855 V WindowManager: Relayout hash=357a0eb, pid=17800: mAttrs={(0,0)(fillxfill) sim={adjust=pan forwardNavigation} ty=BASE_APPLICATION wanim=0x1030303
10-28 12:55:55.021   954  1855 V WindowManager:   fl=81810100
10-28 12:55:55.021   954  1855 V WindowManager:   pfl=12020040
10-28 12:55:55.021   954  1855 V WindowManager:   apr=LIGHT_NAVIGATION_BARS
10-28 12:55:55.021   954  1855 V WindowManager:   bhv=DEFAULT
10-28 12:55:55.021   954  1855 V WindowManager:   fitSides= naviIconColor=0
10-28 12:55:55.021   954  1855 V WindowManager:   sfl=100000}
10-28 12:55:55.024 17800 17800 I ViewRootImpl@b46577[FragmentScenario$EmptyFragmentActivity]: Relayout returned: old=(0,0,1080,2280) new=(0,0,1080,2280) req=(1080,2280)0 dur=5 res=0x7 s={true 515080428224} ch=true fn=-1
10-28 12:55:55.024 17800 17884 D OpenGLRenderer: eglCreateWindowSurface
10-28 12:55:55.025 17800 17800 I ViewRootImpl@b46577[FragmentScenario$EmptyFragmentActivity]: [DP] dp(1) 1 android.view.ViewRootImpl.reportNextDraw:11420 android.view.ViewRootImpl.performTraversals:4193 android.view.ViewRootImpl.doTraversal:2919
10-28 12:55:55.031 17800 17800 I ViewRootImpl@b46577[FragmentScenario$EmptyFragmentActivity]: [DP] pdf(0) 1 android.view.ViewRootImpl.lambda$addFrameCompleteCallbackIfNeeded$3$ViewRootImpl:4995 android.view.ViewRootImpl$$ExternalSyntheticLambda16.run:6 android.os.Handler.handleCallback:938
10-28 12:55:55.031 17800 17800 I ViewRootImpl@b46577[FragmentScenario$EmptyFragmentActivity]: [DP] rdf()
10-28 12:55:55.032 17800 17800 D ViewRootImpl@b46577[FragmentScenario$EmptyFragmentActivity]: reportDrawFinished (fn: -1)
10-28 12:55:55.032 17800 17800 D InsetsSourceConsumer: ensureControlAlpha: for ITYPE_NAVIGATION_BAR on com.example.lunchtray/androidx.fragment.app.testing.FragmentScenario$EmptyFragmentActivity
10-28 12:55:55.032 17800 17800 D InsetsSourceConsumer: ensureControlAlpha: for ITYPE_STATUS_BAR on com.example.lunchtray/androidx.fragment.app.testing.FragmentScenario$EmptyFragmentActivity
10-28 12:55:55.034   620   810 I SurfaceFlinger: id=205079 createSurf (0x0),-1 flag=24000, Surface(name=357a0eb com.example.lunchtray/androidx.fragment.app.testing.FragmentScenario$EmptyFragmentActivity)/@0x4fe7e1d - animation-leash of starting_reveal#0
10-28 12:55:55.036   954  1012 I PkgPredictorService-SecIpmManagerServiceImpl: reportToNAP uid:10998 com.example.lunchtray/androidx.fragment.app.testing.FragmentScenario$EmptyFragmentActivity thisTime:148
10-28 12:55:55.036   954  3954 I SemDvfsHyPerManager: acquire hyper - AMS_RESUME_TAIL/954@19, type = -999
10-28 12:55:55.036   954  3954 I SemDvfsHyPerManager: acquire hyper - AMS_ACT_LAZY/954@20, type = -999
10-28 12:55:55.036   954  2750 I PkgPredictorService-NapClassifier: it's ready to run
10-28 12:55:55.036   954  1012 I ActivityTaskManager: Displayed com.example.lunchtray/androidx.fragment.app.testing.FragmentScenario$EmptyFragmentActivity: +148ms
10-28 12:55:55.037 17800 17800 D ScrollView: initGoToTop
10-28 12:55:55.037   529   535 E statsd  : Predicate 5980654721335871649 dropping data for dimension key (10)0x2010101->10998[I] (10)0x30000->*launch*[S]
10-28 12:55:55.037   566   611 I HYPER-HAL: [RequestManager.cpp]acquire(): Acquired ID : 473870  [954 / 19]    HINT : AMS_RESUME_TAIL    list :
10-28 12:55:55.038   529   535 E statsd  : Predicate -7037417284711607308 dropping data for dimension key (10)0x2010101->10998[I] (10)0x30000->*launch*[S]
10-28 12:55:55.038  2946  2946 E pageboostd: Received HALT command code 2
10-28 12:55:55.038   566   611 I HYPER-HAL: [RequestManager.cpp]releaseLocked(): Released ID : 475821
10-28 12:55:55.046   620   620 I Layer   : id=205072 removeFromCurrentState Surface(name=2fa8401 StatusBar)/@0xf000e26 - animation-leash of insets_animation#0 (188)
10-28 12:55:55.046   620   620 I Layer   : id=205073 removeFromCurrentState Surface(name=be23078 NavigationBar0)/@0x50010bd - animation-leash of insets_animation#0 (188)
10-28 12:55:55.046   620   620 I SurfaceFlinger: id=205072 Removed Surface(name=2fa8401 StatusBar)/@0xf000e26 - animation-leash of insets_animation#0 (188)
10-28 12:55:55.046   620   620 I SurfaceFlinger: id=205073 Removed Surface(name=be23078 NavigationBar0)/@0x50010bd - animation-leash of insets_animation#0 (188)
10-28 12:55:55.046  1348  2147 I ViewRootImpl@4cefcdd[lunchtray]: mWNT: t = android.view.SurfaceControl$Transaction@c4e2a7f fN = 2 android.view.SyncRtSurfaceTransactionApplier.applyTransaction:94 android.view.SyncRtSurfaceTransactionApplier.lambda$scheduleApply$0$SyncRtSurfaceTransactionApplier:71 android.view.SyncRtSurfaceTransactionApplier$$ExternalSyntheticLambda0.onFrameDraw:4
10-28 12:55:55.046  1348  2147 I ViewRootImpl@4cefcdd[lunchtray]: mWNT: merge t to BBQ
10-28 12:55:55.046  1348  2147 I ViewRootImpl@4cefcdd[lunchtray]: mWNT: t = android.view.SurfaceControl$Transaction@b74fa4c fN = 2 android.view.SyncRtSurfaceTransactionApplier.applyTransaction:94 android.view.SyncRtSurfaceTransactionApplier.lambda$scheduleApply$0$SyncRtSurfaceTransactionApplier:71 android.view.SyncRtSurfaceTransactionApplier$$ExternalSyntheticLambda0.onFrameDraw:4
10-28 12:55:55.046  1348  2147 I ViewRootImpl@4cefcdd[lunchtray]: mWNT: merge t to BBQ
10-28 12:55:55.046   620   620 I Layer   : id=205072 Destroyed Surface(name=2fa8401 StatusBar)/@0xf000e26 - animation-leash of insets_animation#0
10-28 12:55:55.046   620   620 I Layer   : id=205073 Destroyed Surface(name=be23078 NavigationBar0)/@0x50010bd - animation-leash of insets_animation#0
10-28 12:55:55.047   954  3954 D InputDispatcher: Focus entered window (0): 357a0eb com.example.lunchtray/androidx.fragment.app.testing.FragmentScenario$EmptyFragmentActivity
10-28 12:55:55.053   620   620 D SurfaceFlinger: Display 0 HWC layers:
10-28 12:55:55.053   620   620 D SurfaceFlinger:      CLIENT | 0x7843da8ad0 | 0100 | RGBx_8888    |  589.0    0.0 1651.0 2240.0 |    0    0 1080 2280 | Wallpaper BBQ wrapper#0
10-28 12:55:55.053   620   620 D SurfaceFlinger:      CLIENT |              | 0000 |  Unknown  |    0.0    0.0    0.0    0.0 |    0    0 1080 2280 | OneUiHome-BlurLayer#0 (backgroundBlurRadius)
10-28 12:55:55.053   620   620 D SurfaceFlinger:      DEVICE | 0x7843d91e50 | 0100 | RGBA_8888    |    0.0    0.0 1080.0 2280.0 |    0    0 1080 2280 | com.sec.android.app.launcher/com.sec[...]activities.LauncherActivity$_26660#0
10-28 12:55:55.053   620   620 D SurfaceFlinger:      DEVICE | 0x7843db8490 | 0102 | RGBA_8888    |    0.0    0.0 1080.0 2280.0 |   57  120 1023 2160 | com.example.lunchtray/androidx.fragm[...]nario$EmptyFragmentActivity$_17800#0
10-28 12:55:55.053   620   620 D SurfaceFlinger:      DEVICE | 0x7843da8890 | 0100 | RGBA_8888    |    0.0    0.0 1080.0 2280.0 |   57  120 1023 2160 | Splash Screen com.example.lunchtray$_1348#0
10-28 12:55:55.053   620   620 D SurfaceFlinger:      DEVICE | 0x7843db3a50 | 0100 | RGBA_8888    |    0.0    0.0 1080.0  112.0 |    0    0 1080  112 | StatusBar$_1348#0
10-28 12:55:55.053   620   620 D SurfaceFlinger:      DEVICE | 0x7843dbc6f0 | 0100 | RGBA_8888    |    0.0    0.0   67.0  416.0 |    0  814   67 123
10-28 12:55:55.053   620   620 D SurfaceFlinger: 0 | com.samsung.android.app.cocktailbars[...]arservice.CocktailBarService$_8198#0
10-28 12:55:55.053   620   620 D SurfaceFlinger:      DEVICE | 0x7843dbe0d0 | 0100 | RGBA_8888    |    0.0    0.0 1080.0  126.0 |    0 2154 1080 2280 | NavigationBar0$_1348#0
10-28 12:55:55.053   620   620 D SurfaceFlinger:
10-28 12:55:55.059   531   531 D Zygote  : Forked child process 18688
10-28 12:55:55.063  1348  2148 I ViewRootImpl@4cefcdd[lunchtray]: mWNT: t = android.view.SurfaceControl$Transaction@7d9ea95 fN = 3 android.view.SyncRtSurfaceTransactionApplier.applyTransaction:94 android.view.SyncRtSurfaceTransactionApplier.lambda$scheduleApply$0$SyncRtSurfaceTransactionApplier:71 android.view.SyncRtSurfaceTransactionApplier$$ExternalSyntheticLambda0.onFrameDraw:4
10-28 12:55:55.063  1348  2148 I ViewRootImpl@4cefcdd[lunchtray]: mWNT: merge t to BBQ
10-28 12:55:55.069   954  1855 V WindowManager: Relayout Window{357a0eb u0 com.example.lunchtray/androidx.fragment.app.testing.FragmentScenario$EmptyFragmentActivity}: viewVisibility=0 req=1080x2280 d0
10-28 12:55:55.071   954  1855 V WindowManager: Relayout hash=357a0eb, pid=17800: mAttrs={(0,0)(fillxfill) sim={adjust=resize forwardNavigation} ty=BASE_APPLICATION wanim=0x1030303
10-28 12:55:55.071   954  1855 V WindowManager:   fl=81810100
10-28 12:55:55.071   954  1855 V WindowManager:   pfl=12020040
10-28 12:55:55.071   954  1855 V WindowManager:   apr=LIGHT_NAVIGATION_BARS
10-28 12:55:55.071   954  1855 V WindowManager:   bhv=DEFAULT
10-28 12:55:55.071   954  1855 V WindowManager:   fitSides= naviIconColor=0
10-28 12:55:55.071   954  1855 V WindowManager:   sfl=100000}
10-28 12:55:55.073 18688 18688 E egram.messenge: Not starting debugger since process cannot load the jdwp agent.
10-28 12:55:55.073 17800 17800 I ViewRootImpl@b46577[FragmentScenario$EmptyFragmentActivity]: Relayout returned: old=(0,0,1080,2280) new=(0,0,1080,2280) req=(1080,2280)0 dur=4 res=0x1 s={true 515080428224} ch=false fn=2
10-28 12:55:55.074 17800 17800 D ScrollView:  onsize change changed
10-28 12:55:55.075 17800 17800 I ViewRootImpl@b46577[FragmentScenario$EmptyFragmentActivity]: MSG_WINDOW_FOCUS_CHANGED 1 1
10-28 12:55:55.077 18688 18688 E USNET   : USNET: appName: org.telegram.messenger
10-28 12:55:55.077 17800 17800 D InputMethodManager: startInputInner - Id : 0
10-28 12:55:55.077 17800 17800 I InputMethodManager: startInputInner - mService.startInputOrWindowGainedFocus
10-28 12:55:55.078   954  1855 D InputMethodManagerService: DESKTOP MODE! : 2
10-28 12:55:55.078   954  1855 D InputMethodManagerService: NOT IN KNOX DESKTOP MODE!
10-28 12:55:55.078   954  1855 V InputMethodManagerService: getDisplayIdOfInputMethodWindowToBeAdded : 0
10-28 12:55:55.078   954  1855 D InputMethodManagerService: checkDisplayOfStartInputAndUpdateKeyboard display Id 0last 0
10-28 12:55:55.078   954  1855 D InputTransport: Input channel constructed: 'ClientS', fd=1447
10-28 12:55:55.078   954  1855 D InputTransport: Input channel destroyed: 'ClientS', fd=1447
10-28 12:55:55.078 18688 18688 D ProcessState: Binder ioctl to enable oneway spam detection failed: Invalid argument
10-28 12:55:55.080  1348  2147 I ViewRootImpl@4cefcdd[lunchtray]: mWNT: t = android.view.SurfaceControl$Transaction@18077aa fN = 4 android.view.SyncRtSurfaceTransactionApplier.applyTransaction:94 android.view.SyncRtSurfaceTransactionApplier.lambda$scheduleApply$0$SyncRtSurfaceTransactionApplier:71 android.view.SyncRtSurfaceTransactionApplier$$ExternalSyntheticLambda0.onFrameDraw:4
10-28 12:55:55.080  1348  2147 I ViewRootImpl@4cefcdd[lunchtray]: mWNT: merge t to BBQ
10-28 12:55:55.081   620   810 I SurfaceFlinger: id=205080 createSurf (0x0),-1 flag=24004, Surface(name=2188bee InputMethod)/@0xe151908 - animation-leash of insets_animation#1
10-28 12:55:55.081 19204 19204 D InputMethodService: checkDisplayOfStartInputAndUpdateKeyboard display Id 0last 0
10-28 12:55:55.083 17800 17800 I ViewInteraction: Performing 'single click' action on view view.getId() is <2131230835/com.example.lunchtray:id/bread>
10-28 12:55:55.085   954  3954 D InputDispatcher: Inject motion (17800): action=0x0, time=851603878000000, f=0x0, d=0
10-28 12:55:55.085   954  1162 I InputDispatcher: Delivering touch to (1348): action: 0x4, f=0x0, d=0, 'be23078', t=0
10-28 12:55:55.085   954  1162 I InputDispatcher: Delivering touch to (17800): action: 0x0, f=0x0, d=0, '357a0eb', t=0 +(-42,-100)*1.08
10-28 12:55:55.085 18688 18688 D ActivityThread: setConscryptValidator
10-28 12:55:55.085 18688 18688 D ActivityThread: setConscryptValidator - put
10-28 12:55:55.086   954  3920 D InputMethodManagerServicePhysicalKey: isConnectedDexOnPC false
10-28 12:55:55.086  3825  3825 I SemDvfsHyPerManager: acquire hyper - BaseTABoost/3825@21, type = 1090523139
10-28 12:55:55.086   954  3920 D InputMethodManagerService: isImeSwitcherDisabledPackage : false
10-28 12:55:55.086  3825  3825 I SemDvfsHyPerManager: acquire hyper - BaseTAToouchBoost/3825@23, type = 1090523139
10-28 12:55:55.086   566   611 I HYPER-HAL: [RequestManager.cpp]acquire(): Acquired ID : 7397802  [3825 / 21]    HINT :      list : [TABoost / 5]
10-28 12:55:55.086   566   611 I HYPER-HAL: [RequestManager.cpp]acquire(): Acquired ID : 7405499  [3825 / 23]    HINT :      list : [TABoost / 20] [TIMEOUT / 1500]
10-28 12:55:55.087 17800 17800 I ViewRootImpl@b46577[FragmentScenario$EmptyFragmentActivity]: ViewPostIme pointer 0
10-28 12:55:55.088 26660  3011 I RecentModel: onTaskStackChangedBackground
10-28 12:55:55.090 19204 19204 E FullInputEventModel: onStartInput event aborted: al1: could not obtain extracted text (class al1)
10-28 12:55:55.092 26660  3011 I RecentTasksList: getTaskKeys, numTasks :3 callback : com.android.quickstep.-$$Lambda$RecentsModel$k1Mm-BV64Bc89eJHYugywZmW_Js@a6bdf8
10-28 12:55:55.092  3825  4192 I SemDvfsHyPerManager: acquire hyper - BaseTABoost/3825@21, type = 1090523139
10-28 12:55:55.092  3825  4192 I SemDvfsHyPerManager: acquire hyper - BaseTAToouchBoost/3825@23, type = 1090523139
10-28 12:55:55.093  1341  1341 D HidDeviceService: handleMessage(): msg.what=8
10-28 12:55:55.095 26660 26792 I RecentTasksList: loadTasksInBackground() task id : 30394
10-28 12:55:55.095 26660 26792 I RecentTasksList: loadTasksInBackground() task id : 30298
10-28 12:55:55.095 26660 26792 I RecentTasksList: loadTasksInBackground() task id : 30471
10-28 12:55:55.096   566   611 I HYPER-HAL: [RequestManager.cpp]acquire(): Acquired ID : 7397802  [3825 / 21]    HINT :      list : [TABoost / 5]
10-28 12:55:55.096 18688 18688 D CompatibilityChangeReporter: Compat change id reported: 171979766; UID 10814; state: DISABLED
10-28 12:55:55.096   620   620 I Layer   : id=205064 removeFromCurrentState Surface(name=2188bee InputMethod)/@0xe151908 - animation-leash of insets_animation#0 (187)
10-28 12:55:55.096   620   620 I SurfaceFlinger: id=205064 Removed Surface(name=2188bee InputMethod)/@0xe151908 - animation-leash of insets_animation#0 (187)
10-28 12:55:55.096   566   611 I HYPER-HAL: [RequestManager.cpp]acquire(): Acquired ID : 7405499  [3825 / 23]    HINT :      list : [TABoost / 20] [TIMEOUT / 1500]
10-28 12:55:55.096   620   620 I Layer   : id=205064 Destroyed Surface(name=2188bee InputMethod)/@0xe151908 - animation-leash of insets_animation#0
10-28 12:55:55.097  1348  1537 D OpenGLRenderer: setSurface called with nullptr
10-28 12:55:55.097  1348  1537 D OpenGLRenderer: setSurface() destroyed EGLSurface
10-28 12:55:55.097  1348  1537 D OpenGLRenderer: destroyEglSurface
10-28 12:55:55.097 18556 18654 W msgr.msys: W[S task_queue_processing]_MCDTaskCoordinatorMaybeScheduleQueueProcessing(203)=>Scheduling queue contact_sharing_settings for reprocessing in 1 seconds
10-28 12:55:55.098   954  3920 V WindowManager: Relayout Window{cb9a2c9 u0 Splash Screen com.example.lunchtray}: viewVisibility=8 req=1080x2280 d0
10-28 12:55:55.099   620   810 I SurfaceFlinger: id=205081 createSurf (0x0),-1 flag=24000, Surface(name=cb9a2c9 Splash Screen com.example.lunchtray)/@0x950e4c4 - animation-leash of window_animation#0
10-28 12:55:55.103   954  3920 V WindowManager: Relayout hash=cb9a2c9, pid=1348: mAttrs={(0,0)(fillxfill) sim={adjust=pan} ty=APPLICATION_STARTING fmt=TRANSLUCENT wanim=0x1030001
10-28 12:55:55.103   954  3920 V WindowManager:   fl=81030118
10-28 12:55:55.103   954  3920 V WindowManager:   pfl=36000010
10-28 12:55:55.103   954  3920 V WindowManager:   bhv=DEFAULT
10-28 12:55:55.103   954  3920 V WindowManager:   fitSides= naviIconColor=0}
10-28 12:55:55.104  1348  1474 I ViewRootImpl@4cefcdd[lunchtray]: Relayout returned: old=(0,0,1080,2280) new=(0,0,1080,2280) req=(1080,2280)8 dur=5 res=0x5 s={false 0} ch=true fn=5
10-28 12:55:55.104  1348  1474 I ViewRootImpl@4cefcdd[lunchtray]: dispatchDetachedFromWindow
10-28 12:55:55.104   954  3920 D InputTransport: Input channel destroyed: 'cb9a2c9', fd=1397
10-28 12:55:55.104   954  3920 W InputManager-JNI: Input channel object 'cb9a2c9 Splash Screen com.example.lunchtray (client)' was disposed without first being removed with the input manager!
10-28 12:55:55.104   954  3920 D InputTransport: Input channel destroyed: 'cb9a2c9', fd=1413
10-28 12:55:55.105  1348  1474 D InputTransport: Input channel destroyed: 'cb9a2c9', fd=201
10-28 12:55:55.113   620   620 I Layer   : id=205079 removeFromCurrentState Surface(name=357a0eb com.example.lunchtray/androidx.fragment.app.testing.FragmentScenario$EmptyFragmentActivity)/@0x4fe7e1d - animation-leash of starting_reveal#0 (187)
10-28 12:55:55.125   954  3920 D InputDispatcher: Inject motion (17800): action=0x1, time=851603920000000, f=0x0, d=0
10-28 12:55:55.125   954  1162 I InputDispatcher: Delivering touch to (17800): action: 0x1, f=0x0, d=0, '357a0eb', t=1 +(-27,-58)*1.05
10-28 12:55:55.125 17800 17800 I ViewRootImpl@b46577[FragmentScenario$EmptyFragmentActivity]: ViewPostIme pointer 1
10-28 12:55:55.166  1348  1348 D NavigationBar: onSystemBarAttributesChanged() -  displayId:0, appearance:16 (APPEARANCE_LIGHT_NAVIGATION_BARS ), navbarColorManagedByIme:false
10-28 12:55:55.166  1348  1348 V Navbar.Store: handleEvent [EventType] GET_BOOL_REGION_SAMPLING_ENABLED [Module] LightBarController  KEYS_DEFAULT=false
10-28 12:55:55.166  1348  1348 V Navbar.Store: --[Band]COLOR_PACK_GET_REGION_SAMPLING_ENABLED
10-28 12:55:55.166  1348  1348 V Navbar.Store: ----getValue(BOOL_REGION_SAMPLING_ENABLED)=false
10-28 12:55:55.169 18688 18688 W egram.messenge: Entry not found
10-28 12:55:55.171 18688 18688 W egram.messenge: Entry not found
10-28 12:55:55.171 18688 18688 W egram.messenge: Entry not found
10-28 12:55:55.172 18688 18688 W egram.messenge: Entry not found
10-28 12:55:55.179 18688 18688 W egram.messenge: JIT profile information will not be recorded: profile file does not exist.
10-28 12:55:55.179 18688 18688 W egram.messenge: JIT profile information will not be recorded: profile file does not exist.
10-28 12:55:55.179 18688 18688 W egram.messenge: JIT profile information will not be recorded: profile file does not exist.
10-28 12:55:55.179 18688 18688 W egram.messenge: JIT profile information will not be recorded: profile file does not exist.
10-28 12:55:55.179   620   620 I Layer   : id=205069 removeFromCurrentState Splash Screen com.example.lunchtray$_1348#0 (187)
10-28 12:55:55.180   620   620 I Layer   : id=205068 removeFromCurrentState cb9a2c9 Splash Screen com.example.lunchtray#0 (187)
10-28 12:55:55.180   620   620 I Layer   : id=205081 removeFromCurrentState Surface(name=cb9a2c9 Splash Screen com.example.lunchtray)/@0x950e4c4 - animation-leash of window_animation#0 (187)
10-28 12:55:55.180   620   620 I SurfaceFlinger: id=205068 Removed cb9a2c9 Splash Screen com.example.lunchtray#0 (187)
10-28 12:55:55.180   620   620 I SurfaceFlinger: id=205069 Removed Splash Screen com.example.lunchtray$_1348#0 (187)
10-28 12:55:55.180   620   620 I SurfaceFlinger: id=205081 Removed Surface(name=cb9a2c9 Splash Screen com.example.lunchtray)/@0x950e4c4 - animation-leash of window_animation#0 (187)
10-28 12:55:55.180   620   620 I Layer   : id=205081 Destroyed Surface(name=cb9a2c9 Splash Screen com.example.lunchtray)/@0x950e4c4 - animation-leash of window_animation#0
10-28 12:55:55.180   620   620 I Layer   : id=205068 Destroyed cb9a2c9 Splash Screen com.example.lunchtray#0
10-28 12:55:55.181   620   620 I Layer   : id=205069 Destroyed Splash Screen com.example.lunchtray$_1348#0
10-28 12:55:55.183   620   620 D SurfaceFlinger: Display 0 HWC layers:
10-28 12:55:55.183   620   620 D SurfaceFlinger:      CLIENT | 0x7843da8ad0 | 0100 | RGBx_8888    |  589.0    0.0 1651.0 2240.0 |    0    0 1080 2280 | Wallpaper BBQ wrapper#0
10-28 12:55:55.183   620   620 D SurfaceFlinger:      CLIENT |              | 0000 |  Unknown  |    0.0    0.0    0.0    0.0 |    0    0 1080 2280 | OneUiHome-BlurLayer#0 (backgroundBlurRadius)
10-28 12:55:55.183   620   620 D SurfaceFlinger:      DEVICE | 0x7843d91e50 | 0100 | RGBA_8888    |    0.0    0.0 1080.0 2280.0 |    0    0 1080 2280 | com.sec.android.app.launcher/com.sec[...]activities.LauncherActivity$_26660#0
10-28 12:55:55.183   620   620 D SurfaceFlinger:      DEVICE | 0x7843daf6d0 | 0102 | RGBA_8888    |    0.0    0.0 1080.0 2280.0 |   11   23 1069 2257 | com.example.lunchtray/androidx.fragm[...]nario$EmptyFragmentActivity$_17800#0
10-28 12:55:55.183   620   620 D SurfaceFlinger:      DEVICE | 0x7843db3a50 | 0100 | RGBA_8888    |    0.0    0.0 1080.0  112.0 |    0    0 1080  112 | StatusBar$_1348#0
10-28 12:55:55.183   620   620 D SurfaceFlinger:      DEVICE | 0x7843dbc6f0 | 0100 | RGBA_8888    |    0.0    0.0   67.0  416.0 |    0  814   67 1230 | com.samsung.android.app.cocktailbars[...]arservice.CocktailBarService$_8198#0
10-28 12:55:55.183   620   620 D SurfaceFlinger:      DEVICE | 0x7843dbe0d0 | 0100 | RGBA_8888    |    0.0    0.0
10-28 12:55:55.183   620   620 D SurfaceFlinger: 1080.0  126.0 |    0 2154 1080 2280 | NavigationBar0$_1348#0
10-28 12:55:55.183   620   620 D SurfaceFlinger:
10-28 12:55:55.188   566 18672 I HYPER-HAL: [RequestManager.cpp]releaseLocked(): Released ID : 486623
10-28 12:55:55.194 18688 18688 V GraphicsEnvironment: ANGLE Developer option for 'org.telegram.messenger' set to: 'default'
10-28 12:55:55.194 18688 18688 V GraphicsEnvironment: App is not on the allowlist for updatable production driver.
10-28 12:55:55.201 18688 18688 D NetworkSecurityConfig: No Network Security Config specified, using platform default
10-28 12:55:55.212   954  1115 I SensorService: [REARLIGHT] lux value : 83, code value : 0
10-28 12:55:55.219 18688 18688 D NetworkSecurityConfig: No Network Security Config specified, using platform default
10-28 12:55:55.220 18688 18688 I MultiDex: VM with version 2.1.0 has multidex support
10-28 12:55:55.220 18688 18688 I MultiDex: Installing application
10-28 12:55:55.220 18688 18688 I MultiDex: VM has multidex support, MultiDex support library is disabled.
10-28 12:55:55.235 18688 18688 I FirebaseApp: Device unlocked: initializing all Firebase APIs for app [DEFAULT]
10-28 12:55:55.241 18688 18710 W egram.messenge: Accessing hidden field Ljava/util/Collections$SynchronizedCollection;->mutex:Ljava/lang/Object; (max-target-o, reflection, denied)
10-28 12:55:55.241 18688 18710 W egram.messenge: Accessing hidden method Ljava/util/Collections$SynchronizedSet;-><init>(Ljava/util/Set;Ljava/lang/Object;)V (max-target-o, reflection, denied)
10-28 12:55:55.241 18688 18710 W egram.messenge: Accessing hidden method Ljava/util/Collections$SynchronizedCollection;-><init>(Ljava/util/Collection;Ljava/lang/Object;)V (max-target-o, reflection, denied)
10-28 12:55:55.246 18688 18688 I FirebaseInitProvider: FirebaseApp initialization successful
10-28 12:55:55.278   553   580 D BatteryDump: wait_for_battery_event : occurred : change@/devices/platform/battery/power_supply/battery
10-28 12:55:55.281   553   553 E android.hardware.health@2.1-service-samsung: Could not open /sys/class/power_supply/battery/lrp
10-28 12:55:55.283   954  1153 D MotionRecognitionService:   onReceive : ACTION_BATTERY_CHANGED, Plugged: 2
10-28 12:55:55.283   954  1153 I MotionRecognitionService: [TA] In/out: true, curr state: 1
10-28 12:55:55.283   954  1153 I MotionRecognitionService: [TA] Before receiving the SAR request for Main. Return.
10-28 12:55:55.283  1348  1348 I AODBatteryManager: updateBatteryData: ACTION_BATTERY_CHANGED
10-28 12:55:55.283  1348  1348 I AODBatteryManager: getChargeEstimateTime: not charging
10-28 12:55:55.283  1326  1326 D SemBigDataInfoController: Intent : android.intent.action.BATTERY_CHANGED
10-28 12:55:55.283  1348  1348 I AODBatteryManager: saveBatteryData : AOD BatteryData [mBatteryLevel=100, mBatteryStatus=FULL, mBatteryPlugType=USB, mBatteryPlugged=true, mRemainingChargeTime=0, mBatteryChargingType=0, mBatteryChargerType=NORMAL, mBatteryOnline=USB, mBatterySwellingMode=NONE, mBatteryProtectMode=false]
10-28 12:55:55.284  1326  1326 D SemBigDataInfoController: Intent : android.intent.action.BATTERY_CHANGED
10-28 12:55:55.284   954   954 E PocketModeEvent: PocketModeSetting is off
10-28 12:55:55.284   954   954 D SemWifiApBroadcastReceiver: Received : android.intent.action.BATTERY_CHANGED
10-28 12:55:55.285  1348  1348 I PowerUI : mBootCompleted = true |  mFullyConnected = true
10-28 12:55:55.285  1348  1348 D PowerUI : priorPlugType = 2 mPlugType = 2 priorBatteryStatus = 5 mBatteryStatus = 5
10-28 12:55:55.285  1348  1348 I PowerUI : oldMisalign : false, curMisalign : false
10-28 12:55:55.285  1348  1348 D PowerUI.Notification: dismissSlowByChargerConnectionInfoPopUp()
10-28 12:55:55.285  1348  1348 D PowerUI.Notification: dismissChargingNotification()
10-28 12:55:55.285  1348  1348 D PowerUI : Battery swelling mode - priorBatterySwellingMode = 0 mBatterySwellingMode = 0 mBatteryStatus = 5
10-28 12:55:55.285  1348  1348 I PowerUI : mBatteryMiscEvent = 65536
10-28 12:55:55.286  1348  1348 D KeyguardUpdateMonitor: received broadcast android.intent.action.BATTERY_CHANGED
10-28 12:55:55.286  1348  2526 D PowerUI.Notification: 1. restoreScreenTimeOut - saved_value : :
10-28 12:55:55.286  1348  2526 E PowerUI.Notification: no saved value, so we do nothing !!
10-28 12:55:55.298  1348  1348 D QS      : setQSExpansion 0.0 -113.924995
10-28 12:55:55.298  1348  1348 D QS      : setQSExpansion 0.0 -113.924995
10-28 12:55:55.298  1348  1348 V SecQSFragmentAnimatorBase: setQsExpansionPosition 0.0
10-28 12:55:55.298  1348  1348 V QsExpandAnimator: setQsExpansionPosition 0.0 0
10-28 12:55:55.299  1348  1348 D QS      : setQSExpansion 0.0 -113.924995
10-28 12:55:55.299  1348  1348 D IndicatorGardenInputProperty: updateRotation() prv:-1 >> new:0
10-28 12:55:55.299  1348  1348 D DeviceState: getDeviceResolutionPixelSize - currentDensity = 420 deviceDensity = 420 initialDisplaySizeFactor = 1440 currentDisplaySizeFactor = 1080 initialDisplayDensity = 560 proportionalDensity = 420 proportionalPixel = 66
10-28 12:55:55.299  1348  1348 D DeviceState: getDeviceResolutionPixelSize - currentDensity = 420 deviceDensity = 420 initialDisplaySizeFactor = 1440 currentDisplaySizeFactor = 1080 initialDisplayDensity = 560 proportionalDensity = 420 proportionalPixel = 27
10-28 12:55:55.299  1348  1348 D DeviceState: getDeviceResolutionPixelSize - currentDensity = 420 deviceDensity = 420 initialDisplaySizeFactor = 1440 currentDisplaySizeFactor = 1080 initialDisplayDensity = 560 proportionalDensity = 420 proportionalPixel = 24
10-28 12:55:55.299  8198  8198 I Utils   : isCurrentUser current = 0, ownerId = 0
10-28 12:55:55.299  8198  8198 I TrayVisibilityController: getComputedTrayVisible : keyguardState = 1
10-28 12:55:55.299  8198  8198 I TrayVisibilityController: updateTrayVisible: State=1 visible=1 mCurrentVisible=1 specificMode=0
10-28 12:55:55.299  8198  8198 I TrayStateController: onNotifyUpdateTray: state=0
10-28 12:55:55.302  1348  1348 D KeyguardUpdateMonitor: handleBatteryUpdate
10-28 12:55:55.303  1348  1348 D KeyguardSecIndicationController: addIndicationTimeout() returned - unlocking
10-28 12:55:55.303  1348  1348 D KeyguardSecIndicationController: addIndication() returned - unlocking
10-28 12:55:55.303  1348  1348 D KeyguardSecIndicationController: addBatteryIndication() status = BatteryStatus{status=5,level=100,plugged=2,health=2,maxChargingWattage=-1,remaining=75000ultraFastCharger=0}
10-28 12:55:55.331 26660 26660 I ViewRootImpl@623994e[LauncherActivity]: handleAppVisibility mAppVisible=true visible=false
10-28 12:55:55.331  1348  1369 D WallpaperService: dispatchAppVisibility onVisibilityChanged(): false
10-28 12:55:55.331  1348  1535 I ImageWallpaper:  onVisibilityChanged false , 0
10-28 12:55:55.332  1348  1348 D WallpaperService: reportVisibility onVisibilityChanged visible: false
10-28 12:55:55.333   620   620 D SurfaceFlinger: Display 0 HWC layers:
10-28 12:55:55.333   620   620 D SurfaceFlinger:      DEVICE | 0x7843daf6d0 | 0102 | RGBA_8888    |    0.0    0.0 1080.0 2280.0 |    0    0 1080 2280 | com.example.lunchtray/androidx.fragm[...]nario$EmptyFragmentActivity$_17800#0
10-28 12:55:55.333   620   620 D SurfaceFlinger:      DEVICE | 0x7843dbca50 | 0100 | RGBA_8888    |    0.0    0.0 1080.0  112.0 |    0    0 1080  112 | StatusBar$_1348#0
10-28 12:55:55.333   620   620 D SurfaceFlinger:      DEVICE | 0x7843dbc6f0 | 0100 | RGBA_8888    |    0.0    0.0   67.0  416.0 |    0  814   67 1230 | com.samsung.android.app.cocktailbars[...]arservice.CocktailBarService$_8198#0
10-28 12:55:55.333   620   620 D SurfaceFlinger:      DEVICE | 0x7843dbe0d0 | 0100 | RGBA_8888    |    0.0    0.0 1080.0  126.0 |    0 2154 1080 2280 | NavigationBar0$_1348#0
10-28 12:55:55.333   620   620 D SurfaceFlinger:
10-28 12:55:55.338 17800 17800 D LifecycleMonitor: Lifecycle status change: androidx.test.core.app.InstrumentationActivityInvoker$BootstrapActivity@79b72fa in: STOPPED
10-28 12:55:55.339 17800 17800 V ActivityScenario: Activity lifecycle changed event received but ignored because the intent does not match. startActivityIntent=Intent { act=android.intent.action.MAIN cat=[android.intent.category.LAUNCHER] cmp=com.example.lunchtray/androidx.fragment.app.testing.FragmentScenario$EmptyFragmentActivity (has extras) }, activity.getIntent()=Intent { act=android.intent.action.MAIN cat=[android.intent.category.LAUNCHER] flg=0x10008000 cmp=com.example.lunchtray/androidx.test.core.app.InstrumentationActivityInvoker$BootstrapActivity (has extras) }, activity=androidx.test.core.app.InstrumentationActivityInvoker$BootstrapActivity@79b72fa
10-28 12:55:55.339 17800 17800 V ActivityScenario: Activity lifecycle changed event received but ignored because the intent does not match. startActivityIntent=Intent { act=android.intent.action.MAIN cat=[android.intent.category.LAUNCHER] cmp=com.example.lunchtray/androidx.fragment.app.testing.FragmentScenario$EmptyFragmentActivity (has extras) }, activity.getIntent()=Intent { act=android.intent.action.MAIN cat=[android.intent.category.LAUNCHER] flg=0x10008000 cmp=com.example.lunchtray/androidx.test.core.app.InstrumentationActivityInvoker$BootstrapActivity (has extras) }, activity=androidx.test.core.app.InstrumentationActivityInvoker$BootstrapActivity@79b72fa
10-28 12:55:55.339 17800 17800 V ActivityScenario: Activity lifecycle changed event received but ignored because the intent does not match. startActivityIntent=Intent { act=android.intent.action.MAIN cat=[android.intent.category.LAUNCHER] cmp=com.example.lunchtray/androidx.fragment.app.testing.FragmentScenario$EmptyFragmentActivity (has extras) }, activity.getIntent()=Intent { act=android.intent.action.MAIN cat=[android.intent.category.LAUNCHER] flg=0x10008000 cmp=com.example.lunchtray/androidx.test.core.app.InstrumentationActivityInvoker$BootstrapActivity (has extras) }, activity=androidx.test.core.app.InstrumentationActivityInvoker$BootstrapActivity@79b72fa
10-28 12:55:55.339 17800 17800 V ActivityScenario: Activity lifecycle changed event received but ignored because the intent does not match. startActivityIntent=Intent { act=android.intent.action.MAIN cat=[android.intent.category.LAUNCHER] cmp=com.example.lunchtray/androidx.fragment.app.testing.FragmentScenario$EmptyFragmentActivity (has extras) }, activity.getIntent()=Intent { act=android.intent.action.MAIN cat=[android.intent.category.LAUNCHER] flg=0x10008000 cmp=com.example.lunchtray/androidx.test.core.app.InstrumentationActivityInvoker$BootstrapActivity (has extras) }, activity=androidx.test.core.app.InstrumentationActivityInvoker$BootstrapActivity@79b72fa
