10-28 12:55:37.116 17800 17800 I ViewRootImpl@645f1a1[FragmentScenario$EmptyFragmentActivity]: Relayout returned: old=(0,0,1080,2280) new=(0,0,1080,2280) req=(1080,2280)0 dur=12 res=0x7 s={true 515079896304} ch=true fn=-1
10-28 12:55:37.117 32621 17904 I AppsEdge.DBHelper: type=0 pos=0 id=1
10-28 12:55:37.119   550   626 I display : getColorModes:: Supported color modes (3)
10-28 12:55:37.119   550   626 I display : 	[0] mode 0
10-28 12:55:37.119   550   626 I display : 	[1] mode 7
10-28 12:55:37.119   550   626 I display : 	[2] mode 9
10-28 12:55:37.119   620  2717 E HWComposer: getSupportedContentTypes: getSupportedContentTypes failed for display 0: Unsupported (8)
10-28 12:55:37.119   620   643 I SurfaceFlinger: id=204812 Removed com.sec.android.app.launcher/com.sec.android.app.launcher.activities.LauncherActivity$_26660#0 (167)
10-28 12:55:37.119 17800 17800 I ViewRootImpl@645f1a1[FragmentScenario$EmptyFragmentActivity]: [DP] dp(1) 1 android.view.ViewRootImpl.reportNextDraw:11420 android.view.ViewRootImpl.performTraversals:4193 android.view.ViewRootImpl.doTraversal:2919
10-28 12:55:37.120 19454 14990 I TelephonyDataSource: [M] getSimState(1) : 1
10-28 12:55:37.120 17800 17884 D hw-ProcessState: Binder ioctl to enable oneway spam detection failed: Invalid argument
10-28 12:55:37.122   954  1054 D AnalyticsContainerHandler: handleMessage : { when=-1ms what=1 target=com.android.server.knox.KnoxAnalyticsContainer$AnalyticsHandler }
10-28 12:55:37.122 17800 17884 D OpenGLRenderer: eglCreateWindowSurface
10-28 12:55:37.123 32621 17904 I AppsEdge.DBHelper: type=0 pos=1 id=5
10-28 12:55:37.124   529   535 E statsd  : Predicate 5980654721335871649 dropping data for dimension key (10)0x2010101->10999[I] (10)0x30000->Icing[S]
10-28 12:55:37.125   529   535 E statsd  : Predicate -7037417284711607308 dropping data for dimension key (10)0x2010101->10999[I] (10)0x30000->Icing[S]
10-28 12:55:37.126   620   620 I Layer   : id=204812 Destroyed com.sec.android.app.launcher/com.sec.android.app.launcher.activities.LauncherActivity$_26660#0
10-28 12:55:37.126   620   620 I Layer   : id=204815 Destroyed OneUiHome-BlurLayer#0
10-28 12:55:37.126   529   535 E statsd  : Predicate 5980654721335871649 dropping data for dimension key (10)0x2010101->10999[I] (10)0x30000->Icing[S]
10-28 12:55:37.127   529   535 E statsd  : Predicate -7037417284711607308 dropping data for dimension key (10)0x2010101->10999[I] (10)0x30000->Icing[S]
10-28 12:55:37.128   529   535 E statsd  : Predicate 5980654721335871649 dropping data for dimension key (10)0x2010101->10999[I] (10)0x30000->Icing[S]
10-28 12:55:37.128   529   535 E statsd  : Predicate -7037417284711607308 dropping data for dimension key (10)0x2010101->10999[I] (10)0x30000->Icing[S]
10-28 12:55:37.128   414   414 I hwservicemanager: getTransport: Cannot find entry android.hardware.graphics.mapper@4.0::IMapper/default in either framework or device VINTF manifest.
10-28 12:55:37.129 17800 17905 I Gralloc4: mapper 4.x is not supported
10-28 12:55:37.129   414   414 I hwservicemanager: getTransport: Cannot find entry android.hardware.graphics.mapper@3.0::IMapper/default in either framework or device VINTF manifest.
10-28 12:55:37.129 17800 17905 W Gralloc3: mapper 3.x is not supported
10-28 12:55:37.131   954   954 D SEP_UNION_SemDeviceInfoManagerService: sendIntentAction() action = android.intent.action.PACKAGE_REPLACED, tag =
10-28 12:55:37.131   954   954 D SEP_UNION_SemDeviceInfoManagerService: sendIntentAction() action = android.intent.action.PACKAGE_REPLACED, tag =
10-28 12:55:37.132   954  3919 W system_server: Long monitor contention with owner main (954) at void com.android.server.sepunion.SemDeviceInfoManagerService.sendIntentAction(com.android.server.sepunion.eventdelegator.UnionEventListenerItem, android.content.Intent, int)(SemDeviceInfoManagerService.java:199) waiters=0 in void com.android.server.sepunion.SemDeviceInfoManagerService.registerPendingIntentInternal(android.content.IntentFilter, android.app.PendingIntent, int, java.util.List, java.lang.String, int, boolean) for 298ms
10-28 12:55:37.132   954  3919 D SEP_UNION_SemDeviceInfoManagerService: Same PendingIntent is in com.samsung.android.app.routines
10-28 12:55:37.132   954  3919 D SEP_UNION_SemDeviceInfoManagerService: Same PendingIntent is in com.samsung.android.app.routines
10-28 12:55:37.132   954  3919 D SEP_UNION_SemDeviceInfoManagerService: Same PendingIntent is in com.samsung.android.app.routines
10-28 12:55:37.132   954  3919 D SEP_UNION_SemDeviceInfoManagerService: Same PendingIntent is in com.samsung.android.app.routines
10-28 12:55:37.132   954  3919 D SEP_UNION_SemDeviceInfoManagerService: Same PendingIntent is in com.samsung.android.app.routines
10-28 12:55:37.133   954  3919 D SEP_UNION_SemDeviceInfoManagerService: Same PendingIntent is in com.samsung.android.app.routines
10-28 12:55:37.133   954  3919 D SEP_UNION_SemDeviceInfoManagerService: registerPendingIntentInternal() action = android.intent.action.DATE_CHANGED, callingPackage = com.samsung.android.app.routines, userId = 0, flag = 0, conditions = null
10-28 12:55:37.133   954  3919 D SEP_UNION_SemDeviceInfoManagerService: Same PendingIntent is in com.samsung.android.app.routines
10-28 12:55:37.133   954  3919 D SEP_UNION_SemDeviceInfoManagerService: registerPendingIntentInternal() action = android.intent.action.PACKAGE_DATA_CLEARED, callingPackage = com.samsung.android.app.routines, userId = 0, flag = 0, conditions = null
10-28 12:55:37.133   954  3919 D SEP_UNION_SemDeviceInfoManagerService: Same PendingIntent is in com.samsung.android.app.routines
10-28 12:55:37.133   954  1401 D SEP_UNION_SemDeviceInfoManagerService: registerPendingIntentInternal() action = com.samsung.android.theme.themecenter.THEME_APPLY, callingPackage = com.samsung.android.app.routines, userId = 0, flag = 0, conditions = null
10-28 12:55:37.134   954  1401 D SEP_UNION_SemDeviceInfoManagerService: Same PendingIntent is in com.samsung.android.app.routines
10-28 12:55:37.135 26660   491 I RecentModel: onTaskStackChangedBackground
10-28 12:55:37.135 17800 17905 I gralloc : Arm Module v1.0
10-28 12:55:37.137   414   414 I hwservicemanager: getTransport: Cannot find entry android.hardware.graphics.allocator@4.0::IAllocator/default in either framework or device VINTF manifest.
10-28 12:55:37.137 17800 17905 W Gralloc4: allocator 4.x is not supported
10-28 12:55:37.137   414   414 I hwservicemanager: getTransport: Cannot find entry android.hardware.graphics.allocator@3.0::IAllocator/default in either framework or device VINTF manifest.
10-28 12:55:37.137 17800 17905 W Gralloc3: allocator 3.x is not supported
10-28 12:55:37.138 26660 26793 I WidgetsModel: EasyModeWidget will be excluded on WidgetList.
10-28 12:55:37.138 32621 17904 I AppsEdge.DBHelper: type=0 pos=2 id=6
10-28 12:55:37.139   529   535 E statsd  : Predicate 5980654721335871649 dropping data for dimension key (10)0x2010101->10999[I] (10)0x30000->Icing[S]
10-28 12:55:37.139   954   954 D ApplicationPolicy: No requested permission found.
10-28 12:55:37.139   954   954 D ApplicationPolicy: No requested permission found.
10-28 12:55:37.140   529   535 E statsd  : Predicate -7037417284711607308 dropping data for dimension key (10)0x2010101->10999[I] (10)0x30000->Icing[S]
10-28 12:55:37.140   529   535 E statsd  : Predicate 5980654721335871649 dropping data for dimension key (10)0x2010101->10999[I] (10)0x30000->Icing[S]
10-28 12:55:37.141   529   535 E statsd  : Predicate -7037417284711607308 dropping data for dimension key (10)0x2010101->10999[I] (10)0x30000->Icing[S]
10-28 12:55:37.142   620   620 I Layer   : id=204838 removeFromCurrentState Surface(name=2fa8401 StatusBar)/@0xf000e26 - animation-leash of insets_animation#1 (165)
10-28 12:55:37.142   620   620 I Layer   : id=204839 removeFromCurrentState Surface(name=be23078 NavigationBar0)/@0x50010bd - animation-leash of insets_animation#1 (165)
10-28 12:55:37.142   620   620 I SurfaceFlinger: id=204838 Removed Surface(name=2fa8401 StatusBar)/@0xf000e26 - animation-leash of insets_animation#1 (165)
10-28 12:55:37.142   620   620 I SurfaceFlinger: id=204839 Removed Surface(name=be23078 NavigationBar0)/@0x50010bd - animation-leash of insets_animation#1 (165)
10-28 12:55:37.143   620   620 I Layer   : id=204838 Destroyed Surface(name=2fa8401 StatusBar)/@0xf000e26 - animation-leash of insets_animation#1
10-28 12:55:37.143   620   620 I Layer   : id=204839 Destroyed Surface(name=be23078 NavigationBar0)/@0x50010bd - animation-leash of insets_animation#1
10-28 12:55:37.145   954  2773 D InputDispatcher: Focus request (0): 5bae096 com.example.lunchtray/androidx.fragment.app.testing.FragmentScenario$EmptyFragmentActivity but waiting because NOT_VISIBLE
10-28 12:55:37.146   529  1586 E statsd  : Stats puller failed for tag: 10101 at 2957189194587541
10-28 12:55:37.149 27785 27785 I Routine@Core[3.5.02.25]: RoutineHistoryDumpImpl: insertHistory: [SERVICE_STATUS] [ACTION_ROUTINE_PACKAGE_CHANGED]
10-28 12:55:37.150 26660  4876 I ExternalMethodFactory: get_home_mode
10-28 12:55:37.150 27785 27785 I Routine@Core[3.5.02.25]: RoutineService: onDestroy
10-28 12:55:37.155   529  1586 W statsd  : StateTracker not found for state atom 202001
10-28 12:55:37.156  8198  8198 I Utils   : HomePackage : com.sec.android.app.launcher, resumePackageName : com.example.lunchtray
10-28 12:55:37.159   954  1844 D SecContentProvider2: query(), uri = 18 selection = isCopyContactToSimAllowed
10-28 12:55:37.159 26660 26793 I PackageUpdatedTask: modified, appInfo : AppInfo(id=267 type=APP hidden=0 container=all_apps screen=2 rank=19 rankOfList=-1 user=UserHandle{0} title=Lunch Tray componentName=ComponentInfo{com.example.lunchtray/com.example.lunchtray.MainActivity} screenType=0)
10-28 12:55:37.159   954  1844 D SecContentProvider2: isCopyContactToSimAllowed = true
10-28 12:55:37.163 26660 26793 I AppsModelWriter: updateItems(start) : needToNormalize = true
10-28 12:55:37.163 26660 26793 I AppsModelWriter: updateItems(start) > needToBind = true
10-28 12:55:37.163 26660 26793 I AppsModelWriter: updateItems(start)> 0, 267, 0, -102, 2, 19, UserHandle{0}, 0, Lunch Tray, -1, -1
10-28 12:55:37.164 26660 26793 I AppsModelWriter: normalizeVisibleItems : [matched = true] col = 4, raw : 5
10-28 12:55:37.164 26660 26793 I AppsModelWriter: normalizeVisibleItems(visibleItems)> 0, 28, 2, -102, 0, 0, UserHandle{0}, 0, Samsung, -1, -1
10-28 12:55:37.164 26660 26793 I AppsModelWriter: normalizeVisibleItems(visibleItems)> 0, 38, 2, -102, 0, 1, UserHandle{0}, 0, Google, -1, -1
10-28 12:55:37.164 26660 26793 I AppsModelWriter: normalizeVisibleItems(visibleItems)> 0, 47, 2, -102, 0, 2, UserHandle{0}, 0, Microsoft aplikacije, -1, -1
10-28 12:55:37.164 26660 26793 I AppsModelWriter: normalizeVisibleItems(visibleItems)> 0, 176, 2, -102, 0, 3, UserHandle{0}, 0, Misc, -1, -1
10-28 12:55:37.164 26660 26793 I AppsModelWriter: normalizeVisibleItems(visibleItems)> 0, 60, 0, -102, 0, 4, UserHandle{0}, 0, Calculator, -1, -1
10-28 12:55:37.164 26660 26793 I AppsModelWriter: normalizeVisibleItems(visibleItems)> 0, 56, 0, -102, 0, 5, UserHandle{0}, 0, Clock, -1, -1
10-28 12:55:37.164 26660 26793 I AppsModelWriter: normalizeVisibleItems(visibleItems)> 0, 55, 0, -102, 0, 6, UserHandle{0}, 0, Gallery, -1, -1
10-28 12:55:37.164 26660 26793 I AppsModelWriter: normalizeVisibleItems(visibleItems)> 0, 54, 0, -102, 0, 7, UserHandle{0}, 0, Camera, -1, -1
10-28 12:55:37.164 26660 26793 I AppsModelWriter: normalizeVisibleItems(visibleItems)> 0, 58, 0, -102, 0, 8, UserHandle{0}, 0, Settings, -1, -1
10-28 12:55:37.164 26660 26793 I AppsModelWriter: normalizeVisibleItems(visibleItems)> 0, 63, 0, -102, 0, 9, UserHandle{0}, 0, Game Launcher, -1, -1
10-28 12:55:37.164 26660 26793 I AppsModelWriter: normalizeVisibleItems(visibleItems)> 0, 187, 0, -102, 0, 10, UserHandle{0}, 0, Audify Music Player, -1, -1
10-28 12:55:37.164 26660 26793 I AppsModelWriter: normalizeVisibleItems(visibleItems)> 0, 183, 0, -102, 0, 11, UserHandle{0}, 0, Deezer, -1, -1
10-28 12:55:37.164 26660 26793 I AppsModelWriter: normalizeVisibleItems(visibleItems)> 0, 50, 0, -102, 0, 12, UserHandle{0}, 0, Play Store, -1, -1
10-28 12:55:37.164 26660 26793 I AppsModelWriter: normalizeVisibleItems(visibleItems)> 0, 146, 0, -102, 0, 13, UserHandle{0}, 0, Calendar, -1, -1
10-28 12:55:37.164 26660 26793 I AppsModelWriter: normalizeVisibleItems(visibleItems)> 0, 79, 0, -102, 0, 14, UserHandle{0}, 0, Translate, -1, -1
10-28 12:55:37.164 26660 26793 I AppsModelWriter: normalizeVisibleItems(visibleItems)> 0, 170, 0, -102, 0, 15, UserHandle{0}, 0, Keep Notes, -1, -1
10-28 12:55:37.164 26660 26793 I AppsModelWriter: normalizeVisibleItems(visibleItems)> 0, 43, 0, -102, 0, 16, UserHandle{0}, 0, YouTube, -1, -1
10-28 12:55:37.164 26660 26793 I AppsModelWriter: normalizeVisibleItems(visibleItems)> 0, 41, 0, -102, 0, 17, UserHandle{0}, 0, Gmail, -1, -1
10-28 12:55:37.164 26660 26793 I AppsModelWriter: normalizeVisibleItems(visibleItems)> 0, 44, 0, -102, 0, 18, UserHandle{0}, 0, Drive, -1, -1
10-28 12:55:37.164 26660 26793 I AppsModelWriter: normalizeVisibleItems(visibleItems)> 0, 42, 0, -102, 0, 19, UserHandle{0}, 0, Maps, -1, -1
10-28 12:55:37.164 26660 26793 I AppsModelWriter: normalizeVisibleItems(visibleItems)> 0, 214, 0, -102, 1, 0, UserHandle{0}, 0, Instagram, -1, -1
10-28 12:55:37.164 26660 26793 I AppsModelWriter: normalizeVisibleItems(visibleItems)> 0, 67, 0, -102, 1, 1, UserHandle{0}, 0, Viber, -1, -1
10-28 12:55:37.164 26660 26793 I AppsModelWriter: normalizeVisibleItems(visibleItems)> 0, 124, 0, -102, 1, 2, UserHandle{0}, 0, Discord, -1, -1
10-28 12:55:37.164 26660 26793 I AppsModelWriter: normalizeVisibleItems(visibleItems)> 0, 165, 0, -102, 1, 3, UserHandle{0}, 0, Twitter, -1, -1
10-28 12:55:37.164 26660 26793 I AppsModelWriter: normalizeVisibleItems(visibleItems)> 0, 226, 0, -102, 1, 4, UserHandle{0}, 0, Messenger, -1, -1
10-28 12:55:37.164 26660 26793 I AppsModelWriter: normalizeVisibleItems(visibleItems)> 0, 53, 0, -102, 1, 5, UserHandle{0}, 0, Facebook, -1, -1
10-28 12:55:37.164 26660 26793 I AppsModelWriter: normalizeVisibleItems(visibleItems)> 0, 142, 0, -102, 1, 6, UserHandle{0}, 0, Trello, -1, -1
10-28 12:55:37.164 26660 26793 I AppsModelWriter: normalizeVisibleItems(visibleItems)> 0, 247, 0, -102, 1, 7, UserHandle{0}, 0, Telegram, -1, -1
10-28 12:55:37.164 26660 26793 I AppsModelWriter: normalizeVisibleItems(visibleItems)> 0, 72, 0, -102, 1, 8, UserHandle{0}, 0, Pinterest, -1, -1
10-28 12:55:37.164 26660 26793 I AppsModelWriter: normalizeVisibleItems(visibleItems)> 0, 71, 0, -102, 1, 9, UserHandle{0}, 0, mBanking, -1, -1
10-28 12:55:37.164 26660 26793 I AppsModelWriter: normalizeVisibleItems(visibleItems)> 0, 127, 0, -102, 1, 10, UserHandle{0}, 0, D&D Beyond, -1, -1
10-28 12:55:37.164 26660 26793 I AppsModelWriter: normalizeVisibleItems(visibleItems)> 0, 185, 0, -102, 1, 11, UserHandle{0}, 0, GitHub, -1, -1
10-28 12:55:37.164 26660 26793 I AppsModelWriter: normalizeVisibleItems(visibleItems)> 0, 220, 0, -102, 1, 12, UserHandle{0}, 0, Lady Pill Reminder, -1, -1
10-28 12:55:37.164 26660 26793 I AppsModelWriter: normalizeVisibleItems(visibleItems)> 0, 78, 0, -102, 1, 13, UserHandle{0}, 0, Flo, -1, -1
10-28 12:55:37.164 26660 26793 I AppsModelWriter: normalizeVisibleItems(visibleItems)> 0, 98, 0, -102, 1, 14, UserHandle{0}, 0, GuitarTuna, -1, -1
10-28 12:55:37.164 26660 26793 I AppsModelWriter: normalizeVisibleItems(visibleItems)> 0, 107, 0, -102, 1, 15, UserHandle{0}, 0, Fiverr, -1, -1
10-28 12:55:37.164 26660 26793 I AppsModelWriter: normalizeVisibleItems(visibleItems)> 0, 84, 0, -102, 1, 16, UserHandle{0}, 0, Bus NS, -1, -1
10-28 12:55:37.164 26660 26793 I AppsModelWriter: normalizeVisibleItems(visibleItems)> 0, 225, 0, -102, 1, 17, UserHandle{0}, 0, NSmart, -1, -1
10-28 12:55:37.164 26660 26793 I AppsModelWriter: normalizeVisibleItems(visibleItems)> 0, 73, 0, -102, 1, 18, UserHandle{0}, 0, Yettel, -1, -1
10-28 12:55:37.164 26660 26793 I AppsModelWriter: normalizeVisibleItems(visibleItems)> 0, 49, 0, -102, 1, 19, UserHandle{0}, 0, LinkedIn, -1, -1
10-28 12:55:37.164 26660 26793 I AppsModelWriter: normalizeVisibleItems(visibleItems)> 0, 193, 0, -102, 2, 0, UserHandle{0}, 0, Glovo, -1, -1
10-28 12:55:37.164 26660 26793 I AppsModelWriter: normalizeVisibleItems(visibleItems)> 0, 197, 0, -102, 2, 1, UserHandle{0}, 0, Wolt, -1, -1
10-28 12:55:37.164 26660 26793 I AppsModelWriter: normalizeVisibleItems(visibleItems)> 0, 211, 0, -102, 2, 2, UserHandle{0}, 0, BlaBlaCar, -1, -1
10-28 12:55:37.164 26660 26793 I AppsModelWriter: normalizeVisibleItems(visibleItems)> 0, 217, 0, -102, 2, 3, UserHandle{0}, 0, Snapchat, -1, -1
10-28 12:55:37.164 26660 26793 I AppsModelWriter: normalizeVisibleItems(visibleItems)> 0, 188, 0, -102, 2, 4, UserHandle{0}, 0, WhatsApp, -1, -1
10-28 12:55:37.164 26660 26793 I AppsModelWriter: normalizeVisibleItems(visibleItems)> 0, 195, 0, -102, 2, 5, UserHandle{0}, 0, Signal, -1, -1
10-28 12:55:37.164 26660 26793 I AppsModelWriter: normalizeVisibleItems(visibleItems)> 0, 216, 0, -102, 2, 6, UserHandle{0}, 0, Forest, -1, -1
10-28 12:55:37.164 26660 26793 I AppsModelWriter: normalizeVisibleItems(visibleItems)> 0, 207, 0, -102, 2, 7, UserHandle{0}, 0, Money manager, -1, -1
10-28 12:55:37.164 26660 26793 I AppsModelWriter: normalizeVisibleItems(visibleItems)> 0, 222, 0, -102, 2, 8, UserHandle{0}, 0, Preview, -1, -1
10-28 12:55:37.164 26660 26793 I AppsModelWriter: normalizeVisibleItems(visibleItems)> 0, 223, 0, -102, 2, 9, UserHandle{0}, 0, Srbija voz, -1, -1
10-28 12:55:37.164 26660 26793 I AppsModelWriter: normalizeVisibleItems(visibleItems)> 0, 224, 0, -102, 2, 10, UserHandle{0}, 0, Dream, -1, -1
10-28 12:55:37.164 26660 26793 I AppsModelWriter: normalizeVisibleItems(visibleItems)> 0, 228, 0, -102, 2, 11, UserHandle{0}, 0, Reddit, -1, -1
10-28 12:55:37.164 26660 26793 I AppsModelWriter: normalizeVisibleItems(visibleItems)> 0, 233, 0, -102, 2, 12, UserHandle{0}, 0, Notes by Cats, -1, -1
10-28 12:55:37.164 26660 26793 I AppsModelWriter: normalizeVisibleItems(visibleItems)> 0, 240, 0, -102, 2, 13, UserHandle{0}, 0, DeNoise - Calming Sounds, -1, -1
10-28 12:55:37.164 26660 26793 I AppsModelWriter: normalizeVisibleItems(visibleItems)> 0, 250, 0, -102, 2, 14, UserHandle{0}, 0, Slack, -1, -1
10-28 12:55:37.164 26660 26793 I AppsModelWriter: normalizeVisibleItems(visibleItems)> 0, 251, 0, -102, 2, 15, UserHandle{0}, 0, Skype, -1, -1
10-28 12:55:37.164 26660 26793 I AppsModelWriter: normalizeVisibleItems(visibleItems)> 0, 262, 0, -102, 2, 16, UserHandle{0}, 0, RTS Planeta, -1, -1
10-28 12:55:37.165 26660 26793 I AppsModelWriter: normalizeVisibleItems(visibleItems)> 0, 265, 0, -102, 2, 17, UserHandle{0}, 0, Cupcake, -1, -1
10-28 12:55:37.165 26660 26793 I AppsModelWriter: normalizeVisibleItems(visibleItems)> 0, 266, 0, -102, 2, 18, UserHandle{0}, 0, Sports, -1, -1
10-28 12:55:37.165 26660 26793 I AppsModelWriter: normalizeVisibleItems(visibleItems)> 0, 267, 0, -102, 2, 19, UserHandle{0}, 0, Lunch Tray, -1, -1
10-28 12:55:37.165 26660 26793 I AppsModelWriter: updateItems(end) : updateItem> 0, 267, 0, -102, 2, 19, UserHandle{0}, 0, Lunch Tray, -1, -1
10-28 12:55:37.166 25095 25146 I TelephonyDataSource: [C] getSimState(0) : 5
10-28 12:55:37.166 25095 25146 I TelephonyDataSource: [C] isMultiSimModel - getActiveModemCount() : 2
10-28 12:55:37.166 25095 25146 I TelephonyDataSource: [C] CscFeatureUtil.isSupportEsim() :false, FloatingFeatureUtil.isSupportEmbeddedSim() : false, slotSwitch :
10-28 12:55:37.167 25095 25146 I TelephonyDataSource: [C] slotId : 0CSim value : 0
10-28 12:55:37.167 25095 25146 I SimContactModel: [C] isSimActivatedEnabled(0) return true : max = 1000 EmailDbSupported :false
10-28 12:55:37.169 25095 25146 I TelephonyDataSource: [C] getSimState(0) : 5
10-28 12:55:37.169 25095 25146 I TelephonyDataSource: [C] isMultiSimModel - getActiveModemCount() : 2
10-28 12:55:37.169 25095 25146 I TelephonyDataSource: [C] CscFeatureUtil.isSupportEsim() :false, FloatingFeatureUtil.isSupportEmbeddedSim() : false, slotSwitch :
10-28 12:55:37.169 25095 25146 I TelephonyDataSource: [C] slotId : 0CSim value : 0
10-28 12:55:37.169 25095 25146 I SimContactModel: [C] isSimActivatedEnabled(0) return true : max = 1000 EmailDbSupported :false
10-28 12:55:37.171   954   977 D SecContentProvider2: query(), uri = 18 selection = isCopyContactToSimAllowed
10-28 12:55:37.171   954   977 D SecContentProvider2: isCopyContactToSimAllowed = true
10-28 12:55:37.171 27785 27785 I Routine@Core[3.5.02.25]: MetadataLoaderJobService: onStartJob: collectPackageInBG - com.example.lunchtray
10-28 12:55:37.172 27785 27785 I Routine@Core[3.5.02.25]: MetadataSyncHistory: latest : 3.5.02.25, currentVersion : 3.5.02.25
10-28 12:55:37.172 27785 27785 I Routine@Core[3.5.02.25]: MetadataSyncHistory: latest : 3.5.02.25, currentVersion : 3.5.02.25
10-28 12:55:37.172 27785 27785 I Routine@Core[3.5.02.25]: MetadataLoaderJobService: packageName : com.example.lunchtray, forced : true
10-28 12:55:37.172 27785 28110 I Routine@Core[3.5.02.25]: MetadataLoadManager: collect: com.example.lunchtray
10-28 12:55:37.172 27785 28110 I Routine@Core[3.5.02.25]: MetadataLoadManager: collectWithCollectors - com.example.lunchtray
10-28 12:55:37.174   954   977 D SecContentProvider2: query(), uri = 18 selection = isCopyContactToSimAllowed
10-28 12:55:37.174   954   977 D SecContentProvider2: isCopyContactToSimAllowed = true
10-28 12:55:37.174 11071 17903 I GOS:GameIntentService: onPackageChanged(). extras: Bundle[{changeType=8, userId=0, pkgName=com.example.lunchtray, type=15, packageName=com.example.lunchtray}]
10-28 12:55:37.174 11071 17903 I GOS:GameIntentService: onPackageChanged(). changeType(REPLACED), pkgName(com.example.lunchtray), UserHandle(0), userId(0), Installed(true)
10-28 12:55:37.175  8198  8198 I Utils   : HomePackage : com.sec.android.app.launcher, resumePackageName : com.example.lunchtray
10-28 12:55:37.176 27785 28110 I Routine@Core[3.5.02.25]: CommandSdkMetadataCollector: collectCondition rawItems=0
10-28 12:55:37.178 19208 30741 I TelephonyDataSource: [D] getSimState(0) : 5
10-28 12:55:37.178 19208 30741 I TelephonyDataSource: [D] isMultiSimModel - getActiveModemCount() : 2
10-28 12:55:37.178 19208 30741 I TelephonyDataSource: [D] CscFeatureUtil.isSupportEsim() :false, FloatingFeatureUtil.isSupportEmbeddedSim() : false, slotSwitch :
10-28 12:55:37.178 19208 30741 I TelephonyDataSource: [D] slotId : 0CSim value : 0
10-28 12:55:37.178 19208 30741 I SimContactModel: [D] isSimActivatedEnabled(0) return true : max = 1000 EmailDbSupported :false
10-28 12:55:37.178 19208 30741 I TelephonyDataSource: [D] getSimState(0) : 5
10-28 12:55:37.178 19208 30741 I TelephonyDataSource: [D] isMultiSimModel - getActiveModemCount() : 2
10-28 12:55:37.179 19208 30741 I TelephonyDataSource: [D] CscFeatureUtil.isSupportEsim() :false, FloatingFeatureUtil.isSupportEmbeddedSim() : false, slotSwitch :
10-28 12:55:37.179 19208 30741 I TelephonyDataSource: [D] slotId : 0CSim value : 0
10-28 12:55:37.179 19208 30741 I SimContactModel: [D] isSimActivatedEnabled(0) return true : max = 1000 EmailDbSupported :false
10-28 12:55:37.179 25095 25146 I TelephonyDataSource: [C] getSimState(1) : 1
10-28 12:55:37.180 27785 28110 I Routine@Core[3.5.02.25]: CommandSdkMetadataCollector: collectAction rawItems=0
10-28 12:55:37.181 26660 26660 I AppsModelWriter: bindAppsItems() - visibleAddItems : 0, visibleUpdateItems : 1, removeItems : 0
10-28 12:55:37.182 26660 26660 I Launcher.AppsContainerView: bindAppsUpdates() => add: 0, update: 1, remove: 0
10-28 12:55:37.182 26660 26660 I Launcher.AppsPagedView: UpdateItems => id: 267, rank: 19, screenId: 2, cellX: 3, cellY: 4, container: -102, dirty: false, title: Lunch Tray, isFolder: false, user: UserHandle{0}, disabled: false, screenType: 0
10-28 12:55:37.182 32306 32306 I AppListCacheReceiver: onReceive START action : com.samsung.android.settings.intent.action.PACKAGE_REPLACED
10-28 12:55:37.182 32306 32306 I AppListCacheReceiver: onReceive END
10-28 12:55:37.183 26660 26793 I PostPositionOperator: addAllItems() - All
10-28 12:55:37.183 26660 26793 I PostPositionOperator: addItem() - , isWidgetOnly : false
10-28 12:55:37.183   954  1844 D SecContentProvider2: query(), uri = 18 selection = isCopyContactToSimAllowed
10-28 12:55:37.184   954  1844 D SecContentProvider2: isCopyContactToSimAllowed = true
10-28 12:55:37.184   954  3919 D SecContentProvider2: query(), uri = 18 selection = isCopyContactToSimAllowed
10-28 12:55:37.184 27785 28110 E Routine@Core[3.5.02.25]: ContentSetter: deleteRoutines: id=[]
10-28 12:55:37.184   954  3919 D SecContentProvider2: isCopyContactToSimAllowed = true
10-28 12:55:37.187   472 19283 E keystore2: keystore2::metrics_store: pull_metrics_callback: Error getting storage stat: In with_transaction.
10-28 12:55:37.187   472 19283 E keystore2: keystore2::metrics_store: pull_metrics_callback: Error getting storage stat: In with_transaction.
10-28 12:55:37.187   472 19283 E keystore2: keystore2::metrics_store: pull_metrics_callback: Error getting storage stat: In with_transaction.
10-28 12:55:37.188   472 19283 E keystore2: keystore2::metrics_store: pull_metrics_callback: Error getting storage stat: In with_transaction.
10-28 12:55:37.188   472 19283 E keystore2: keystore2::metrics_store: pull_metrics_callback: Error getting storage stat: In with_transaction.
10-28 12:55:37.188   472 19283 E keystore2: keystore2::metrics_store: pull_metrics_callback: Error getting storage stat: In with_transaction.
10-28 12:55:37.188   472 19283 E keystore2: keystore2::metrics_store: pull_metrics_callback: Error getting storage stat: In with_transaction.
10-28 12:55:37.188   472 19283 E keystore2: keystore2::metrics_store: pull_metrics_callback: Error getting storage stat: In with_transaction.
10-28 12:55:37.188   472 19283 E keystore2: keystore2::metrics_store: pull_metrics_callback: Error getting storage stat: In with_transaction.
10-28 12:55:37.188   472 19283 E keystore2: keystore2::metrics_store: pull_metrics_callback: Error getting storage stat: In with_transaction.
10-28 12:55:37.188   472 19283 E keystore2: keystore2::metrics_store: pull_metrics_callback: Error getting storage stat: In with_transaction.
10-28 12:55:37.188   472 19283 E keystore2: keystore2::metrics_store: pull_metrics_callback: Error getting storage stat: In with_transaction.
10-28 12:55:37.194 27785 28110 E Routine@Core[3.5.02.25]: ContentSetter: deleteRoutines: id=[]
10-28 12:55:37.194 27785 28110 I Routine@Core[3.5.02.25]: ConflictItemConverter: convertConflictActions - 0
10-28 12:55:37.194 27785 28110 I Routine@Core[3.5.02.25]: Pref: removeSharedPrefsData() key=meta_loading_target_package_name
10-28 12:55:37.195 19208 30741 I TelephonyDataSource: [D] getSimState(1) : 1
10-28 12:55:37.199   954  2451 D SecContentProvider2: query(), uri = 18 selection = isCopyContactToSimAllowed
10-28 12:55:37.199 17800 17800 I ViewRootImpl@645f1a1[FragmentScenario$EmptyFragmentActivity]: [DP] pdf(0) 1 android.view.ViewRootImpl.lambda$addFrameCompleteCallbackIfNeeded$3$ViewRootImpl:4995 android.view.ViewRootImpl$$ExternalSyntheticLambda16.run:6 android.os.Handler.handleCallback:938
10-28 12:55:37.199 17800 17800 I ViewRootImpl@645f1a1[FragmentScenario$EmptyFragmentActivity]: [DP] rdf()
10-28 12:55:37.200 17800 17800 D ViewRootImpl@645f1a1[FragmentScenario$EmptyFragmentActivity]: reportDrawFinished (fn: -1)
10-28 12:55:37.202 17800 17800 D InsetsSourceConsumer: ensureControlAlpha: for ITYPE_NAVIGATION_BAR on com.example.lunchtray/androidx.fragment.app.testing.FragmentScenario$EmptyFragmentActivity
10-28 12:55:37.202 17800 17800 D InsetsSourceConsumer: ensureControlAlpha: for ITYPE_STATUS_BAR on com.example.lunchtray/androidx.fragment.app.testing.FragmentScenario$EmptyFragmentActivity
10-28 12:55:37.204   620  2717 I SurfaceFlinger: id=204845 createSurf (0x0),-1 flag=24000, Surface(name=5bae096 com.example.lunchtray/androidx.fragment.app.testing.FragmentScenario$EmptyFragmentActivity)/@0xe36c664 - animation-leash of starting_reveal#0
10-28 12:55:37.217  1348  2147 I ViewRootImpl@737783b[lunchtray]: mWNT: t = android.view.SurfaceControl$Transaction@bd53d70 fN = 2 android.view.SyncRtSurfaceTransactionApplier.applyTransaction:94 android.view.SyncRtSurfaceTransactionApplier.lambda$scheduleApply$0$SyncRtSurfaceTransactionApplier:71 android.view.SyncRtSurfaceTransactionApplier$$ExternalSyntheticLambda0.onFrameDraw:4
10-28 12:55:37.217  1348  2147 I ViewRootImpl@737783b[lunchtray]: mWNT: merge t to BBQ
10-28 12:55:37.217  1348  2147 I ViewRootImpl@737783b[lunchtray]: mWNT: t = android.view.SurfaceControl$Transaction@72378e9 fN = 2 android.view.SyncRtSurfaceTransactionApplier.applyTransaction:94 android.view.SyncRtSurfaceTransactionApplier.lambda$scheduleApply$0$SyncRtSurfaceTransactionApplier:71 android.view.SyncRtSurfaceTransactionApplier$$ExternalSyntheticLambda0.onFrameDraw:4
10-28 12:55:37.217  1348  2147 I ViewRootImpl@737783b[lunchtray]: mWNT: merge t to BBQ
10-28 12:55:37.223   954  2451 D SecContentProvider2: isCopyContactToSimAllowed = true
10-28 12:55:37.228   954  3954 D InputDispatcher: Focus entered window (0): 5bae096 com.example.lunchtray/androidx.fragment.app.testing.FragmentScenario$EmptyFragmentActivity
10-28 12:55:37.228  1348  2148 I ViewRootImpl@737783b[lunchtray]: mWNT: t = android.view.SurfaceControl$Transaction@627a96e fN = 3 android.view.SyncRtSurfaceTransactionApplier.applyTransaction:94 android.view.SyncRtSurfaceTransactionApplier.lambda$scheduleApply$0$SyncRtSurfaceTransactionApplier:71 android.view.SyncRtSurfaceTransactionApplier$$ExternalSyntheticLambda0.onFrameDraw:4
10-28 12:55:37.228  1348  2148 I ViewRootImpl@737783b[lunchtray]: mWNT: merge t to BBQ
10-28 12:55:37.234 17800 17800 I ample.lunchtra: Waiting for a blocking GC ClassLinker
10-28 12:55:37.234   620   620 D SurfaceFlinger: Display 0 HWC layers:
10-28 12:55:37.234   620   620 D SurfaceFlinger:      DEVICE | 0x7843db74d0 | 0102 | RGBA_8888    |    0.0    0.0 1080.0 2280.0 |    0    0 1080 2280 | com.example.lunchtray/androidx.fragm[...]nario$EmptyFragmentActivity$_17800#0
10-28 12:55:37.234   620   620 D SurfaceFlinger:      DEVICE | 0x7843dbc150 | 0100 | RGBA_8888    |    0.0    0.0 1080.0 2280.0 |    0    0 1080 2280 | Splash Screen com.example.lunchtray$_1348#0
10-28 12:55:37.234   620   620 D SurfaceFlinger:      DEVICE | 0x7843db3a50 | 0100 | RGBA_8888    |    0.0    0.0 1080.0  112.0 |    0    0 1080  112 | StatusBar$_1348#0
10-28 12:55:37.234   620   620 D SurfaceFlinger:      DEVICE | 0x7843dbc6f0 | 0100 | RGBA_8888    |    0.0    0.0   67.0  416.0 |    0  814   67 1230 | com.samsung.android.app.cocktailbars[...]arservice.CocktailBarService$_8198#0
10-28 12:55:37.234   620   620 D SurfaceFlinger:      DEVICE | 0x7843dafd90 | 0100 | RGBA_8888    |    0.0    0.0 1080.0  126.0 |    0 2154 1080 2280 | NavigationBar0$_1348#0
10-28 12:55:37.234   620   620 D SurfaceFlinger:
10-28 12:55:37.240 25095 25146 I TelephonyDataSource: [C] getSimState(0) : 5
10-28 12:55:37.240 25095 25146 I TelephonyDataSource: [C] isMultiSimModel - getActiveModemCount() : 2
10-28 12:55:37.240 25095 25146 I TelephonyDataSource: [C] CscFeatureUtil.isSupportEsim() :false, FloatingFeatureUtil.isSupportEmbeddedSim() : false, slotSwitch :
10-28 12:55:37.240 25095 25146 I TelephonyDataSource: [C] slotId : 0CSim value : 0
10-28 12:55:37.240 25095 25146 I SimContactModel: [C] isSimActivatedEnabled(0) return true : max = 1000 EmailDbSupported :false
10-28 12:55:37.244  1348  2147 I ViewRootImpl@737783b[lunchtray]: mWNT: t = android.view.SurfaceControl$Transaction@d96d80f fN = 4 android.view.SyncRtSurfaceTransactionApplier.applyTransaction:94 android.view.SyncRtSurfaceTransactionApplier.lambda$scheduleApply$0$SyncRtSurfaceTransactionApplier:71 android.view.SyncRtSurfaceTransactionApplier$$ExternalSyntheticLambda0.onFrameDraw:4
10-28 12:55:37.244  1348  2147 I ViewRootImpl@737783b[lunchtray]: mWNT: merge t to BBQ
10-28 12:55:37.244 32306 32423 D AppListCacheIndexingManager: insertPackage() success
10-28 12:55:37.246 17800 17800 I ample.lunchtra: WaitForGcToComplete blocked ClassLinker on Background for 12.530ms
10-28 12:55:37.247 25095 25146 I TelephonyDataSource: [C] getSimState(0) : 5
10-28 12:55:37.247 25095 25146 I TelephonyDataSource: [C] isMultiSimModel - getActiveModemCount() : 2
10-28 12:55:37.247 25095 25146 I TelephonyDataSource: [C] CscFeatureUtil.isSupportEsim() :false, FloatingFeatureUtil.isSupportEmbeddedSim() : false, slotSwitch :
10-28 12:55:37.247 25095 25146 I TelephonyDataSource: [C] slotId : 0CSim value : 0
10-28 12:55:37.247 25095 25146 I SimContactModel: [C] isSimActivatedEnabled(0) return true : max = 1000 EmailDbSupported :false
10-28 12:55:37.250   954  3920 I SemDvfsHyPerManager: acquire hyper - AMS_RESUME_TAIL/954@19, type = -999
10-28 12:55:37.250   954  3920 I SemDvfsHyPerManager: acquire hyper - AMS_ACT_LAZY/954@20, type = -999
10-28 12:55:37.250   566   611 I HYPER-HAL: [RequestManager.cpp]acquire(): Acquired ID : 473870  [954 / 19]    HINT : AMS_RESUME_TAIL    list :
10-28 12:55:37.251 19208 30741 I TelephonyDataSource: [D] getSimState(0) : 5
10-28 12:55:37.251 19208 30741 I TelephonyDataSource: [D] isMultiSimModel - getActiveModemCount() : 2
10-28 12:55:37.251 19208 30741 I TelephonyDataSource: [D] CscFeatureUtil.isSupportEsim() :false, FloatingFeatureUtil.isSupportEmbeddedSim() : false, slotSwitch :
10-28 12:55:37.251   566   611 I HYPER-HAL: [RequestManager.cpp]releaseLocked(): Released ID : 475821
10-28 12:55:37.251 19208 30741 I TelephonyDataSource: [D] slotId : 0CSim value : 0
10-28 12:55:37.254   954  1259 D SemWifiSwitchForIndividualAppsService: isPackageException - result:3, com.example.lunchtray
10-28 12:55:37.257   954   971 I system_server: Background concurrent copying GC freed 688659(43MB) AllocSpace objects, 62(7780KB) LOS objects, 15% free, 133MB/157MB, paused 447us,530us total 1.179s
10-28 12:55:37.258 17800 17800 D CompatibilityChangeReporter: Compat change id reported: 171228096; UID 10998; state: ENABLED
10-28 12:55:37.252 19208 30741 I SimContactModel: [D] isSimActivatedEnabled(0) return true : max = 1000 EmailDbSupported :false
10-28 12:55:37.261  1348  1537 D OpenGLRenderer: setSurface called with nullptr
10-28 12:55:37.261  1348  1537 D OpenGLRenderer: setSurface() destroyed EGLSurface
10-28 12:55:37.261  1348  1537 D OpenGLRenderer: destroyEglSurface
10-28 12:55:37.261   954  3920 D SecContentProvider2: query(), uri = 18 selection = isCopyContactToSimAllowed
10-28 12:55:37.262 17800 17800 D ScrollView: initGoToTop
10-28 12:55:37.263   954  3920 D SecContentProvider2: isCopyContactToSimAllowed = true
10-28 12:55:37.263   954  3956 V WindowManager: Relayout Window{bebe673 u0 Splash Screen com.example.lunchtray}: viewVisibility=8 req=1080x2280 d0
10-28 12:55:37.264 26660 26660 W SuggestedAppsViewImpl: pending predictedApps : 9, alpha: 0.0, overview: false
10-28 12:55:37.265 19208 30741 I TelephonyDataSource: [D] getSimState(0) : 5
10-28 12:55:37.265 19208 30741 I TelephonyDataSource: [D] isMultiSimModel - getActiveModemCount() : 2
10-28 12:55:37.265 19208 30741 I TelephonyDataSource: [D] CscFeatureUtil.isSupportEsim() :false, FloatingFeatureUtil.isSupportEmbeddedSim() : false, slotSwitch :
10-28 12:55:37.265 19208 30741 I TelephonyDataSource: [D] slotId : 0CSim value : 0
10-28 12:55:37.265 19208 30741 I SimContactModel: [D] isSimActivatedEnabled(0) return true : max = 1000 EmailDbSupported :false
10-28 12:55:37.270   954  3936 D SecContentProvider2: query(), uri = 18 selection = isCopyContactToSimAllowed
10-28 12:55:37.270   954  3936 D SecContentProvider2: isCopyContactToSimAllowed = true
10-28 12:55:37.271   620  2717 I SurfaceFlinger: id=204846 createSurf (0x0),-1 flag=24000, Surface(name=bebe673 Splash Screen com.example.lunchtray)/@0x7b4fc29 - animation-leash of window_animation#0
10-28 12:55:37.271 27785 27801 W id.app.routine: Reducing the number of considered missed Gc histogram windows from 321 to 100
10-28 12:55:37.275   954  3956 V WindowManager: Relayout hash=bebe673, pid=1348: mAttrs={(0,0)(fillxfill) sim={adjust=pan} ty=APPLICATION_STARTING fmt=TRANSLUCENT wanim=0x1030001
10-28 12:55:37.275   954  3956 V WindowManager:   fl=81030118
10-28 12:55:37.275   954  3956 V WindowManager:   pfl=36000010
10-28 12:55:37.275   954  3956 V WindowManager:   bhv=DEFAULT
10-28 12:55:37.275   954  3956 V WindowManager:   fitSides= naviIconColor=0}
10-28 12:55:37.276 19208 30741 I TelephonyDataSource: [D] getSimState(1) : 1
10-28 12:55:37.276 25095 25146 I TelephonyDataSource: [C] getSimState(1) : 1
10-28 12:55:37.276  1348  1474 I ViewRootImpl@737783b[lunchtray]: Relayout returned: old=(0,0,1080,2280) new=(0,0,1080,2280) req=(1080,2280)8 dur=12 res=0x5 s={false 0} ch=true fn=5
10-28 12:55:37.276  1348  1474 I ViewRootImpl@737783b[lunchtray]: dispatchDetachedFromWindow
10-28 12:55:37.276   954  3920 D InputTransport: Input channel destroyed: 'bebe673', fd=1637
10-28 12:55:37.276   954  3920 W InputManager-JNI: Input channel object 'bebe673 Splash Screen com.example.lunchtray (client)' was disposed without first being removed with the input manager!
10-28 12:55:37.276   954  3920 D InputTransport: Input channel destroyed: 'bebe673', fd=1638
10-28 12:55:37.278   954  3956 D SecContentProvider2: query(), uri = 18 selection = isCopyContactToSimAllowed
10-28 12:55:37.278   954  3956 D SecContentProvider2: isCopyContactToSimAllowed = true
10-28 12:55:37.278  1348  1474 D InputTransport: Input channel destroyed: 'bebe673', fd=295
10-28 12:55:37.280 27785 27785 I Routine@Core[3.5.02.25]: Pref: putSharedPrefsData() key=routine_meta_data_loading_statue
10-28 12:55:37.287 26660 26793 I WidgetsModel: EasyModeWidget will be excluded on WidgetList.
10-28 12:55:37.288 19208 30741 I TelephonyDataSource: [D] getSimState(0) : 5
10-28 12:55:37.288 19208 30741 I TelephonyDataSource: [D] isMultiSimModel - getActiveModemCount() : 2
10-28 12:55:37.288 19208 30741 I TelephonyDataSource: [D] CscFeatureUtil.isSupportEsim() :false, FloatingFeatureUtil.isSupportEmbeddedSim() : false, slotSwitch :
10-28 12:55:37.288 19208 30741 I TelephonyDataSource: [D] slotId : 0CSim value : 0
10-28 12:55:37.288 19208 30741 I SimContactModel: [D] isSimActivatedEnabled(0) return true : max = 1000 EmailDbSupported :false
10-28 12:55:37.289 19208 30741 I TelephonyDataSource: [D] getSimState(0) : 5
10-28 12:55:37.289 19208 30741 I TelephonyDataSource: [D] isMultiSimModel - getActiveModemCount() : 2
10-28 12:55:37.289 19208 30741 I TelephonyDataSource: [D] CscFeatureUtil.isSupportEsim() :false, FloatingFeatureUtil.isSupportEmbeddedSim() : false, slotSwitch :
10-28 12:55:37.289 19208 30741 I TelephonyDataSource: [D] slotId : 0CSim value : 0
10-28 12:55:37.289 19208 30741 I SimContactModel: [D] isSimActivatedEnabled(0) return true : max = 1000 EmailDbSupported :false
10-28 12:55:37.293   620   620 I Layer   : id=204845 removeFromCurrentState Surface(name=5bae096 com.example.lunchtray/androidx.fragment.app.testing.FragmentScenario$EmptyFragmentActivity)/@0xe36c664 - animation-leash of starting_reveal#0 (165)
10-28 12:55:37.295 27785 27785 I Routine@Core[3.5.02.25]: NotificationUpdateServiceUtils: requestUpdateNotification
10-28 12:55:37.306 27785 27785 I Routine@Core[3.5.02.25]: DatabaseJobIntentService: Stop no more task
10-28 12:55:37.309 27785 27785 I Routine@Core[3.5.02.25]: MetadataLoaderJobService: metadataLoadingFinished: collectPackageInBG - com.example.lunchtray
10-28 12:55:37.315   954   973 W System  : A resource failed to call release.
10-28 12:55:37.316   954  3919 D SecContentProvider2: query(), uri = 18 selection = isCopyContactToSimAllowed
10-28 12:55:37.316   954  3919 D SecContentProvider2: isCopyContactToSimAllowed = true
10-28 12:55:37.316 27785 27785 I Routine@Core[3.5.02.25]: MetadataLoaderJobService: onDestroy
10-28 12:55:37.318 26660 26793 I PostPositionOperator: addItem() - com.example.lunchtray, isWidgetOnly : true
10-28 12:55:37.318 26660 26793 W PackageUpdatedTask: refreshSearchLayout return, operation is not matched
10-28 12:55:37.320 19208 30741 I TelephonyDataSource: [D] getSimState(1) : 1
10-28 12:55:37.320   530   658 D IptablesRestoreController: [iptables debug]iptables-restore execute *filter
10-28 12:55:37.320   530   658 D IptablesRestoreController: -nvx -L tetherctrl_counters
10-28 12:55:37.320   530   658 D IptablesRestoreController: COMMIT
10-28 12:55:37.321 32403 32403 I Routine@Ui[3.5.02.25]: MetadataSyncHistory: latest : 3.5.02.25, currentVersion : 3.5.02.25
10-28 12:55:37.323   530   658 D IptablesRestoreController: [iptables debug]iptables-restore execute done, res : 0
10-28 12:55:37.323   530   658 D IptablesRestoreController: [iptables debug]iptables-restore execute *filter
10-28 12:55:37.323   530   658 D IptablesRestoreController: -nvx -L tetherctrl_counters
10-28 12:55:37.323   530   658 D IptablesRestoreController: COMMIT
10-28 12:55:37.325   530   658 D IptablesRestoreController: [iptables debug]iptables-restore execute done, res : 0
10-28 12:55:37.330  1348  1348 D NavigationBar: onSystemBarAttributesChanged() -  displayId:0, appearance:16 (APPEARANCE_LIGHT_NAVIGATION_BARS ), navbarColorManagedByIme:false
10-28 12:55:37.330  1348  1348 V Navbar.Store: handleEvent [EventType] GET_BOOL_REGION_SAMPLING_ENABLED [Module] LightBarController  KEYS_DEFAULT=false
10-28 12:55:37.330  1348  1348 V Navbar.Store: --[Band]COLOR_PACK_GET_REGION_SAMPLING_ENABLED
10-28 12:55:37.330  1348  1348 V Navbar.Store: ----getValue(BOOL_REGION_SAMPLING_ENABLED)=false
10-28 12:55:37.334 32534 32534 I FILP/PackageIntentReceiver: action : com.samsung.android.provider.filterprovider.INTENT_PACKAGE_ADDED
10-28 12:55:37.334 32534 32534 I FILP/PackageIntentReceiver: pkgName : com.example.lunchtray.test
10-28 12:55:37.334 32534 32534 E FILP/PackageIntentReceiver: This package does not have permission
10-28 12:55:37.343   620   620 I Layer   : id=204835 removeFromCurrentState Splash Screen com.example.lunchtray$_1348#0 (165)
10-28 12:55:37.343   620   620 I Layer   : id=204834 removeFromCurrentState bebe673 Splash Screen com.example.lunchtray#0 (165)
10-28 12:55:37.343   620   620 I Layer   : id=204846 removeFromCurrentState Surface(name=bebe673 Splash Screen com.example.lunchtray)/@0x7b4fc29 - animation-leash of window_animation#0 (165)
10-28 12:55:37.343   620   620 I SurfaceFlinger: id=204834 Removed bebe673 Splash Screen com.example.lunchtray#0 (165)
10-28 12:55:37.343   620   620 I SurfaceFlinger: id=204835 Removed Splash Screen com.example.lunchtray$_1348#0 (165)
10-28 12:55:37.343   620   620 I SurfaceFlinger: id=204846 Removed Surface(name=bebe673 Splash Screen com.example.lunchtray)/@0x7b4fc29 - animation-leash of window_animation#0 (165)
10-28 12:55:37.344   620   620 I Layer   : id=204846 Destroyed Surface(name=bebe673 Splash Screen com.example.lunchtray)/@0x7b4fc29 - animation-leash of window_animation#0
10-28 12:55:37.344   620   620 I Layer   : id=204834 Destroyed bebe673 Splash Screen com.example.lunchtray#0
10-28 12:55:37.345   620   620 I Layer   : id=204835 Destroyed Splash Screen com.example.lunchtray$_1348#0
10-28 12:55:37.347   620   620 D SurfaceFlinger: Display 0 HWC layers:
10-28 12:55:37.347   620   620 D SurfaceFlinger:      DEVICE | 0x7843db74d0 | 0102 | RGBA_8888    |    0.0    0.0 1080.0 2280.0 |    0    0 1080 2280 | com.example.lunchtray/androidx.fragm[...]nario$EmptyFragmentActivity$_17800#0
10-28 12:55:37.347   620   620 D SurfaceFlinger:      DEVICE | 0x7843db3a50 | 0100 | RGBA_8888    |    0.0    0.0 1080.0  112.0 |    0    0 1080  112 | StatusBar$_1348#0
10-28 12:55:37.347   620   620 D SurfaceFlinger:      DEVICE | 0x7843dbc6f0 | 0100 | RGBA_8888    |    0.0    0.0   67.0  416.0 |    0  814   67 1230 | com.samsung.android.app.cocktailbars[...]arservice.CocktailBarService$_8198#0
10-28 12:55:37.347   620   620 D SurfaceFlinger:      DEVICE | 0x7843dafd90 | 0100 | RGBA_8888    |    0.0    0.0 1080.0  126.0 |    0 2154 1080 2280 | NavigationBar0$_1348#0
10-28 12:55:37.347   620   620 D SurfaceFlinger:
10-28 12:55:37.355 24953 24953 I ContentBlock.Receiver: onReceive is called
10-28 12:55:37.355 24953 24953 I ContentBlock.Receiver: shouldHandleAction is false
10-28 12:55:37.359 24953 24953 E SixBlocklistData: isBlockedByBlocklist: no blocklist was stored
10-28 12:55:37.369 24953 24953 I ContentBlock.Receiver: onReceive is called
10-28 12:55:37.369 16026 16077 I DeviceAppInfoWork: refreshDeviceAppInfoForAccount done.
10-28 12:55:37.369 24953 24953 I ContentBlock.Receiver: shouldHandleAction is false
10-28 12:55:37.380 24953 24953 E SixBlocklistData: isBlockedByBlocklist: no blocklist was stored
10-28 12:55:37.388 24953 24953 I ContentBlock.Receiver: onReceive is called
10-28 12:55:37.388 24953 24953 I ContentBlock.Receiver: handleAction action: android.intent.action.PACKAGE_REPLACED, packageName: com.example.lunchtray
10-28 12:55:37.388 24953 24953 I ContentBlock.Receiver: handleAction is finished
10-28 12:55:37.388 24953 24953 I ContentBlock.Receiver: onReceive is finished
10-28 12:55:37.395 16026 16075 I DeviceAppInfoWork: refreshDeviceAppInfoForAccount done.
10-28 12:55:37.395 24953 24953 E SixBlocklistData: isBlockedByBlocklist: no blocklist was stored
10-28 12:55:37.396 17800 17832 D EventInjectionStrategy: Creating injection strategy with input manager.
10-28 12:55:37.396 24953 24953 E SixPackageReceiver: isSixAppToHandle - No apps were retrieved!
10-28 12:55:37.397 17800 17832 W ample.lunchtra: Accessing hidden method Landroid/hardware/input/InputManager;->getInstance()Landroid/hardware/input/InputManager; (unsupported, reflection, allowed)
10-28 12:55:37.397 17800 17832 W ample.lunchtra: Accessing hidden method Landroid/hardware/input/InputManager;->injectInputEvent(Landroid/view/InputEvent;I)Z (unsupported, reflection, allowed)
10-28 12:55:37.397 17800 17832 W ample.lunchtra: Accessing hidden field Landroid/hardware/input/InputManager;->INJECT_INPUT_EVENT_MODE_WAIT_FOR_FINISH:I (unsupported, reflection, allowed)
10-28 12:55:37.401 16026 16073 I DeviceAppInfoWork: refreshDeviceAppInfoForAccount done.
10-28 12:55:37.403   954  1401 V WindowManager: Relayout Window{5bae096 u0 com.example.lunchtray/androidx.fragment.app.testing.FragmentScenario$EmptyFragmentActivity}: viewVisibility=0 req=1080x2280 d0
10-28 12:55:37.404   954  1401 V WindowManager: Relayout hash=5bae096, pid=17800: mAttrs={(0,0)(fillxfill) sim={adjust=resize forwardNavigation} ty=BASE_APPLICATION wanim=0x1030303
10-28 12:55:37.404   954  1401 V WindowManager:   fl=81810100
10-28 12:55:37.404   954  1401 V WindowManager:   pfl=12020040
10-28 12:55:37.404   954  1401 V WindowManager:   apr=LIGHT_NAVIGATION_BARS
10-28 12:55:37.404   954  1401 V WindowManager:   bhv=DEFAULT
10-28 12:55:37.404   954  1401 V WindowManager:   fitSides= naviIconColor=0
10-28 12:55:37.404   954  1401 V WindowManager:   sfl=100000}
10-28 12:55:37.407 17800 17800 I ViewRootImpl@645f1a1[FragmentScenario$EmptyFragmentActivity]: Relayout returned: old=(0,0,1080,2280) new=(0,0,1080,2280) req=(1080,2280)0 dur=4 res=0x1 s={true 515079896304} ch=false fn=2
10-28 12:55:37.407 16026 16075 I DeviceAppInfoWork: refreshDeviceAppInfoForAccount done.
10-28 12:55:37.408 17800 17800 D ScrollView:  onsize change changed
10-28 12:55:37.412 16026 16084 W SearchServiceCore: Abort, client detached.
10-28 12:55:37.414 17800 17800 I ViewRootImpl@645f1a1[FragmentScenario$EmptyFragmentActivity]: MSG_WINDOW_FOCUS_CHANGED 1 1
10-28 12:55:37.417 17800 17800 D InputMethodManager: startInputInner - Id : 0
10-28 12:55:37.418 17800 17800 I InputMethodManager: startInputInner - mService.startInputOrWindowGainedFocus
10-28 12:55:37.418   954  3936 D InputMethodManagerService: DESKTOP MODE! : 2
10-28 12:55:37.418   954  3936 D InputMethodManagerService: NOT IN KNOX DESKTOP MODE!
10-28 12:55:37.418   954  3936 V InputMethodManagerService: getDisplayIdOfInputMethodWindowToBeAdded : 0
10-28 12:55:37.419   954  3936 D InputTransport: Input channel constructed: 'ClientS', fd=1574
10-28 12:55:37.419   954  3936 D InputTransport: Input channel constructed: 'ClientS', fd=1630
10-28 12:55:37.419   954  3936 D InputTransport: Input channel destroyed: 'ClientS', fd=1630
10-28 12:55:37.421   954  1855 W InputMethodManagerService: onSessionCreated
10-28 12:55:37.423   954  1855 D InputMethodManagerService: checkDisplayOfStartInputAndUpdateKeyboard display Id 0last 0
10-28 12:55:37.423   954  1855 D InputTransport: Input channel constructed: 'ClientS', fd=1573
10-28 12:55:37.423 19204 19204 D InputMethodService: checkDisplayOfStartInputAndUpdateKeyboard display Id 0last 0
10-28 12:55:37.425   954  1855 D InputTransport: Input channel destroyed: 'ClientS', fd=1573
10-28 12:55:37.426   620   810 I SurfaceFlinger: id=204847 createSurf (0x0),-1 flag=24004, Surface(name=2188bee InputMethod)/@0xe151908 - animation-leash of insets_animation#1
10-28 12:55:37.428 24288 25241 I FontLog : Received query Noto Color Emoji Compat, URI content://com.google.android.gms.fonts [CONTEXT service_id=132 ]
10-28 12:55:37.428 24288 25241 I FontLog : Query [emojicompat-emoji-font] resolved to {Noto Color Emoji Compat, wdth 100.0, wght 400, ital 0.0, bestEffort false} [CONTEXT service_id=132 ]
10-28 12:55:37.432 24288 25241 I FontLog : Fetch {Noto Color Emoji Compat, wdth 100.0, wght 400, ital 0.0, bestEffort false} end status Status{statusCode=SUCCESS, resolution=null} [CONTEXT service_id=132 ]
10-28 12:55:37.441 24288 25241 I FontLog : Pulling font file for id = 19, cache size = 4 [CONTEXT service_id=132 ]
10-28 12:55:37.444   620   620 I Layer   : id=204817 removeFromCurrentState Surface(name=2188bee InputMethod)/@0xe151908 - animation-leash of insets_animation#0 (163)
10-28 12:55:37.444   620   620 I SurfaceFlinger: id=204817 Removed Surface(name=2188bee InputMethod)/@0xe151908 - animation-leash of insets_animation#0 (163)
10-28 12:55:37.444   620   620 I Layer   : id=204817 Destroyed Surface(name=2188bee InputMethod)/@0xe151908 - animation-leash of insets_animation#0
