10-28 12:55:36.743 19454 14990 I ExternalAccountType: [M] loadContactsXml : com.samsung.android.email.provider
10-28 12:55:36.751   954   978 I AppIconSolution: scale down, pkg=com.samsung.knox.securefolder, dr=216-216, bg=126-126
10-28 12:55:36.752   954   954 I DomainFilter: onReceive() - Intent { act=android.intent.action.PACKAGE_REPLACED dat=package:com.example.lunchtray flg=0x4000010 (has extras) }
10-28 12:55:36.752   954   954 I DomainFilter: packageReplaced() - packageName: com.example.lunchtray oldUid: 10998 newUid:10998
10-28 12:55:36.752   954   978 I AppIconSolution: getIconScale, pkg=com.samsung.knox.securefolder, size=216, iconScale=IconScale[alpha=4, scale=0.59999996, isCrop=false]
10-28 12:55:36.752   954   978 I AppIconSolution: fromTheme2, pkg=com.samsung.knox.securefolder, bg=126-126, dr=216-216, tarScale=0.59999996, relScale=0.36346152, mask=false, isCropInTheme = false, isNight = false
10-28 12:55:36.753   954   954 D SEP_UNION_SemDeviceInfoManagerService: onReceive : android.intent.action.PACKAGE_REPLACED, userId = 0
10-28 12:55:36.753 19454 14990 E ExternalAccountType: [M] Package was found, but that doesn't contain the CONTACTS_STRUCTURE metadata
10-28 12:55:36.754 19454 14990 I ExternalAccountType: [M] loadContactsXml : org.telegram.messenger
10-28 12:55:36.755   954  1400 I AppIconSolution: start to load, pkg=com.samsung.knox.securefolder, bg=126-126, dr=504-504, forDefault=false, density=0
10-28 12:55:36.758 19454 14990 I ExternalAccountType: [M] Metadata loaded from: org.telegram.messenger, org.telegram.messenger.ContactsSyncAdapterService, android.provider.CONTACTS_STRUCTURE
10-28 12:55:36.759 19454 14990 I ExternalAccountType: [M] loadContactsXml : com.google.android.apps.tachyon
10-28 12:55:36.759   954  3954 W system_server: Long monitor contention with owner android.bg (1021) at java.util.ArrayList com.android.server.accessibility.AccessibilityManagerService$AccessibilityDisplayListener.getValidDisplayList()(AccessibilityManagerService.java:4382) waiters=0 in java.util.List com.android.server.accessibility.AccessibilityManagerService.getEnabledAccessibilityServiceList(int, int) for 174ms
10-28 12:55:36.762 19454 14990 I ExternalAccountType: [M] Metadata loaded from: com.google.android.apps.tachyon, com.google.android.apps.tachyon.contacts.sync.SyncService, android.provider.CONTACTS_STRUCTURE
10-28 12:55:36.763 26660  4876 I TouchInteractionService: onSystemUiStateChanged, stateFlags : 131072
10-28 12:55:36.763 26660 26660 I TouchInteractionService: onSystemUiFlagsChanged, userUnlocked
10-28 12:55:36.764   954  1400 I AppIconSolution: scale down, pkg=com.samsung.knox.securefolder, dr=216-216, bg=126-126
10-28 12:55:36.764 19454 14990 I ExternalAccountType: [M] loadContactsXml : com.facebook.orca
10-28 12:55:36.764   954  1400 I AppIconSolution: getIconScale, pkg=com.samsung.knox.securefolder, size=216, iconScale=IconScale[alpha=4, scale=0.59999996, isCrop=false]
10-28 12:55:36.764   954  1400 I AppIconSolution: fromTheme2, pkg=com.samsung.knox.securefolder, bg=126-126, dr=216-216, tarScale=0.59999996, relScale=0.36346152, mask=false, isCropInTheme = false, isNight = false
10-28 12:55:36.765 24389  1455 I Icing   : Indexing done com.google.android.gms-apps
10-28 12:55:36.765 19454 14990 I ExternalAccountType: [M] Metadata loaded from: com.facebook.orca, com.facebook.messaging.phonebookintegration.account.MessengerSyncAdapterService, android.provider.CONTACTS_STRUCTURE
10-28 12:55:36.766 19454 14990 I ExternalAccountType: [M] loadContactsXml : com.skype.raider
10-28 12:55:36.770   954   954 D SEP_UNION_SemDeviceInfoManagerService: sendIntentAction() action = android.intent.action.PACKAGE_REPLACED, tag =
10-28 12:55:36.771 17800 17800 I DecorView: [INFO] isPopOver=false, config=true
10-28 12:55:36.771 17800 17800 I DecorView: updateCaptionType >> DecorView@ac9dc78[], isFloating=false, isApplication=true, hasWindowControllerCallback=true, hasWindowDecorCaption=false
10-28 12:55:36.771 17800 17800 D DecorView: setCaptionType = 0, this = DecorView@ac9dc78[]
10-28 12:55:36.771 25095 25146 I AccountTypeModel.AccountTypeLoader: [C] addKnox3AccountType
10-28 12:55:36.775   954  3912 I AppIconSolution: start to load, pkg=com.samsung.knox.securefolder, bg=126-126, dr=504-504, forDefault=false, density=0
10-28 12:55:36.777 19454 14990 I ExternalAccountType: [M] Metadata loaded from: com.skype.raider, com.skype4life.syncadapter.AccountService, android.provider.CONTACTS_STRUCTURE
10-28 12:55:36.777 19454 14990 I ExternalAccountType: [M] loadContactsXml : com.microsoft.teams
10-28 12:55:36.780 19454 14990 I ExternalAccountType: [M] Metadata loaded from: com.microsoft.teams, com.microsoft.skype.teams.calling.nativephonebookintegration.AccountService, android.provider.CONTACTS_STRUCTURE
10-28 12:55:36.780 19454 14990 I ExternalAccountType: [M] loadContactsXml : com.snapchat.android
10-28 12:55:36.783 17800 17800 I DecorView: getCurrentDensityDpi: from real metrics. densityDpi=420 msg=resources_loaded
10-28 12:55:36.784 17800 17800 D LifecycleMonitor: Lifecycle status change: androidx.test.core.app.InstrumentationActivityInvoker$BootstrapActivity@8d9138c in: CREATED
10-28 12:55:36.785 17800 17800 V ActivityScenario: Activity lifecycle changed event received but ignored because the intent does not match. startActivityIntent=Intent { act=android.intent.action.MAIN cat=[android.intent.category.LAUNCHER] cmp=com.example.lunchtray/androidx.fragment.app.testing.FragmentScenario$EmptyFragmentActivity (has extras) }, activity.getIntent()=Intent { act=android.intent.action.MAIN cat=[android.intent.category.LAUNCHER] flg=0x10008000 cmp=com.example.lunchtray/androidx.test.core.app.InstrumentationActivityInvoker$BootstrapActivity (has extras) }, activity=androidx.test.core.app.InstrumentationActivityInvoker$BootstrapActivity@8d9138c
10-28 12:55:36.788 17800 17800 D LifecycleMonitor: Lifecycle status change: androidx.test.core.app.InstrumentationActivityInvoker$BootstrapActivity@8d9138c in: STARTED
10-28 12:55:36.788 17800 17800 V ActivityScenario: Activity lifecycle changed event received but ignored because the intent does not match. startActivityIntent=Intent { act=android.intent.action.MAIN cat=[android.intent.category.LAUNCHER] cmp=com.example.lunchtray/androidx.fragment.app.testing.FragmentScenario$EmptyFragmentActivity (has extras) }, activity.getIntent()=Intent { act=android.intent.action.MAIN cat=[android.intent.category.LAUNCHER] flg=0x10008000 cmp=com.example.lunchtray/androidx.test.core.app.InstrumentationActivityInvoker$BootstrapActivity (has extras) }, activity=androidx.test.core.app.InstrumentationActivityInvoker$BootstrapActivity@8d9138c
10-28 12:55:36.790   954  3912 I AppIconSolution: scale down, pkg=com.samsung.knox.securefolder, dr=216-216, bg=126-126
10-28 12:55:36.791   954  3912 I AppIconSolution: getIconScale, pkg=com.samsung.knox.securefolder, size=216, iconScale=IconScale[alpha=4, scale=0.59999996, isCrop=false]
10-28 12:55:36.791   954  3912 I AppIconSolution: fromTheme2, pkg=com.samsung.knox.securefolder, bg=126-126, dr=216-216, tarScale=0.59999996, relScale=0.36346152, mask=false, isCropInTheme = false, isNight = false
10-28 12:55:36.795 19454 14990 I ExternalAccountType: [M] Metadata loaded from: com.snapchat.android, com.snap.identity.enhancedcontacts.core.EnhancedContactsSyncService, android.provider.CONTACTS_STRUCTURE
10-28 12:55:36.796 19454 14990 I ExternalAccountType: [M] loadContactsXml : com.whatsapp
10-28 12:55:36.796 19208 30741 I AccountTypeModel.AccountTypeLoader: [D] addSimAccountType
10-28 12:55:36.797 19208 30741 I TelephonyDataSource: [D] isMultiSimModel - getActiveModemCount() : 2
10-28 12:55:36.797 19208 30741 I TelephonyDataSource: [D] CscFeatureUtil.isSupportEsim() :false, FloatingFeatureUtil.isSupportEmbeddedSim() : false, slotSwitch :
10-28 12:55:36.797 19208 30741 I SimModel: [D] isMultiSimModel : true
10-28 12:55:36.797 19208 30741 I TelephonyDataSource: [D] isMultiSimModel - getActiveModemCount() : 2
10-28 12:55:36.797 19208 30741 I TelephonyDataSource: [D] CscFeatureUtil.isSupportEsim() :false, FloatingFeatureUtil.isSupportEmbeddedSim() : false, slotSwitch :
10-28 12:55:36.797 19208 30741 I SimDataSource: [D] getSimIconIndex() iccTypeSlot : 2,0
10-28 12:55:36.797 19208 30741 I SimDataSource: [D] getSimIconIndex() [0] nIndex : 0
10-28 12:55:36.797 19208 30741 I SimDataSource: [D] getSimIcon(0) simIcon: 2131231872, iconIdx: 0
10-28 12:55:36.800   954   978 D SecContentProvider: query(), uri = 30 selection = isLocalContactStorageAllowed
10-28 12:55:36.800   954   978 D RestrictionPolicy: isLocalContactStorageAllowed
10-28 12:55:36.800   954   978 D RestrictionPolicy: isLocalContactStorageAllowed(0) : true
10-28 12:55:36.802 19454 14990 I ExternalAccountType: [M] Metadata loaded from: com.whatsapp, com.whatsapp.contact.sync.ContactsSyncAdapterService, android.provider.CONTACTS_STRUCTURE
10-28 12:55:36.806 19454 14990 I ExternalAccountType: [M] loadContactsXml : com.google.android.apps.plus
10-28 12:55:36.807 19454 14990 E ExternalAccountType: [M] Package was found, but that doesn't contain the CONTACTS_STRUCTURE metadata
10-28 12:55:36.808 11071 17897 I GOS:GameIntentService: onHandleIntent. GameIntentService. type: 15, pkgName: com.example.lunchtray
10-28 12:55:36.813   954   954 D SEP_UNION_SemDeviceInfoManagerService: sendIntentAction() action = android.intent.action.PACKAGE_REPLACED, tag =
10-28 12:55:36.813   954  3919 D SecContentProvider2: query(), uri = 18 selection = isCopyContactToSimAllowed
10-28 12:55:36.816   954  3919 D SecContentProvider2: isCopyContactToSimAllowed = true
10-28 12:55:36.820  3892  5816 I SCS@AiSearch user 0: (AppsDataWorker) [pool-3-thread-4] entering in doWork():
10-28 12:55:36.820  3892  5816 I SCS@AiSearch user 0: (AppsDataObserver) [pool-3-thread-4] entering in execute():
10-28 12:55:36.820  3892  5816 I SCS@AiSearch user 0: (AppsDataObserver-CMD_UPDATE_LIST) changed package count: 1
10-28 12:55:36.824 25095 25146 I AccountTypeModel.AccountTypeLoader: [C] addSecureFolderAccountType
10-28 12:55:36.826   954   954 D SEP_UNION_SemDeviceInfoManagerService: sendIntentAction() action = android.intent.action.PACKAGE_REPLACED, tag =
10-28 12:55:36.827 27785 27785 I Routine@Core[3.5.02.25]: RoutineService: onCreate
10-28 12:55:36.828 27785 27785 I SEP_UNION_SemUnionManager: getUnionService() : semeventdelegator
10-28 12:55:36.833   954  3919 D SEP_UNION_SemDeviceInfoManagerService: registerPendingIntentInternal() action = android.intent.action.PACKAGE_CHANGED, android.intent.action.PACKAGE_ADDED, android.intent.action.PACKAGE_FULLY_REMOVED, android.intent.action.MY_PACKAGE_REPLACED, android.intent.action.PACKAGE_REPLACED, android.intent.action.PACKAGE_REMOVED, callingPackage = com.samsung.android.app.routines, userId = 0, flag = 0, conditions = null
10-28 12:55:36.833 27785 27785 I SEP_UNION_SemUnionManager: getUnionService() : semeventdelegator
10-28 12:55:36.833 27785 27785 I SEP_UNION_SemUnionManager: getUnionService() : semeventdelegator
10-28 12:55:36.834 27785 27785 I Routine@Core[3.5.02.25]: SettingsWrapper: ultraPowerSavingMode: 0
10-28 12:55:36.834 27785 27785 I Routine@Core[3.5.02.25]: RoutineService: onStartCommand: com.samsung.android.rotine.ACTION_PACKAGE_CHANGED
10-28 12:55:36.834 27785 27785 I Routine@Core[3.5.02.25]: MetadataLoaderImpl: collectInBackground - packageName:com.example.lunchtray
10-28 12:55:36.834   954  2451 I AppIconSolution: start to load, pkg=com.samsung.knox.securefolder, bg=126-126, dr=504-504, forDefault=false, density=0
10-28 12:55:36.834 27785 27785 I Routine@Core[3.5.02.25]: MetadataSyncBacklog: add: com.example.lunchtray + com.example.lunchtray
10-28 12:55:36.839   954  2451 I AppIconSolution: scale down, pkg=com.samsung.knox.securefolder, dr=216-216, bg=126-126
10-28 12:55:36.839  3892  5816 I SCS@AiSearch user 0: (AppsDataObserver) [pool-3-thread-4] leaving from execute():  result is true
10-28 12:55:36.839  3892  5816 I SCS@AiSearch user 0: (AppsDataWorker) [pool-3-thread-4] leaving from doWork():
10-28 12:55:36.840   954  2451 I AppIconSolution: getIconScale, pkg=com.samsung.knox.securefolder, size=216, iconScale=IconScale[alpha=4, scale=0.59999996, isCrop=false]
10-28 12:55:36.840   954  2451 I AppIconSolution: fromTheme2, pkg=com.samsung.knox.securefolder, bg=126-126, dr=216-216, tarScale=0.59999996, relScale=0.36346152, mask=false, isCropInTheme = false, isNight = false
10-28 12:55:36.840 19208 30741 I SimModel: [D] CompleteActiveSubscriptionInfoList : 1
10-28 12:55:36.840 19208 30741 I AccountTypeModel.AccountTypeLoader: [D] addSim2AccountType
10-28 12:55:36.840 19208 30741 I TelephonyDataSource: [D] isMultiSimModel - getActiveModemCount() : 2
10-28 12:55:36.840 19208 30741 I TelephonyDataSource: [D] CscFeatureUtil.isSupportEsim() :false, FloatingFeatureUtil.isSupportEmbeddedSim() : false, slotSwitch :
10-28 12:55:36.840 19208 30741 I SimDataSource: [D] getSimIconIndex() iccTypeSlot : 2,0
10-28 12:55:36.840 19208 30741 I SimDataSource: [D] getSimIconIndex() [1] nIndex : 12
10-28 12:55:36.840 19208 30741 I SimDataSource: [D] getSimIcon(1) simIcon: 2131231875, iconIdx: 12
10-28 12:55:36.842  3892  3935 I WM-WorkerWrapper: Worker result SUCCESS for Work [ id=40226b3f-85c3-457e-b6de-5b28748803e7, tags={ com.samsung.android.scs.ai.search.scheduling.workers.AppsDataWorker, CMD_UPDATE_LIST } ]
10-28 12:55:36.842 24389  1455 I Icing   : Indexing com.google.android.gms-apps from com.google.android.gms
10-28 12:55:36.843 24389  1455 I Icing   : Indexing done com.google.android.gms-apps
10-28 12:55:36.846   954  3920 D SecContentProvider: query(), uri = 30 selection = isLocalContactStorageAllowed
10-28 12:55:36.846   954  3920 D RestrictionPolicy: isLocalContactStorageAllowed
10-28 12:55:36.846   954  3920 D RestrictionPolicy: isLocalContactStorageAllowed(0) : true
10-28 12:55:36.847 25095 25146 I AccountTypeModel.AccountTypeLoader: [C] addSimAccountType
10-28 12:55:36.848 25095 25146 I TelephonyDataSource: [C] isMultiSimModel - getActiveModemCount() : 2
10-28 12:55:36.848 25095 25146 I TelephonyDataSource: [C] CscFeatureUtil.isSupportEsim() :false, FloatingFeatureUtil.isSupportEmbeddedSim() : false, slotSwitch :
10-28 12:55:36.848 25095 25146 I SimModel: [C] isMultiSimModel : true
10-28 12:55:36.848 25095 25146 I TelephonyDataSource: [C] isMultiSimModel - getActiveModemCount() : 2
10-28 12:55:36.848 25095 25146 I TelephonyDataSource: [C] CscFeatureUtil.isSupportEsim() :false, FloatingFeatureUtil.isSupportEmbeddedSim() : false, slotSwitch :
10-28 12:55:36.848 25095 25146 I SimDataSource: [C] getSimIconIndex() iccTypeSlot : 2,0
10-28 12:55:36.848   620  2717 I SurfaceFlinger: id=204840 createSurf (0x0),-1 flag=80004, ActivityRecord{e30175 u0 com.example.lunchtray/androidx.fragment.app.testing.FragmentScenario$EmptyFragmentActivity t30462}#0
10-28 12:55:36.848 25095 25146 I SimDataSource: [C] getSimIconIndex() [0] nIndex : 0
10-28 12:55:36.848 25095 25146 I SimDataSource: [C] getSimIcon(0) simIcon: 2131231890, iconIdx: 0
10-28 12:55:36.851   954  2451 D SecContentProvider: query(), uri = 30 selection = isLocalContactStorageAllowed
10-28 12:55:36.852   954  2451 D RestrictionPolicy: isLocalContactStorageAllowed
10-28 12:55:36.852   954  2451 D RestrictionPolicy: isLocalContactStorageAllowed(0) : true
10-28 12:55:36.856   954  3936 D SecContentProvider2: query(), uri = 18 selection = isCopyContactToSimAllowed
10-28 12:55:36.856   954  3912 D SecContentProvider2: query(), uri = 18 selection = isCopyContactToSimAllowed
10-28 12:55:36.861   954  3912 D SecContentProvider2: isCopyContactToSimAllowed = true
10-28 12:55:36.863   954  3936 D SecContentProvider2: isCopyContactToSimAllowed = true
10-28 12:55:36.865 19208 30741 I AccountTypeModel.AccountTypeLoader: [D] addSyncableAccountType
10-28 12:55:36.871  1348  3766 I ViewRootImpl@737783b[lunchtray]: Resizing android.view.ViewRootImpl@4a31aed: frame=[0,0][1080,2280] reportDraw=false forceLayout=false backDropFrame=Rect(0, 0 - 1080, 2280)
10-28 12:55:36.871  1348  1474 I ViewRootImpl@737783b[lunchtray]: handleResized, msg = 4 frames=ClientWindowFrames{frame=[0,0][1080,2280] display=[0,0][1080,2280] backdrop=[0,0][1080,2280]} forceNextWindowRelayout=false displayId=0 frameChanged=false backdropFrameChanged=false configChanged=false displayChanged=false mNextDrawUseBlastSync=false mergedConfiguration={mGlobalConfig={1.1 220mcc1mnc [en_US,sr_RS] ldltr sw411dp w411dp h777dp 420dpi nrml long port finger -keyb/v/h -nav/h winConfig={ mBounds=Rect(0, 0 - 1080, 2280) mAppBounds=Rect(0, 112 - 1080, 2154) mMaxBounds=Rect(0, 0 - 1080, 2280) mWindowingMode=fullscreen mDisplayWindowingMode=fullscreen mActivityType=undefined mAlwaysOnTop=undefined mRotation=ROTATION_0 mPopOver=undefined mFreeformTaskPinningState=undefined} s.12130 fontWeightAdjustment=0 ff=0 bf=0 bts=0 desktop/d dm/n ?dc ?dcui ?dcaf enb/d themeSeq=0} mOverrideConfig={1.1 220mcc1mnc [en_US,sr_RS] ldltr sw411dp w411dp h777dp 420dpi nrml long port finger -keyb/v/h -nav/h winConfig={ mBounds=Rect(0, 0 - 1080, 2280) mAppBounds=Rect(0, 112 - 1080, 2154) mMaxBounds=Rect(0, 0 - 1080, 2280) mWindowingMode=fullscreen mDisplayWindowingMode=fullscreen mActivityType=standard mAlwaysOnTop=undefined mRotation=ROTATION_0 mPopOver=off mFreeformTaskPinningState=unpinned} s.1 fontWeightAdjustment=0 ff=0 bf=0 bts=0 desktop/d dm/n dc/d ?dcui ?dcaf enb/d themeSeq=0}}
10-28 12:55:36.871 17800 17800 D LifecycleMonitor: Lifecycle status change: androidx.test.core.app.InstrumentationActivityInvoker$BootstrapActivity@8d9138c in: RESUMED
10-28 12:55:36.871 25095 25146 I SimModel: [C] CompleteActiveSubscriptionInfoList : 1
10-28 12:55:36.871 25095 25146 I AccountTypeModel.AccountTypeLoader: [C] addSim2AccountType
10-28 12:55:36.872 25095 25146 I TelephonyDataSource: [C] isMultiSimModel - getActiveModemCount() : 2
10-28 12:55:36.872 25095 25146 I TelephonyDataSource: [C] CscFeatureUtil.isSupportEsim() :false, FloatingFeatureUtil.isSupportEmbeddedSim() : false, slotSwitch :
10-28 12:55:36.872 25095 25146 I SimDataSource: [C] getSimIconIndex() iccTypeSlot : 2,0
10-28 12:55:36.872 25095 25146 I SimDataSource: [C] getSimIconIndex() [1] nIndex : 12
10-28 12:55:36.872 25095 25146 I SimDataSource: [C] getSimIcon(1) simIcon: 2131231893, iconIdx: 12
10-28 12:55:36.872 17800 17800 V ActivityScenario: Activity lifecycle changed event received but ignored because the intent does not match. startActivityIntent=Intent { act=android.intent.action.MAIN cat=[android.intent.category.LAUNCHER] cmp=com.example.lunchtray/androidx.fragment.app.testing.FragmentScenario$EmptyFragmentActivity (has extras) }, activity.getIntent()=Intent { act=android.intent.action.MAIN cat=[android.intent.category.LAUNCHER] flg=0x10008000 cmp=com.example.lunchtray/androidx.test.core.app.InstrumentationActivityInvoker$BootstrapActivity (has extras) }, activity=androidx.test.core.app.InstrumentationActivityInvoker$BootstrapActivity@8d9138c
10-28 12:55:36.875   954  1400 D SecContentProvider: query(), uri = 30 selection = isLocalContactStorageAllowed
10-28 12:55:36.875   954  1400 D RestrictionPolicy: isLocalContactStorageAllowed
10-28 12:55:36.875   954  1400 D RestrictionPolicy: isLocalContactStorageAllowed(0) : true
10-28 12:55:36.875   954  1015 D PersonaActivityHelper: Activity not in resumed state, do not run immediate lock
10-28 12:55:36.878 19208 30741 I ExternalAccountType: [D] loadContactsXml : com.viber.voip
10-28 12:55:36.879   954  2451 D SecContentProvider2: query(), uri = 18 selection = isCopyContactToSimAllowed
10-28 12:55:36.881   954  2451 D SecContentProvider2: isCopyContactToSimAllowed = true
10-28 12:55:36.883 19208 30741 I ExternalAccountType: [D] Metadata loaded from: com.viber.voip, com.viber.service.contacts.contactbook.AccountContactbookService, android.provider.CONTACTS_STRUCTURE
10-28 12:55:36.883 17800 17800 D LifecycleMonitor: Lifecycle status change: androidx.test.core.app.InstrumentationActivityInvoker$BootstrapActivity@8d9138c in: PAUSED
10-28 12:55:36.883 17800 17800 V ActivityScenario: Activity lifecycle changed event received but ignored because the intent does not match. startActivityIntent=Intent { act=android.intent.action.MAIN cat=[android.intent.category.LAUNCHER] cmp=com.example.lunchtray/androidx.fragment.app.testing.FragmentScenario$EmptyFragmentActivity (has extras) }, activity.getIntent()=Intent { act=android.intent.action.MAIN cat=[android.intent.category.LAUNCHER] flg=0x10008000 cmp=com.example.lunchtray/androidx.test.core.app.InstrumentationActivityInvoker$BootstrapActivity (has extras) }, activity=androidx.test.core.app.InstrumentationActivityInvoker$BootstrapActivity@8d9138c
10-28 12:55:36.884 25095 25146 I AccountTypeModel.AccountTypeLoader: [C] addSyncableAccountType
10-28 12:55:36.886 19208 30741 I ExternalAccountType: [D] loadContactsXml : com.samsung.android.email.provider
10-28 12:55:36.898 19208 30741 E ExternalAccountType: [D] Package was found, but that doesn't contain the CONTACTS_STRUCTURE metadata
10-28 12:55:36.899 19208 30741 I ExternalAccountType: [D] loadContactsXml : org.telegram.messenger
10-28 12:55:36.900 25095 25146 I ExternalAccountType: [C] loadContactsXml : com.viber.voip
10-28 12:55:36.902 25095 25146 I ExternalAccountType: [C] Metadata loaded from: com.viber.voip, com.viber.service.contacts.contactbook.AccountContactbookService, android.provider.CONTACTS_STRUCTURE
10-28 12:55:36.916 25095 25146 I ExternalAccountType: [C] loadContactsXml : com.samsung.android.email.provider
10-28 12:55:36.917   954  1115 I SensorService: [REARLIGHT] lux value : 84, code value : 0
10-28 12:55:36.918   954  1844 D InputDispatcher: Focused application set to (0): e30175
10-28 12:55:36.920 25095 25146 E ExternalAccountType: [C] Package was found, but that doesn't contain the CONTACTS_STRUCTURE metadata
10-28 12:55:36.920 25095 25146 I ExternalAccountType: [C] loadContactsXml : org.telegram.messenger
10-28 12:55:36.930 11071 17897 I GOS:GameIntentService: onPackageChanged(). extras: Bundle[{changeType=0, userId=0, pkgName=com.example.lunchtray, type=15, packageName=com.example.lunchtray}]
10-28 12:55:36.930 11071 17897 I GOS:GameIntentService: onPackageChanged(). changeType(INSTALLED), pkgName(com.example.lunchtray), UserHandle(0), userId(0), Installed(true)
10-28 12:55:36.933 19208 30741 I ExternalAccountType: [D] Metadata loaded from: org.telegram.messenger, org.telegram.messenger.ContactsSyncAdapterService, android.provider.CONTACTS_STRUCTURE
10-28 12:55:36.933   954  1257 W SemWifiTransportLayerUtils: getApplicationCategory - IOException com.example.lunchtray
10-28 12:55:36.933   954  1257 W System.err: java.io.FileNotFoundException: https://play.google.com/store/apps/details?id=com.example.lunchtray&hl=en
10-28 12:55:36.933 19208 30741 I ExternalAccountType: [D] loadContactsXml : com.google.android.apps.tachyon
10-28 12:55:36.940 25095 25146 I ExternalAccountType: [C] Metadata loaded from: org.telegram.messenger, org.telegram.messenger.ContactsSyncAdapterService, android.provider.CONTACTS_STRUCTURE
10-28 12:55:36.940 25095 25146 I ExternalAccountType: [C] loadContactsXml : com.google.android.apps.tachyon
10-28 12:55:36.941   954  1257 W System.err: 	at com.android.okhttp.internal.huc.HttpURLConnectionImpl.getInputStream(HttpURLConnectionImpl.java:255)
10-28 12:55:36.941   954  1257 W System.err: 	at com.android.okhttp.internal.huc.DelegatingHttpsURLConnection.getInputStream(DelegatingHttpsURLConnection.java:211)
10-28 12:55:36.941   954  1257 W System.err: 	at com.android.okhttp.internal.huc.HttpsURLConnectionImpl.getInputStream(HttpsURLConnectionImpl.java:30)
10-28 12:55:36.941   954  1257 W System.err: 	at com.samsung.android.server.wifi.tcp.SemWifiTransportLayerUtils.getApplicationCategory(SemWifiTransportLayerUtils.java:104)
10-28 12:55:36.941   954  1257 W System.err: 	at com.samsung.android.server.wifi.tcp.SemWifiTransportLayerMonitor$TcpMonitorHandler.handleMessage(SemWifiTransportLayerMonitor.java:241)
10-28 12:55:36.941   954  1257 W System.err: 	at android.os.Handler.dispatchMessage(Handler.java:106)
10-28 12:55:36.941   954  1257 W System.err: 	at android.os.Looper.loopOnce(Looper.java:226)
10-28 12:55:36.941   954  1257 W System.err: 	at android.os.Looper.loop(Looper.java:313)
10-28 12:55:36.943   954  1257 W System.err: 	at android.os.HandlerThread.run(HandlerThread.java:67)
10-28 12:55:36.947 25095 25146 I ExternalAccountType: [C] Metadata loaded from: com.google.android.apps.tachyon, com.google.android.apps.tachyon.contacts.sync.SyncService, android.provider.CONTACTS_STRUCTURE
10-28 12:55:36.947 11071 17897 I GOS:SystemEventReactor: checkReservedCategory() - reservedList is null or empty!
10-28 12:55:36.949   954   954 D SEP_UNION_SemDeviceInfoManagerService: sendIntentAction() action = android.intent.action.PACKAGE_REPLACED, tag =
10-28 12:55:36.949 26660 26660 I ViewRootImpl@623994e[LauncherActivity]: handleAppVisibility mAppVisible=true visible=false
10-28 12:55:36.949 25095 25146 I ExternalAccountType: [C] loadContactsXml : com.facebook.orca
10-28 12:55:36.950  1348  1489 D WallpaperService: dispatchAppVisibility onVisibilityChanged(): false
10-28 12:55:36.957  1348  1348 D WallpaperService: reportVisibility onVisibilityChanged visible: false
10-28 12:55:36.957 25095 25146 I ExternalAccountType: [C] Metadata loaded from: com.facebook.orca, com.facebook.messaging.phonebookintegration.account.MessengerSyncAdapterService, android.provider.CONTACTS_STRUCTURE
10-28 12:55:36.957  1348  1535 I ImageWallpaper:  onVisibilityChanged false , 0
10-28 12:55:36.958 25095 25146 I ExternalAccountType: [C] loadContactsXml : com.skype.raider
10-28 12:55:36.958   620   620 I Layer   : id=204836 removeFromCurrentState Surface(name=Task=1)/@0x4cdbfdb - animation-leash of app_transition#0 (165)
10-28 12:55:36.958   620   620 I Layer   : id=51 removeFromCurrentState Task=1#0 (165)
10-28 12:55:36.958   620   620 I Layer   : id=103 removeFromCurrentState Task=28634#0 (165)
10-28 12:55:36.958   620   620 I Layer   : id=104 removeFromCurrentState ActivityRecord{7d8cfdc u0 com.sec.android.app.launcher/.activities.LauncherActivity t28634}#0 (165)
10-28 12:55:36.958   620   620 I Layer   : id=57860 removeFromCurrentState 4ad90e6 com.sec.android.app.launcher/com.sec.android.app.launcher.activities.LauncherActivity#0 (165)
10-28 12:55:36.958   620   620 I Layer   : id=204812 removeFromCurrentState com.sec.android.app.launcher/com.sec.android.app.launcher.activities.LauncherActivity$_26660#0 (165)
10-28 12:55:36.959   620   620 I Layer   : id=204815 removeFromCurrentState OneUiHome-BlurLayer#0 (165)
10-28 12:55:36.959   620   620 I Layer   : id=21 removeFromCurrentState ImeContainer#0 (165)
10-28 12:55:36.959   620   620 I Layer   : id=149178 removeFromCurrentState WindowToken{5ce3063 android.os.Binder@ec69e92}#0 (165)
10-28 12:55:36.959   620   620 I Layer   : id=204817 removeFromCurrentState Surface(name=2188bee InputMethod)/@0xe151908 - animation-leash of insets_animation#0 (165)
10-28 12:55:36.959   620   620 I Layer   : id=149179 removeFromCurrentState 2188bee InputMethod#0 (165)
10-28 12:55:36.959   620   620 I Layer   : id=51 addToCurrentState Task=1#0 (165)
10-28 12:55:36.959   620   620 I Layer   : id=103 addToCurrentState Task=28634#0 (165)
10-28 12:55:36.959   620   620 I Layer   : id=104 addToCurrentState ActivityRecord{7d8cfdc u0 com.sec.android.app.launcher/.activities.LauncherActivity t28634}#0 (165)
10-28 12:55:36.959   620   620 I Layer   : id=57860 addToCurrentState 4ad90e6 com.sec.android.app.launcher/com.sec.android.app.launcher.activities.LauncherActivity#0 (165)
10-28 12:55:36.959   620   620 I Layer   : id=204812 addToCurrentState com.sec.android.app.launcher/com.sec.android.app.launcher.activities.LauncherActivity$_26660#0 (165)
10-28 12:55:36.959   620   620 I Layer   : id=204815 addToCurrentState OneUiHome-BlurLayer#0 (165)
10-28 12:55:36.959   620   620 I Layer   : id=21 addToCurrentState ImeContainer#0 (165)
10-28 12:55:36.959   620   620 I Layer   : id=149178 addToCurrentState WindowToken{5ce3063 android.os.Binder@ec69e92}#0 (165)
10-28 12:55:36.959   620   620 I Layer   : id=204817 addToCurrentState Surface(name=2188bee InputMethod)/@0xe151908 - animation-leash of insets_animation#0 (165)
10-28 12:55:36.959   620   620 I Layer   : id=149179 addToCurrentState 2188bee InputMethod#0 (165)
10-28 12:55:36.959   620   620 I Layer   : id=204837 removeFromCurrentState Surface(name=Task=30462)/@0xc2569a3 - animation-leash of app_transition#0 (165)
10-28 12:55:36.959   620   620 I SurfaceFlinger: id=204837 Removed Surface(name=Task=30462)/@0xc2569a3 - animation-leash of app_transition#0 (165)
10-28 12:55:36.959   620   620 I SurfaceFlinger: id=204836 Removed Surface(name=Task=1)/@0x4cdbfdb - animation-leash of app_transition#0 (165)
10-28 12:55:36.959 25095 25146 I ExternalAccountType: [C] Metadata loaded from: com.skype.raider, com.skype4life.syncadapter.AccountService, android.provider.CONTACTS_STRUCTURE
10-28 12:55:36.959   620   620 I Layer   : id=204836 Destroyed Surface(name=Task=1)/@0x4cdbfdb - animation-leash of app_transition#0
10-28 12:55:36.959   620   620 I Layer   : id=204837 Destroyed Surface(name=Task=30462)/@0xc2569a3 - animation-leash of app_transition#0
10-28 12:55:36.960 19208 30741 I ExternalAccountType: [D] Metadata loaded from: com.google.android.apps.tachyon, com.google.android.apps.tachyon.contacts.sync.SyncService, android.provider.CONTACTS_STRUCTURE
10-28 12:55:36.960 25095 25146 I ExternalAccountType: [C] loadContactsXml : com.microsoft.teams
10-28 12:55:36.961 19208 30741 I ExternalAccountType: [D] loadContactsXml : com.facebook.orca
10-28 12:55:36.962   620   620 D SurfaceFlinger: Display 0 HWC layers:
10-28 12:55:36.962   620   620 D SurfaceFlinger:      DEVICE | 0x7843dba9b0 | 0100 | RGBA_8888    |    0.0    0.0 1080.0 2280.0 |    0    0 1080 2280 | Splash Screen com.example.lunchtray$_1348#0
10-28 12:55:36.962   620   620 D SurfaceFlinger:      DEVICE | 0x7843db3a50 | 0100 | RGBA_8888    |    0.0    0.0 1080.0  112.0 |    0    0 1080  112 | StatusBar$_1348#0
10-28 12:55:36.962   620   620 D SurfaceFlinger:      DEVICE | 0x7843dbc6f0 | 0100 | RGBA_8888    |    0.0    0.0   67.0  416.0 |    0  814   67 1230 | com.samsung.android.app.cocktailbars[...]arservice.CocktailBarService$_8198#0
10-28 12:55:36.962   620   620 D SurfaceFlinger:      DEVICE | 0x7843dbe0d0 | 0100 | RGBA_8888    |    0.0    0.0 1080.0  126.0 |    0 2154 1080 2280 | NavigationBar0$_1348#0
10-28 12:55:36.962   620   620 D SurfaceFlinger:
10-28 12:55:36.967 25095 25146 I ExternalAccountType: [C] Metadata loaded from: com.microsoft.teams, com.microsoft.skype.teams.calling.nativephonebookintegration.AccountService, android.provider.CONTACTS_STRUCTURE
10-28 12:55:36.968 25095 25146 I ExternalAccountType: [C] loadContactsXml : com.snapchat.android
10-28 12:55:36.969   954  1257 D SemWifiPackageInfo: isSkipCategory - skip:NONE
10-28 12:55:36.969   954  1257 D SemWifiTransportLayerMonitor.TcpMonitorHandler: MSG_SAVE_PACKAGE_INFO
10-28 12:55:36.969   954  1257 D SemWifiTransportLayerFileManager: saveWifiPackageInfoToFile
10-28 12:55:36.969   954  1257 D SemWifiTransportLayerFileManager: writeWifiPackageInfoList
10-28 12:55:36.971   954  3956 V WindowManager: Relayout Window{4ad90e6 u0 com.sec.android.app.launcher/com.sec.android.app.launcher.activities.LauncherActivity}: viewVisibility=8 req=1080x2280 d0
10-28 12:55:36.977 19208 30741 I ExternalAccountType: [D] Metadata loaded from: com.facebook.orca, com.facebook.messaging.phonebookintegration.account.MessengerSyncAdapterService, android.provider.CONTACTS_STRUCTURE
10-28 12:55:36.977 19208 30741 I ExternalAccountType: [D] loadContactsXml : com.skype.raider
10-28 12:55:36.979 25095 25146 I ExternalAccountType: [C] Metadata loaded from: com.snapchat.android, com.snap.identity.enhancedcontacts.core.EnhancedContactsSyncService, android.provider.CONTACTS_STRUCTURE
10-28 12:55:36.979 25095 25146 I ExternalAccountType: [C] loadContactsXml : com.whatsapp
10-28 12:55:36.984 19208 30741 I ExternalAccountType: [D] Metadata loaded from: com.skype.raider, com.skype4life.syncadapter.AccountService, android.provider.CONTACTS_STRUCTURE
10-28 12:55:36.985 19208 30741 I ExternalAccountType: [D] loadContactsXml : com.microsoft.teams
10-28 12:55:36.986   954  3956 V WindowManager: Relayout hash=4ad90e6, pid=26660: mAttrs={(0,0)(fillxfill) sim={adjust=nothing} layoutInDisplayCutoutMode=shortEdges ty=BASE_APPLICATION fmt=TRANSPARENT wanim=0x10302f2
10-28 12:55:36.986   954  3956 V WindowManager:   fl=81910100
10-28 12:55:36.986   954  3956 V WindowManager:   pfl=1e020040
10-28 12:55:36.986   954  3956 V WindowManager:   vsysui=1700
10-28 12:55:36.986   954  3956 V WindowManager:   bhv=SHOW_TRANSIENT_BARS_BY_SWIPE
10-28 12:55:36.986   954  3956 V WindowManager:   fitSides= naviIconColor=0}
10-28 12:55:36.986 17800 17800 D LifecycleMonitor: Lifecycle status change: androidx.fragment.app.testing.FragmentScenario$EmptyFragmentActivity@67277af in: PRE_ON_CREATE
10-28 12:55:36.987   954  1253 D SemNscXgbMsL1: Probability - Cloud gaming: [0.0064814435]
10-28 12:55:36.987   954  1253 D SemNscXgbMsL1: Probability - Real time: [0.012373659]
10-28 12:55:36.987   954  1253 D SemNscXgbMsL1: Probability - Non real time: [0.970347]
10-28 12:55:36.987   954  1253 D SemNscXgbMsL1: 1 sample inference time: 0.479692 msecs
10-28 12:55:36.987 17800 17800 V ActivityScenario: Activity lifecycle changed event received but ignored because the reported transition was not ON_CREATE while the last known transition was PRE_ON_CREATE
10-28 12:55:36.988 25095 25146 I ExternalAccountType: [C] Metadata loaded from: com.whatsapp, com.whatsapp.contact.sync.ContactsSyncAdapterService, android.provider.CONTACTS_STRUCTURE
10-28 12:55:36.990   954  1253 D SemNscXgbL2Rt: L2 RT 1 sample inference time: 3.07227 msecs
10-28 12:55:36.991 26660 26660 I ViewRootImpl@623994e[LauncherActivity]: Relayout returned: old=(0,0,1080,2280) new=(0,0,1080,2280) req=(1080,2280)8 dur=20 res=0x5 s={false 0} ch=true fn=7
10-28 12:55:36.992   954  1253 D SemNscXgbL2Nrt: L2 NRT 1 sample inference time: 1.677462 msecs
10-28 12:55:36.999 19208 30741 I ExternalAccountType: [D] Metadata loaded from: com.microsoft.teams, com.microsoft.skype.teams.calling.nativephonebookintegration.AccountService, android.provider.CONTACTS_STRUCTURE
10-28 12:55:36.999 19208 30741 I ExternalAccountType: [D] loadContactsXml : com.snapchat.android
10-28 12:55:37.000 25095 25146 I ExternalAccountType: [C] loadContactsXml : com.google.android.apps.plus
10-28 12:55:37.000 25095 25146 E ExternalAccountType: [C] Package was found, but that doesn't contain the CONTACTS_STRUCTURE metadata
10-28 12:55:37.000   954   978 D SecContentProvider2: query(), uri = 18 selection = isCopyContactToSimAllowed
10-28 12:55:37.000 25095 25146 I AccountTypeModel.AccountTypeLoader: [C] finish add account type
10-28 12:55:37.001   954   978 D SecContentProvider2: isCopyContactToSimAllowed = true
10-28 12:55:37.005 19454 14990 I TelephonyDataSource: [M] getSimState(0) : 5
10-28 12:55:37.006 19208 30741 I ExternalAccountType: [D] Metadata loaded from: com.snapchat.android, com.snap.identity.enhancedcontacts.core.EnhancedContactsSyncService, android.provider.CONTACTS_STRUCTURE
10-28 12:55:37.006 19454 14990 I TelephonyDataSource: [M] slotId : 0CSim value : 0
10-28 12:55:37.006 19454 14990 I SimContactModel: [M] isSimActivatedEnabled(0) return true : max = 1000 EmailDbSupported :false
10-28 12:55:37.006 19208 30741 I ExternalAccountType: [D] loadContactsXml : com.whatsapp
10-28 12:55:37.007 19454 14990 I TelephonyDataSource: [M] getSimState(0) : 5
10-28 12:55:37.007 19454 14990 I TelephonyDataSource: [M] slotId : 0CSim value : 0
10-28 12:55:37.008 19454 14990 I SimContactModel: [M] isSimActivatedEnabled(0) return true : max = 1000 EmailDbSupported :false
10-28 12:55:37.017 19208 30741 I ExternalAccountType: [D] Metadata loaded from: com.whatsapp, com.whatsapp.contact.sync.ContactsSyncAdapterService, android.provider.CONTACTS_STRUCTURE
10-28 12:55:37.020 19208 30741 I ExternalAccountType: [D] loadContactsXml : com.google.android.apps.plus
10-28 12:55:37.023 17800 17800 I DecorView: [INFO] isPopOver=false, config=true
10-28 12:55:37.023 17800 17800 I DecorView: updateCaptionType >> DecorView@ce7c8f0[], isFloating=false, isApplication=true, hasWindowControllerCallback=true, hasWindowDecorCaption=false
10-28 12:55:37.024 17800 17800 D DecorView: setCaptionType = 0, this = DecorView@ce7c8f0[]
10-28 12:55:37.024 19208 30741 E ExternalAccountType: [D] Package was found, but that doesn't contain the CONTACTS_STRUCTURE metadata
10-28 12:55:37.024 19208 30741 I AccountTypeModel.AccountTypeLoader: [D] finish add account type
10-28 12:55:37.025 17800 17800 I DecorView: getCurrentDensityDpi: from real metrics. densityDpi=420 msg=resources_loaded
10-28 12:55:37.027 17800 17800 D LifecycleMonitor: Lifecycle status change: androidx.fragment.app.testing.FragmentScenario$EmptyFragmentActivity@67277af in: CREATED
10-28 12:55:37.027 17800 17800 V ActivityScenario: Update currentActivityStage to CREATED, currentActivity=androidx.fragment.app.testing.FragmentScenario$EmptyFragmentActivity@67277af
10-28 12:55:37.028   954   978 D SecContentProvider2: query(), uri = 18 selection = isCopyContactToSimAllowed
10-28 12:55:37.028   954   978 D SecContentProvider2: isCopyContactToSimAllowed = true
10-28 12:55:37.030 26660 26660 I ViewRootImpl@623994e[LauncherActivity]: stopped(true) old=false
10-28 12:55:37.031 26660 26660 I BaseActivity: removeActivityFlags, flags : 17
10-28 12:55:37.032 19454 14990 I TelephonyDataSource: [M] getSimState(1) : 1
10-28 12:55:37.032 17800 17800 D LifecycleMonitor: Lifecycle status change: androidx.fragment.app.testing.FragmentScenario$EmptyFragmentActivity@67277af in: STARTED
10-28 12:55:37.032 17800 17800 V ActivityScenario: Update currentActivityStage to STARTED, currentActivity=androidx.fragment.app.testing.FragmentScenario$EmptyFragmentActivity@67277af
10-28 12:55:37.033 26660 26792 I IMM_LC  : hsifw() - flags=0, caller=android.view.inputmethod.InputMethodManager.hideSoftInputFromWindow:1846 android.view.inputmethod.InputMethodManager.hideSoftInputFromWindow:1815 com.android.launcher3.util.UiThreadHelper$UiCallbacks.handleMessage:103 android.os.Handler.dispatchMessage:102 android.os.Looper.loopOnce:226
10-28 12:55:37.033 26660 26792 I IMM_LC  : hideSoftInputFromWindow - mService.hideSoftInput
10-28 12:55:37.033 17800 17800 D LifecycleMonitor: Lifecycle status change: androidx.fragment.app.testing.FragmentScenario$EmptyFragmentActivity@67277af in: RESUMED
10-28 12:55:37.033 17800 17800 V ActivityScenario: Update currentActivityStage to RESUMED, currentActivity=androidx.fragment.app.testing.FragmentScenario$EmptyFragmentActivity@67277af
10-28 12:55:37.033   954  1015 I SemPersonaManager: SecureFolder personaId = 150
10-28 12:55:37.034 26660 26660 W LauncherAppWidgetHost: setShouldListenFlag, mFlags:7 flag:start on:false isFront:false
10-28 12:55:37.037   954   954 D SEP_UNION_SemDeviceInfoManagerService: sendIntentAction() action = android.intent.action.PACKAGE_REPLACED, tag =
10-28 12:55:37.038   954  1401 D SecContentProvider2: query(), uri = 18 selection = isCopyContactToSimAllowed
10-28 12:55:37.038   954  1401 D SecContentProvider2: isCopyContactToSimAllowed = true
10-28 12:55:37.040   954  1272 I AppWidgetServiceImpl: stopListening callbacks : null
10-28 12:55:37.041 26660 26660 W LauncherAppWidgetHost: stopListening, mFlags:2 isFront:false
10-28 12:55:37.041   954  1021 D EnterpriseDeviceManagerService: onPackageUpdateFinished - packageName: com.example.lunchtray, uid: 10998
10-28 12:55:37.041 26660 26660 W Launcher.NotificationListener: removeNotificationsChangedListener
10-28 12:55:37.041 26660 26660 I BadgeCountUpdaterImpl: onNotificationsChangedDisConnected
10-28 12:55:37.041 26660 26660 I Launcher.NotificationListener: unregisterObserver, this is not notificationService!!
10-28 12:55:37.041   954  1021 D EnterpriseDeviceManagerService: Package has changed for user 0
10-28 12:55:37.041   954  1021 D EnterpriseDeviceManagerService: Admin package name: com.samsung.android.kgclient
10-28 12:55:37.042   620   620 D Layer   : setBackgroundBlurRadius ## OneUiHome-BlurLayer#0, backgroundBlurRadius=0
10-28 12:55:37.042   620  2722 D NativeSemDvfsManager: acquire:: timeout = 2000 mIsAcquired = 1  mTagName : SurfaceFlinger
10-28 12:55:37.042   620   620 I SurfaceFlinger: id=204815 Removed OneUiHome-BlurLayer#0 (163)
10-28 12:55:37.043  8198  8198 I AppsEdge.PanelContainer: onPackageChanged
10-28 12:55:37.043   954   954 D SEP_UNION_SemDeviceInfoManagerService: sendIntentAction() action = android.intent.action.PACKAGE_REPLACED, tag =
10-28 12:55:37.044 26660 26660 I Launcher.Model: isValidStateInKnoxMode:false user:UserHandle{0}
10-28 12:55:37.044 26660 26793 I PackageUpdatedTask: mAllAppsList.updatePackage com.example.lunchtray
10-28 12:55:37.045   620  2722 E NativeCustomFrequencyManager: [NativeCFMS] BpCustomFrequencyManager::acquire()
10-28 12:55:37.046   954   977 W system_server: Long monitor contention with owner android.sm (1216) at void com.android.server.search.SearchManagerService$MyPackageMonitor._updateSearchables(int)(SearchManagerService.java:251) waiters=0 in com.android.server.search.Searchables com.android.server.search.SearchManagerService.getSearchables(int, boolean) for 418ms
10-28 12:55:37.048   566   611 I HYPER-HAL: [RequestManager.cpp]acquire(): Acquired ID : 1314010  [620 / 1000]    HINT : SF_GPU_MINLOCK    list : [TIMEOUT / 2000]
10-28 12:55:37.053 26660 26792 I LiveIconUpdateEventHandler: LiveIcon onStop
10-28 12:55:37.054 26660 26792 I LiveIconUpdateEventHandler: cancelMinuteChangeAlarm
10-28 12:55:37.056 26660 26792 I LiveIconUpdateEventHandler: cancelDateChangeAlarm
10-28 12:55:37.057 19454 14990 I TelephonyDataSource: [M] getSimState(0) : 5
10-28 12:55:37.058 19454 14990 I TelephonyDataSource: [M] slotId : 0CSim value : 0
10-28 12:55:37.058 19454 14990 I SimContactModel: [M] isSimActivatedEnabled(0) return true : max = 1000 EmailDbSupported :false
10-28 12:55:37.059 19454 14990 I TelephonyDataSource: [M] getSimState(0) : 5
10-28 12:55:37.059 19454 14990 I TelephonyDataSource: [M] slotId : 0CSim value : 0
10-28 12:55:37.059 19454 14990 I SimContactModel: [M] isSimActivatedEnabled(0) return true : max = 1000 EmailDbSupported :false
10-28 12:55:37.064   954   977 D InputTransport: Input channel constructed: '5bae096', fd=1712
10-28 12:55:37.064   954   977 D InputTransport: Input channel constructed: '5bae096', fd=1713
10-28 12:55:37.064   954   977 D InputTransport: Input channel constructed: '5bae096', fd=1714
10-28 12:55:37.064   954  3923 D SecContentProvider2: query(), uri = 18 selection = isCopyContactToSimAllowed
10-28 12:55:37.065   529  1586 W statsd  : StatsPullerManager: Unknown tagId 150001
10-28 12:55:37.065   529  1586 E statsd  : Gauge Stats puller failed for tag: 150001 at 2957186274930005
10-28 12:55:37.065   529  1586 W statsd  : StatsPullerManager: Unknown tagId 150002
10-28 12:55:37.065   529  1586 E statsd  : Gauge Stats puller failed for tag: 150002 at 2957186274930005
10-28 12:55:37.065   529  1586 W statsd  : StatsPullerManager: Unknown tagId 150003
10-28 12:55:37.065   529  1586 E statsd  : Gauge Stats puller failed for tag: 150003 at 2957186274930005
10-28 12:55:37.065   529  1586 W statsd  : StatsPullerManager: Unknown tagId 150004
10-28 12:55:37.065   529  1586 E statsd  : Gauge Stats puller failed for tag: 150004 at 2957186274930005
10-28 12:55:37.065   529  1586 W statsd  : StatsPullerManager: Unknown tagId 150005
10-28 12:55:37.065   529  1586 E statsd  : Gauge Stats puller failed for tag: 150005 at 2957186274930005
10-28 12:55:37.065   529  1586 W statsd  : StatsPullerManager: Unknown tagId 150006
10-28 12:55:37.065   529  1586 E statsd  : Gauge Stats puller failed for tag: 150006 at 2957186274930005
10-28 12:55:37.065   954  3923 D SecContentProvider2: isCopyContactToSimAllowed = true
10-28 12:55:37.067   620   643 D TimeStats: Cleared global stats
10-28 12:55:37.067   620  2717 I SurfaceFlinger: id=204841 createSurf (0x0),-1 flag=80004, 5bae096 com.example.lunchtray/androidx.fragment.app.testing.FragmentScenario$EmptyFragmentActivity#0
10-28 12:55:37.069   954   977 D InputTransport: Input channel destroyed: '5bae096', fd=1714
10-28 12:55:37.070 19454 14990 I TelephonyDataSource: [M] getSimState(1) : 1
10-28 12:55:37.071   954  3923 D SecContentProvider: query(), uri = 17 selection = isSettingsChangesAllowed
10-28 12:55:37.071 25095 25146 I AccountTypeModel.AccountTypeLoader: [C] finish accountsInBackground
10-28 12:55:37.072 19208 30741 I AccountTypeModel.AccountTypeLoader: [D] finish accountsInBackground
10-28 12:55:37.072 17800 17800 I ViewRootImpl@645f1a1[FragmentScenario$EmptyFragmentActivity]: setView = com.android.internal.policy.DecorView@ce7c8f0 TM=true
10-28 12:55:37.075   954  1015 D EnterpriseDeviceManagerService: isMdmAdminPresentInternal() : MDM Admin Found - com.samsung.knox.securefolder
10-28 12:55:37.076   620   620 I Layer   : id=204812 removeFromCurrentState com.sec.android.app.launcher/com.sec.android.app.launcher.activities.LauncherActivity$_26660#0 (164)
10-28 12:55:37.076   620   620 I Layer   : id=204815 removeFromCurrentState OneUiHome-BlurLayer#0 (164)
10-28 12:55:37.077 17800 17800 D LifecycleMonitor: Lifecycle status change: androidx.test.core.app.InstrumentationActivityInvoker$BootstrapActivity@8d9138c in: STOPPED
10-28 12:55:37.077 17800 17800 V ActivityScenario: Activity lifecycle changed event received but ignored because the intent does not match. startActivityIntent=Intent { act=android.intent.action.MAIN cat=[android.intent.category.LAUNCHER] cmp=com.example.lunchtray/androidx.fragment.app.testing.FragmentScenario$EmptyFragmentActivity (has extras) }, activity.getIntent()=Intent { act=android.intent.action.MAIN cat=[android.intent.category.LAUNCHER] flg=0x10008000 cmp=com.example.lunchtray/androidx.test.core.app.InstrumentationActivityInvoker$BootstrapActivity (has extras) }, activity=androidx.test.core.app.InstrumentationActivityInvoker$BootstrapActivity@8d9138c
10-28 12:55:37.080   954  3923 D SecContentProvider2: query(), uri = 18 selection = isCopyContactToSimAllowed
10-28 12:55:37.081   954  3923 D SecContentProvider2: isCopyContactToSimAllowed = true
10-28 12:55:37.086   954   977 W Settings: Setting notification_bubbles has moved from android.provider.Settings.Global to android.provider.Settings.Secure, returning read-only value.
10-28 12:55:37.087 26660 26793 I AppIconSolution: start to load, pkg=com.example.lunchtray, bg=126-126, dr=189-189, forDefault=false, density=0
10-28 12:55:37.089 19454 14990 I TelephonyDataSource: [M] getSimState(0) : 5
10-28 12:55:37.089 19454 14990 I TelephonyDataSource: [M] slotId : 0CSim value : 0
10-28 12:55:37.090 19454 14990 I SimContactModel: [M] isSimActivatedEnabled(0) return true : max = 1000 EmailDbSupported :false
10-28 12:55:37.090 26660 26793 I AppIconSolution: getIconScale, pkg=com.example.lunchtray, size=189, iconScale=IconScale[alpha=1, scale=0.59999996, isCrop=false]
10-28 12:55:37.090 26660 26793 I AppIconSolution: fromTheme2, pkg=com.example.lunchtray, bg=126-126, dr=189-189, tarScale=0.59999996, relScale=0.40427807, mask=false, isCropInTheme = false, isNight = false
10-28 12:55:37.091 26660 26793 I LauncherActivityInfo: packageName: com.example.lunchtray, useThemeIcon: true, height: 126, width: 126, density: 640
10-28 12:55:37.093 19454 14990 I TelephonyDataSource: [M] getSimState(0) : 5
10-28 12:55:37.093 19454 14990 I TelephonyDataSource: [M] slotId : 0CSim value : 0
10-28 12:55:37.093 19454 14990 I SimContactModel: [M] isSimActivatedEnabled(0) return true : max = 1000 EmailDbSupported :false
10-28 12:55:37.094   954   954 D SEP_UNION_SemDeviceInfoManagerService: sendIntentAction() action = android.intent.action.PACKAGE_REPLACED, tag =
10-28 12:55:37.097   954  3923 V WindowManager: Relayout Window{5bae096 u0 com.example.lunchtray/androidx.fragment.app.testing.FragmentScenario$EmptyFragmentActivity}: viewVisibility=0 req=1080x2280 d0
10-28 12:55:37.098   620  2717 I SurfaceFlinger: id=204842 createSurf (1x1),-3 flag=40004, com.example.lunchtray/androidx.fragment.app.testing.FragmentScenario$EmptyFragmentActivity$_17800#0
10-28 12:55:37.100 26660 26792 I LiveIconUpdateEventHandler: unregisterReceiver
10-28 12:55:37.103   620  2717 I SurfaceFlinger: id=204843 createSurf (0x0),-1 flag=24000, Surface(name=2fa8401 StatusBar)/@0xf000e26 - animation-leash of insets_animation#0
10-28 12:55:37.103 11071 17903 I GOS:GameIntentService: onHandleIntent. GameIntentService. type: 15, pkgName: com.example.lunchtray
10-28 12:55:37.104 26660  4876 I ExternalMethodFactory: get_home_mode
10-28 12:55:37.105   620  2717 I SurfaceFlinger: id=204844 createSurf (0x0),-1 flag=24000, Surface(name=be23078 NavigationBar0)/@0x50010bd - animation-leash of insets_animation#0
10-28 12:55:37.107 32621 17904 I AppsEdge.Service: changeItem() removed=false
10-28 12:55:37.107 32621 17904 I AppsEdge.DBHelper: getFavoriteItems : true
10-28 12:55:37.107   954  3923 V WindowManager: Relayout hash=5bae096, pid=17800: mAttrs={(0,0)(fillxfill) sim={adjust=pan forwardNavigation} ty=BASE_APPLICATION wanim=0x1030303
10-28 12:55:37.107   954  3923 V WindowManager:   fl=81810100
10-28 12:55:37.107   954  3923 V WindowManager:   pfl=12020040
10-28 12:55:37.107   954  3923 V WindowManager:   apr=LIGHT_NAVIGATION_BARS
10-28 12:55:37.107   954  3923 V WindowManager:   bhv=DEFAULT
10-28 12:55:37.107   954  3923 V WindowManager:   fitSides= naviIconColor=0
10-28 12:55:37.107   954  3923 V WindowManager:   sfl=100000}
10-28 12:55:37.112   954  3936 D SecContentProvider2: query(), uri = 18 selection = isCopyContactToSimAllowed
10-28 12:55:37.113   954  3936 D SecContentProvider2: isCopyContactToSimAllowed = true
