10-28 12:55:40.566 18128 18159 D _FB_    : Succeeded registering method com/facebook/errorreporting/nightwatch/NightwatchOreo.nSaveResourceData (II)Z with native method: saveResourceData_64_type_adaptor__ ::adaptor_func (0x76441c4f20)
10-28 12:55:40.568 18128 18159 I nightwatch-lib: watcher succeeded mmap /data/data/com.facebook.orca/app_errorreporting/sess__000001203-1666954540345-805fd67f-195b-c99a-2241-3995ab43b62d/nightwatch.txt.subsecond
10-28 12:55:40.569 18128 18159 I nightwatch-lib: watcher succeeded mmap /data/data/com.facebook.orca/app_errorreporting/sess__000001203-1666954540345-805fd67f-195b-c99a-2241-3995ab43b62d/nightwatch.txt.second
10-28 12:55:40.569 18128 18159 I nightwatch-lib: watcher succeeded mmap /data/data/com.facebook.orca/app_errorreporting/sess__000001203-1666954540345-805fd67f-195b-c99a-2241-3995ab43b62d/nightwatch.txt
10-28 12:55:40.569 18128 18159 D nightwatch-fd: Attempting to open file /proc/self/oom_adj
10-28 12:55:40.570 18128 18159 D nightwatch-fd: Opened file /proc/self/oom_adj (91)
10-28 12:55:40.570 18128 18159 D nightwatch-fd: Attempting to open file /proc/self/oom_score_adj
10-28 12:55:40.570 18128 18159 D nightwatch-fd: Opened file /proc/self/oom_score_adj (92)
10-28 12:55:40.570 18128 18159 I nightwatch-target: created thread to monitor process resources
10-28 12:55:40.570 18128 18175 D nightwatch-fd: Attempting to open file /proc/self/oom_score
10-28 12:55:40.570 18128 18175 D nightwatch-fd: Opened file /proc/self/oom_score (93)
10-28 12:55:40.570 18128 18175 I nightwatch-target: monitor resources interval 20 ms
10-28 12:55:40.571 18128 18175 E nightwatch-target: /proc/zoneinfo open: errno=13
10-28 12:55:40.571 18128 18175 E nightwatch-target: sysmeminfo parse failed
10-28 12:55:40.587 18128 18176 I nightwatch-target: waiting on child pid 18178
10-28 12:55:40.598 18128 18175 E nightwatch-target: /proc/zoneinfo open: errno=13
10-28 12:55:40.598 18128 18175 E nightwatch-target: sysmeminfo parse failed
10-28 12:55:40.617 18178 18178 I nightwatch-watcher: I have arisen! pid: 18178
10-28 12:55:40.618 18178 18178 I nightwatch-lib: watcher succeeded mmap /data/data/com.facebook.orca/app_errorreporting/sess__000001203-1666954540345-805fd67f-195b-c99a-2241-3995ab43b62d/nightwatch.txt
10-28 12:55:40.618 18178 18178 I nightwatch-watcher: attached to tid 18176 in pid 18128, ptrace_ret: 0
10-28 12:55:40.618 18178 18178 D nightwatch-fd: Attempting to open file /proc/18128/oom_adj
10-28 12:55:40.618 18178 18178 D nightwatch-fd: Opened file /proc/18128/oom_adj (5)
10-28 12:55:40.618 18178 18178 D nightwatch-fd: Attempting to open file /proc/18128/oom_score_adj
10-28 12:55:40.619 18178 18178 D nightwatch-fd: Opened file /proc/18128/oom_score_adj (6)
10-28 12:55:40.619 18178 18178 I nightwatch-watcher: target tid 18176 stopped with signal 19. continuing and delivering signal 0
10-28 12:55:40.622 18128 18128 W msgr.OnApplicationInitInvoker: Ignored missing AppInit dependency: 38:Fb4aUIQREnvironment
10-28 12:55:40.622 18128 18128 W msgr.OnApplicationInitInvoker: Ignored missing AppInit dependency: 131:NetworkEagerInit
10-28 12:55:40.622 18128 18128 W msgr.OnApplicationInitInvoker: Ignored missing AppInit dependency: 139:PreloadWordmark
10-28 12:55:40.640 18128 18182 W Profilo/TraceControl: START PROFILO_TRACEID: C2ZnlTeRMr4
10-28 12:55:40.716 18128 18128 W msgr.QuickPerformanceLoggerModule: Providing QPL...
10-28 12:55:40.733 18128 18128 W msgr.SadDataOverlayUtils: No data to parse in MC.android_internal_sad_data_overlay.thresholds
10-28 12:55:40.766 18128 18181 W msgr.EndToEndAnalyticsEventListener: WRITE_ANALYTICS_TO_LOGCAT = null, EndToEnd.isRunningEndToEndTest() = false
10-28 12:55:40.788 18128 18180 W msgr.FrscLanguagePackLoader: Loading FRSC strings for locale (en)
10-28 12:55:40.789   566 17927 I HYPER-HAL: [RequestManager.cpp]releaseLocked(): Released ID : 472896
10-28 12:55:40.792 17800 17800 I ViewInteraction: Performing 'single click' action on view view.getId() is <2131231080/com.example.lunchtray:id/next_button>
10-28 12:55:40.795   954  3936 D InputDispatcher: Inject motion (17800): action=0x0, time=851589588000000, f=0x0, d=0
10-28 12:55:40.795   954  1162 I InputDispatcher: Delivering touch to (1348): action: 0x4, f=0x0, d=0, 'be23078', t=0
10-28 12:55:40.795   954  1162 I InputDispatcher: Delivering touch to (17800): action: 0x0, f=0x0, d=0, 'ff4e455', t=0
10-28 12:55:40.796 17800 17800 I ViewRootImpl@3294ebb[MainActivity]: ViewPostIme pointer 0
10-28 12:55:40.797  3825  3825 I SemDvfsHyPerManager: acquire hyper - BaseTABoost/3825@21, type = 1090523139
10-28 12:55:40.798  3825  3825 I SemDvfsHyPerManager: acquire hyper - BaseTAToouchBoost/3825@23, type = 1090523139
10-28 12:55:40.798   566   611 I HYPER-HAL: [RequestManager.cpp]acquire(): Acquired ID : 7397802  [3825 / 21]    HINT :      list : [TABoost / 5]
10-28 12:55:40.798   566   611 I HYPER-HAL: [RequestManager.cpp]acquire(): Acquired ID : 7405499  [3825 / 23]    HINT :      list : [TABoost / 20] [TIMEOUT / 1500]
10-28 12:55:40.812 18128 18181 W msgr.AppStateLoggerCore: Application needs to be registered before setting app state manager bridge
10-28 12:55:40.820 18128 18211 W msgr.FrscLanguagePackLoader: FRSC English strings buffer size - (limit : 395272, capacity : 395272)
10-28 12:55:40.832 18128 18128 W msgr.QuickPerformanceLoggerModule: Provided QPL: 120920198
10-28 12:55:40.834   954  3936 D InputDispatcher: Inject motion (17800): action=0x1, time=851589628000000, f=0x0, d=0
10-28 12:55:40.835   954  1162 I InputDispatcher: Delivering touch to (17800): action: 0x1, f=0x0, d=0, 'ff4e455', t=1
10-28 12:55:40.835 17800 17800 I ViewRootImpl@3294ebb[MainActivity]: ViewPostIme pointer 1
10-28 12:55:40.854 18128 18206 W m.facebook.orc: Accessing hidden method Lcom/samsung/android/os/SemPerfManager;->onScrollEvent(Z)V (blocked, reflection, denied)
10-28 12:55:40.856 18128 18190 E FeatureUtil: filePath /product/omc/SEE/system/customer_carrier_feature.json carrierGroup SEE canonicalId -1
10-28 12:55:40.857 18128 18190 D SemCarrierFeature: update carrier default features : 0
10-28 12:55:40.857 18128 18190 D SemCarrierFeature: update carrier features : 0:30581
10-28 12:55:40.857 18128 18190 E FeatureUtil: filePath /product/omc/SEE/system/customer_carrier_feature.json carrierGroup SEE canonicalId 30581
10-28 12:55:40.858 18128 18190 E FeatureUtil: filePath /product/omc/SEE/system/customer_carrier_feature.json carrierGroup SEE canonicalId -1
10-28 12:55:40.860 17800 17800 D ScrollView: initGoToTop
10-28 12:55:40.862 18128 18190 D SemCarrierFeature: update carrier default features : 1
10-28 12:55:40.862 18128 18190 D SemCarrierFeature: update carrier features : 1:-1
10-28 12:55:40.862 18128 18190 E FeatureUtil: filePath /product/omc/SEE/system/customer_carrier_feature.json carrierGroup SEE canonicalId -1
10-28 12:55:40.888 18128 18159 W msgr.crashloop: CrashLoopDetector... start
10-28 12:55:40.919 17800 17800 D ScrollView:  onsize change changed
10-28 12:55:40.991 18128 18165 D fb-distract: Distracting /apex/com.android.art/lib64/libart.so!_ZN3art13SignalCatcher6OutputERKNSt3__112basic_stringIcNS1_11char_traitsIcEENS1_9allocatorIcEEEE (0x0x766c056590) with /data/data/com.facebook.orca/lib-compressed/libsigquit.so!<unknown> (0x0x764fd63f24)
10-28 12:55:41.010   954  1253 D SemNscXgbMsL1: Probability - Cloud gaming: [0.0014103303]
10-28 12:55:41.010   954  1253 D SemNscXgbMsL1: Probability - Real time: [0.020773306]
10-28 12:55:41.011   954  1253 D SemNscXgbMsL1: Probability - Non real time: [0.9949463]
10-28 12:55:41.011   954  1253 D SemNscXgbMsL1: 1 sample inference time: 1.128846 msecs
10-28 12:55:41.012   954  1253 D SemNscXgbL2Rt: L2 RT 1 sample inference time: 1.169692 msecs
10-28 12:55:41.013   954  1253 D SemNscXgbL2Nrt: L2 NRT 1 sample inference time: 1.053654 msecs
10-28 12:55:41.036 18128 18180 W m.facebook.orc: JNI RegisterNativeMethods: attempt to register 0 native methods for com.facebook.msys.mci.EventLoggingData
10-28 12:55:41.038 18128 18180 W msgr.ZoneModule: Policy Zone is disabled. No-op Zone is returned
10-28 12:55:41.038 18128 18180 E libprocessgroup: set_timerslack_ns write failed: Operation not permitted
10-28 12:55:41.151 17800 17800 I ViewInteraction: Performing 'single click' action on view view.getId() is <2131231186/com.example.lunchtray:id/soup>
10-28 12:55:41.154   954  1272 D InputDispatcher: Inject motion (17800): action=0x0, time=851589947000000, f=0x0, d=0
10-28 12:55:41.155   954  1162 I InputDispatcher: Delivering touch to (1348): action: 0x4, f=0x0, d=0, 'be23078', t=0
10-28 12:55:41.155   954  1162 I InputDispatcher: Delivering touch to (17800): action: 0x0, f=0x0, d=0, 'ff4e455', t=0
10-28 12:55:41.156 17800 17800 I ViewRootImpl@3294ebb[MainActivity]: ViewPostIme pointer 0
10-28 12:55:41.157  3825  3825 I SemDvfsHyPerManager: acquire hyper - BaseTABoost/3825@21, type = 1090523139
10-28 12:55:41.158  3825  3825 I SemDvfsHyPerManager: acquire hyper - BaseTAToouchBoost/3825@23, type = 1090523139
10-28 12:55:41.158   566   611 I HYPER-HAL: [RequestManager.cpp]acquire(): Acquired ID : 7397802  [3825 / 21]    HINT :      list : [TABoost / 5]
10-28 12:55:41.158   566   611 I HYPER-HAL: [RequestManager.cpp]acquire(): Acquired ID : 7405499  [3825 / 23]    HINT :      list : [TABoost / 20] [TIMEOUT / 1500]
10-28 12:55:41.195   954  1272 D InputDispatcher: Inject motion (17800): action=0x1, time=851589988000000, f=0x0, d=0
10-28 12:55:41.195   954  1162 I InputDispatcher: Delivering touch to (17800): action: 0x1, f=0x0, d=0, 'ff4e455', t=1
10-28 12:55:41.195 17800 17800 I ViewRootImpl@3294ebb[MainActivity]: ViewPostIme pointer 1
10-28 12:55:41.279   566 17883 I HYPER-HAL: [RequestManager.cpp]releaseLocked(): Released ID : 7370894
10-28 12:55:41.366 26660 26792 I QuickstepModelDelegate: Widget predictions updated
10-28 12:55:41.380 26660 26793 I WidgetsPredictionUpdateTask: execute(), info: PendingAddWidgetInfo(id=-1 type=WIDGET container=# com.android.launcher3.logger.LauncherAtom$ContainerInfo@7ba6f targetComponent=ComponentInfo{com.sec.android.app.clockpackage/com.sec.android.widgetapp.digitalclock.DigitalClockWidgetProvider} screen=-1 cell(-1,-1) span(2,1) minSpan(2,1) rank=0 rankOfList=-1 user=UserHandle{0} title=null hidden=0 screenType=0 componentName=ComponentInfo{com.sec.android.app.clockpackage/com.sec.android.widgetapp.digitalclock.DigitalClockWidgetProvider}), info: PendingAddWidgetInfo(id=-1 type=WIDGET container=# com.android.launcher3.logger.LauncherAtom$ContainerInfo@7ba6f targetComponent=ComponentInfo{com.google.android.gm/com.google.android.gm.widget.GmailWidgetProvider} screen=-1 cell(-1,-1) span(3,2) minSpan(2,2) rank=0 rankOfList=-1 user=UserHandle{0} title=null hidden=0 screenType=0 componentName=ComponentInfo{com.google.android.gm/com.google.android.gm.widget.GmailWidgetProvider}), info: PendingAddWidgetInfo(id=-1 type=WIDGET container=# com.android.launcher3.logger.LauncherAtom$ContainerInfo@7ba6f targetComponent=ComponentInfo{org.telegram.messenger/org.telegram.messenger.ContactsWidgetProvider} screen=-1 cell(-1,-1) span(2,2) minSpan(2,1) rank=0 rankOfList=-1 user=UserHandle{0} title=null hidden=0 screenType=0 componentName=ComponentInfo{org.telegram.messenger/org.telegram.messenger.ContactsWidgetProvider}), info: PendingAddWidgetInfo(id=-1 type=WIDGET container=# com.android.launcher3.logger.LauncherAtom$ContainerInfo@7ba6f targetComponent=ComponentInfo{deezer.android.app/com.deezer.android.appwidget.ShortcutFlowAppWidgetProvider} screen=-1 cell(-1,-1) span(1,1) minSpan(1,1) rank=0 rankOfList=-1 user=UserHandle{0} title=null hidden=0 screenType=0 componentName=ComponentInfo{deezer.android.app/com.deezer.android.appwidget.ShortcutFlowAppWidgetProvider}), info: PendingAddWidgetInfo(id=-1 type=WIDGET container=# com.android.launcher3.logger.LauncherAtom$ContainerInfo@7ba6f targetComponent=ComponentInfo{com.android.chrome/org.chromium.chrome.browser.searchwidget.SearchWidgetProvider} screen=-1 cell(-1,-1) span(3,1) minSpan(3,1) rank=0 rankOfList=-1 user=UserHandle{0} title=null hidden=0 screenType=0 componentName=ComponentInfo{com.android.chrome/org.chromium.chrome.browser.searchwidget.SearchWidgetProvider}), info: PendingAddWidgetInfo(id=-1 type=WIDGET container=# com.android.launcher3.logger.LauncherAtom$ContainerInfo@7ba6f targetComponent=ComponentInfo{com.google.android.apps.maps/com.google.android.apps.gmm.widget.traffic.TrafficWidgetProvider} screen=-1 cell(-1,-1) span(3,2) minSpan(2,2) rank=0 rankOfList=-1 user=UserHandle{0} title=null hidden=0 screenType=0 componentName=ComponentInfo{com.google.android.apps.maps/com.google.android.apps.gmm.widget.traffic.TrafficWidgetProvider}), info: PendingAddWidgetInfo(id=-1 type=WIDGET container=# com.android.launcher3.logger.LauncherAtom$ContainerInfo@7ba6f targetComponent=ComponentInfo{com.trello/com.trello.widget.MyCardsWidgetProvider} screen=-1 cell(-1,-1) span(3,3) minSpan(3,2) rank=0 rankOfList=-1 user=UserHandle{0} title=null hidden=0 screenType=0 componentName=ComponentInfo{com.trello/com.trello.widget.MyCardsWidgetProvider}), info: PendingAddWidgetInfo(id=-1 type=WIDGET container=# com.android.launcher3.logger.LauncherAtom$ContainerInfo@7ba6f targetComponent=ComponentInfo{hr.asseco.android.jimba.mUCI.rs/hr.asseco.android.muci.ui.appwidget.FastCheckWidget} screen=-1 cell(-1,-1) span(4,2) minSpan(4,2) rank=0 rankOfList=-1 user=UserHandle{0} title=null hidden=0 screenType=0 componentName=ComponentInfo{hr.asseco.android.jimba.mUCI.rs/hr.asseco.android.muci.ui.appwidget.FastCheckWidget}), info: PendingAddWidgetInfo(id=-1 type=WIDGET container=# com.android.launcher3.logger.LauncherAtom$ContainerInfo@7ba6f targetComponent=ComponentInfo{com.whatsapp/com.whatsapp.appwidget.WidgetProvider} screen=-1 cell(-1,-1) span(4,2) minSpan(1,1) rank=0 rankOfList=-1 user=UserHandle{0} title=null hidden=0 screenType=0 componentName=ComponentInfo{com.whatsapp/com.whatsapp.appwidge
10-28 12:55:41.414   954  1115 I SensorService: [REARLIGHT] lux value : 83, code value : 0
10-28 12:55:41.432 18128 18227 W msgr.msys: W[D setup]_MCIDatabaseConnectionExecute(498)=>Ignoring invocation of 'MCIDatabaseConnectionExecute()' connection is NULL
10-28 12:55:41.449 18128 18227 E msgr.msys: E[D SqliteError]sqliteErrorLogCallback(363)=>(283) recovered 219 frames from WAL file /data/data/com.facebook.orca/databases/msys_database_100000537475601-wal
10-28 12:55:41.450 18128 18227 E msgr.msys: E[D SqliteError]sqliteErrorLogCallback(363)=>(28) double-quoted string literal: "sqlite_%"
10-28 12:55:41.450 18128 18227 E msgr.msys: E[D SqliteError]sqliteErrorLogCallback(363)=>(28) double-quoted string literal: "table"
10-28 12:55:41.460   511   511 E audit   : type=1400 audit(1666954541.453:342399): avc:  granted  { execute } for  pid=18128 comm="DiskIOContext" path="/data/data/com.facebook.orca/lib-compressed/libmsys_mailbox_messenger_config.so" dev="sda31" ino=3284728 scontext=u:r:untrusted_app:s0:c24,c259,c512,c768 tcontext=u:object_r:app_data_file:s0:c24,c259,c512,c768 tclass=file SEPF_SM-G973F_12_0001 audit_filtered
10-28 12:55:41.461   511   511 E audit   : type=1300 audit(1666954541.453:342399): arch=c00000b7 syscall=222 success=yes exit=506095570944 a0=75d5a59000 a1=9b0 a2=5 a3=12 items=0 ppid=531 pid=18128 auid=4294967295 uid=10792 gid=10792 euid=10792 suid=10792 fsuid=10792 egid=10792 sgid=10792 fsgid=10792 tty=(none) ses=4294967295 comm="DiskIOContext" exe="/system/bin/app_process64" subj=u:r:untrusted_app:s0:c24,c259,c512,c768 key=(null)
10-28 12:55:41.461   511   511 E audit   : type=1327 audit(1666954541.453:342399): proctitle="com.facebook.orca"
10-28 12:55:41.481 18128 18227 E msgr.msys: E[D SqliteError]sqliteErrorLogCallback(363)=>(28) double-quoted string literal: "table"
10-28 12:55:41.481 18128 18227 E msgr.msys: E[D SqliteError]sqliteErrorLogCallback(363)=>(28) double-quoted string literal: "avatar_effect_generation_errors"
10-28 12:55:41.515 17800 17800 I ViewInteraction: Performing 'single click' action on view view.getId() is <2131231080/com.example.lunchtray:id/next_button>
10-28 12:55:41.516   954  1253 D SemNscXgbMsL1: Probability - Cloud gaming: [0.0048327413]
10-28 12:55:41.516   954  1253 D SemNscXgbMsL1: Probability - Real time: [0.022263413]
10-28 12:55:41.516   954  1253 D SemNscXgbMsL1: Probability - Non real time: [0.9816442]
10-28 12:55:41.516   954  1253 D SemNscXgbMsL1: 1 sample inference time: 1.253846 msecs
10-28 12:55:41.518   954  1272 D InputDispatcher: Inject motion (17800): action=0x0, time=851590311000000, f=0x0, d=0
10-28 12:55:41.519   954  1253 D SemNscXgbL2Rt: L2 RT 1 sample inference time: 2.170847 msecs
10-28 12:55:41.519   954  1162 I InputDispatcher: Delivering touch to (1348): action: 0x4, f=0x0, d=0, 'be23078', t=0
10-28 12:55:41.519   954  1162 I InputDispatcher: Delivering touch to (17800): action: 0x0, f=0x0, d=0, 'ff4e455', t=0
10-28 12:55:41.519   954  1253 D SemNscXgbL2Nrt: L2 NRT 1 sample inference time: 0.462308 msecs
10-28 12:55:41.520 17800 17800 I ViewRootImpl@3294ebb[MainActivity]: ViewPostIme pointer 0
10-28 12:55:41.524  3825  3825 I SemDvfsHyPerManager: acquire hyper - BaseTABoost/3825@21, type = 1090523139
10-28 12:55:41.524  3825  3825 I SemDvfsHyPerManager: acquire hyper - BaseTAToouchBoost/3825@23, type = 1090523139
10-28 12:55:41.524   566   611 I HYPER-HAL: [RequestManager.cpp]acquire(): Acquired ID : 7397802  [3825 / 21]    HINT :      list : [TABoost / 5]
10-28 12:55:41.524   566   611 I HYPER-HAL: [RequestManager.cpp]acquire(): Acquired ID : 7405499  [3825 / 23]    HINT :      list : [TABoost / 20] [TIMEOUT / 1500]
10-28 12:55:41.558   954  1272 D InputDispatcher: Inject motion (17800): action=0x1, time=851590352000000, f=0x0, d=0
10-28 12:55:41.560   620   620 I SurfaceFlinger: SFWD update time=851590355066193
10-28 12:55:41.560   954  1162 I InputDispatcher: Delivering touch to (17800): action: 0x1, f=0x0, d=0, 'ff4e455', t=1
10-28 12:55:41.560 17800 17800 I ViewRootImpl@3294ebb[MainActivity]: ViewPostIme pointer 1
10-28 12:55:41.579 17800 17800 D ScrollView: initGoToTop
10-28 12:55:41.612 18128 18175 E nightwatch-target: /proc/zoneinfo open: errno=13
10-28 12:55:41.612 18128 18175 E nightwatch-target: sysmeminfo parse failed
10-28 12:55:41.612   511   511 E audit   : type=1400 audit(1666954541.605:342400): avc:  denied  { read } for  pid=18128 comm="Lacrima_startup" name="zoneinfo" dev="proc" ino=4026531860 scontext=u:r:untrusted_app:s0:c24,c259,c512,c768 tcontext=u:object_r:proc_zoneinfo:s0 tclass=file permissive=0 SEPF_SM-G973F_12_0001 audit_filtered
10-28 12:55:41.630 17800 17800 D ScrollView:  onsize change changed
10-28 12:55:41.725 18128 18227 E msgr.msys: E[D SqliteError]sqliteErrorLogCallback(363)=>(11) database corruption at line 28736 of [872ba256cb]
10-28 12:55:41.726 18128 18227 E msgr.msys: E[D SqliteError]sqliteErrorLogCallback(363)=>(11) database corruption at line 28736 of [872ba256cb]
10-28 12:55:41.727 18128 18227 E msgr.msys: E[D SqliteError]sqliteErrorLogCallback(363)=>(11) database corruption at line 28736 of [872ba256cb]
10-28 12:55:41.728 18128 18227 E msgr.msys: E[D SqliteError]sqliteErrorLogCallback(363)=>(11) database corruption at line 28736 of [872ba256cb]
10-28 12:55:41.728 18128 18227 E msgr.msys: E[D SqliteError]sqliteErrorLogCallback(363)=>(11) database corruption at line 28736 of [872ba256cb]
10-28 12:55:41.730 18128 18227 E msgr.msys: E[D SqliteError]sqliteErrorLogCallback(363)=>(11) database corruption at line 28736 of [872ba256cb]
10-28 12:55:41.739 18128 18227 E msgr.msys: E[D SqliteError]sqliteErrorLogCallback(363)=>(11) database corruption at line 28736 of [872ba256cb]
10-28 12:55:41.741 18128 18227 E msgr.msys: E[D SqliteError]sqliteErrorLogCallback(363)=>(11) database corruption at line 28736 of [872ba256cb]
10-28 12:55:41.742 18128 18227 E msgr.msys: E[D SqliteError]sqliteErrorLogCallback(363)=>(11) database corruption at line 28736 of [872ba256cb]
10-28 12:55:41.743 18128 18227 E msgr.msys: E[D SqliteError]sqliteErrorLogCallback(363)=>(11) database corruption at line 28736 of [872ba256cb]
10-28 12:55:41.838 18128 18227 E msgr.msys: E[D SqliteError]sqliteErrorLogCallback(363)=>(11) database corruption at line 28736 of [872ba256cb]
10-28 12:55:41.860 17800 17800 I ViewInteraction: Performing 'single click' action on view view.getId() is <2131230835/com.example.lunchtray:id/bread>
10-28 12:55:41.863   954  3936 D InputDispatcher: Inject motion (17800): action=0x0, time=851590656000000, f=0x0, d=0
10-28 12:55:41.864   954  1162 I InputDispatcher: Delivering touch to (1348): action: 0x4, f=0x0, d=0, 'be23078', t=0
10-28 12:55:41.864   954  1162 I InputDispatcher: Delivering touch to (17800): action: 0x0, f=0x0, d=0, 'ff4e455', t=0
10-28 12:55:41.864 17800 17800 I ViewRootImpl@3294ebb[MainActivity]: ViewPostIme pointer 0
10-28 12:55:41.866  3825  3825 I SemDvfsHyPerManager: acquire hyper - BaseTABoost/3825@21, type = 1090523139
10-28 12:55:41.866  3825  3825 I SemDvfsHyPerManager: acquire hyper - BaseTAToouchBoost/3825@23, type = 1090523139
10-28 12:55:41.866   566   611 I HYPER-HAL: [RequestManager.cpp]acquire(): Acquired ID : 7397802  [3825 / 21]    HINT :      list : [TABoost / 5]
10-28 12:55:41.866   566   611 I HYPER-HAL: [RequestManager.cpp]acquire(): Acquired ID : 7405499  [3825 / 23]    HINT :      list : [TABoost / 20] [TIMEOUT / 1500]
10-28 12:55:41.902   954  3936 D PackageManager: setEnabledSetting : userId = 0 packageName = com.facebook.orca cmp = com.facebook.mqttlite.MqttService newState = 1 callingPackage = 10792/com.facebook.orca
10-28 12:55:41.904   954  3936 D InputDispatcher: Inject motion (17800): action=0x1, time=851590698000000, f=0x0, d=0
10-28 12:55:41.905   954  1162 I InputDispatcher: Delivering touch to (17800): action: 0x1, f=0x0, d=0, 'ff4e455', t=1
10-28 12:55:41.905 17800 17800 I ViewRootImpl@3294ebb[MainActivity]: ViewPostIme pointer 1
10-28 12:55:41.918 18128 18231 D CompatibilityChangeReporter: Compat change id reported: 160794467; UID 10792; state: ENABLED
10-28 12:55:41.993 18128 18228 W m.facebook.orc: JNI RegisterNativeMethods: attempt to register 0 native methods for com.facebook.omnistore.OmnistoreCollectionFrontendHolder
10-28 12:55:42.010 18128 18228 E msgr.msys: E[N data-request]_HandleDataResponse(1574)=>Data request error: (null): Error Domain=mqtt Code=2002 UserInfo=0x771d297510 {MCFErrorDirectDescriptionKey=SEND_FAILURE}
10-28 12:55:42.010 18128 18228 E msgr.msys: E[N rtchannel]_rt_mqtt_publish_callback(441)=>Failed to publish the request over MQTT. token:36eb3077-2a23-4881-bc17-191950721cb3, category:mcd-send-data-task-category, requestId:62631, error:Error Domain=mqtt Code=2002 UserInfo=0x771d297510 {MCFErrorDirectDescriptionKey=SEND_FAILURE}
10-28 12:55:42.011 18128 18228 E msgr.msys: E[N rtchannel]_rt_mqtt_publish_callback(441)=>Failed to publish the request over MQTT. token:cb2690c2-8a03-4486-a248-9bcdcdd5730b, category:mcd-sync-data-task-category, requestId:64577, error:Error Domain=mqtt Code=2002 UserInfo=0x771d295e90 {MCFErrorDirectDescriptionKey=SEND_FAILURE}
10-28 12:55:42.012 18128 18227 E msgr.msys: E[S task_queue_handling]MCDLightSpeedTaskExecutorNetworkCompletionCallback(944)=>Handling send error for taskId=34 batchSize=1 queue=contact_sharing_settings
10-28 12:55:42.013   954  1115 I SensorService: [REARLIGHT] lux value : 82, code value : 0
10-28 12:55:42.020 18128 18227 W msgr.msys: W[S task_queue_processing]_MCDTaskCoordinatorMaybeScheduleQueueProcessing(203)=>Scheduling queue contact_sharing_settings for reprocessing in 1 seconds
10-28 12:55:42.021   954  1253 D SemNscXgbMsL1: Probability - Cloud gaming: [0.0054257573]
10-28 12:55:42.022   954  1253 D SemNscXgbMsL1: Probability - Real time: [0.0079352455]
10-28 12:55:42.022   954  1253 D SemNscXgbMsL1: Probability - Non real time: [0.9768984]
10-28 12:55:42.022   954  1253 D SemNscXgbMsL1: 1 sample inference time: 1.114577 msecs
10-28 12:55:42.024   954  1253 D SemNscXgbL2Rt: L2 RT 1 sample inference time: 1.220654 msecs
10-28 12:55:42.025   954  1253 D SemNscXgbL2Nrt: L2 NRT 1 sample inference time: 0.955885 msecs
10-28 12:55:42.044   954  1271 D NetdEventListenerService: DNS Requested by : 245, 10792, 0
10-28 12:55:42.166 17800 17800 I ViewInteraction: Performing 'single click' action on view view.getId() is <2131230842/com.example.lunchtray:id/cancel_button>
10-28 12:55:42.169   954  3936 D InputDispatcher: Inject motion (17800): action=0x0, time=851590962000000, f=0x0, d=0
10-28 12:55:42.170   954  1162 I InputDispatcher: Delivering touch to (1348): action: 0x4, f=0x0, d=0, 'be23078', t=0
10-28 12:55:42.170   954  1162 I InputDispatcher: Delivering touch to (17800): action: 0x0, f=0x0, d=0, 'ff4e455', t=0
10-28 12:55:42.170 17800 17800 I ViewRootImpl@3294ebb[MainActivity]: ViewPostIme pointer 0
10-28 12:55:42.171  3825  3825 I SemDvfsHyPerManager: acquire hyper - BaseTABoost/3825@21, type = 1090523139
10-28 12:55:42.171  3825  3825 I SemDvfsHyPerManager: acquire hyper - BaseTAToouchBoost/3825@23, type = 1090523139
10-28 12:55:42.172   566   611 I HYPER-HAL: [RequestManager.cpp]acquire(): Acquired ID : 7397802  [3825 / 21]    HINT :      list : [TABoost / 5]
10-28 12:55:42.172   566   611 I HYPER-HAL: [RequestManager.cpp]acquire(): Acquired ID : 7405499  [3825 / 23]    HINT :      list : [TABoost / 20] [TIMEOUT / 1500]
10-28 12:55:42.211   954  3936 D InputDispatcher: Inject motion (17800): action=0x1, time=851591004000000, f=0x0, d=0
10-28 12:55:42.212   954  1162 I InputDispatcher: Delivering touch to (17800): action: 0x1, f=0x0, d=0, 'ff4e455', t=1
10-28 12:55:42.212 17800 17800 I ViewRootImpl@3294ebb[MainActivity]: ViewPostIme pointer 1
10-28 12:55:42.223   566 17899 I HYPER-HAL: [RequestManager.cpp]releaseLocked(): Released ID : 1314010
10-28 12:55:42.255   954  3936 V WindowManager: Relayout Window{ff4e455 u0 com.example.lunchtray/com.example.lunchtray.MainActivity}: viewVisibility=0 req=1080x2280 d0
10-28 12:55:42.259   954  3936 V WindowManager: Relayout hash=ff4e455, pid=17800: mAttrs={(0,0)(fillxfill) sim={adjust=pan} ty=BASE_APPLICATION wanim=0x1030303
10-28 12:55:42.259   954  3936 V WindowManager:   fl=81810100
10-28 12:55:42.259   954  3936 V WindowManager:   pfl=12020040
10-28 12:55:42.259   954  3936 V WindowManager:   apr=LIGHT_NAVIGATION_BARS
10-28 12:55:42.259   954  3936 V WindowManager:   bhv=DEFAULT
10-28 12:55:42.259   954  3936 V WindowManager:   fitSides= naviIconColor=0
10-28 12:55:42.259   954  3936 V WindowManager:   sfl=100000}
10-28 12:55:42.262 17800 17800 I ViewRootImpl@3294ebb[MainActivity]: Relayout returned: old=(0,0,1080,2280) new=(0,0,1080,2280) req=(1080,2280)0 dur=7 res=0x1 s={true 515080236384} ch=false fn=84
10-28 12:55:42.274 18128 18138 W JavaBinder: BinderProxy is being destroyed but the application did not call unlinkToDeath to unlink all of its death recipients beforehand.  Releasing leaked death recipient: X.04C
10-28 12:55:42.274 18128 18138 I BpBinder: onLastStrongRef automatically unlinking death recipients: <uncached descriptor>
10-28 12:55:42.495 17800 17800 I ViewInteraction: Performing 'single click' action on view view.getId() is <2131231207/com.example.lunchtray:id/start_order_btn>
10-28 12:55:42.498   954  3936 D InputDispatcher: Inject motion (17800): action=0x0, time=851591291000000, f=0x0, d=0
10-28 12:55:42.499   954  1162 I InputDispatcher: Delivering touch to (1348): action: 0x4, f=0x0, d=0, 'be23078', t=0
10-28 12:55:42.499   954  1162 I InputDispatcher: Delivering touch to (17800): action: 0x0, f=0x0, d=0, 'ff4e455', t=0
10-28 12:55:42.500 17800 17800 I ViewRootImpl@3294ebb[MainActivity]: ViewPostIme pointer 0
10-28 12:55:42.502  3825  3825 I SemDvfsHyPerManager: acquire hyper - BaseTABoost/3825@21, type = 1090523139
10-28 12:55:42.503  3825  3825 I SemDvfsHyPerManager: acquire hyper - BaseTAToouchBoost/3825@23, type = 1090523139
10-28 12:55:42.503   566   611 I HYPER-HAL: [RequestManager.cpp]acquire(): Acquired ID : 7397802  [3825 / 21]    HINT :      list : [TABoost / 5]
10-28 12:55:42.503   566   611 I HYPER-HAL: [RequestManager.cpp]acquire(): Acquired ID : 7405499  [3825 / 23]    HINT :      list : [TABoost / 20] [TIMEOUT / 1500]
10-28 12:55:42.503 18128 18165 W msgr.MultiSignalANRDetectorLacrima: Pausing error state checks
10-28 12:55:42.527   954  1253 D SemNscXgbMsL1: Probability - Cloud gaming: [0.018838778]
10-28 12:55:42.528   954  1253 D SemNscXgbMsL1: Probability - Real time: [0.0035314534]
10-28 12:55:42.529   954  1253 D SemNscXgbMsL1: Probability - Non real time: [0.99022335]
10-28 12:55:42.529   954  1253 D SemNscXgbMsL1: 1 sample inference time: 2.151423 msecs
10-28 12:55:42.531   954  1253 D SemNscXgbL2Rt: L2 RT 1 sample inference time: 2.010846 msecs
10-28 12:55:42.533   954  1253 D SemNscXgbL2Nrt: L2 NRT 1 sample inference time: 1.838808 msecs
10-28 12:55:42.538   954  3936 D InputDispatcher: Inject motion (17800): action=0x1, time=851591331000000, f=0x0, d=0
10-28 12:55:42.540   954  1162 I InputDispatcher: Delivering touch to (17800): action: 0x1, f=0x0, d=0, 'ff4e455', t=1
10-28 12:55:42.540 17800 17800 I ViewRootImpl@3294ebb[MainActivity]: ViewPostIme pointer 1
10-28 12:55:42.556 17800 17800 D ScrollView: initGoToTop
10-28 12:55:42.581   620   620 I SurfaceFlinger: SFWD update time=851591376337153
10-28 12:55:42.610   954  1272 V WindowManager: Relayout Window{ff4e455 u0 com.example.lunchtray/com.example.lunchtray.MainActivity}: viewVisibility=0 req=1080x2280 d0
10-28 12:55:42.614 18128 18175 E nightwatch-target: /proc/zoneinfo open: errno=13
10-28 12:55:42.614 18128 18175 E nightwatch-target: sysmeminfo parse failed
10-28 12:55:42.615   511   511 E audit   : type=1400 audit(1666954542.609:342404): avc:  denied  { read } for  pid=18128 comm="Lacrima_startup" name="zoneinfo" dev="proc" ino=4026531860 scontext=u:r:untrusted_app:s0:c24,c259,c512,c768 tcontext=u:object_r:proc_zoneinfo:s0 tclass=file permissive=0 SEPF_SM-G973F_12_0001 audit_filtered
10-28 12:55:42.615   511   511 E audit   : type=1300 audit(1666954542.609:342404): arch=c00000b7 syscall=56 success=no exit=-13 a0=ffffff9c a1=7647059c16 a2=0 a3=0 items=0 ppid=531 pid=18128 auid=4294967295 uid=10792 gid=10792 euid=10792 suid=10792 fsuid=10792 egid=10792 sgid=10792 fsgid=10792 tty=(none) ses=4294967295 comm="Lacrima_startup" exe="/system/bin/app_process64" subj=u:r:untrusted_app:s0:c24,c259,c512,c768 key=(null)
10-28 12:55:42.615   511   511 E audit   : type=1327 audit(1666954542.609:342404): proctitle="com.facebook.orca"
10-28 12:55:42.618   954  1272 V WindowManager: Relayout hash=ff4e455, pid=17800: mAttrs={(0,0)(fillxfill) sim={adjust=resize} ty=BASE_APPLICATION wanim=0x1030303
10-28 12:55:42.618   954  1272 V WindowManager:   fl=81810100
10-28 12:55:42.618   954  1272 V WindowManager:   pfl=12020040
10-28 12:55:42.618   954  1272 V WindowManager:   apr=LIGHT_NAVIGATION_BARS
10-28 12:55:42.618   954  1272 V WindowManager:   bhv=DEFAULT
10-28 12:55:42.618   954  1272 V WindowManager:   fitSides= naviIconColor=0
10-28 12:55:42.618   954  1272 V WindowManager:   sfl=100000}
10-28 12:55:42.620 17800 17800 I ViewRootImpl@3294ebb[MainActivity]: Relayout returned: old=(0,0,1080,2280) new=(0,0,1080,2280) req=(1080,2280)0 dur=9 res=0x1 s={true 515080236384} ch=false fn=91
10-28 12:55:42.621 17800 17800 D ScrollView:  onsize change changed
10-28 12:55:42.855 17800 17800 I ViewInteraction: Checking 'MatchesViewAssertion{viewMatcher=(view has effective visibility <VISIBLE> and view.getGlobalVisibleRect() to return non-empty rectangle)}' assertion on view an instance of android.widget.TextView and view.getText() with or without transformation to match: is "Subtotal: $0.00"
10-28 12:55:42.856 17800 17832 I TestRunner: finished: order_reset_after_cancel_from_accompaniment_menu(com.example.lunchtray.OrderFunctionalityTests)
