10-28 12:55:46.617   620   620 D SurfaceFlinger:      CLIENT |              | 0000 |  Unknown  |    0.0    0.0    0.0    0.0 |    0    0 1080 2280 | OneUiHome-BlurLayer#0 (backgroundBlurRadius)
10-28 12:55:46.617   620   620 D SurfaceFlinger:      DEVICE | 0x7843da26b0 | 0100 | RGBA_8888    |    0.0    0.0 1080.0 2280.0 |    0    0 1080 2280 | com.sec.android.app.launcher/com.sec[...]activities.LauncherActivity$_26660#0
10-28 12:55:46.617   620   620 D SurfaceFlinger:      DEVICE | 0x7843db2730 | 0100 | RGBA_8888    |    0.0    0.0 1080.0 2280.0 |   76  159 1004 2121 | Splash Screen com.example.lunchtray$_1348#0
10-28 12:55:46.617   620   620 D SurfaceFlinger:      DEVICE | 0x7843db3a50 | 0100 | RGBA_8888    |    0.0    0.0 1080.0  112.0 |    0    0 1080  112 | StatusBar$_1348#0
10-28 12:55:46.617   620   620 D SurfaceFlinger:      DEVICE | 0x7843dbc6f0 | 0100 | RGBA_8888    |    0.0    0.0   67.0  416.0 |    0  814   67 1230 | com.samsung.android.app.cocktailbars[...]arservice.CocktailBarService$_8198#0
10-28 12:55:46.617   620   620 D SurfaceFlinger:      DEVICE | 0x7843db1bf0 | 0100 | RGBA_8888    |    0.0    0.0 1080.0  126.0 |    0 2154 1080 228
10-28 12:55:46.617   620   620 D SurfaceFlinger: 0 | NavigationBar0$_1348#0
10-28 12:55:46.617   620   620 D SurfaceFlinger:
10-28 12:55:46.617 17800 17800 I ViewRootImpl@1c4c5ad[MainActivity]: setView = com.android.internal.policy.DecorView@9a0590f TM=true
10-28 12:55:46.618   954  1054 D AnalyticsContainerHandler: handleMessage : { when=0 what=1 target=com.android.server.knox.KnoxAnalyticsContainer$AnalyticsHandler }
10-28 12:55:46.637   954  3956 V WindowManager: Relayout Window{a44a105 u0 com.example.lunchtray/com.example.lunchtray.MainActivity}: viewVisibility=0 req=1080x2280 d0
10-28 12:55:46.637   620   810 I SurfaceFlinger: id=204998 createSurf (1x1),-3 flag=40004, com.example.lunchtray/com.example.lunchtray.MainActivity$_17800#0
10-28 12:55:46.640   620   810 I SurfaceFlinger: id=204999 createSurf (0x0),-1 flag=24000, Surface(name=2fa8401 StatusBar)/@0xf000e26 - animation-leash of insets_animation#0
10-28 12:55:46.641   620   810 I SurfaceFlinger: id=205000 createSurf (0x0),-1 flag=24000, Surface(name=be23078 NavigationBar0)/@0x50010bd - animation-leash of insets_animation#0
10-28 12:55:46.642   954  3956 V WindowManager: Relayout hash=a44a105, pid=17800: mAttrs={(0,0)(fillxfill) sim={adjust=pan forwardNavigation} ty=BASE_APPLICATION wanim=0x1030303
10-28 12:55:46.642   954  3956 V WindowManager:   fl=81810100
10-28 12:55:46.642   954  3956 V WindowManager:   pfl=12020040
10-28 12:55:46.642   954  3956 V WindowManager:   apr=LIGHT_NAVIGATION_BARS
10-28 12:55:46.642   954  3956 V WindowManager:   bhv=DEFAULT
10-28 12:55:46.642   954  3956 V WindowManager:   fitSides= naviIconColor=0
10-28 12:55:46.642   954  3956 V WindowManager:   sfl=100000}
10-28 12:55:46.644 17800 17800 I ViewRootImpl@1c4c5ad[MainActivity]: Relayout returned: old=(0,0,1080,2280) new=(0,0,1080,2280) req=(1080,2280)0 dur=6 res=0x7 s={true 515080332304} ch=true fn=-1
10-28 12:55:46.644 17800 17884 D OpenGLRenderer: eglCreateWindowSurface
10-28 12:55:46.649 17800 17800 I ViewRootImpl@1c4c5ad[MainActivity]: [DP] dp(1) 1 android.view.ViewRootImpl.reportNextDraw:11420 android.view.ViewRootImpl.performTraversals:4193 android.view.ViewRootImpl.doTraversal:2919
10-28 12:55:46.657 17800 17800 I ViewRootImpl@1c4c5ad[MainActivity]: [DP] pdf(0) 1 android.view.ViewRootImpl.lambda$addFrameCompleteCallbackIfNeeded$3$ViewRootImpl:4995 android.view.ViewRootImpl$$ExternalSyntheticLambda16.run:6 android.os.Handler.handleCallback:938
10-28 12:55:46.658 17800 17800 I ViewRootImpl@1c4c5ad[MainActivity]: [DP] rdf()
10-28 12:55:46.658 17800 17800 D ViewRootImpl@1c4c5ad[MainActivity]: reportDrawFinished (fn: -1)
10-28 12:55:46.660   620   642 I SurfaceFlinger: id=205001 createSurf (0x0),-1 flag=24000, Surface(name=a44a105 com.example.lunchtray/com.example.lunchtray.MainActivity)/@0xe46d67 - animation-leash of starting_reveal#0
10-28 12:55:46.662 17800 17800 D InsetsSourceConsumer: ensureControlAlpha: for ITYPE_NAVIGATION_BAR on com.example.lunchtray/com.example.lunchtray.MainActivity
10-28 12:55:46.663 17800 17800 D InsetsSourceConsumer: ensureControlAlpha: for ITYPE_STATUS_BAR on com.example.lunchtray/com.example.lunchtray.MainActivity
10-28 12:55:46.663   620   620 I Layer   : id=204995 removeFromCurrentState Surface(name=2fa8401 StatusBar)/@0xf000e26 - animation-leash of insets_animation#1 (181)
10-28 12:55:46.663   620   620 I Layer   : id=204996 removeFromCurrentState Surface(name=be23078 NavigationBar0)/@0x50010bd - animation-leash of insets_animation#1 (181)
10-28 12:55:46.663   954  1012 I PkgPredictorService-SecIpmManagerServiceImpl: reportToNAP uid:10998 com.example.lunchtray/com.example.lunchtray.MainActivity thisTime:159
10-28 12:55:46.663   620   620 I SurfaceFlinger: id=204995 Removed Surface(name=2fa8401 StatusBar)/@0xf000e26 - animation-leash of insets_animation#1 (181)
10-28 12:55:46.663   620   620 I SurfaceFlinger: id=204996 Removed Surface(name=be23078 NavigationBar0)/@0x50010bd - animation-leash of insets_animation#1 (181)
10-28 12:55:46.664   620   620 I Layer   : id=204995 Destroyed Surface(name=2fa8401 StatusBar)/@0xf000e26 - animation-leash of insets_animation#1
10-28 12:55:46.664   620   620 I Layer   : id=204996 Destroyed Surface(name=be23078 NavigationBar0)/@0x50010bd - animation-leash of insets_animation#1
10-28 12:55:46.664 17800 17800 D RootViewPicker: Root not ready - waiting: 10ms for one to appear.
10-28 12:55:46.664  1348  2147 I ViewRootImpl@bcd11b6[lunchtray]: mWNT: t = android.view.SurfaceControl$Transaction@8023090 fN = 2 android.view.SyncRtSurfaceTransactionApplier.applyTransaction:94 android.view.SyncRtSurfaceTransactionApplier.lambda$scheduleApply$0$SyncRtSurfaceTransactionApplier:71 android.view.SyncRtSurfaceTransactionApplier$$ExternalSyntheticLambda0.onFrameDraw:4
10-28 12:55:46.664  1348  2147 I ViewRootImpl@bcd11b6[lunchtray]: mWNT: merge t to BBQ
10-28 12:55:46.664   954  2750 I PkgPredictorService-NapClassifier: it's ready to run
10-28 12:55:46.664  1348  2147 I ViewRootImpl@bcd11b6[lunchtray]: mWNT: t = android.view.SurfaceControl$Transaction@31abd89 fN = 2 android.view.SyncRtSurfaceTransactionApplier.applyTransaction:94 android.view.SyncRtSurfaceTransactionApplier.lambda$scheduleApply$0$SyncRtSurfaceTransactionApplier:71 android.view.SyncRtSurfaceTransactionApplier$$ExternalSyntheticLambda0.onFrameDraw:4
10-28 12:55:46.664  1348  2147 I ViewRootImpl@bcd11b6[lunchtray]: mWNT: merge t to BBQ
10-28 12:55:46.665   954  3936 D InputDispatcher: Focus entered window (0): a44a105 com.example.lunchtray/com.example.lunchtray.MainActivity
10-28 12:55:46.665   954  3954 I SemDvfsHyPerManager: acquire hyper - AMS_RESUME_TAIL/954@19, type = -999
10-28 12:55:46.665   954  3954 I SemDvfsHyPerManager: acquire hyper - AMS_ACT_LAZY/954@20, type = -999
10-28 12:55:46.665   566   611 I HYPER-HAL: [RequestManager.cpp]acquire(): Acquired ID : 473870  [954 / 19]    HINT : AMS_RESUME_TAIL    list :
10-28 12:55:46.665 17800 17800 I ViewRootImpl@1c4c5ad[MainActivity]: MSG_WINDOW_FOCUS_CHANGED 1 1
10-28 12:55:46.667   954  1012 I ActivityTaskManager: Displayed com.example.lunchtray/.MainActivity: +159ms
10-28 12:55:46.667 26660  4876 I RecentModel: onTaskStackChangedBackground
10-28 12:55:46.669 17800 17800 D InputMethodManager: startInputInner - Id : 0
10-28 12:55:46.669 17800 17800 I InputMethodManager: startInputInner - mService.startInputOrWindowGainedFocus
10-28 12:55:46.669   566   611 I HYPER-HAL: [RequestManager.cpp]releaseLocked(): Released ID : 475821
10-28 12:55:46.669   954   977 D InputMethodManagerService: DESKTOP MODE! : 2
10-28 12:55:46.669   954   977 D InputMethodManagerService: NOT IN KNOX DESKTOP MODE!
10-28 12:55:46.669   954   977 V InputMethodManagerService: getDisplayIdOfInputMethodWindowToBeAdded : 0
10-28 12:55:46.669   954   977 D InputMethodManagerService: checkDisplayOfStartInputAndUpdateKeyboard display Id 0last 0
10-28 12:55:46.670   954   977 D InputTransport: Input channel constructed: 'ClientS', fd=1747
10-28 12:55:46.670   954   977 D InputTransport: Input channel destroyed: 'ClientS', fd=1747
10-28 12:55:46.670  2946  2946 E pageboostd: Received HALT command code 2
10-28 12:55:46.670   620   620 D SurfaceFlinger: Display 0 HWC layers:
10-28 12:55:46.670   620   620 D SurfaceFlinger:      CLIENT | 0x7843da8ad0 | 0100 | RGBx_8888    |  589.0    0.0 1651.0 2240.0 |    0    0 1080 2280 | Wallpaper BBQ wrapper#0
10-28 12:55:46.670   620   620 D SurfaceFlinger:      CLIENT |              | 0000 |  Unknown  |    0.0    0.0    0.0    0.0 |    0    0 1080 2280 | OneUiHome-BlurLayer#0 (backgroundBlurRadius)
10-28 12:55:46.670   620   620 D SurfaceFlinger:      DEVICE | 0x7843da26b0 | 0100 | RGBA_8888    |    0.0    0.0 1080.0 2280.0 |    0    0 1080 2280 | com.sec.android.app.launcher/com.sec[...]activities.LauncherActivity$_26660#0
10-28 12:55:46.670   620   620 D SurfaceFlinger:      DEVICE | 0x7843dbba90 | 0102 | RGBA_8888    |    0.0    0.0 1080.0 2280.0 |   47  100 1033 2180 | com.example.lunchtray/com.example.lunchtray.MainActivity$_17800#0
10-28 12:55:46.670   620   620 D SurfaceFlinger:      DEVICE | 0x7843db2730 | 0100 | RGBA_8888    |    0.0    0.0 1080.0 2280.0 |   47  100 1033 2180 | Splash Screen com.example.lunchtray$_1348#0
10-28 12:55:46.670   620   620 D SurfaceFlinger:      DEVICE | 0x7843db3a50 | 0100 | RGBA_8888    |    0.0    0.0 1080.0  112.0 |    0    0 1080  112 | StatusBar$_1348#0
10-28 12:55:46.670   620   620 D SurfaceFlinger:      DEVICE | 0x7843dbc6f0 | 0100 | RGBA_8888    |    0.0    0.0   67.0  416.0 |    0  814   67 1230 | com.sams
10-28 12:55:46.670   620   620 D SurfaceFlinger: ung.android.app.cocktailbars[...]arservice.CocktailBarService$_8198#0
10-28 12:55:46.670   620   620 D SurfaceFlinger:      DEVICE | 0x7843db1bf0 | 0100 | RGBA_8888    |    0.0    0.0 1080.0  126.0 |    0 2154 1080 2280 | NavigationBar0$_1348#0
10-28 12:55:46.670   620   620 D SurfaceFlinger:
10-28 12:55:46.672 19204 19204 D InputMethodService: checkDisplayOfStartInputAndUpdateKeyboard display Id 0last 0
10-28 12:55:46.672   620   643 I SurfaceFlinger: id=205002 createSurf (0x0),-1 flag=24004, Surface(name=2188bee InputMethod)/@0xe151908 - animation-leash of insets_animation#1
10-28 12:55:46.673   529   535 E statsd  : Predicate 5980654721335871649 dropping data for dimension key (10)0x2010101->10998[I] (10)0x30000->*launch*[S]
10-28 12:55:46.673   529   535 E statsd  : Predicate -7037417284711607308 dropping data for dimension key (10)0x2010101->10998[I] (10)0x30000->*launch*[S]
10-28 12:55:46.674 26660  4876 I RecentTasksList: getTaskKeys, numTasks :3 callback : com.android.quickstep.-$$Lambda$RecentsModel$k1Mm-BV64Bc89eJHYugywZmW_Js@da93cf9
10-28 12:55:46.676 26660 26792 I RecentTasksList: loadTasksInBackground() task id : 30394
10-28 12:55:46.676 26660 26792 I RecentTasksList: loadTasksInBackground() task id : 30298
10-28 12:55:46.676 26660 26792 I RecentTasksList: loadTasksInBackground() task id : 30468
10-28 12:55:46.678  3825  4192 I SemDvfsHyPerManager: acquire hyper - BaseTABoost/3825@21, type = 1090523139
10-28 12:55:46.678  3825  4192 I SemDvfsHyPerManager: acquire hyper - BaseTAToouchBoost/3825@23, type = 1090523139
10-28 12:55:46.679   620   620 I SurfaceFlinger: SFWD update time=851595474752150
10-28 12:55:46.680   566   611 I HYPER-HAL: [RequestManager.cpp]acquire(): Acquired ID : 7397802  [3825 / 21]    HINT :      list : [TABoost / 5]
10-28 12:55:46.680   620   620 I Layer   : id=204986 removeFromCurrentState Surface(name=2188bee InputMethod)/@0xe151908 - animation-leash of insets_animation#0 (180)
10-28 12:55:46.680   620   620 I SurfaceFlinger: id=204986 Removed Surface(name=2188bee InputMethod)/@0xe151908 - animation-leash of insets_animation#0 (180)
10-28 12:55:46.680   620   620 I Layer   : id=204986 Destroyed Surface(name=2188bee InputMethod)/@0xe151908 - animation-leash of insets_animation#0
10-28 12:55:46.681   566   611 I HYPER-HAL: [RequestManager.cpp]acquire(): Acquired ID : 7405499  [3825 / 23]    HINT :      list : [TABoost / 20] [TIMEOUT / 1500]
10-28 12:55:46.682   954  3954 D InputMethodManagerServicePhysicalKey: isConnectedDexOnPC false
10-28 12:55:46.683   954  3954 D InputMethodManagerService: isImeSwitcherDisabledPackage : false
10-28 12:55:46.683  1348  2148 I ViewRootImpl@bcd11b6[lunchtray]: mWNT: t = android.view.SurfaceControl$Transaction@918a18e fN = 3 android.view.SyncRtSurfaceTransactionApplier.applyTransaction:94 android.view.SyncRtSurfaceTransactionApplier.lambda$scheduleApply$0$SyncRtSurfaceTransactionApplier:71 android.view.SyncRtSurfaceTransactionApplier$$ExternalSyntheticLambda0.onFrameDraw:4
10-28 12:55:46.683  1348  2148 I ViewRootImpl@bcd11b6[lunchtray]: mWNT: merge t to BBQ
10-28 12:55:46.683 17800 17800 I ViewInteraction: Performing 'single click' action on view view.getId() is <2131231207/com.example.lunchtray:id/start_order_btn>
10-28 12:55:46.685   954  3936 D InputDispatcher: Inject motion (17800): action=0x0, time=851595479000000, f=0x0, d=0
10-28 12:55:46.685   954  1162 I InputDispatcher: Delivering touch to (1348): action: 0x4, f=0x0, d=0, 'be23078', t=0
10-28 12:55:46.685   954  1162 I InputDispatcher: Delivering touch to (17800): action: 0x0, f=0x0, d=0, 'a44a105', t=0 +(-41,-141)*1.08
10-28 12:55:46.686  3825  3825 I SemDvfsHyPerManager: acquire hyper - BaseTABoost/3825@21, type = 1090523139
10-28 12:55:46.686  3825  3825 I SemDvfsHyPerManager: acquire hyper - BaseTAToouchBoost/3825@23, type = 1090523139
10-28 12:55:46.687 17800 17800 I ViewRootImpl@1c4c5ad[MainActivity]: ViewPostIme pointer 0
10-28 12:55:46.687   566   611 I HYPER-HAL: [RequestManager.cpp]acquire(): Acquired ID : 7397802  [3825 / 21]    HINT :      list : [TABoost / 5]
10-28 12:55:46.687   566   611 I HYPER-HAL: [RequestManager.cpp]acquire(): Acquired ID : 7405499  [3825 / 23]    HINT :      list : [TABoost / 20] [TIMEOUT / 1500]
10-28 12:55:46.697  1348  2147 I ViewRootImpl@bcd11b6[lunchtray]: mWNT: t = android.view.SurfaceControl$Transaction@28a3daf fN = 4 android.view.SyncRtSurfaceTransactionApplier.applyTransaction:94 android.view.SyncRtSurfaceTransactionApplier.lambda$scheduleApply$0$SyncRtSurfaceTransactionApplier:71 android.view.SyncRtSurfaceTransactionApplier$$ExternalSyntheticLambda0.onFrameDraw:4
10-28 12:55:46.697  1348  2147 I ViewRootImpl@bcd11b6[lunchtray]: mWNT: merge t to BBQ
10-28 12:55:46.701 19204 19204 E FullInputEventModel: onStartInput event aborted: al1: could not obtain extracted text (class al1)
10-28 12:55:46.701   531   531 D Zygote  : Forked child process 18336
10-28 12:55:46.716  1348  1537 D OpenGLRenderer: setSurface called with nullptr
10-28 12:55:46.716  1348  1537 D OpenGLRenderer: setSurface() destroyed EGLSurface
10-28 12:55:46.716  1348  1537 D OpenGLRenderer: destroyEglSurface
10-28 12:55:46.719 18336 18336 E m.facebook.orc: Not starting debugger since process cannot load the jdwp agent.
10-28 12:55:46.720   954  3936 V WindowManager: Relayout Window{efe1133 u0 Splash Screen com.example.lunchtray}: viewVisibility=8 req=1080x2280 d0
10-28 12:55:46.722   620   643 I SurfaceFlinger: id=205003 createSurf (0x0),-1 flag=24000, Surface(name=efe1133 Splash Screen com.example.lunchtray)/@0xdb2badd - animation-leash of window_animation#0
10-28 12:55:46.722 18336 18336 E USNET   : USNET: appName: com.facebook.orca
10-28 12:55:46.723 18336 18336 D ProcessState: Binder ioctl to enable oneway spam detection failed: Invalid argument
10-28 12:55:46.725   954  3954 D InputDispatcher: Inject motion (17800): action=0x1, time=851595519000000, f=0x0, d=0
10-28 12:55:46.725   954  3936 V WindowManager: Relayout hash=efe1133, pid=1348: mAttrs={(0,0)(fillxfill) sim={adjust=pan} ty=APPLICATION_STARTING fmt=TRANSLUCENT wanim=0x1030001
10-28 12:55:46.725   954  3936 V WindowManager:   fl=81030118
10-28 12:55:46.725   954  3936 V WindowManager:   pfl=36000010
10-28 12:55:46.725   954  3936 V WindowManager:   bhv=DEFAULT
10-28 12:55:46.725   954  3936 V WindowManager:   fitSides= naviIconColor=0}
10-28 12:55:46.726   954  1162 I InputDispatcher: Delivering touch to (17800): action: 0x1, f=0x0, d=0, 'a44a105', t=1 +(-27,-61)*1.05
10-28 12:55:46.726 17800 17800 I ViewRootImpl@1c4c5ad[MainActivity]: ViewPostIme pointer 1
10-28 12:55:46.727  1348  1474 I ViewRootImpl@bcd11b6[lunchtray]: Relayout returned: old=(0,0,1080,2280) new=(0,0,1080,2280) req=(1080,2280)8 dur=6 res=0x5 s={false 0} ch=true fn=5
10-28 12:55:46.727  1348  1474 I ViewRootImpl@bcd11b6[lunchtray]: dispatchDetachedFromWindow
10-28 12:55:46.727   954   977 D InputTransport: Input channel destroyed: 'efe1133', fd=1737
10-28 12:55:46.727   954   977 W InputManager-JNI: Input channel object 'efe1133 Splash Screen com.example.lunchtray (client)' was disposed without first being removed with the input manager!
10-28 12:55:46.727   954   977 D InputTransport: Input channel destroyed: 'efe1133', fd=1739
10-28 12:55:46.729  1348  1474 D InputTransport: Input channel destroyed: 'efe1133', fd=200
10-28 12:55:46.731   620   620 I Layer   : id=205001 removeFromCurrentState Surface(name=a44a105 com.example.lunchtray/com.example.lunchtray.MainActivity)/@0xe46d67 - animation-leash of starting_reveal#0 (180)
10-28 12:55:46.732 18336 18336 D ActivityThread: setConscryptValidator
10-28 12:55:46.732 18336 18336 D ActivityThread: setConscryptValidator - put
10-28 12:55:46.745 17800 17800 D ScrollView: initGoToTop
10-28 12:55:46.746  1341  1341 D HidDeviceService: handleMessage(): msg.what=8
10-28 12:55:46.753 18336 18336 D CompatibilityChangeReporter: Compat change id reported: 171979766; UID 10792; state: ENABLED
10-28 12:55:46.784  1348  1348 D NavigationBar: onSystemBarAttributesChanged() -  displayId:0, appearance:16 (APPEARANCE_LIGHT_NAVIGATION_BARS ), navbarColorManagedByIme:false
10-28 12:55:46.785  1348  1348 V Navbar.Store: handleEvent [EventType] GET_BOOL_REGION_SAMPLING_ENABLED [Module] LightBarController  KEYS_DEFAULT=false
10-28 12:55:46.785  1348  1348 V Navbar.Store: --[Band]COLOR_PACK_GET_REGION_SAMPLING_ENABLED
10-28 12:55:46.785  1348  1348 V Navbar.Store: ----getValue(BOOL_REGION_SAMPLING_ENABLED)=false
10-28 12:55:46.789   954  3936 V WindowManager: Relayout Window{a44a105 u0 com.example.lunchtray/com.example.lunchtray.MainActivity}: viewVisibility=0 req=1080x2280 d0
10-28 12:55:46.791   954  3936 V WindowManager: Relayout hash=a44a105, pid=17800: mAttrs={(0,0)(fillxfill) sim={adjust=resize} ty=BASE_APPLICATION wanim=0x1030303
10-28 12:55:46.791   954  3936 V WindowManager:   fl=81810100
10-28 12:55:46.791   954  3936 V WindowManager:   pfl=12020040
10-28 12:55:46.791   954  3936 V WindowManager:   apr=LIGHT_NAVIGATION_BARS
10-28 12:55:46.791   954  3936 V WindowManager:   bhv=DEFAULT
10-28 12:55:46.791   954  3936 V WindowManager:   fitSides= naviIconColor=0
10-28 12:55:46.791   954  3936 V WindowManager:   sfl=100000}
10-28 12:55:46.793 17800 17800 I ViewRootImpl@1c4c5ad[MainActivity]: Relayout returned: old=(0,0,1080,2280) new=(0,0,1080,2280) req=(1080,2280)0 dur=4 res=0x1 s={true 515080332304} ch=false fn=10
10-28 12:55:46.794 17800 17800 D ScrollView:  onsize change changed
10-28 12:55:46.797   566 18325 I HYPER-HAL: [RequestManager.cpp]releaseLocked(): Released ID : 486623
10-28 12:55:46.797   620   620 I Layer   : id=204991 removeFromCurrentState Splash Screen com.example.lunchtray$_1348#0 (180)
10-28 12:55:46.797   620   620 I Layer   : id=204990 removeFromCurrentState efe1133 Splash Screen com.example.lunchtray#0 (180)
10-28 12:55:46.797   620   620 I Layer   : id=205003 removeFromCurrentState Surface(name=efe1133 Splash Screen com.example.lunchtray)/@0xdb2badd - animation-leash of window_animation#0 (180)
10-28 12:55:46.798   620   620 I SurfaceFlinger: id=204990 Removed efe1133 Splash Screen com.example.lunchtray#0 (180)
10-28 12:55:46.798   620   620 I SurfaceFlinger: id=204991 Removed Splash Screen com.example.lunchtray$_1348#0 (180)
10-28 12:55:46.798   620   620 I SurfaceFlinger: id=205003 Removed Surface(name=efe1133 Splash Screen com.example.lunchtray)/@0xdb2badd - animation-leash of window_animation#0 (180)
10-28 12:55:46.798   620   620 I Layer   : id=205003 Destroyed Surface(name=efe1133 Splash Screen com.example.lunchtray)/@0xdb2badd - animation-leash of window_animation#0
10-28 12:55:46.798   620   620 I Layer   : id=204990 Destroyed efe1133 Splash Screen com.example.lunchtray#0
10-28 12:55:46.800   620   620 I Layer   : id=204991 Destroyed Splash Screen com.example.lunchtray$_1348#0
10-28 12:55:46.802   620   620 D SurfaceFlinger: Display 0 HWC layers:
10-28 12:55:46.802   620   620 D SurfaceFlinger:      CLIENT | 0x7843da8ad0 | 0100 | RGBx_8888    |  589.0    0.0 1651.0 2240.0 |    0    0 1080 2280 | Wallpaper BBQ wrapper#0
10-28 12:55:46.802   620   620 D SurfaceFlinger:      CLIENT |              | 0000 |  Unknown  |    0.0    0.0    0.0    0.0 |    0    0 1080 2280 | OneUiHome-BlurLayer#0 (backgroundBlurRadius)
10-28 12:55:46.802   620   620 D SurfaceFlinger:      DEVICE | 0x7843da26b0 | 0100 | RGBA_8888    |    0.0    0.0 1080.0 2280.0 |    0    0 1080 2280 | com.sec.android.app.launcher/com.sec[...]activities.LauncherActivity$_26660#0
10-28 12:55:46.802   620   620 D SurfaceFlinger:      DEVICE | 0x7843db4a10 | 0102 | RGBA_8888    |    0.0    0.0 1080.0 2280.0 |    8   18 1072 2262 | com.example.lunchtray/com.example.lunchtray.MainActivity$_17800#0
10-28 12:55:46.802   620   620 D SurfaceFlinger:      DEVICE | 0x7843db3a50 | 0100 | RGBA_8888    |    0.0    0.0 1080.0  112.0 |    0    0 1080  112 | StatusBar$_1348#0
10-28 12:55:46.802   620   620 D SurfaceFlinger:      DEVICE | 0x7843dbc6f0 | 0100 | RGBA_8888    |    0.0    0.0   67.0  416.0 |    0  814   67 1230 | com.samsung.android.app.cocktailbars[...]arservice.CocktailBarService$_8198#0
10-28 12:55:46.802   620   620 D SurfaceFlinger:      DEVICE | 0x7843db1bf0 | 0100 | RGBA_8888    |    0.0    0.0 1080.0  126.
10-28 12:55:46.802   620   620 D SurfaceFlinger: 0 |    0 2154 1080 2280 | NavigationBar0$_1348#0
10-28 12:55:46.802   620   620 D SurfaceFlinger:
10-28 12:55:46.813   954  1115 I SensorService: [REARLIGHT] lux value : 84, code value : 0
10-28 12:55:46.825 18336 18336 W m.facebook.orc: Entry not found
10-28 12:55:46.826 18336 18336 W m.facebook.orc: Entry not found
10-28 12:55:46.831 18336 18336 W m.facebook.orc: JIT profile information will not be recorded: profile file does not exist.
10-28 12:55:46.831 18336 18336 W m.facebook.orc: JIT profile information will not be recorded: profile file does not exist.
10-28 12:55:46.844 18336 18336 V GraphicsEnvironment: ANGLE Developer option for 'com.facebook.orca' set to: 'default'
10-28 12:55:46.844 18336 18336 V GraphicsEnvironment: App is not on the allowlist for updatable production driver.
10-28 12:55:46.853 18336 18336 D NetworkSecurityConfig: Using Network Security Config from resource (name removed) debugBuild: false
10-28 12:55:46.881 18336 18336 D NetworkSecurityConfig: Using Network Security Config from resource (name removed) debugBuild: false
10-28 12:55:46.888  8198  8198 I Utils   : isCurrentUser current = 0, ownerId = 0
10-28 12:55:46.888  8198  8198 I TrayVisibilityController: getComputedTrayVisible : keyguardState = 1
10-28 12:55:46.888  8198  8198 I TrayVisibilityController: updateTrayVisible: State=1 visible=1 mCurrentVisible=1 specificMode=0
10-28 12:55:46.888  8198  8198 I TrayStateController: onNotifyUpdateTray: state=0
10-28 12:55:46.921 18336 18357 W CrashLoopRemedyLog: unable to delete remedy log, instaCrash: false
10-28 12:55:46.922 18336 18357 W CrashLoopRemedyLog: unable to delete remedy log, instaCrash: true
10-28 12:55:46.929 18336 18357 W MessengerLacrimaConfig: MessengerLacrimaConfig.earlyInit
10-28 12:55:46.932 26660 26660 I ViewRootImpl@623994e[LauncherActivity]: handleAppVisibility mAppVisible=true visible=false
10-28 12:55:46.932  1348  3766 D WallpaperService: dispatchAppVisibility onVisibilityChanged(): false
10-28 12:55:46.932  1348  1535 I ImageWallpaper:  onVisibilityChanged false , 0
10-28 12:55:46.932  1348  1348 D WallpaperService: reportVisibility onVisibilityChanged visible: false
10-28 12:55:46.934   620   620 D SurfaceFlinger: Display 0 HWC layers:
10-28 12:55:46.934   620   620 D SurfaceFlinger:      DEVICE | 0x7843dbcb70 | 0102 | RGBA_8888    |    0.0    0.0 1080.0 2280.0 |    0    0 1080 2280 | com.example.lunchtray/com.example.lunchtray.MainActivity$_17800#0
10-28 12:55:46.934   620   620 D SurfaceFlinger:      DEVICE | 0x7843db3a50 | 0100 | RGBA_8888    |    0.0    0.0 1080.0  112.0 |    0    0 1080  112 | StatusBar$_1348#0
10-28 12:55:46.934   620   620 D SurfaceFlinger:      DEVICE | 0x7843dbc6f0 | 0100 | RGBA_8888    |    0.0    0.0   67.0  416.0 |    0  814   67 1230 | com.samsung.android.app.cocktailbars[...]arservice.CocktailBarService$_8198#0
10-28 12:55:46.934   620   620 D SurfaceFlinger:      DEVICE | 0x7843dbe0d0 | 0100 | RGBA_8888    |    0.0    0.0 1080.0  126.0 |    0 2154 1080 2280 | NavigationBar0$_1348#0
10-28 12:55:46.934   620   620 D SurfaceFlinger:
10-28 12:55:46.947 17800 17800 D LifecycleMonitor: Lifecycle status change: androidx.test.core.app.InstrumentationActivityInvoker$BootstrapActivity@f40815b in: STOPPED
10-28 12:55:46.948   620   620 I Layer   : id=204993 removeFromCurrentState Surface(name=Task=1)/@0x4cdbfdb - animation-leash of app_transition#0 (177)
10-28 12:55:46.948 17800 17800 V ActivityScenario: Activity lifecycle changed event received but ignored because the intent does not match. startActivityIntent=Intent { act=android.intent.action.MAIN cat=[android.intent.category.LAUNCHER] cmp=com.example.lunchtray/androidx.fragment.app.testing.FragmentScenario$EmptyFragmentActivity (has extras) }, activity.getIntent()=Intent { act=android.intent.action.MAIN cat=[android.intent.category.LAUNCHER] flg=0x10008000 cmp=com.example.lunchtray/androidx.test.core.app.InstrumentationActivityInvoker$BootstrapActivity (has extras) }, activity=androidx.test.core.app.InstrumentationActivityInvoker$BootstrapActivity@f40815b
10-28 12:55:46.948   620   620 I Layer   : id=204994 removeFromCurrentState Surface(name=Task=30468)/@0x9331daa - animation-leash of app_transition#0 (177)
10-28 12:55:46.948 17800 17800 V ActivityScenario: Activity lifecycle changed event received but ignored because the intent does not match. startActivityIntent=Intent { act=android.intent.action.MAIN cat=[android.intent.category.LAUNCHER] cmp=com.example.lunchtray/androidx.fragment.app.testing.FragmentScenario$EmptyFragmentActivity (has extras) }, activity.getIntent()=Intent { act=android.intent.action.MAIN cat=[android.intent.category.LAUNCHER] flg=0x10008000 cmp=com.example.lunchtray/androidx.test.core.app.InstrumentationActivityInvoker$BootstrapActivity (has extras) }, activity=androidx.test.core.app.InstrumentationActivityInvoker$BootstrapActivity@f40815b
10-28 12:55:46.948 17800 17800 V ActivityScenario: Activity lifecycle changed event received but ignored because the intent does not match. startActivityIntent=Intent { act=android.intent.action.MAIN cat=[android.intent.category.LAUNCHER] cmp=com.example.lunchtray/androidx.fragment.app.testing.FragmentScenario$EmptyFragmentActivity (has extras) }, activity.getIntent()=Intent { act=android.intent.action.MAIN cat=[android.intent.category.LAUNCHER] flg=0x10008000 cmp=com.example.lunchtray/androidx.test.core.app.InstrumentationActivityInvoker$BootstrapActivity (has extras) }, activity=androidx.test.core.app.InstrumentationActivityInvoker$BootstrapActivity@f40815b
10-28 12:55:46.948   620   620 I SurfaceFlinger: id=204994 Removed Surface(name=Task=30468)/@0x9331daa - animation-leash of app_transition#0 (177)
10-28 12:55:46.948   620   620 I SurfaceFlinger: id=204993 Removed Surface(name=Task=1)/@0x4cdbfdb - animation-leash of app_transition#0 (177)
10-28 12:55:46.948 17800 17800 V ActivityScenario: Activity lifecycle changed event received but ignored because the intent does not match. startActivityIntent=Intent { act=android.intent.action.MAIN cat=[android.intent.category.LAUNCHER] cmp=com.example.lunchtray/androidx.fragment.app.testing.FragmentScenario$EmptyFragmentActivity (has extras) }, activity.getIntent()=Intent { act=android.intent.action.MAIN cat=[android.intent.category.LAUNCHER] flg=0x10008000 cmp=com.example.lunchtray/androidx.test.core.app.InstrumentationActivityInvoker$BootstrapActivity (has extras) }, activity=androidx.test.core.app.InstrumentationActivityInvoker$BootstrapActivity@f40815b
10-28 12:55:46.948   620   620 I Layer   : id=204993 Destroyed Surface(name=Task=1)/@0x4cdbfdb - animation-leash of app_transition#0
10-28 12:55:46.948 17800 17800 V ActivityScenario: Activity lifecycle changed event received but ignored because the intent does not match. startActivityIntent=Intent { act=android.intent.action.MAIN cat=[android.intent.category.LAUNCHER] cmp=com.example.lunchtray/.MainActivity }, activity.getIntent()=Intent { act=android.intent.action.MAIN cat=[android.intent.category.LAUNCHER] flg=0x10008000 cmp=com.example.lunchtray/androidx.test.core.app.InstrumentationActivityInvoker$BootstrapActivity (has extras) }, activity=androidx.test.core.app.InstrumentationActivityInvoker$BootstrapActivity@f40815b
10-28 12:55:46.948   620   620 I Layer   : id=204994 Destroyed Surface(name=Task=30468)/@0x9331daa - animation-leash of app_transition#0
10-28 12:55:46.948 17800 17800 V ActivityScenario: Activity lifecycle changed event received but ignored because the intent does not match. startActivityIntent=Intent { act=android.intent.action.MAIN cat=[android.intent.category.LAUNCHER] cmp=com.example.lunchtray/.MainActivity }, activity.getIntent()=Intent { act=android.intent.action.MAIN cat=[android.intent.category.LAUNCHER] flg=0x10008000 cmp=com.example.lunchtray/androidx.test.core.app.InstrumentationActivityInvoker$BootstrapActivity (has extras) }, activity=androidx.test.core.app.InstrumentationActivityInvoker$BootstrapActivity@f40815b
10-28 12:55:46.948 17800 17800 V ActivityScenario: Activity lifecycle changed event received but ignored because the intent does not match. startActivityIntent=Intent { act=android.intent.action.MAIN cat=[android.intent.category.LAUNCHER] cmp=com.example.lunchtray/.MainActivity }, activity.getIntent()=Intent { act=android.intent.action.MAIN cat=[android.intent.category.LAUNCHER] flg=0x10008000 cmp=com.example.lunchtray/androidx.test.core.app.InstrumentationActivityInvoker$BootstrapActivity (has extras) }, activity=androidx.test.core.app.InstrumentationActivityInvoker$BootstrapActivity@f40815b
10-28 12:55:46.952   954  3954 V WindowManager: Relayout Window{4ad90e6 u0 com.sec.android.app.launcher/com.sec.android.app.launcher.activities.LauncherActivity}: viewVisibility=8 req=1080x2280 d0
10-28 12:55:46.954   954  3954 V WindowManager: Relayout hash=4ad90e6, pid=26660: mAttrs={(0,0)(fillxfill) sim={adjust=nothing} layoutInDisplayCutoutMode=shortEdges ty=BASE_APPLICATION fmt=TRANSPARENT wanim=0x10302f2
10-28 12:55:46.954   954  3954 V WindowManager:   fl=81910100
10-28 12:55:46.954   954  3954 V WindowManager:   pfl=1e020040
10-28 12:55:46.954   954  3954 V WindowManager:   vsysui=1700
10-28 12:55:46.954   954  3954 V WindowManager:   bhv=SHOW_TRANSIENT_BARS_BY_SWIPE
10-28 12:55:46.954   954  3954 V WindowManager:   fitSides= naviIconColor=0}
10-28 12:55:46.955 26660 26660 I ViewRootImpl@623994e[LauncherActivity]: Relayout returned: old=(0,0,1080,2280) new=(0,0,1080,2280) req=(1080,2280)8 dur=2 res=0x5 s={false 0} ch=true fn=26
10-28 12:55:46.955 26660 26660 I ViewRootImpl@623994e[LauncherActivity]: stopped(true) old=false
10-28 12:55:46.955 26660 26660 I BaseActivity: removeActivityFlags, flags : 17
10-28 12:55:46.956 26660 26660 W LauncherAppWidgetHost: setShouldListenFlag, mFlags:7 flag:start on:false isFront:false
10-28 12:55:46.956 26660 26792 I IMM_LC  : hsifw() - flags=0, caller=android.view.inputmethod.InputMethodManager.hideSoftInputFromWindow:1846 android.view.inputmethod.InputMethodManager.hideSoftInputFromWindow:1815 com.android.launcher3.util.UiThreadHelper$UiCallbacks.handleMessage:103 android.os.Handler.dispatchMessage:102 android.os.Looper.loopOnce:226
10-28 12:55:46.956 26660 26792 I IMM_LC  : hideSoftInputFromWindow - mService.hideSoftInput
10-28 12:55:46.956   954  3936 I AppWidgetServiceImpl: stopListening callbacks : null
10-28 12:55:46.956 26660 26660 W LauncherAppWidgetHost: stopListening, mFlags:2 isFront:false
10-28 12:55:46.956 26660 26660 W Launcher.NotificationListener: removeNotificationsChangedListener
10-28 12:55:46.956 26660 26660 I BadgeCountUpdaterImpl: onNotificationsChangedDisConnected
10-28 12:55:46.956 26660 26660 I Launcher.NotificationListener: unregisterObserver, this is not notificationService!!
10-28 12:55:46.956 26660 26792 I LiveIconUpdateEventHandler: LiveIcon onStop
10-28 12:55:46.956 26660 26792 I LiveIconUpdateEventHandler: cancelMinuteChangeAlarm
10-28 12:55:46.957   954  1024 I libprocessgroup: Successfully killed process cgroup uid 10814 pid 18254 in 12ms
10-28 12:55:46.958 26660 26792 I LiveIconUpdateEventHandler: cancelDateChangeAlarm
10-28 12:55:46.958 26660 26792 I LiveIconUpdateEventHandler: unregisterReceiver
10-28 12:55:46.964   620   620 D Layer   : setBackgroundBlurRadius ## OneUiHome-BlurLayer#0, backgroundBlurRadius=0
10-28 12:55:46.964   620   620 I SurfaceFlinger: id=204981 Removed OneUiHome-BlurLayer#0 (175)
10-28 12:55:46.964   511   511 E audit   : type=1400 audit(1666954546.957:342406): avc:  denied  { read } for  pid=18336 comm="EnsureDelegate" name="zoneinfo" dev="proc" ino=4026531860 scontext=u:r:untrusted_app:s0:c24,c259,c512,c768 tcontext=u:object_r:proc_zoneinfo:s0 tclass=file permissive=0 SEPF_SM-G973F_12_0001 audit_filtered
10-28 12:55:46.964   511   511 E audit   : type=1300 audit(1666954546.957:342406): arch=c00000b7 syscall=56 success=no exit=-13 a0=ffffff9c a1=767d259510 a2=0 a3=0 items=0 ppid=531 pid=18336 auid=4294967295 uid=10792 gid=10792 euid=10792 suid=10792 fsuid=10792 egid=10792 sgid=10792 fsgid=10792 tty=(none) ses=4294967295 comm="EnsureDelegate" exe="/system/bin/app_process64" subj=u:r:untrusted_app:s0:c24,c259,c512,c768 key=(null)
10-28 12:55:46.965   511   511 E audit   : type=1327 audit(1666954546.957:342406): proctitle="com.facebook.orca"
10-28 12:55:46.970   566 18334 I HYPER-HAL: [RequestManager.cpp]releaseLocked(): Released ID : 473870
10-28 12:55:46.974 18336 18357 W lacrima : Start JavaAppDeathCrashDetector... X.0Uq
10-28 12:55:46.979 18336 18357 W lacrima : Sending pending reports
10-28 12:55:46.981   620   620 I Layer   : id=204978 removeFromCurrentState com.sec.android.app.launcher/com.sec.android.app.launcher.activities.LauncherActivity$_26660#0 (175)
10-28 12:55:46.981   620   620 I Layer   : id=204981 removeFromCurrentState OneUiHome-BlurLayer#0 (175)
10-28 12:55:46.981   620   620 I SurfaceFlinger: id=204978 Removed com.sec.android.app.launcher/com.sec.android.app.launcher.activities.LauncherActivity$_26660#0 (175)
10-28 12:55:46.982   620   620 I Layer   : id=204978 Destroyed com.sec.android.app.launcher/com.sec.android.app.launcher.activities.LauncherActivity$_26660#0
10-28 12:55:46.982   620   620 I Layer   : id=204981 Destroyed OneUiHome-BlurLayer#0
10-28 12:55:46.991 18336 18357 W MessengerLacrimaConfig: MessengerLacrimaConfig.earlyNativeInit
10-28 12:55:47.003   511   511 E audit   : type=1400 audit(1666954546.997:342407): avc:  granted  { execute } for  pid=18336 comm="EnsureDelegate" path="/data/data/com.facebook.orca/lib-compressed/libbreakpad.so" dev="sda31" ino=3283522 scontext=u:r:untrusted_app:s0:c24,c259,c512,c768 tcontext=u:object_r:app_data_file:s0:c24,c259,c512,c768 tclass=file SEPF_SM-G973F_12_0001 audit_filtered
10-28 12:55:47.003   511   511 E audit   : type=1300 audit(1666954546.997:342407): arch=c00000b7 syscall=222 success=yes exit=508125429760 a0=764ea2c000 a1=18b80 a2=5 a3=12 items=0 ppid=531 pid=18336 auid=4294967295 uid=10792 gid=10792 euid=10792 suid=10792 fsuid=10792 egid=10792 sgid=10792 fsgid=10792 tty=(none) ses=4294967295 comm="EnsureDelegate" exe="/system/bin/app_process64" subj=u:r:untrusted_app:s0:c24,c259,c512,c768 key=(null)
10-28 12:55:47.003   511   511 E audit   : type=1327 audit(1666954546.997:342407): proctitle="com.facebook.orca"
10-28 12:55:47.017 18336 18367 D fb-distract: Distracting /apex/com.android.runtime/lib64/bionic/libc.so!kill (0x0x7963158fe0) with /data/data/com.facebook.orca/lib-compressed/libappstatelogger2.so!<unknown> (0x0x764e972c8c)
10-28 12:55:47.018 18336 18367 D fb-distract: Distracting /apex/com.android.runtime/lib64/bionic/libc.so!raise (0x0x79631178a8) with /data/data/com.facebook.orca/lib-compressed/libappstatelogger2.so!<unknown> (0x0x764e972ccc)
10-28 12:55:47.018 18336 18367 D fb-distract: Distracting /apex/com.android.runtime/lib64/bionic/libc.so!pthread_kill (0x0x796316e680) with /data/data/com.facebook.orca/lib-compressed/libappstatelogger2.so!<unknown> (0x0x764e972d24)
10-28 12:55:47.018 18336 18367 D fb-distract: Distracting /apex/com.android.runtime/lib64/bionic/libc.so!killpg (0x0x7963113e78) with /data/data/com.facebook.orca/lib-compressed/libappstatelogger2.so!<unknown> (0x0x764e972d58)
10-28 12:55:47.018 18336 18367 D fb-distract: Distracting /apex/com.android.runtime/lib64/bionic/libc.so!tgkill (0x0x7963159000) with /data/data/com.facebook.orca/lib-compressed/libappstatelogger2.so!<unknown> (0x0x764e972dc0)
10-28 12:55:47.018 18336 18367 D fb-distract: Distracting /apex/com.android.runtime/lib64/bionic/libc.so!_Exit (0x0x796315a4c0) with /data/data/com.facebook.orca/lib-compressed/libappstatelogger2.so!<unknown> (0x0x764e972dfc)
10-28 12:55:47.020 17800 17800 I ViewInteraction: Performing 'single click' action on view view.getId() is <2131230844/com.example.lunchtray:id/cauliflower>
10-28 12:55:47.021   954  3936 D InputDispatcher: Inject motion (17800): action=0x0, time=851595815000000, f=0x0, d=0
10-28 12:55:47.021   954  1162 I InputDispatcher: Delivering touch to (1348): action: 0x4, f=0x0, d=0, 'be23078', t=0
10-28 12:55:47.021   954  1162 I InputDispatcher: Delivering touch to (17800): action: 0x0, f=0x0, d=0, 'a44a105', t=0
10-28 12:55:47.021 18336 18367 W lacrima : The minidump file is empty!
10-28 12:55:47.022 17800 17800 I ViewRootImpl@1c4c5ad[MainActivity]: ViewPostIme pointer 0
10-28 12:55:47.022  3825  3825 I SemDvfsHyPerManager: acquire hyper - BaseTABoost/3825@21, type = 1090523139
10-28 12:55:47.022  3825  3825 I SemDvfsHyPerManager: acquire hyper - BaseTAToouchBoost/3825@23, type = 1090523139
10-28 12:55:47.023   566   611 I HYPER-HAL: [RequestManager.cpp]acquire(): Acquired ID : 7397802  [3825 / 21]    HINT :      list : [TABoost / 5]
10-28 12:55:47.023   566   611 I HYPER-HAL: [RequestManager.cpp]acquire(): Acquired ID : 7405499  [3825 / 23]    HINT :      list : [TABoost / 20] [TIMEOUT / 1500]
10-28 12:55:47.024 18336 18367 W lacrima : Start AnrAppDeathDetector... X.0JR
10-28 12:55:47.035   954  3936 D ConnectivityService: ConnectivityService NetworkRequestInfo binderDied(uid/pid:10814/18254, android.os.BinderProxy@126bf74)
10-28 12:55:47.035   954  1197 D ConnectivityService: releasing NetworkRequest [ REQUEST id=38334, [ Capabilities: INTERNET&NOT_RESTRICTED&TRUSTED&NOT_VCN_MANAGED Uid: 10814 RequestorUid: 10814 RequestorPkg: org.telegram.messenger] ] (release request)
10-28 12:55:47.035   954  1197 D ConnectivityService:  Removing from current network [245 WIFI], leaving 173 requests.
10-28 12:55:47.036 18336 18357 W DexLibLoader: disabling background optimization
10-28 12:55:47.036   531   531 I Zygote  : Process 18254 exited due to signal 9 (Killed)
10-28 12:55:47.037  1341  1341 D HidDeviceService: handleMessage(): msg.what=8
10-28 12:55:47.037   954  2750 D PkgPredictorService-IpmNapPreloadController: app:0_&_org.telegram.messenger die, remove from <launchTime:2022-10-28 12:55:46 hour:12 day:6 previous:[com.example.lunchtray, com.example.lunchtray, com.example.lunchtray] running:com.example.lunchtray/com.example.lunchtray.MainActivity apkVersion:1.0 userId:0 screenOrientation:1 wifi:3 bt:12 predictTime:7 launching Time:159 predicted:false prediction:[0_&_org.telegram.messenger, 0_&_com.facebook.orca, 0_&_com.instagram.android] preloaded:false preloading:[0_&_org.telegram.messenger, 0_&_com.facebook.orca]>
10-28 12:55:47.045 18336 18357 W dalvik-internals: sigaction64 succeeded
10-28 12:55:47.054 18336 18357 D dalvik-internals: SuspendAndroid11: Found all symbols
10-28 12:55:47.054 18336 18357 D dalvik-internals: SuspendAndroid11: Suspending threads.
10-28 12:55:47.055 18336 18357 D dalvik-internals: SuspendAndroid11: Resuming threads.
10-28 12:55:47.055 18336 18357 W dalvik-internals: ignoring failure to find _ZN3art12FaultManager35EnsureArtActionInFrontOfSignalChainEv: could not hook _ZN3art12FaultManager35EnsureArtActionInFrontOfSignalChainEv
10-28 12:55:47.055 18336 18357 D fb-distract: Distracting /apex/com.android.art/lib64/libsigchain.so!signal (0x0x795d5b4838) with /data/data/com.facebook.orca/lib-compressed/libdexload.so!<unknown> (0x0x75d4110ee4)
10-28 12:55:47.055 18336 18357 V dalvik-internals: hooked signal using trap ()
10-28 12:55:47.055 18336 18357 D fb-distract: Distracting /apex/com.android.art/lib64/libsigchain.so!sigaction (0x0x795d5b4548) with /data/data/com.facebook.orca/lib-compressed/libdexload.so!<unknown> (0x0x75d4111060)
10-28 12:55:47.055 18336 18357 V dalvik-internals: hooked sigaction using trap ()
10-28 12:55:47.055 18336 18357 D dalvik-internals: SuspendAndroid11: Found all symbols
10-28 12:55:47.055 18336 18357 D dalvik-internals: SuspendAndroid11: Suspending threads.
10-28 12:55:47.056 18336 18357 V dalvik-internals: Hooking function _ZN3art11annotations16GetLineNumFromPCEPKNS_7DexFileEPNS_9ArtMethodEj
10-28 12:55:47.056 18336 18357 D fb-distract: Distracting /apex/com.android.art/lib64/libart.so!_ZN3art11annotations16GetLineNumFromPCEPKNS_7DexFileEPNS_9ArtMethodEj (0x0x766bcfea20) with /data/data/com.facebook.orca/lib-compressed/libdexload.so!<unknown> (0x0x75d4111750)
10-28 12:55:47.057 18336 18357 V dalvik-internals: hooked _ZN3art11annotations16GetLineNumFromPCEPKNS_7DexFileEPNS_9ArtMethodEj using jump ()
10-28 12:55:47.057 18336 18357 D dalvik-internals: SuspendAndroid11: Resuming threads.
10-28 12:55:47.062   954  3936 D InputDispatcher: Inject motion (17800): action=0x1, time=851595856000000, f=0x0, d=0
10-28 12:55:47.062   954  1162 I InputDispatcher: Delivering touch to (17800): action: 0x1, f=0x0, d=0, 'a44a105', t=1
10-28 12:55:47.062   954  1253 D SemNscXgbMsL1: Probability - Cloud gaming: [0.11605644]
10-28 12:55:47.062   954  1253 D SemNscXgbMsL1: Probability - Real time: [0.013144242]
10-28 12:55:47.062 17800 17800 I ViewRootImpl@1c4c5ad[MainActivity]: ViewPostIme pointer 1
10-28 12:55:47.062   954  1253 D SemNscXgbMsL1: Probability - Non real time: [0.9191857]
10-28 12:55:47.062   954  1253 D SemNscXgbMsL1: 1 sample inference time: 0.268 msecs
10-28 12:55:47.063   954  1253 D SemNscXgbL2Rt: L2 RT 1 sample inference time: 0.280538 msecs
10-28 12:55:47.063   954  1253 D SemNscXgbL2Nrt: L2 NRT 1 sample inference time: 0.276423 msecs
10-28 12:55:47.064 18336 18357 W MultiDexClassLoader: unable to use native MDCL: falling back to Java impl
10-28 12:55:47.064 18336 18357 W MultiDexClassLoader: java.lang.RuntimeException: Invalid API Level
10-28 12:55:47.064 18336 18357 W MultiDexClassLoader: 	at com.facebook.common.dextricks.MultiDexClassLoaderArtNative.init(Native Method)
10-28 12:55:47.064 18336 18357 W MultiDexClassLoader: 	at com.facebook.common.dextricks.MultiDexClassLoaderArtNative.<init>(:60)
10-28 12:55:47.064 18336 18357 W MultiDexClassLoader: 	at com.facebook.common.dextricks.MultiDexClassLoader.createMultiDexClassLoader(:56)
10-28 12:55:47.064 18336 18357 W MultiDexClassLoader: 	at com.facebook.common.dextricks.MultiDexClassLoader.install(:93)
10-28 12:55:47.064 18336 18357 W MultiDexClassLoader: 	at com.facebook.common.dextricks.DexStore.loadDexFiles(:89)
10-28 12:55:47.064 18336 18357 W MultiDexClassLoader: 	at com.facebook.common.dextricks.DexStore.loadAllImpl(:638)
10-28 12:55:47.064 18336 18357 W MultiDexClassLoader: 	at com.facebook.common.dextricks.DexStore.loadAll(:1)
10-28 12:55:47.064 18336 18357 W MultiDexClassLoader: 	at com.facebook.common.dextricks.DexLibLoader.loadAllImpl(:142)
10-28 12:55:47.064 18336 18357 W MultiDexClassLoader: 	at com.facebook.common.dextricks.DexLibLoader.loadAll(:9)
10-28 12:55:47.064 18336 18357 W MultiDexClassLoader: 	at com.facebook.common.dextricks.DexLibLoader.loadAll(:268435460)
10-28 12:55:47.064 18336 18357 W MultiDexClassLoader: 	at X.0Qu.ANr(:1271)
10-28 12:55:47.064 18336 18357 W MultiDexClassLoader: 	at X.0Rb.run(:2)
10-28 12:55:47.067 18336 18357 W DexLibLoader: Comparing new 1666949910392 to old 1666949910392
10-28 12:55:47.069 18336 18367 W MessengerLacrimaConfig: MessengerLacrimaConfig.laterInit
10-28 12:55:47.071 18336 18367 W lacrima : Start AnrDetector... com.facebook.acra.anr.multisignal.MultiSignalANRDetector
10-28 12:55:47.071 18336 18367 W MultiSignalANRDetectorLacrima: Starting
10-28 12:55:47.071 18336 18367 W ProcessAnrErrorMonitor: startMonitoring with delay: 0
10-28 12:55:47.091 18336 18376 W ProcessAnrErrorMonitor: Starting process monitor checks for process 'com.facebook.orca'
10-28 12:55:47.091 18336 18376 W MultiSignalANRDetectorLacrima: Started monitoring
10-28 12:55:47.092 18336 18358 W ComponentDiscovery: Class com.google.firebase.dynamicloading.DynamicLoadingRegistrar is not an found.
10-28 12:55:47.096 18336 18367 D fb-distract: Distracting /apex/com.android.runtime/lib64/bionic/libc.so!abort (0x0x796310a2b8) with /data/data/com.facebook.orca/lib-compressed/libreliabilitymerged.so!<unknown> (0x0x764ff6887c)
10-28 12:55:47.096 18336 18367 D fb-distract: Distracting /system/lib64/liblog.so!__android_log_assert (0x0x7970ab4d08) with /data/data/com.facebook.orca/lib-compressed/libreliabilitymerged.so!<unknown> (0x0x764ff68728)
10-28 12:55:47.097 18336 18367 D fb-distract: Distracting /apex/com.android.runtime/lib64/bionic/libc.so!android_set_abort_message (0x0x7963105c80) with /data/data/com.facebook.orca/lib-compressed/libreliabilitymerged.so!<unknown> (0x0x764ff68490)
10-28 12:55:47.118 18336 18367 W NightwatchConfig: saveExitStatus true, useMmap true, monitorResources true, tickInfo 0, detectLmkd false, needNightWatch true
10-28 12:55:47.142 18336 18375 W SigquitDetectorLacrima: nativeInit
10-28 12:55:47.150 18336 18367 D Nightwatch: Got fb jni native method for com/facebook/errorreporting/nightwatch/Nightwatch$NightwatchNative.nRecordDataInNightWatch (JI)I with native method: recordDataInNightWatch (0x764fccef1c). try use crit jni: no try use fast jni: no Used crit: no Used fast: no Used norm: yes crit jni supported: yes fast jni supported: no config is fast: no config is crit: no
10-28 12:55:47.150 18336 18367 D Nightwatch: Got fb jni native method for com/facebook/errorreporting/nightwatch/Nightwatch$NightwatchNative.nRecordTickInNightWatch (JJJJ)I with native method: recordTickInNightWatch (0x764fccef18). try use crit jni: no try use fast jni: no Used crit: no Used fast: no Used norm: yes crit jni supported: yes fast jni supported: no config is fast: no config is crit: no
10-28 12:55:47.150 18336 18367 D Nightwatch: Got fb jni native method for com/facebook/errorreporting/nightwatch/Nightwatch$NightwatchNative.nSaveResourceData ()Z with native method: saveResourceData (0x764fccef00). try use crit jni: no try use fast jni: no Used crit: no Used fast: no Used norm: yes crit jni supported: yes fast jni supported: no config is fast: no config is crit: no
10-28 12:55:47.150 18336 18367 D _FB_    : Registering method com/facebook/errorreporting/nightwatch/Nightwatch$NightwatchNative.nRecordDataInNightWatch (JI)I with native method: recordDataInNightWatch (0x764fccef1c)
10-28 12:55:47.150 18336 18367 D _FB_    : Succeeded registering method com/facebook/errorreporting/nightwatch/Nightwatch$NightwatchNative.nRecordDataInNightWatch (JI)I with native method: recordDataInNightWatch (0x764fccef1c)
10-28 12:55:47.150 18336 18367 D _FB_    : Registering method com/facebook/errorreporting/nightwatch/Nightwatch$NightwatchNative.nRecordTickInNightWatch (JJJJ)I with native method: recordTickInNightWatch (0x764fccef18)
10-28 12:55:47.150 18336 18367 D _FB_    : Succeeded registering method com/facebook/errorreporting/nightwatch/Nightwatch$NightwatchNative.nRecordTickInNightWatch (JJJJ)I with native method: recordTickInNightWatch (0x764fccef18)
10-28 12:55:47.150 18336 18367 D _FB_    : Registering method com/facebook/errorreporting/nightwatch/Nightwatch$NightwatchNative.nSaveResourceData ()Z with native method: saveResourceData (0x764fccef00)
10-28 12:55:47.150 18336 18367 D _FB_    : Succeeded registering method com/facebook/errorreporting/nightwatch/Nightwatch$NightwatchNative.nSaveResourceData ()Z with native method: saveResourceData (0x764fccef00)
10-28 12:55:47.151 18336 18367 D Nightwatch: Starting NightWatch. Using fast [yes] or critical [yes] native methods
10-28 12:55:47.151 18336 18367 D Nightwatch: NightWatch using: Binary path: /data/app/~~gGKxs4-vdAFYFZZ0Fk4dug==/com.facebook.orca-YrzPqbUUeHsoJUQxcYcCTg==/lib/arm64/libwatcher_binary.so log path: /data/data/com.facebook.orca/app_errorreporting/sess__000001204-1666954546928-caf340a6-38b1-0ff0-57aa-fbe3383a9351/nightwatch.txt
10-28 12:55:47.151 18336 18367 D Nightwatch: Got fb jni native method for com/facebook/errorreporting/nightwatch/NightwatchOreo.nRecordDataInNightWatch (IIJI)I with native method: recordDataInNightWatch_64_type_adaptor__ ::adaptor_func (0x764fccef3c). try use crit jni: yes try use fast jni: no Used crit: yes Used fast: no Used norm: no crit jni supported: yes fast jni supported: no config is fast: no config is crit: yes
