10-28 12:55:58.660   620   620 I Layer   : id=205132 removeFromCurrentState Surface(name=76a507c Splash Screen com.example.lunchtray)/@0x5d94b62 - animation-leash of window_animation#0 (182)
10-28 12:55:58.660   620   620 I SurfaceFlinger: id=205119 Removed 76a507c Splash Screen com.example.lunchtray#0 (182)
10-28 12:55:58.660   620   620 I SurfaceFlinger: id=205120 Removed Splash Screen com.example.lunchtray$_1348#0 (182)
10-28 12:55:58.660   620   620 I SurfaceFlinger: id=205132 Removed Surface(name=76a507c Splash Screen com.example.lunchtray)/@0x5d94b62 - animation-leash of window_animation#0 (182)
10-28 12:55:58.660 18961 18961 W egram.messenge: Entry not found
10-28 12:55:58.660   620   620 I Layer   : id=205132 Destroyed Surface(name=76a507c Splash Screen com.example.lunchtray)/@0x5d94b62 - animation-leash of window_animation#0
10-28 12:55:58.660   620   620 I Layer   : id=205119 Destroyed 76a507c Splash Screen com.example.lunchtray#0
10-28 12:55:58.661 18961 18961 W egram.messenge: Entry not found
10-28 12:55:58.662   620   620 I Layer   : id=205120 Destroyed Splash Screen com.example.lunchtray$_1348#0
10-28 12:55:58.662 18961 18961 W egram.messenge: Entry not found
10-28 12:55:58.664   620   620 D SurfaceFlinger: Display 0 HWC layers:
10-28 12:55:58.664   620   620 D SurfaceFlinger:      CLIENT | 0x7843da8ad0 | 0100 | RGBx_8888    |  589.0    0.0 1651.0 2240.0 |    0    0 1080 2280 | Wallpaper BBQ wrapper#0
10-28 12:55:58.664   620   620 D SurfaceFlinger:      CLIENT |              | 0000 |  Unknown  |    0.0    0.0    0.0    0.0 |    0    0 1080 2280 | OneUiHome-BlurLayer#0 (backgroundBlurRadius)
10-28 12:55:58.664   620   620 D SurfaceFlinger:      DEVICE | 0x7843d97a90 | 0100 | RGBA_8888    |    0.0    0.0 1080.0 2280.0 |    0    0 1080 2280 | com.sec.android.app.launcher/com.sec[...]activities.LauncherActivity$_26660#0
10-28 12:55:58.664   620   620 D SurfaceFlinger:      DEVICE | 0x7843da6010 | 0102 | RGBA_8888    |    0.0    0.0 1080.0 2280.0 |    8   18 1072 2262 | com.example.lunchtray/androidx.fragm[...]nario$EmptyFragmentActivity$_17800#0
10-28 12:55:58.664   620   620 D SurfaceFlinger:      DEVICE | 0x7843dbca50 | 0100 | RGBA_8888    |    0.0    0.0 1080.0  112.0 |    0    0 1080  112 | StatusBar$_1348#0
10-28 12:55:58.664   620   620 D SurfaceFlinger:      DEVICE | 0x7843dbc6f0 | 0100 | RGBA_8888    |    0.0    0.0   67.0  416.0 |    0  814   67 1230 | com.samsung.android.app.cocktailbars[...]arservice.CocktailBarService$_8198#0
10-28 12:55:58.664   620   620 D SurfaceFlinger:      DEVICE | 0x7843db1bf0 | 0100 | RGBA_8888    |    0.0    0.0
10-28 12:55:58.664   620   620 D SurfaceFlinger: 1080.0  126.0 |    0 2154 1080 2280 | NavigationBar0$_1348#0
10-28 12:55:58.664   620   620 D SurfaceFlinger:
10-28 12:55:58.670 18961 18961 W egram.messenge: JIT profile information will not be recorded: profile file does not exist.
10-28 12:55:58.670 18961 18961 W egram.messenge: JIT profile information will not be recorded: profile file does not exist.
10-28 12:55:58.670 18961 18961 W egram.messenge: JIT profile information will not be recorded: profile file does not exist.
10-28 12:55:58.670 18961 18961 W egram.messenge: JIT profile information will not be recorded: profile file does not exist.
10-28 12:55:58.684 18961 18961 V GraphicsEnvironment: ANGLE Developer option for 'org.telegram.messenger' set to: 'default'
10-28 12:55:58.684 18961 18961 V GraphicsEnvironment: App is not on the allowlist for updatable production driver.
10-28 12:55:58.693 18961 18961 D NetworkSecurityConfig: No Network Security Config specified, using platform default
10-28 12:55:58.711 18961 18961 D NetworkSecurityConfig: No Network Security Config specified, using platform default
10-28 12:55:58.712 18961 18961 I MultiDex: VM with version 2.1.0 has multidex support
10-28 12:55:58.712 18961 18961 I MultiDex: Installing application
10-28 12:55:58.712 18961 18961 I MultiDex: VM has multidex support, MultiDex support library is disabled.
10-28 12:55:58.719 18961 18961 I FirebaseApp: Device unlocked: initializing all Firebase APIs for app [DEFAULT]
10-28 12:55:58.726 18961 18961 I FirebaseInitProvider: FirebaseApp initialization successful
10-28 12:55:58.738   566 18951 I HYPER-HAL: [RequestManager.cpp]releaseLocked(): Released ID : 486623
10-28 12:55:58.740 18961 18998 W egram.messenge: Accessing hidden field Ljava/util/Collections$SynchronizedCollection;->mutex:Ljava/lang/Object; (max-target-o, reflection, denied)
10-28 12:55:58.740 18961 18998 W egram.messenge: Accessing hidden method Ljava/util/Collections$SynchronizedSet;-><init>(Ljava/util/Set;Ljava/lang/Object;)V (max-target-o, reflection, denied)
10-28 12:55:58.740 18961 18998 W egram.messenge: Accessing hidden method Ljava/util/Collections$SynchronizedCollection;-><init>(Ljava/util/Collection;Ljava/lang/Object;)V (max-target-o, reflection, denied)
10-28 12:55:58.782  8198  8198 I Utils   : isCurrentUser current = 0, ownerId = 0
10-28 12:55:58.782  8198  8198 I TrayVisibilityController: getComputedTrayVisible : keyguardState = 1
10-28 12:55:58.782  8198  8198 I TrayVisibilityController: updateTrayVisible: State=1 visible=1 mCurrentVisible=1 specificMode=0
10-28 12:55:58.782  8198  8198 I TrayStateController: onNotifyUpdateTray: state=0
10-28 12:55:58.795 26660 26660 I ViewRootImpl@623994e[LauncherActivity]: handleAppVisibility mAppVisible=true visible=false
10-28 12:55:58.795  1348  3766 D WallpaperService: dispatchAppVisibility onVisibilityChanged(): false
10-28 12:55:58.795  1348  1348 D WallpaperService: reportVisibility onVisibilityChanged visible: false
10-28 12:55:58.795  1348  1535 I ImageWallpaper:  onVisibilityChanged false , 0
10-28 12:55:58.797   620   620 D SurfaceFlinger: Display 0 HWC layers:
10-28 12:55:58.797   620   620 D SurfaceFlinger:      DEVICE | 0x7843da6010 | 0102 | RGBA_8888    |    0.0    0.0 1080.0 2280.0 |    0    0 1080 2280 | com.example.lunchtray/androidx.fragm[...]nario$EmptyFragmentActivity$_17800#0
10-28 12:55:58.797   620   620 D SurfaceFlinger:      DEVICE | 0x7843dbca50 | 0100 | RGBA_8888    |    0.0    0.0 1080.0  112.0 |    0    0 1080  112 | StatusBar$_1348#0
10-28 12:55:58.797   620   620 D SurfaceFlinger:      DEVICE | 0x7843dbc6f0 | 0100 | RGBA_8888    |    0.0    0.0   67.0  416.0 |    0  814   67 1230 | com.samsung.android.app.cocktailbars[...]arservice.CocktailBarService$_8198#0
10-28 12:55:58.797   620   620 D SurfaceFlinger:      DEVICE | 0x7843dbe0d0 | 0100 | RGBA_8888    |    0.0    0.0 1080.0  126.0 |    0 2154 1080 2280 | NavigationBar0$_1348#0
10-28 12:55:58.797   620   620 D SurfaceFlinger:
10-28 12:55:58.802 17800 17800 D LifecycleMonitor: Lifecycle status change: androidx.test.core.app.InstrumentationActivityInvoker$BootstrapActivity@a6af6e5 in: STOPPED
10-28 12:55:58.802 17800 17800 V ActivityScenario: Activity lifecycle changed event received but ignored because the intent does not match. startActivityIntent=Intent { act=android.intent.action.MAIN cat=[android.intent.category.LAUNCHER] cmp=com.example.lunchtray/androidx.fragment.app.testing.FragmentScenario$EmptyFragmentActivity (has extras) }, activity.getIntent()=Intent { act=android.intent.action.MAIN cat=[android.intent.category.LAUNCHER] flg=0x10008000 cmp=com.example.lunchtray/androidx.test.core.app.InstrumentationActivityInvoker$BootstrapActivity (has extras) }, activity=androidx.test.core.app.InstrumentationActivityInvoker$BootstrapActivity@a6af6e5
10-28 12:55:58.803 17800 17800 V ActivityScenario: Activity lifecycle changed event received but ignored because the intent does not match. startActivityIntent=Intent { act=android.intent.action.MAIN cat=[android.intent.category.LAUNCHER] cmp=com.example.lunchtray/androidx.fragment.app.testing.FragmentScenario$EmptyFragmentActivity (has extras) }, activity.getIntent()=Intent { act=android.intent.action.MAIN cat=[android.intent.category.LAUNCHER] flg=0x10008000 cmp=com.example.lunchtray/androidx.test.core.app.InstrumentationActivityInvoker$BootstrapActivity (has extras) }, activity=androidx.test.core.app.InstrumentationActivityInvoker$BootstrapActivity@a6af6e5
10-28 12:55:58.803 17800 17800 V ActivityScenario: Activity lifecycle changed event received but ignored because the intent does not match. startActivityIntent=Intent { act=android.intent.action.MAIN cat=[android.intent.category.LAUNCHER] cmp=com.example.lunchtray/androidx.fragment.app.testing.FragmentScenario$EmptyFragmentActivity (has extras) }, activity.getIntent()=Intent { act=android.intent.action.MAIN cat=[android.intent.category.LAUNCHER] flg=0x10008000 cmp=com.example.lunchtray/androidx.test.core.app.InstrumentationActivityInvoker$BootstrapActivity (has extras) }, activity=androidx.test.core.app.InstrumentationActivityInvoker$BootstrapActivity@a6af6e5
10-28 12:55:58.803 17800 17800 V ActivityScenario: Activity lifecycle changed event received but ignored because the intent does not match. startActivityIntent=Intent { act=android.intent.action.MAIN cat=[android.intent.category.LAUNCHER] cmp=com.example.lunchtray/androidx.fragment.app.testing.FragmentScenario$EmptyFragmentActivity (has extras) }, activity.getIntent()=Intent { act=android.intent.action.MAIN cat=[android.intent.category.LAUNCHER] flg=0x10008000 cmp=com.example.lunchtray/androidx.test.core.app.InstrumentationActivityInvoker$BootstrapActivity (has extras) }, activity=androidx.test.core.app.InstrumentationActivityInvoker$BootstrapActivity@a6af6e5
10-28 12:55:58.803 17800 17800 V ActivityScenario: Activity lifecycle changed event received but ignored because the intent does not match. startActivityIntent=Intent { act=android.intent.action.MAIN cat=[android.intent.category.LAUNCHER] cmp=com.example.lunchtray/.MainActivity }, activity.getIntent()=Intent { act=android.intent.action.MAIN cat=[android.intent.category.LAUNCHER] flg=0x10008000 cmp=com.example.lunchtray/androidx.test.core.app.InstrumentationActivityInvoker$BootstrapActivity (has extras) }, activity=androidx.test.core.app.InstrumentationActivityInvoker$BootstrapActivity@a6af6e5
10-28 12:55:58.803 17800 17800 V ActivityScenario: Activity lifecycle changed event received but ignored because the intent does not match. startActivityIntent=Intent { act=android.intent.action.MAIN cat=[android.intent.category.LAUNCHER] cmp=com.example.lunchtray/.MainActivity }, activity.getIntent()=Intent { act=android.intent.action.MAIN cat=[android.intent.category.LAUNCHER] flg=0x10008000 cmp=com.example.lunchtray/androidx.test.core.app.InstrumentationActivityInvoker$BootstrapActivity (has extras) }, activity=androidx.test.core.app.InstrumentationActivityInvoker$BootstrapActivity@a6af6e5
10-28 12:55:58.803 17800 17800 V ActivityScenario: Activity lifecycle changed event received but ignored because the intent does not match. startActivityIntent=Intent { act=android.intent.action.MAIN cat=[android.intent.category.LAUNCHER] cmp=com.example.lunchtray/.MainActivity }, activity.getIntent()=Intent { act=android.intent.action.MAIN cat=[android.intent.category.LAUNCHER] flg=0x10008000 cmp=com.example.lunchtray/androidx.test.core.app.InstrumentationActivityInvoker$BootstrapActivity (has extras) }, activity=androidx.test.core.app.InstrumentationActivityInvoker$BootstrapActivity@a6af6e5
10-28 12:55:58.803 17800 17800 V ActivityScenario: Activity lifecycle changed event received but ignored because the intent does not match. startActivityIntent=Intent { act=android.intent.action.MAIN cat=[android.intent.category.LAUNCHER] cmp=com.example.lunchtray/.MainActivity }, activity.getIntent()=Intent { act=android.intent.action.MAIN cat=[android.intent.category.LAUNCHER] flg=0x10008000 cmp=com.example.lunchtray/androidx.test.core.app.InstrumentationActivityInvoker$BootstrapActivity (has extras) }, activity=androidx.test.core.app.InstrumentationActivityInvoker$BootstrapActivity@a6af6e5
10-28 12:55:58.803 17800 17800 V ActivityScenario: Activity lifecycle changed event received but ignored because the intent does not match. startActivityIntent=Intent { act=android.intent.action.MAIN cat=[android.intent.category.LAUNCHER] cmp=com.example.lunchtray/.MainActivity }, activity.getIntent()=Intent { act=android.intent.action.MAIN cat=[android.intent.category.LAUNCHER] flg=0x10008000 cmp=com.example.lunchtray/androidx.test.core.app.InstrumentationActivityInvoker$BootstrapActivity (has extras) }, activity=androidx.test.core.app.InstrumentationActivityInvoker$BootstrapActivity@a6af6e5
10-28 12:55:58.803 17800 17800 V ActivityScenario: Activity lifecycle changed event received but ignored because the intent does not match. startActivityIntent=Intent { act=android.intent.action.MAIN cat=[android.intent.category.LAUNCHER] cmp=com.example.lunchtray/androidx.fragment.app.testing.FragmentScenario$EmptyFragmentActivity (has extras) }, activity.getIntent()=Intent { act=android.intent.action.MAIN cat=[android.intent.category.LAUNCHER] flg=0x10008000 cmp=com.example.lunchtray/androidx.test.core.app.InstrumentationActivityInvoker$BootstrapActivity (has extras) }, activity=androidx.test.core.app.InstrumentationActivityInvoker$BootstrapActivity@a6af6e5
10-28 12:55:58.809   954  1024 I libprocessgroup: Successfully killed process cgroup uid 10792 pid 18786 in 7ms
10-28 12:55:58.810   620   620 I Layer   : id=205121 removeFromCurrentState Surface(name=Task=1)/@0x4cdbfdb - animation-leash of app_transition#0 (179)
10-28 12:55:58.810   620   620 I SurfaceFlinger: id=205121 Removed Surface(name=Task=1)/@0x4cdbfdb - animation-leash of app_transition#0 (179)
10-28 12:55:58.811   620   620 I Layer   : id=205121 Destroyed Surface(name=Task=1)/@0x4cdbfdb - animation-leash of app_transition#0
10-28 12:55:58.812   954  1115 I SensorService: [REARLIGHT] lux value : 83, code value : 0
10-28 12:55:58.816   954  3920 V WindowManager: Relayout Window{4ad90e6 u0 com.sec.android.app.launcher/com.sec.android.app.launcher.activities.LauncherActivity}: viewVisibility=8 req=1080x2280 d0
10-28 12:55:58.817   954  3920 V WindowManager: Relayout hash=4ad90e6, pid=26660: mAttrs={(0,0)(fillxfill) sim={adjust=nothing} layoutInDisplayCutoutMode=shortEdges ty=BASE_APPLICATION fmt=TRANSPARENT wanim=0x10302f2
10-28 12:55:58.817   954  3920 V WindowManager:   fl=81910100
10-28 12:55:58.817   954  3920 V WindowManager:   pfl=1e020040
10-28 12:55:58.817   954  3920 V WindowManager:   vsysui=1700
10-28 12:55:58.817   954  3920 V WindowManager:   bhv=SHOW_TRANSIENT_BARS_BY_SWIPE
10-28 12:55:58.817   954  3920 V WindowManager:   fitSides= naviIconColor=0}
10-28 12:55:58.818 26660 26660 I ViewRootImpl@623994e[LauncherActivity]: Relayout returned: old=(0,0,1080,2280) new=(0,0,1080,2280) req=(1080,2280)8 dur=2 res=0x5 s={false 0} ch=true fn=24
10-28 12:55:58.818 26660 26660 I ViewRootImpl@623994e[LauncherActivity]: stopped(true) old=false
10-28 12:55:58.818 26660 26660 I BaseActivity: removeActivityFlags, flags : 17
10-28 12:55:58.818 26660 26660 W LauncherAppWidgetHost: setShouldListenFlag, mFlags:7 flag:start on:false isFront:false
10-28 12:55:58.818 26660 26792 I IMM_LC  : hsifw() - flags=0, caller=android.view.inputmethod.InputMethodManager.hideSoftInputFromWindow:1846 android.view.inputmethod.InputMethodManager.hideSoftInputFromWindow:1815 com.android.launcher3.util.UiThreadHelper$UiCallbacks.handleMessage:103 android.os.Handler.dispatchMessage:102 android.os.Looper.loopOnce:226
10-28 12:55:58.818 26660 26792 I IMM_LC  : hideSoftInputFromWindow - mService.hideSoftInput
10-28 12:55:58.819   954  3920 I AppWidgetServiceImpl: stopListening callbacks : null
10-28 12:55:58.819 26660 26660 W LauncherAppWidgetHost: stopListening, mFlags:2 isFront:false
10-28 12:55:58.819 26660 26660 W Launcher.NotificationListener: removeNotificationsChangedListener
10-28 12:55:58.819 26660 26660 I BadgeCountUpdaterImpl: onNotificationsChangedDisConnected
10-28 12:55:58.819 26660 26660 I Launcher.NotificationListener: unregisterObserver, this is not notificationService!!
10-28 12:55:58.819 26660 26792 I LiveIconUpdateEventHandler: LiveIcon onStop
10-28 12:55:58.819 26660 26792 I LiveIconUpdateEventHandler: cancelMinuteChangeAlarm
10-28 12:55:58.820   566 18959 I HYPER-HAL: [RequestManager.cpp]releaseLocked(): Released ID : 473870
10-28 12:55:58.821 26660 26792 I LiveIconUpdateEventHandler: cancelDateChangeAlarm
10-28 12:55:58.821 26660 26792 I LiveIconUpdateEventHandler: unregisterReceiver
10-28 12:55:58.822 17800 17800 I ViewInteraction: Checking 'MatchesViewAssertion{viewMatcher=an instance of android.widget.TextView and view.getText() with or without transformation to match: a string containing "Subtotal: $7.00"}' assertion on view view.getId() is <2131231216/com.example.lunchtray:id/subtotal>
10-28 12:55:58.823 17800 17832 E TestRunner: failed: radio_buttons_update_entree_menu_subtotal(com.example.lunchtray.OrderFunctionalityTests)
10-28 12:55:58.823 17800 17832 E TestRunner: ----- begin exception -----
10-28 12:55:58.824 17800 17832 E TestRunner: androidx.test.espresso.base.DefaultFailureHandler$AssertionFailedWithCauseError: 'an instance of android.widget.TextView and view.getText() with or without transformation to match: a string containing "Subtotal: $7.00"' doesn't match the selected view.
10-28 12:55:58.824 17800 17832 E TestRunner: Expected: an instance of android.widget.TextView and view.getText() with or without transformation to match: a string containing "Subtotal: $7.00"
10-28 12:55:58.824 17800 17832 E TestRunner:      Got: view.getText() was "Subtotal: $0.00"
10-28 12:55:58.824 17800 17832 E TestRunner: View Details: TextView{id=2131231216, res-name=subtotal, visibility=VISIBLE, width=357, height=70, has-focus=false, has-focusable=false, has-window-focus=true, is-clickable=false, is-enabled=true, is-focused=false, is-focusable=false, is-layout-requested=false, is-selected=false, layout-params=androidx.constraintlayout.widget.ConstraintLayout$LayoutParams@677750e, tag=null, root-is-layout-requested=false, has-input-connection=false, x=681.0, y=1178.0, text=Subtotal: $0.00, input-type=0, ime-target=false, has-links=false}
10-28 12:55:58.824 17800 17832 E TestRunner:
10-28 12:55:58.824 17800 17832 E TestRunner: 	at dalvik.system.VMStack.getThreadStackTrace(Native Method)
10-28 12:55:58.824 17800 17832 E TestRunner: 	at java.lang.Thread.getStackTrace(Thread.java:1724)
10-28 12:55:58.824 17800 17832 E TestRunner: 	at androidx.test.espresso.base.DefaultFailureHandler.getUserFriendlyError(DefaultFailureHandler.java:12)
10-28 12:55:58.824 17800 17832 E TestRunner: 	at androidx.test.espresso.base.DefaultFailureHandler.handle(DefaultFailureHandler.java:7)
10-28 12:55:58.824 17800 17832 E TestRunner: 	at androidx.test.espresso.ViewInteraction.waitForAndHandleInteractionResults(ViewInteraction.java:5)
10-28 12:55:58.824 17800 17832 E TestRunner: 	at androidx.test.espresso.ViewInteraction.check(ViewInteraction.java:12)
10-28 12:55:58.824 17800 17832 E TestRunner: 	at com.example.lunchtray.OrderFunctionalityTests.radio_buttons_update_entree_menu_subtotal(OrderFunctionalityTests.kt:52)
10-28 12:55:58.824 17800 17832 E TestRunner: 	at java.lang.reflect.Method.invoke(Native Method)
10-28 12:55:58.824 17800 17832 E TestRunner: 	at org.junit.runners.model.FrameworkMethod$1.runReflectiveCall(FrameworkMethod.java:50)
10-28 12:55:58.824 17800 17832 E TestRunner: 	at org.junit.internal.runners.model.ReflectiveCallable.run(ReflectiveCallable.java:12)
10-28 12:55:58.824 17800 17832 E TestRunner: 	at org.junit.runners.model.FrameworkMethod.invokeExplosively(FrameworkMethod.java:47)
10-28 12:55:58.824 17800 17832 E TestRunner: 	at org.junit.internal.runners.statements.InvokeMethod.evaluate(InvokeMethod.java:17)
10-28 12:55:58.824 17800 17832 E TestRunner: 	at org.junit.runners.ParentRunner.runLeaf(ParentRunner.java:325)
10-28 12:55:58.824 17800 17832 E TestRunner: 	at org.junit.runners.BlockJUnit4ClassRunner.runChild(BlockJUnit4ClassRunner.java:78)
10-28 12:55:58.824 17800 17832 E TestRunner: 	at org.junit.runners.BlockJUnit4ClassRunner.runChild(BlockJUnit4ClassRunner.java:57)
10-28 12:55:58.824 17800 17832 E TestRunner: 	at org.junit.runners.ParentRunner$3.run(ParentRunner.java:290)
10-28 12:55:58.824 17800 17832 E TestRunner: 	at org.junit.runners.ParentRunner$1.schedule(ParentRunner.java:71)
10-28 12:55:58.824 17800 17832 E TestRunner: 	at org.junit.runners.ParentRunner.runChildren(ParentRunner.java:288)
10-28 12:55:58.824 17800 17832 E TestRunner: 	at org.junit.runners.ParentRunner.access$000(ParentRunner.java:58)
10-28 12:55:58.824 17800 17832 E TestRunner: 	at org.junit.runners.ParentRunner$2.evaluate(ParentRunner.java:268)
10-28 12:55:58.824 17800 17832 E TestRunner: 	at org.junit.runners.ParentRunner.run(ParentRunner.java:363)
10-28 12:55:58.824 17800 17832 E TestRunner: 	at androidx.test.ext.junit.runners.AndroidJUnit4.run(AndroidJUnit4.java:162)
10-28 12:55:58.824 17800 17832 E TestRunner: 	at org.junit.runners.Suite.runChild(Suite.java:128)
10-28 12:55:58.824 17800 17832 E TestRunner: 	at org.junit.runners.Suite.runChild(Suite.java:27)
10-28 12:55:58.824 17800 17832 E TestRunner: 	at org.junit.runners.ParentRunner$3.run(ParentRunner.java:290)
10-28 12:55:58.824 17800 17832 E TestRunner: 	at org.junit.runners.ParentRunner$1.schedule(ParentRunner.java:71)
10-28 12:55:58.824 17800 17832 E TestRunner: 	at org.junit.runners.ParentRunner.runChildren(ParentRunner.java:288)
10-28 12:55:58.824 17800 17832 E TestRunner: 	at org.junit.runners.ParentRunner.access$000(ParentRunner.java:58)
10-28 12:55:58.824 17800 17832 E TestRunner: 	at org.junit.runners.ParentRunner$2.evaluate(ParentRunner.java:268)
10-28 12:55:58.824 17800 17832 E TestRunner: 	at org.junit.runners.ParentRunner.run(ParentRunner.java:363)
10-28 12:55:58.824 17800 17832 E TestRunner: 	at org.junit.runner.JUnitCore.run(JUnitCore.java:137)
10-28 12:55:58.824 17800 17832 E TestRunner: 	at org.junit.runner.JUnitCore.run(JUnitCore.java:115)
10-28 12:55:58.824 17800 17832 E TestRunner: 	at androidx.test.internal.runner.TestExecutor.execute(TestExecutor.java:56)
10-28 12:55:58.824 17800 17832 E TestRunner: 	at androidx.test.runner.AndroidJUnitRunner.onStart(AndroidJUnitRunner.java:444)
10-28 12:55:58.824 17800 17832 E TestRunner: 	at android.app.Instrumentation$InstrumentationThread.run(Instrumentation.java:2261)
10-28 12:55:58.824 17800 17832 E TestRunner: Caused by: junit.framework.AssertionFailedError: 'an instance of android.widget.TextView and view.getText() with or without transformation to match: a string containing "Subtotal: $7.00"' doesn't match the selected view.
10-28 12:55:58.824 17800 17832 E TestRunner: Expected: an instance of android.widget.TextView and view.getText() with or without transformation to match: a string containing "Subtotal: $7.00"
10-28 12:55:58.824 17800 17832 E TestRunner:      Got: view.getText() was "Subtotal: $0.00"
10-28 12:55:58.824 17800 17832 E TestRunner: View Details: TextView{id=2131231216, res-name=subtotal, visibility=VISIBLE, width=357, height=70, has-focus=false, has-focusable=false, has-window-focus=true, is-clickable=false, is-enabled=true, is-focused=false, is-focusable=false, is-layout-requested=false, is-selected=false, layout-params=androidx.constraintlayout.widget.ConstraintLayout$LayoutParams@677750e, tag=null, root-is-layout-requested=false, has-input-connection=false, x=681.0, y=1178.0, text=Subtotal: $0.00, input-type=0, ime-target=false, has-links=false}
10-28 12:55:58.824 17800 17832 E TestRunner:
10-28 12:55:58.824 17800 17832 E TestRunner: 	at androidx.test.espresso.matcher.ViewMatchers.assertThat(ViewMatchers.java:16)
10-28 12:55:58.824 17800 17832 E TestRunner: 	at androidx.test.espresso.assertion.ViewAssertions$MatchesViewAssertion.check(ViewAssertions.java:11)
10-28 12:55:58.824 17800 17832 E TestRunner: 	at androidx.test.espresso.ViewInteraction$SingleExecutionViewAssertion.check(ViewInteraction.java:2)
10-28 12:55:58.824 17800 17832 E TestRunner: 	at androidx.test.espresso.ViewInteraction$2.call(ViewInteraction.java:12)
10-28 12:55:58.824 17800 17832 E TestRunner: 	at androidx.test.espresso.ViewInteraction$2.call(ViewInteraction.java:1)
10-28 12:55:58.824 17800 17832 E TestRunner: 	at java.util.concurrent.FutureTask.run(FutureTask.java:266)
10-28 12:55:58.824 17800 17832 E TestRunner: 	at android.os.Handler.handleCallback(Handler.java:938)
10-28 12:55:58.824 17800 17832 E TestRunner: 	at android.os.Handler.dispatchMessage(Handler.java:99)
10-28 12:55:58.824 17800 17832 E TestRunner: 	at android.os.Looper.loopOnce(Looper.java:226)
10-28 12:55:58.824 17800 17832 E TestRunner: 	at android.os.Looper.loop(Looper.java:313)
10-28 12:55:58.824 17800 17832 E TestRunner: 	at android.app.ActivityThread.main(ActivityThread.java:8663)
10-28 12:55:58.824 17800 17832 E TestRunner: 	at java.lang.reflect.Method.invoke(Native Method)
10-28 12:55:58.824 17800 17832 E TestRunner: 	at com.android.internal.os.RuntimeInit$MethodAndArgsCaller.run(RuntimeInit.java:567)
10-28 12:55:58.824 17800 17832 E TestRunner: 	at com.android.internal.os.ZygoteInit.main(ZygoteInit.java:1135)
10-28 12:55:58.824 17800 17832 E TestRunner: ----- end exception -----
10-28 12:55:58.827 17800 17832 I TestRunner: finished: radio_buttons_update_entree_menu_subtotal(com.example.lunchtray.OrderFunctionalityTests)
