10-28 12:55:52.489 18556 18586 D fb-distract: Distracting /apex/com.android.runtime/lib64/bionic/libc.so!tgkill (0x0x7963159000) with /data/data/com.facebook.orca/lib-compressed/libappstatelogger2.so!<unknown> (0x0x764e94edc0)
10-28 12:55:52.489 18556 18586 D fb-distract: Distracting /apex/com.android.runtime/lib64/bionic/libc.so!_Exit (0x0x796315a4c0) with /data/data/com.facebook.orca/lib-compressed/libappstatelogger2.so!<unknown> (0x0x764e94edfc)
10-28 12:55:52.491 18556 18576 W DexLibLoader: disabling background optimization
10-28 12:55:52.492 18556 18586 W lacrima : The minidump file is empty!
10-28 12:55:52.495 18556 18586 W lacrima : Start AnrAppDeathDetector... X.0JR
10-28 12:55:52.500 18556 18576 W dalvik-internals: sigaction64 succeeded
10-28 12:55:52.501 18556 18576 D dalvik-internals: SuspendAndroid11: Found all symbols
10-28 12:55:52.501 18556 18576 D dalvik-internals: SuspendAndroid11: Suspending threads.
10-28 12:55:52.502 18556 18576 D dalvik-internals: SuspendAndroid11: Resuming threads.
10-28 12:55:52.502 18556 18576 W dalvik-internals: ignoring failure to find _ZN3art12FaultManager35EnsureArtActionInFrontOfSignalChainEv: could not hook _ZN3art12FaultManager35EnsureArtActionInFrontOfSignalChainEv
10-28 12:55:52.503 18556 18576 D fb-distract: Distracting /apex/com.android.art/lib64/libsigchain.so!signal (0x0x795d5b4838) with /data/data/com.facebook.orca/lib-compressed/libdexload.so!<unknown> (0x0x75d650fee4)
10-28 12:55:52.503 18556 18576 V dalvik-internals: hooked signal using trap ()
10-28 12:55:52.503 18556 18576 D fb-distract: Distracting /apex/com.android.art/lib64/libsigchain.so!sigaction (0x0x795d5b4548) with /data/data/com.facebook.orca/lib-compressed/libdexload.so!<unknown> (0x0x75d6510060)
10-28 12:55:52.508 18556 18576 V dalvik-internals: hooked sigaction using trap ()
10-28 12:55:52.508 18556 18576 D dalvik-internals: SuspendAndroid11: Found all symbols
10-28 12:55:52.508 18556 18576 D dalvik-internals: SuspendAndroid11: Suspending threads.
10-28 12:55:52.510 18556 18576 V dalvik-internals: Hooking function _ZN3art11annotations16GetLineNumFromPCEPKNS_7DexFileEPNS_9ArtMethodEj
10-28 12:55:52.510 18556 18576 D fb-distract: Distracting /apex/com.android.art/lib64/libart.so!_ZN3art11annotations16GetLineNumFromPCEPKNS_7DexFileEPNS_9ArtMethodEj (0x0x766bcfea20) with /data/data/com.facebook.orca/lib-compressed/libdexload.so!<unknown> (0x0x75d6510750)
10-28 12:55:52.511 18556 18576 V dalvik-internals: hooked _ZN3art11annotations16GetLineNumFromPCEPKNS_7DexFileEPNS_9ArtMethodEj using jump ()
10-28 12:55:52.511 18556 18576 D dalvik-internals: SuspendAndroid11: Resuming threads.
10-28 12:55:52.514 18556 18576 W MultiDexClassLoader: unable to use native MDCL: falling back to Java impl
10-28 12:55:52.514 18556 18576 W MultiDexClassLoader: java.lang.Exception: MDCLAN bailing: Failed to start last time
10-28 12:55:52.514 18556 18576 W MultiDexClassLoader: 	at com.facebook.common.dextricks.MultiDexClassLoaderArtNative.maybeBail(:66)
10-28 12:55:52.514 18556 18576 W MultiDexClassLoader: 	at com.facebook.common.dextricks.MultiDexClassLoaderArtNative.<init>(:6)
10-28 12:55:52.514 18556 18576 W MultiDexClassLoader: 	at com.facebook.common.dextricks.MultiDexClassLoader.createMultiDexClassLoader(:56)
10-28 12:55:52.514 18556 18576 W MultiDexClassLoader: 	at com.facebook.common.dextricks.MultiDexClassLoader.install(:93)
10-28 12:55:52.514 18556 18576 W MultiDexClassLoader: 	at com.facebook.common.dextricks.DexStore.loadDexFiles(:89)
10-28 12:55:52.514 18556 18576 W MultiDexClassLoader: 	at com.facebook.common.dextricks.DexStore.loadAllImpl(:638)
10-28 12:55:52.514 18556 18576 W MultiDexClassLoader: 	at com.facebook.common.dextricks.DexStore.loadAll(:1)
10-28 12:55:52.514 18556 18576 W MultiDexClassLoader: 	at com.facebook.common.dextricks.DexLibLoader.loadAllImpl(:142)
10-28 12:55:52.514 18556 18576 W MultiDexClassLoader: 	at com.facebook.common.dextricks.DexLibLoader.loadAll(:9)
10-28 12:55:52.514 18556 18576 W MultiDexClassLoader: 	at com.facebook.common.dextricks.DexLibLoader.loadAll(:268435460)
10-28 12:55:52.514 18556 18576 W MultiDexClassLoader: 	at X.0Qu.ANr(:1271)
10-28 12:55:52.514 18556 18576 W MultiDexClassLoader: 	at X.0Rb.run(:2)
10-28 12:55:52.517 18556 18576 W DexLibLoader: Comparing new 1666949910392 to old 1666949910392
10-28 12:55:52.519 18556 18586 W MessengerLacrimaConfig: MessengerLacrimaConfig.laterInit
10-28 12:55:52.523 18556 18586 W lacrima : Start AnrDetector... com.facebook.acra.anr.multisignal.MultiSignalANRDetector
10-28 12:55:52.523 18556 18586 W MultiSignalANRDetectorLacrima: Starting
10-28 12:55:52.523 18556 18586 W ProcessAnrErrorMonitor: startMonitoring with delay: 0
10-28 12:55:52.547 18556 18577 W ComponentDiscovery: Class com.google.firebase.dynamicloading.DynamicLoadingRegistrar is not an found.
10-28 12:55:52.549 18556 18594 W ProcessAnrErrorMonitor: Starting process monitor checks for process 'com.facebook.orca'
10-28 12:55:52.549 18556 18594 W MultiSignalANRDetectorLacrima: Started monitoring
10-28 12:55:52.560 18556 18593 W SigquitDetectorLacrima: nativeInit
10-28 12:55:52.588 18556 18586 D fb-distract: Distracting /apex/com.android.runtime/lib64/bionic/libc.so!abort (0x0x796310a2b8) with /data/data/com.facebook.orca/lib-compressed/libreliabilitymerged.so!<unknown> (0x0x7649c6a87c)
10-28 12:55:52.588 18556 18586 D fb-distract: Distracting /system/lib64/liblog.so!__android_log_assert (0x0x7970ab4d08) with /data/data/com.facebook.orca/lib-compressed/libreliabilitymerged.so!<unknown> (0x0x7649c6a728)
10-28 12:55:52.589 18556 18586 D fb-distract: Distracting /apex/com.android.runtime/lib64/bionic/libc.so!android_set_abort_message (0x0x7963105c80) with /data/data/com.facebook.orca/lib-compressed/libreliabilitymerged.so!<unknown> (0x0x7649c6a490)
10-28 12:55:52.601 18556 18586 W NightwatchConfig: saveExitStatus true, useMmap true, monitorResources true, tickInfo 0, detectLmkd false, needNightWatch true
10-28 12:55:52.613 18556 18586 D Nightwatch: Got fb jni native method for com/facebook/errorreporting/nightwatch/Nightwatch$NightwatchNative.nRecordDataInNightWatch (JI)I with native method: recordDataInNightWatch (0x763d1ccf1c). try use crit jni: no try use fast jni: no Used crit: no Used fast: no Used norm: yes crit jni supported: yes fast jni supported: no config is fast: no config is crit: no
10-28 12:55:52.613 18556 18586 D Nightwatch: Got fb jni native method for com/facebook/errorreporting/nightwatch/Nightwatch$NightwatchNative.nRecordTickInNightWatch (JJJJ)I with native method: recordTickInNightWatch (0x763d1ccf18). try use crit jni: no try use fast jni: no Used crit: no Used fast: no Used norm: yes crit jni supported: yes fast jni supported: no config is fast: no config is crit: no
10-28 12:55:52.613 18556 18586 D Nightwatch: Got fb jni native method for com/facebook/errorreporting/nightwatch/Nightwatch$NightwatchNative.nSaveResourceData ()Z with native method: saveResourceData (0x763d1ccf00). try use crit jni: no try use fast jni: no Used crit: no Used fast: no Used norm: yes crit jni supported: yes fast jni supported: no config is fast: no config is crit: no
10-28 12:55:52.613 18556 18586 D _FB_    : Registering method com/facebook/errorreporting/nightwatch/Nightwatch$NightwatchNative.nRecordDataInNightWatch (JI)I with native method: recordDataInNightWatch (0x763d1ccf1c)
10-28 12:55:52.613 18556 18586 D _FB_    : Succeeded registering method com/facebook/errorreporting/nightwatch/Nightwatch$NightwatchNative.nRecordDataInNightWatch (JI)I with native method: recordDataInNightWatch (0x763d1ccf1c)
10-28 12:55:52.613 18556 18586 D _FB_    : Registering method com/facebook/errorreporting/nightwatch/Nightwatch$NightwatchNative.nRecordTickInNightWatch (JJJJ)I with native method: recordTickInNightWatch (0x763d1ccf18)
10-28 12:55:52.613 18556 18586 D _FB_    : Succeeded registering method com/facebook/errorreporting/nightwatch/Nightwatch$NightwatchNative.nRecordTickInNightWatch (JJJJ)I with native method: recordTickInNightWatch (0x763d1ccf18)
10-28 12:55:52.613 18556 18586 D _FB_    : Registering method com/facebook/errorreporting/nightwatch/Nightwatch$NightwatchNative.nSaveResourceData ()Z with native method: saveResourceData (0x763d1ccf00)
10-28 12:55:52.613 18556 18586 D _FB_    : Succeeded registering method com/facebook/errorreporting/nightwatch/Nightwatch$NightwatchNative.nSaveResourceData ()Z with native method: saveResourceData (0x763d1ccf00)
10-28 12:55:52.614 18556 18586 D Nightwatch: Starting NightWatch. Using fast [yes] or critical [yes] native methods
10-28 12:55:52.614 18556 18586 D Nightwatch: NightWatch using: Binary path: /data/app/~~gGKxs4-vdAFYFZZ0Fk4dug==/com.facebook.orca-YrzPqbUUeHsoJUQxcYcCTg==/lib/arm64/libwatcher_binary.so log path: /data/data/com.facebook.orca/app_errorreporting/sess__000001205-1666954552352-637ae703-4c90-952d-1135-2a1779f6c46d/nightwatch.txt
10-28 12:55:52.614 18556 18586 D Nightwatch: Got fb jni native method for com/facebook/errorreporting/nightwatch/NightwatchOreo.nRecordDataInNightWatch (IIJI)I with native method: recordDataInNightWatch_64_type_adaptor__ ::adaptor_func (0x763d1ccf3c). try use crit jni: yes try use fast jni: no Used crit: yes Used fast: no Used norm: no crit jni supported: yes fast jni supported: no config is fast: no config is crit: yes
10-28 12:55:52.614 18556 18586 D Nightwatch: Got fb jni native method for com/facebook/errorreporting/nightwatch/NightwatchOreo.nRecordTickInNightWatch (IIJJJJ)I with native method: recordTickInNightWatch_64_type_adaptor__ ::adaptor_func (0x763d1ccf38). try use crit jni: yes try use fast jni: no Used crit: yes Used fast: no Used norm: no crit jni supported: yes fast jni supported: no config is fast: no config is crit: yes
10-28 12:55:52.614 18556 18586 D Nightwatch: Got fb jni native method for com/facebook/errorreporting/nightwatch/NightwatchOreo.nSaveResourceData (II)Z with native method: saveResourceData_64_type_adaptor__ ::adaptor_func (0x763d1ccf20). try use crit jni: yes try use fast jni: no Used crit: yes Used fast: no Used norm: no crit jni supported: yes fast jni supported: no config is fast: no config is crit: yes
10-28 12:55:52.614 18556 18586 D _FB_    : Registering method com/facebook/errorreporting/nightwatch/NightwatchOreo.nRecordDataInNightWatch (IIJI)I with native method: recordDataInNightWatch_64_type_adaptor__ ::adaptor_func (0x763d1ccf3c)
10-28 12:55:52.614 18556 18586 D _FB_    : Succeeded registering method com/facebook/errorreporting/nightwatch/NightwatchOreo.nRecordDataInNightWatch (IIJI)I with native method: recordDataInNightWatch_64_type_adaptor__ ::adaptor_func (0x763d1ccf3c)
10-28 12:55:52.614 18556 18586 D _FB_    : Registering method com/facebook/errorreporting/nightwatch/NightwatchOreo.nRecordTickInNightWatch (IIJJJJ)I with native method: recordTickInNightWatch_64_type_adaptor__ ::adaptor_func (0x763d1ccf38)
10-28 12:55:52.614 18556 18586 D _FB_    : Succeeded registering method com/facebook/errorreporting/nightwatch/NightwatchOreo.nRecordTickInNightWatch (IIJJJJ)I with native method: recordTickInNightWatch_64_type_adaptor__ ::adaptor_func (0x763d1ccf38)
10-28 12:55:52.615 18556 18586 D _FB_    : Registering method com/facebook/errorreporting/nightwatch/NightwatchOreo.nSaveResourceData (II)Z with native method: saveResourceData_64_type_adaptor__ ::adaptor_func (0x763d1ccf20)
10-28 12:55:52.615 18556 18586 D _FB_    : Succeeded registering method com/facebook/errorreporting/nightwatch/NightwatchOreo.nSaveResourceData (II)Z with native method: saveResourceData_64_type_adaptor__ ::adaptor_func (0x763d1ccf20)
10-28 12:55:52.617 18556 18556 E libprocessgroup: set_timerslack_ns write failed: Operation not permitted
10-28 12:55:52.618 18556 18586 I nightwatch-lib: watcher succeeded mmap /data/data/com.facebook.orca/app_errorreporting/sess__000001205-1666954552352-637ae703-4c90-952d-1135-2a1779f6c46d/nightwatch.txt.subsecond
10-28 12:55:52.618 18556 18586 I nightwatch-lib: watcher succeeded mmap /data/data/com.facebook.orca/app_errorreporting/sess__000001205-1666954552352-637ae703-4c90-952d-1135-2a1779f6c46d/nightwatch.txt.second
10-28 12:55:52.619 18556 18586 I nightwatch-lib: watcher succeeded mmap /data/data/com.facebook.orca/app_errorreporting/sess__000001205-1666954552352-637ae703-4c90-952d-1135-2a1779f6c46d/nightwatch.txt
10-28 12:55:52.619 18556 18586 D nightwatch-fd: Attempting to open file /proc/self/oom_adj
10-28 12:55:52.619 18556 18586 D nightwatch-fd: Opened file /proc/self/oom_adj (81)
10-28 12:55:52.619 18556 18586 D nightwatch-fd: Attempting to open file /proc/self/oom_score_adj
10-28 12:55:52.619 18556 18586 D nightwatch-fd: Opened file /proc/self/oom_score_adj (88)
10-28 12:55:52.619 18556 18586 I nightwatch-target: created thread to monitor process resources
10-28 12:55:52.638 18556 18603 I nightwatch-target: waiting on child pid 18604
10-28 12:55:52.638 18556 18602 D nightwatch-fd: Attempting to open file /proc/self/oom_score
10-28 12:55:52.639 18556 18602 D nightwatch-fd: Opened file /proc/self/oom_score (94)
10-28 12:55:52.639 18556 18602 I nightwatch-target: monitor resources interval 20 ms
10-28 12:55:52.640 18556 18602 E nightwatch-target: /proc/zoneinfo open: errno=13
10-28 12:55:52.640 18556 18602 E nightwatch-target: sysmeminfo parse failed
10-28 12:55:52.660 18556 18602 E nightwatch-target: /proc/zoneinfo open: errno=13
10-28 12:55:52.660 18556 18602 E nightwatch-target: sysmeminfo parse failed
10-28 12:55:52.668 18604 18604 I nightwatch-watcher: I have arisen! pid: 18604
10-28 12:55:52.671 18604 18604 I nightwatch-lib: watcher succeeded mmap /data/data/com.facebook.orca/app_errorreporting/sess__000001205-1666954552352-637ae703-4c90-952d-1135-2a1779f6c46d/nightwatch.txt
10-28 12:55:52.671 18604 18604 I nightwatch-watcher: attached to tid 18603 in pid 18556, ptrace_ret: 0
10-28 12:55:52.671 18604 18604 D nightwatch-fd: Attempting to open file /proc/18556/oom_adj
10-28 12:55:52.671 18604 18604 D nightwatch-fd: Opened file /proc/18556/oom_adj (5)
10-28 12:55:52.671 18604 18604 D nightwatch-fd: Attempting to open file /proc/18556/oom_score_adj
10-28 12:55:52.672 18604 18604 D nightwatch-fd: Opened file /proc/18556/oom_score_adj (6)
10-28 12:55:52.672 18604 18604 I nightwatch-watcher: target tid 18603 stopped with signal 19. continuing and delivering signal 0
10-28 12:55:52.682 18556 18556 W msgr.OnApplicationInitInvoker: Ignored missing AppInit dependency: 38:Fb4aUIQREnvironment
10-28 12:55:52.682 18556 18556 W msgr.OnApplicationInitInvoker: Ignored missing AppInit dependency: 131:NetworkEagerInit
10-28 12:55:52.682 18556 18556 W msgr.OnApplicationInitInvoker: Ignored missing AppInit dependency: 139:PreloadWordmark
10-28 12:55:52.686 16188 16214 I ContactsProvider_EventLog: contents_sample_state: [CONTACT contacts(201) data(3455) accounts({com.google (14)=190, com.google.android.apps.tachyon (48)=10, org.telegram.messenger (84)=73, com.whatsapp (59)=125, com.viber.voip (8)=190, com.skype.raider (86)=190, vnd.sec.contact.sim (2)=1}) accounts deleted({}) in_trash(in_trash(0), in_trash_for_sync(0)) calls([logtype:100 cnt:2000, logtype:200 cnt:2, logtype:300 cnt:498]) countryIso(RS) userId(0)  ]
10-28 12:55:52.686 16188 16214 I ContactsProvider_EventLog: contents_sample_state: [ agr({[14 ,59 ,8 ,84 ,86]=1, [14 ,8 ,48 ,86]=1, [14 ,8 ,84 ,86 ,59]=1, [2 ,8 ,86]=1, [14 ,8 ,59 ,48 ,84 ,86]=2, [14 ,8 ,84 ,86]=10, [84]=10, [14 ,59 ,8 ,48 ,86]=1, [14 ,8 ,48 ,59 ,86]=1, [14 ,8 ,59 ,84 ,86]=47, [14]=1, [14 ,59 ,8 ,86]=10, [14 ,8 ,59 ,48 ,86]=4, [14 ,8 ,48 ,84 ,86]=1, [14 ,8 ,59 ,59 ,84 ,86]=1, [14 ,8 ,86]=53, [14 ,8 ,59 ,86]=56})  ]
10-28 12:55:52.686 16188 16214 I ContactsProvider_EventLog: contents_sample_state: [ actCnt({android.process.acore(16188)=1, com.samsung.android.dialer(19208)=91, com.samsung.android.app.contacts(25095)=63, com.samsung.android.messaging(19454)=91})  ]
10-28 12:55:52.686 16188 16214 I ContactsProvider_EventLog: contents_sample_state: [PROFILE contacts(0) data(0) accounts({})  ] [SAPROFILE contacts(1) data(0) accounts({vnd.sec.contact.phone (1)=1})  ]
10-28 12:55:52.686 16188 16214 I ContactsProvider_EventLog: contents_sample_state: [STORAGE Contacts(CE) Profile(CE) SAProfile(CE) CallLog(CE)  ]
10-28 12:55:52.686 16188 16214 I ContactsProvider_EventLog: contents_sample_state: [STATE R(F) ]
10-28 12:55:52.703 18556 18616 W Profilo/TraceControl: START PROFILO_TRACEID: HsqXiCMy/ei
10-28 12:55:52.720   620   620 I SurfaceFlinger: SFWD update time=851601515432338
10-28 12:55:52.738 17800 17800 I ViewInteraction: Performing 'single click' action on view view.getId() is <2131231080/com.example.lunchtray:id/next_button>
10-28 12:55:52.739   954  3936 D InputDispatcher: Inject motion (17800): action=0x0, time=851601534000000, f=0x0, d=0
10-28 12:55:52.739   954  1162 I InputDispatcher: Delivering touch to (1348): action: 0x4, f=0x0, d=0, 'be23078', t=0
10-28 12:55:52.739   954  1162 I InputDispatcher: Delivering touch to (17800): action: 0x0, f=0x0, d=0, '6a291ec', t=0
10-28 12:55:52.740 17800 17800 I ViewRootImpl@5875ca1[MainActivity]: ViewPostIme pointer 0
10-28 12:55:52.740  3825  3825 I SemDvfsHyPerManager: acquire hyper - BaseTABoost/3825@21, type = 1090523139
10-28 12:55:52.740  3825  3825 I SemDvfsHyPerManager: acquire hyper - BaseTAToouchBoost/3825@23, type = 1090523139
10-28 12:55:52.740   566   611 I HYPER-HAL: [RequestManager.cpp]acquire(): Acquired ID : 7397802  [3825 / 21]    HINT :      list : [TABoost / 5]
10-28 12:55:52.740   566   611 I HYPER-HAL: [RequestManager.cpp]acquire(): Acquired ID : 7405499  [3825 / 23]    HINT :      list : [TABoost / 20] [TIMEOUT / 1500]
10-28 12:55:52.757 18556 18556 W msgr.QuickPerformanceLoggerModule: Providing QPL...
10-28 12:55:52.777 18556 18556 W msgr.SadDataOverlayUtils: No data to parse in MC.android_internal_sad_data_overlay.thresholds
10-28 12:55:52.781   954  3936 D InputDispatcher: Inject motion (17800): action=0x1, time=851601576000000, f=0x0, d=0
10-28 12:55:52.781   954  1162 I InputDispatcher: Delivering touch to (17800): action: 0x1, f=0x0, d=0, '6a291ec', t=1
10-28 12:55:52.781 17800 17800 I ViewRootImpl@5875ca1[MainActivity]: ViewPostIme pointer 1
10-28 12:55:52.795 17800 17800 D ScrollView: initGoToTop
10-28 12:55:52.825 17800 17800 D ScrollView:  onsize change changed
10-28 12:55:52.834 18556 18613 W msgr.FrscLanguagePackLoader: Loading FRSC strings for locale (en)
10-28 12:55:52.847 18556 18622 W msgr.EndToEndAnalyticsEventListener: WRITE_ANALYTICS_TO_LOGCAT = null, EndToEnd.isRunningEndToEndTest() = false
10-28 12:55:52.867 18556 18631 W m.facebook.orc: Accessing hidden method Lcom/samsung/android/os/SemPerfManager;->onScrollEvent(Z)V (blocked, reflection, denied)
10-28 12:55:52.870 18556 18636 W msgr.FrscLanguagePackLoader: FRSC English strings buffer size - (limit : 395272, capacity : 395272)
10-28 12:55:52.871 18556 18586 W msgr.crashloop: CrashLoopDetector... start
10-28 12:55:52.876 18556 18616 W msgr.AppStateLoggerCore: Application needs to be registered before setting app state manager bridge
10-28 12:55:52.884 18556 18617 E FeatureUtil: filePath /product/omc/SEE/system/customer_carrier_feature.json carrierGroup SEE canonicalId -1
10-28 12:55:52.885 18556 18556 W msgr.QuickPerformanceLoggerModule: Provided QPL: 134915698
10-28 12:55:52.886 18556 18617 D SemCarrierFeature: update carrier default features : 0
10-28 12:55:52.886 18556 18617 D SemCarrierFeature: update carrier features : 0:30581
10-28 12:55:52.886 18556 18617 E FeatureUtil: filePath /product/omc/SEE/system/customer_carrier_feature.json carrierGroup SEE canonicalId 30581
10-28 12:55:52.887 18556 18623 W m.facebook.orc: Long monitor contention with owner main (18556) at java.lang.Object X.0uL.A04(X.0u2, java.lang.Object, int)(:101) waiters=0 in java.lang.Object X.0uL.A04(X.0u2, java.lang.Object, int) for 123ms
10-28 12:55:52.888 18556 18617 E FeatureUtil: filePath /product/omc/SEE/system/customer_carrier_feature.json carrierGroup SEE canonicalId -1
10-28 12:55:52.889 18556 18617 D SemCarrierFeature: update carrier default features : 1
10-28 12:55:52.889 18556 18617 D SemCarrierFeature: update carrier features : 1:-1
10-28 12:55:52.889 18556 18617 E FeatureUtil: filePath /product/omc/SEE/system/customer_carrier_feature.json carrierGroup SEE canonicalId -1
10-28 12:55:52.971   566 18551 I HYPER-HAL: [RequestManager.cpp]releaseLocked(): Released ID : 472896
10-28 12:55:52.974   954  1253 D SemNscXgbMsL1: Probability - Cloud gaming: [0.0016995602]
10-28 12:55:52.975   954  1253 D SemNscXgbMsL1: Probability - Real time: [0.073736936]
10-28 12:55:52.975   954  1253 D SemNscXgbMsL1: Probability - Non real time: [0.99161845]
10-28 12:55:52.975   954  1253 D SemNscXgbMsL1: 1 sample inference time: 1.020385 msecs
10-28 12:55:52.976   954  1253 D SemNscXgbL2Rt: L2 RT 1 sample inference time: 1.050615 msecs
10-28 12:55:52.979   954  1253 D SemNscXgbL2Nrt: L2 NRT 1 sample inference time: 2.377423 msecs
10-28 12:55:52.980 18556 18592 D fb-distract: Distracting /apex/com.android.art/lib64/libart.so!_ZN3art13SignalCatcher6OutputERKNSt3__112basic_stringIcNS1_11char_traitsIcEENS1_9allocatorIcEEEE (0x0x766c056590) with /data/data/com.facebook.orca/lib-compressed/libsigquit.so!<unknown> (0x0x76441cff24)
10-28 12:55:53.014 18556 18611 W m.facebook.orc: JNI RegisterNativeMethods: attempt to register 0 native methods for com.facebook.msys.mci.EventLoggingData
10-28 12:55:53.016 18556 18611 W msgr.ZoneModule: Policy Zone is disabled. No-op Zone is returned
10-28 12:55:53.016 18556 18611 E libprocessgroup: set_timerslack_ns write failed: Operation not permitted
10-28 12:55:53.051 17800 17800 I ViewInteraction: Performing 'single click' action on view view.getId() is <2131231137/com.example.lunchtray:id/salad>
10-28 12:55:53.053   954  3954 D InputDispatcher: Inject motion (17800): action=0x0, time=851601847000000, f=0x0, d=0
10-28 12:55:53.054   954  1162 I InputDispatcher: Delivering touch to (1348): action: 0x4, f=0x0, d=0, 'be23078', t=0
10-28 12:55:53.054   954  1162 I InputDispatcher: Delivering touch to (17800): action: 0x0, f=0x0, d=0, '6a291ec', t=0
10-28 12:55:53.054 17800 17800 I ViewRootImpl@5875ca1[MainActivity]: ViewPostIme pointer 0
10-28 12:55:53.056  3825  3825 I SemDvfsHyPerManager: acquire hyper - BaseTABoost/3825@21, type = 1090523139
10-28 12:55:53.056  3825  3825 I SemDvfsHyPerManager: acquire hyper - BaseTAToouchBoost/3825@23, type = 1090523139
10-28 12:55:53.057   566   611 I HYPER-HAL: [RequestManager.cpp]acquire(): Acquired ID : 7397802  [3825 / 21]    HINT :      list : [TABoost / 5]
10-28 12:55:53.057   566   611 I HYPER-HAL: [RequestManager.cpp]acquire(): Acquired ID : 7405499  [3825 / 23]    HINT :      list : [TABoost / 20] [TIMEOUT / 1500]
10-28 12:55:53.092   954  3954 D InputDispatcher: Inject motion (17800): action=0x1, time=851601886000000, f=0x0, d=0
10-28 12:55:53.093   954  1162 I InputDispatcher: Delivering touch to (17800): action: 0x1, f=0x0, d=0, '6a291ec', t=1
10-28 12:55:53.093 17800 17800 I ViewRootImpl@5875ca1[MainActivity]: ViewPostIme pointer 1
10-28 12:55:53.112   954  1115 I SensorService: [REARLIGHT] lux value : 83, code value : 0
10-28 12:55:53.335 18556 18654 W msgr.msys: W[D setup]_MCIDatabaseConnectionExecute(498)=>Ignoring invocation of 'MCIDatabaseConnectionExecute()' connection is NULL
10-28 12:55:53.348 18556 18654 E msgr.msys: E[D SqliteError]sqliteErrorLogCallback(363)=>(283) recovered 244 frames from WAL file /data/data/com.facebook.orca/databases/msys_database_100000537475601-wal
10-28 12:55:53.349 18556 18654 E msgr.msys: E[D SqliteError]sqliteErrorLogCallback(363)=>(28) double-quoted string literal: "sqlite_%"
10-28 12:55:53.349 18556 18654 E msgr.msys: E[D SqliteError]sqliteErrorLogCallback(363)=>(28) double-quoted string literal: "table"
10-28 12:55:53.360 17800 17800 I ViewInteraction: Performing 'single click' action on view view.getId() is <2131231080/com.example.lunchtray:id/next_button>
10-28 12:55:53.362   954  3954 D InputDispatcher: Inject motion (17800): action=0x0, time=851602156000000, f=0x0, d=0
10-28 12:55:53.363   954  1162 I InputDispatcher: Delivering touch to (1348): action: 0x4, f=0x0, d=0, 'be23078', t=0
10-28 12:55:53.363   954  1162 I InputDispatcher: Delivering touch to (17800): action: 0x0, f=0x0, d=0, '6a291ec', t=0
10-28 12:55:53.363 17800 17800 I ViewRootImpl@5875ca1[MainActivity]: ViewPostIme pointer 0
10-28 12:55:53.367  3825  3825 I SemDvfsHyPerManager: acquire hyper - BaseTABoost/3825@21, type = 1090523139
10-28 12:55:53.367  3825  3825 I SemDvfsHyPerManager: acquire hyper - BaseTAToouchBoost/3825@23, type = 1090523139
10-28 12:55:53.367   566   611 I HYPER-HAL: [RequestManager.cpp]acquire(): Acquired ID : 7397802  [3825 / 21]    HINT :      list : [TABoost / 5]
10-28 12:55:53.368   566   611 I HYPER-HAL: [RequestManager.cpp]acquire(): Acquired ID : 7405499  [3825 / 23]    HINT :      list : [TABoost / 20] [TIMEOUT / 1500]
10-28 12:55:53.379 18556 18654 E msgr.msys: E[D SqliteError]sqliteErrorLogCallback(363)=>(28) double-quoted string literal: "table"
10-28 12:55:53.379 18556 18654 E msgr.msys: E[D SqliteError]sqliteErrorLogCallback(363)=>(28) double-quoted string literal: "avatar_effect_generation_errors"
10-28 12:55:53.403   954  3954 D InputDispatcher: Inject motion (17800): action=0x1, time=851602197000000, f=0x0, d=0
10-28 12:55:53.404   954  1162 I InputDispatcher: Delivering touch to (17800): action: 0x1, f=0x0, d=0, '6a291ec', t=1
10-28 12:55:53.405 17800 17800 I ViewRootImpl@5875ca1[MainActivity]: ViewPostIme pointer 1
10-28 12:55:53.423 17800 17800 D ScrollView: initGoToTop
10-28 12:55:53.456 17800 17800 D ScrollView:  onsize change changed
10-28 12:55:53.464   566 18541 I HYPER-HAL: [RequestManager.cpp]releaseLocked(): Released ID : 7370894
10-28 12:55:53.480   954  1253 D SemNscXgbMsL1: Probability - Cloud gaming: [0.0029934605]
10-28 12:55:53.480   954  1253 D SemNscXgbMsL1: Probability - Real time: [0.11184107]
10-28 12:55:53.480   954  1253 D SemNscXgbMsL1: Probability - Non real time: [0.9849685]
10-28 12:55:53.480   954  1253 D SemNscXgbMsL1: 1 sample inference time: 0.310962 msecs
10-28 12:55:53.481   954  1253 D SemNscXgbL2Rt: L2 RT 1 sample inference time: 0.455923 msecs
10-28 12:55:53.481   954  1253 D SemNscXgbL2Nrt: L2 NRT 1 sample inference time: 0.480193 msecs
10-28 12:55:53.504   566 18544 I HYPER-HAL: [RequestManager.cpp]releaseLocked(): Released ID : 1314010
10-28 12:55:53.514 26660 26792 I QuickstepModelDelegate: Widget predictions updated
10-28 12:55:53.530 26660 26793 I WidgetsPredictionUpdateTask: execute(), info: PendingAddWidgetInfo(id=-1 type=WIDGET container=# com.android.launcher3.logger.LauncherAtom$ContainerInfo@7ba6f targetComponent=ComponentInfo{com.sec.android.app.clockpackage/com.sec.android.widgetapp.digitalclock.DigitalClockWidgetProvider} screen=-1 cell(-1,-1) span(2,1) minSpan(2,1) rank=0 rankOfList=-1 user=UserHandle{0} title=null hidden=0 screenType=0 componentName=ComponentInfo{com.sec.android.app.clockpackage/com.sec.android.widgetapp.digitalclock.DigitalClockWidgetProvider}), info: PendingAddWidgetInfo(id=-1 type=WIDGET container=# com.android.launcher3.logger.LauncherAtom$ContainerInfo@7ba6f targetComponent=ComponentInfo{com.google.android.gm/com.google.android.gm.widget.GmailWidgetProvider} screen=-1 cell(-1,-1) span(3,2) minSpan(2,2) rank=0 rankOfList=-1 user=UserHandle{0} title=null hidden=0 screenType=0 componentName=ComponentInfo{com.google.android.gm/com.google.android.gm.widget.GmailWidgetProvider}), info: PendingAddWidgetInfo(id=-1 type=WIDGET container=# com.android.launcher3.logger.LauncherAtom$ContainerInfo@7ba6f targetComponent=ComponentInfo{org.telegram.messenger/org.telegram.messenger.ContactsWidgetProvider} screen=-1 cell(-1,-1) span(2,2) minSpan(2,1) rank=0 rankOfList=-1 user=UserHandle{0} title=null hidden=0 screenType=0 componentName=ComponentInfo{org.telegram.messenger/org.telegram.messenger.ContactsWidgetProvider}), info: PendingAddWidgetInfo(id=-1 type=WIDGET container=# com.android.launcher3.logger.LauncherAtom$ContainerInfo@7ba6f targetComponent=ComponentInfo{deezer.android.app/com.deezer.android.appwidget.ShortcutFlowAppWidgetProvider} screen=-1 cell(-1,-1) span(1,1) minSpan(1,1) rank=0 rankOfList=-1 user=UserHandle{0} title=null hidden=0 screenType=0 componentName=ComponentInfo{deezer.android.app/com.deezer.android.appwidget.ShortcutFlowAppWidgetProvider}), info: PendingAddWidgetInfo(id=-1 type=WIDGET container=# com.android.launcher3.logger.LauncherAtom$ContainerInfo@7ba6f targetComponent=ComponentInfo{com.android.chrome/org.chromium.chrome.browser.searchwidget.SearchWidgetProvider} screen=-1 cell(-1,-1) span(3,1) minSpan(3,1) rank=0 rankOfList=-1 user=UserHandle{0} title=null hidden=0 screenType=0 componentName=ComponentInfo{com.android.chrome/org.chromium.chrome.browser.searchwidget.SearchWidgetProvider}), info: PendingAddWidgetInfo(id=-1 type=WIDGET container=# com.android.launcher3.logger.LauncherAtom$ContainerInfo@7ba6f targetComponent=ComponentInfo{com.google.android.apps.maps/com.google.android.apps.gmm.widget.traffic.TrafficWidgetProvider} screen=-1 cell(-1,-1) span(3,2) minSpan(2,2) rank=0 rankOfList=-1 user=UserHandle{0} title=null hidden=0 screenType=0 componentName=ComponentInfo{com.google.android.apps.maps/com.google.android.apps.gmm.widget.traffic.TrafficWidgetProvider}), info: PendingAddWidgetInfo(id=-1 type=WIDGET container=# com.android.launcher3.logger.LauncherAtom$ContainerInfo@7ba6f targetComponent=ComponentInfo{com.trello/com.trello.widget.MyCardsWidgetProvider} screen=-1 cell(-1,-1) span(3,3) minSpan(3,2) rank=0 rankOfList=-1 user=UserHandle{0} title=null hidden=0 screenType=0 componentName=ComponentInfo{com.trello/com.trello.widget.MyCardsWidgetProvider}), info: PendingAddWidgetInfo(id=-1 type=WIDGET container=# com.android.launcher3.logger.LauncherAtom$ContainerInfo@7ba6f targetComponent=ComponentInfo{hr.asseco.android.jimba.mUCI.rs/hr.asseco.android.muci.ui.appwidget.FastCheckWidget} screen=-1 cell(-1,-1) span(4,2) minSpan(4,2) rank=0 rankOfList=-1 user=UserHandle{0} title=null hidden=0 screenType=0 componentName=ComponentInfo{hr.asseco.android.jimba.mUCI.rs/hr.asseco.android.muci.ui.appwidget.FastCheckWidget}), info: PendingAddWidgetInfo(id=-1 type=WIDGET container=# com.android.launcher3.logger.LauncherAtom$ContainerInfo@7ba6f targetComponent=ComponentInfo{com.whatsapp/com.whatsapp.appwidget.WidgetProvider} screen=-1 cell(-1,-1) span(4,2) minSpan(1,1) rank=0 rankOfList=-1 user=UserHandle{0} title=null hidden=0 screenType=0 componentName=ComponentInfo{com.whatsapp/com.whatsapp.appwidge
10-28 12:55:53.671   511   511 E audit   : type=1400 audit(1666954553.665:342478): avc:  granted  { execute } for  pid=18556 comm="CombinedTP11" path="/data/data/com.facebook.orca/lib-compressed/libimagepipeline.so" dev="sda31" ino=3284622 scontext=u:r:untrusted_app:s0:c24,c259,c512,c768 tcontext=u:object_r:app_data_file:s0:c24,c259,c512,c768 tclass=file SEPF_SM-G973F_12_0001 audit_filtered
10-28 12:55:53.671   511   511 E audit   : type=1300 audit(1666954553.665:342478): arch=c00000b7 syscall=222 success=yes exit=506087636992 a0=75d52c8000 a1=1320 a2=5 a3=12 items=0 ppid=531 pid=18556 auid=4294967295 uid=10792 gid=10792 euid=10792 suid=10792 fsuid=10792 egid=10792 sgid=10792 fsgid=10792 tty=(none) ses=4294967295 comm="CombinedTP11" exe="/system/bin/app_process64" subj=u:r:untrusted_app:s0:c24,c259,c512,c768 key=(null)
10-28 12:55:53.671   511   511 E audit   : type=1327 audit(1666954553.665:342478): proctitle="com.facebook.orca"
10-28 12:55:53.679 18556 18602 E nightwatch-target: /proc/zoneinfo open: errno=13
10-28 12:55:53.679   511   511 E audit   : type=1400 audit(1666954553.673:342479): avc:  denied  { read } for  pid=18556 comm="Lacrima_startup" name="zoneinfo" dev="proc" ino=4026531860 scontext=u:r:untrusted_app:s0:c24,c259,c512,c768 tcontext=u:object_r:proc_zoneinfo:s0 tclass=file permissive=0 SEPF_SM-G973F_12_0001 audit_filtered
10-28 12:55:53.679 18556 18602 E nightwatch-target: sysmeminfo parse failed
10-28 12:55:53.686 17800 17800 I ViewInteraction: Performing 'single click' action on view view.getId() is <2131230835/com.example.lunchtray:id/bread>
10-28 12:55:53.688   954  3954 D InputDispatcher: Inject motion (17800): action=0x0, time=851602482000000, f=0x0, d=0
10-28 12:55:53.689   954  1162 I InputDispatcher: Delivering touch to (1348): action: 0x4, f=0x0, d=0, 'be23078', t=0
10-28 12:55:53.689   954  1162 I InputDispatcher: Delivering touch to (17800): action: 0x0, f=0x0, d=0, '6a291ec', t=0
10-28 12:55:53.690 17800 17800 I ViewRootImpl@5875ca1[MainActivity]: ViewPostIme pointer 0
10-28 12:55:53.691  3825  3825 I SemDvfsHyPerManager: acquire hyper - BaseTABoost/3825@21, type = 1090523139
10-28 12:55:53.692  3825  3825 I SemDvfsHyPerManager: acquire hyper - BaseTAToouchBoost/3825@23, type = 1090523139
10-28 12:55:53.692   566   611 I HYPER-HAL: [RequestManager.cpp]acquire(): Acquired ID : 7397802  [3825 / 21]    HINT :      list : [TABoost / 5]
10-28 12:55:53.692   566   611 I HYPER-HAL: [RequestManager.cpp]acquire(): Acquired ID : 7405499  [3825 / 23]    HINT :      list : [TABoost / 20] [TIMEOUT / 1500]
10-28 12:55:53.729   954  3936 D InputDispatcher: Inject motion (17800): action=0x1, time=851602522000000, f=0x0, d=0
10-28 12:55:53.730   954  1162 I InputDispatcher: Delivering touch to (17800): action: 0x1, f=0x0, d=0, '6a291ec', t=1
10-28 12:55:53.730 17800 17800 I ViewRootImpl@5875ca1[MainActivity]: ViewPostIme pointer 1
10-28 12:55:53.758   620   620 I SurfaceFlinger: SFWD update time=851602553084530
10-28 12:55:53.774 18556 18654 E msgr.msys: E[D SqliteError]sqliteErrorLogCallback(363)=>(11) database corruption at line 28736 of [872ba256cb]
10-28 12:55:53.775 18556 18654 E msgr.msys: E[D SqliteError]sqliteErrorLogCallback(363)=>(11) database corruption at line 28736 of [872ba256cb]
10-28 12:55:53.777 18556 18654 E msgr.msys: E[D SqliteError]sqliteErrorLogCallback(363)=>(11) database corruption at line 28736 of [872ba256cb]
10-28 12:55:53.778 18556 18654 E msgr.msys: E[D SqliteError]sqliteErrorLogCallback(363)=>(11) database corruption at line 28736 of [872ba256cb]
10-28 12:55:53.780 18556 18654 E msgr.msys: E[D SqliteError]sqliteErrorLogCallback(363)=>(11) database corruption at line 28736 of [872ba256cb]
10-28 12:55:53.781 18556 18654 E msgr.msys: E[D SqliteError]sqliteErrorLogCallback(363)=>(11) database corruption at line 28736 of [872ba256cb]
10-28 12:55:53.785 18556 18654 E msgr.msys: E[D SqliteError]sqliteErrorLogCallback(363)=>(11) database corruption at line 28736 of [872ba256cb]
10-28 12:55:53.787 18556 18654 E msgr.msys: E[D SqliteError]sqliteErrorLogCallback(363)=>(11) database corruption at line 28736 of [872ba256cb]
10-28 12:55:53.788 18556 18654 E msgr.msys: E[D SqliteError]sqliteErrorLogCallback(363)=>(11) database corruption at line 28736 of [872ba256cb]
10-28 12:55:53.789 18556 18654 E msgr.msys: E[D SqliteError]sqliteErrorLogCallback(363)=>(11) database corruption at line 28736 of [872ba256cb]
10-28 12:55:53.866 18556 18654 E msgr.msys: E[D SqliteError]sqliteErrorLogCallback(363)=>(11) database corruption at line 28736 of [872ba256cb]
10-28 12:55:53.947   954  3936 D PackageManager: setEnabledSetting : userId = 0 packageName = com.facebook.orca cmp = com.facebook.mqttlite.MqttService newState = 1 callingPackage = 10792/com.facebook.orca
10-28 12:55:53.980 18556 18659 D CompatibilityChangeReporter: Compat change id reported: 160794467; UID 10792; state: ENABLED
10-28 12:55:53.983   954  1253 D SemNscXgbMsL1: Probability - Cloud gaming: [0.0029934605]
10-28 12:55:53.984   954  1253 D SemNscXgbMsL1: Probability - Real time: [0.023861613]
10-28 12:55:53.984   954  1253 D SemNscXgbMsL1: Probability - Non real time: [0.98413384]
10-28 12:55:53.984   954  1253 D SemNscXgbMsL1: 1 sample inference time: 1.022577 msecs
10-28 12:55:53.985   954  1253 D SemNscXgbL2Rt: L2 RT 1 sample inference time: 1.227539 msecs
10-28 12:55:53.987   954  1253 D SemNscXgbL2Nrt: L2 NRT 1 sample inference time: 1.036577 msecs
10-28 12:55:53.994 17800 17800 I ViewInteraction: Performing 'single click' action on view view.getId() is <2131231080/com.example.lunchtray:id/next_button>
10-28 12:55:53.996   954  3936 D InputDispatcher: Inject motion (17800): action=0x0, time=851602789000000, f=0x0, d=0
10-28 12:55:53.996   954  1162 I InputDispatcher: Delivering touch to (1348): action: 0x4, f=0x0, d=0, 'be23078', t=0
10-28 12:55:53.996   954  1162 I InputDispatcher: Delivering touch to (17800): action: 0x0, f=0x0, d=0, '6a291ec', t=0
10-28 12:55:53.997 17800 17800 I ViewRootImpl@5875ca1[MainActivity]: ViewPostIme pointer 0
10-28 12:55:53.998  3825  3825 I SemDvfsHyPerManager: acquire hyper - BaseTABoost/3825@21, type = 1090523139
10-28 12:55:53.998  3825  3825 I SemDvfsHyPerManager: acquire hyper - BaseTAToouchBoost/3825@23, type = 1090523139
10-28 12:55:53.998   566   611 I HYPER-HAL: [RequestManager.cpp]acquire(): Acquired ID : 7397802  [3825 / 21]    HINT :      list : [TABoost / 5]
10-28 12:55:53.998   566   611 I HYPER-HAL: [RequestManager.cpp]acquire(): Acquired ID : 7405499  [3825 / 23]    HINT :      list : [TABoost / 20] [TIMEOUT / 1500]
10-28 12:55:54.036   954  3954 D InputDispatcher: Inject motion (17800): action=0x1, time=851602830000000, f=0x0, d=0
10-28 12:55:54.036   954  1162 I InputDispatcher: Delivering touch to (17800): action: 0x1, f=0x0, d=0, '6a291ec', t=1
10-28 12:55:54.037 17800 17800 I ViewRootImpl@5875ca1[MainActivity]: ViewPostIme pointer 1
10-28 12:55:54.056 18556 18655 W m.facebook.orc: JNI RegisterNativeMethods: attempt to register 0 native methods for com.facebook.omnistore.OmnistoreCollectionFrontendHolder
10-28 12:55:54.057 17800 17800 D ScrollView: initGoToTop
10-28 12:55:54.080 18556 18655 E msgr.msys: E[N data-request]_HandleDataResponse(1574)=>Data request error: (null): Error Domain=mqtt Code=2002 UserInfo=0x771d29a8d0 {MCFErrorDirectDescriptionKey=SEND_FAILURE}
10-28 12:55:54.081 18556 18655 E msgr.msys: E[N rtchannel]_rt_mqtt_publish_callback(441)=>Failed to publish the request over MQTT. token:790bb416-345b-468a-b9ed-c3df15f5507e, category:mcd-send-data-task-category, requestId:60251, error:Error Domain=mqtt Code=2002 UserInfo=0x771d29a8d0 {MCFErrorDirectDescriptionKey=SEND_FAILURE}
10-28 12:55:54.082 18556 18655 E msgr.msys: E[N rtchannel]_rt_mqtt_publish_callback(441)=>Failed to publish the request over MQTT. token:ec904563-4911-470c-ae2e-cc44f9429f1f, category:mcd-sync-data-task-category, requestId:21285, error:Error Domain=mqtt Code=2002 UserInfo=0x771d299eb0 {MCFErrorDirectDescriptionKey=SEND_FAILURE}
10-28 12:55:54.088 18556 18654 E msgr.msys: E[S task_queue_handling]MCDLightSpeedTaskExecutorNetworkCompletionCallback(944)=>Handling send error for taskId=34 batchSize=3 queue=contact_sharing_settings
10-28 12:55:54.089 17800 17800 D ScrollView:  onsize change changed
10-28 12:55:54.096 18556 18654 W msgr.msys: W[S task_queue_processing]_MCDTaskCoordinatorMaybeScheduleQueueProcessing(203)=>Scheduling queue contact_sharing_settings for reprocessing in 1 seconds
10-28 12:55:54.119   954  1271 D NetdEventListenerService: DNS Requested by : 245, 10792, 0
10-28 12:55:54.127 18556 18563 I m.facebook.orc: JIT allocated 116KB for compiled code of int X.14J.A00(java.lang.String)
10-28 12:55:54.318 17800 17800 I ViewInteraction: Checking 'MatchesViewAssertion{viewMatcher=an instance of android.widget.TextView and view.getText() with or without transformation to match: a string containing "Subtotal: $10.00"}' assertion on view view.getId() is <2131231216/com.example.lunchtray:id/subtotal>
10-28 12:55:54.323 17800 17800 I ViewInteraction: Checking 'MatchesViewAssertion{viewMatcher=an instance of android.widget.TextView and view.getText() with or without transformation to match: a string containing "Tax: $0.80"}' assertion on view view.getId() is <2131231232/com.example.lunchtray:id/tax>
10-28 12:55:54.326 17800 17800 I ViewInteraction: Checking 'MatchesViewAssertion{viewMatcher=an instance of android.widget.TextView and view.getText() with or without transformation to match: a string containing "Total: $10.80"}' assertion on view view.getId() is <2131231261/com.example.lunchtray:id/total>
10-28 12:55:54.327 17800 17832 I TestRunner: finished: subtotal_tax_total_in_checkout(com.example.lunchtray.OrderFunctionalityTests)
