10-28 12:55:56.209 17800 17800 V ActivityScenario: Activity lifecycle changed event received but ignored because the intent does not match. startActivityIntent=Intent { act=android.intent.action.MAIN cat=[android.intent.category.LAUNCHER] cmp=com.example.lunchtray/.MainActivity }, activity.getIntent()=Intent { act=android.intent.action.MAIN cat=[android.intent.category.LAUNCHER] flg=0x10008000 cmp=com.example.lunchtray/androidx.test.core.app.InstrumentationActivityInvoker$BootstrapActivity (has extras) }, activity=androidx.test.core.app.InstrumentationActivityInvoker$BootstrapActivity@46450a
10-28 12:55:56.209 17800 17800 V ActivityScenario: Activity lifecycle changed event received but ignored because the intent does not match. startActivityIntent=Intent { act=android.intent.action.MAIN cat=[android.intent.category.LAUNCHER] cmp=com.example.lunchtray/.MainActivity }, activity.getIntent()=Intent { act=android.intent.action.MAIN cat=[android.intent.category.LAUNCHER] flg=0x10008000 cmp=com.example.lunchtray/androidx.test.core.app.InstrumentationActivityInvoker$BootstrapActivity (has extras) }, activity=androidx.test.core.app.InstrumentationActivityInvoker$BootstrapActivity@46450a
10-28 12:55:56.209 17800 17800 V ActivityScenario: Activity lifecycle changed event received but ignored because the intent does not match. startActivityIntent=Intent { act=android.intent.action.MAIN cat=[android.intent.category.LAUNCHER] cmp=com.example.lunchtray/androidx.fragment.app.testing.FragmentScenario$EmptyFragmentActivity (has extras) }, activity.getIntent()=Intent { act=android.intent.action.MAIN cat=[android.intent.category.LAUNCHER] flg=0x10008000 cmp=com.example.lunchtray/androidx.test.core.app.InstrumentationActivityInvoker$BootstrapActivity (has extras) }, activity=androidx.test.core.app.InstrumentationActivityInvoker$BootstrapActivity@46450a
10-28 12:55:56.209 17800 17800 V ActivityScenario: Activity lifecycle changed event received but ignored because the intent does not match. startActivityIntent=Intent { act=android.intent.action.MAIN cat=[android.intent.category.LAUNCHER] cmp=com.example.lunchtray/.MainActivity }, activity.getIntent()=Intent { act=android.intent.action.MAIN cat=[android.intent.category.LAUNCHER] flg=0x10008000 cmp=com.example.lunchtray/androidx.test.core.app.InstrumentationActivityInvoker$BootstrapActivity (has extras) }, activity=androidx.test.core.app.InstrumentationActivityInvoker$BootstrapActivity@46450a
10-28 12:55:56.210 18786 18819 W lacrima : Start JavaAppDeathCrashDetector... X.0Uq
10-28 12:55:56.217 18786 18819 W lacrima : Sending pending reports
10-28 12:55:56.217   954  1024 I libprocessgroup: Successfully killed process cgroup uid 10814 pid 18688 in 6ms
10-28 12:55:56.217   620   620 I Layer   : id=205095 removeFromCurrentState Surface(name=Task=1)/@0x4cdbfdb - animation-leash of app_transition#0 (175)
10-28 12:55:56.217   620   620 I Layer   : id=205096 removeFromCurrentState Surface(name=Task=30472)/@0x5594b57 - animation-leash of app_transition#0 (175)
10-28 12:55:56.218   620   620 I SurfaceFlinger: id=205096 Removed Surface(name=Task=30472)/@0x5594b57 - animation-leash of app_transition#0 (175)
10-28 12:55:56.218   620   620 I SurfaceFlinger: id=205095 Removed Surface(name=Task=1)/@0x4cdbfdb - animation-leash of app_transition#0 (175)
10-28 12:55:56.218   620   620 I Layer   : id=205095 Destroyed Surface(name=Task=1)/@0x4cdbfdb - animation-leash of app_transition#0
10-28 12:55:56.218   620   620 I Layer   : id=205096 Destroyed Surface(name=Task=30472)/@0x5594b57 - animation-leash of app_transition#0
10-28 12:55:56.222   954  1272 V WindowManager: Relayout Window{4ad90e6 u0 com.sec.android.app.launcher/com.sec.android.app.launcher.activities.LauncherActivity}: viewVisibility=8 req=1080x2280 d0
10-28 12:55:56.223   954  1272 V WindowManager: Relayout hash=4ad90e6, pid=26660: mAttrs={(0,0)(fillxfill) sim={adjust=nothing} layoutInDisplayCutoutMode=shortEdges ty=BASE_APPLICATION fmt=TRANSPARENT wanim=0x10302f2
10-28 12:55:56.223   954  1272 V WindowManager:   fl=81910100
10-28 12:55:56.223   954  1272 V WindowManager:   pfl=1e020040
10-28 12:55:56.223   954  1272 V WindowManager:   vsysui=1700
10-28 12:55:56.223   954  1272 V WindowManager:   bhv=SHOW_TRANSIENT_BARS_BY_SWIPE
10-28 12:55:56.223   954  1272 V WindowManager:   fitSides= naviIconColor=0}
10-28 12:55:56.224 26660 26660 I ViewRootImpl@623994e[LauncherActivity]: Relayout returned: old=(0,0,1080,2280) new=(0,0,1080,2280) req=(1080,2280)8 dur=3 res=0x5 s={false 0} ch=true fn=25
10-28 12:55:56.224 26660 26660 I ViewRootImpl@623994e[LauncherActivity]: stopped(true) old=false
10-28 12:55:56.225 26660 26660 I BaseActivity: removeActivityFlags, flags : 17
10-28 12:55:56.225 26660 26660 W LauncherAppWidgetHost: setShouldListenFlag, mFlags:7 flag:start on:false isFront:false
10-28 12:55:56.225 26660 26792 I IMM_LC  : hsifw() - flags=0, caller=android.view.inputmethod.InputMethodManager.hideSoftInputFromWindow:1846 android.view.inputmethod.InputMethodManager.hideSoftInputFromWindow:1815 com.android.launcher3.util.UiThreadHelper$UiCallbacks.handleMessage:103 android.os.Handler.dispatchMessage:102 android.os.Looper.loopOnce:226
10-28 12:55:56.225 26660 26792 I IMM_LC  : hideSoftInputFromWindow - mService.hideSoftInput
10-28 12:55:56.225   954  3957 I AppWidgetServiceImpl: stopListening callbacks : null
10-28 12:55:56.226 26660 26660 W LauncherAppWidgetHost: stopListening, mFlags:2 isFront:false
10-28 12:55:56.226 26660 26660 W Launcher.NotificationListener: removeNotificationsChangedListener
10-28 12:55:56.226 26660 26660 I BadgeCountUpdaterImpl: onNotificationsChangedDisConnected
10-28 12:55:56.226 26660 26660 I Launcher.NotificationListener: unregisterObserver, this is not notificationService!!
10-28 12:55:56.226 26660 26792 I LiveIconUpdateEventHandler: LiveIcon onStop
10-28 12:55:56.231 18786 18819 W MessengerLacrimaConfig: MessengerLacrimaConfig.earlyNativeInit
10-28 12:55:56.234   620   620 D Layer   : setBackgroundBlurRadius ## OneUiHome-BlurLayer#1, backgroundBlurRadius=0
10-28 12:55:56.234   620   620 I SurfaceFlinger: id=205084 Removed OneUiHome-BlurLayer#1 (173)
10-28 12:55:56.234   620  2722 D NativeSemDvfsManager: acquire:: timeout = 2000 mIsAcquired = 1  mTagName : SurfaceFlinger
10-28 12:55:56.234   620  2722 E NativeCustomFrequencyManager: [NativeCFMS] BpCustomFrequencyManager::acquire()
10-28 12:55:56.234   566   611 I HYPER-HAL: [RequestManager.cpp]acquire(): Acquired ID : 1314010  [620 / 1000]    HINT : SF_GPU_MINLOCK    list : [TIMEOUT / 2000]
10-28 12:55:56.237 26660 26792 I LiveIconUpdateEventHandler: cancelMinuteChangeAlarm
10-28 12:55:56.239 26660 26792 I LiveIconUpdateEventHandler: cancelDateChangeAlarm
10-28 12:55:56.239 26660 26792 I LiveIconUpdateEventHandler: unregisterReceiver
10-28 12:55:56.265   511   511 E audit   : type=1400 audit(1666954556.261:342484): avc:  granted  { execute } for  pid=18786 comm="EnsureDelegate" path="/data/data/com.facebook.orca/lib-compressed/libbreakpad.so" dev="sda31" ino=3283522 scontext=u:r:untrusted_app:s0:c24,c259,c512,c768 tcontext=u:object_r:app_data_file:s0:c24,c259,c512,c768 tclass=file SEPF_SM-G973F_12_0001 audit_filtered
10-28 12:55:56.265   511   511 E audit   : type=1300 audit(1666954556.261:342484): arch=c00000b7 syscall=222 success=yes exit=506091950080 a0=75d56e5000 a1=18b80 a2=5 a3=12 items=0 ppid=531 pid=18786 auid=4294967295 uid=10792 gid=10792 euid=10792 suid=10792 fsuid=10792 egid=10792 sgid=10792 fsgid=10792 tty=(none) ses=4294967295 comm="EnsureDelegate" exe="/system/bin/app_process64" subj=u:r:untrusted_app:s0:c24,c259,c512,c768 key=(null)
10-28 12:55:56.267   620   620 I Layer   : id=205056 removeFromCurrentState com.sec.android.app.launcher/com.sec.android.app.launcher.activities.LauncherActivity$_26660#0 (173)
10-28 12:55:56.267   620   620 I Layer   : id=205059 removeFromCurrentState OneUiHome-BlurLayer#0 (173)
10-28 12:55:56.267   620   620 I Layer   : id=205084 removeFromCurrentState OneUiHome-BlurLayer#1 (173)
10-28 12:55:56.267   620   620 I SurfaceFlinger: id=205056 Removed com.sec.android.app.launcher/com.sec.android.app.launcher.activities.LauncherActivity$_26660#0 (173)
10-28 12:55:56.268   620   620 I Layer   : id=205056 Destroyed com.sec.android.app.launcher/com.sec.android.app.launcher.activities.LauncherActivity$_26660#0
10-28 12:55:56.268   620   620 I Layer   : id=205059 Destroyed OneUiHome-BlurLayer#0
10-28 12:55:56.268   620   620 I Layer   : id=205084 Destroyed OneUiHome-BlurLayer#1
10-28 12:55:56.278   566 18785 I HYPER-HAL: [RequestManager.cpp]releaseLocked(): Released ID : 473870
10-28 12:55:56.283 18786 18830 D fb-distract: Distracting /apex/com.android.runtime/lib64/bionic/libc.so!kill (0x0x7963158fe0) with /data/data/com.facebook.orca/lib-compressed/libappstatelogger2.so!<unknown> (0x0x764e7c8c8c)
10-28 12:55:56.284 18786 18830 D fb-distract: Distracting /apex/com.android.runtime/lib64/bionic/libc.so!raise (0x0x79631178a8) with /data/data/com.facebook.orca/lib-compressed/libappstatelogger2.so!<unknown> (0x0x764e7c8ccc)
10-28 12:55:56.284 18786 18830 D fb-distract: Distracting /apex/com.android.runtime/lib64/bionic/libc.so!pthread_kill (0x0x796316e680) with /data/data/com.facebook.orca/lib-compressed/libappstatelogger2.so!<unknown> (0x0x764e7c8d24)
10-28 12:55:56.284 18786 18830 D fb-distract: Distracting /apex/com.android.runtime/lib64/bionic/libc.so!killpg (0x0x7963113e78) with /data/data/com.facebook.orca/lib-compressed/libappstatelogger2.so!<unknown> (0x0x764e7c8d58)
10-28 12:55:56.284 18786 18830 D fb-distract: Distracting /apex/com.android.runtime/lib64/bionic/libc.so!tgkill (0x0x7963159000) with /data/data/com.facebook.orca/lib-compressed/libappstatelogger2.so!<unknown> (0x0x764e7c8dc0)
10-28 12:55:56.284 18786 18830 D fb-distract: Distracting /apex/com.android.runtime/lib64/bionic/libc.so!_Exit (0x0x796315a4c0) with /data/data/com.facebook.orca/lib-compressed/libappstatelogger2.so!<unknown> (0x0x764e7c8dfc)
10-28 12:55:56.286  3892  3892 I SCS@AiSearch user 0: (ObserverWorker::AOSP_MP) [main] entering in startWork():
10-28 12:55:56.286  3892  3892 I SCS@AiSearch user 0: (BaseCollector::AOSP_MP) [main] entering in onChange():
10-28 12:55:56.286  3892  4748 I SCS@AiSearch user 0: (BaseCollector::AOSP_MP) [pool-13-thread-1] entering in collectChanges():
10-28 12:55:56.290 18786 18830 W lacrima : The minidump file is empty!
10-28 12:55:56.290   954  1272 D PackageManager: setEnabledSetting : userId = 0 packageName = com.samsung.android.scs cmp = androidx.work.impl.background.systemalarm.RescheduleReceiver newState = 1 callingPackage = 10347/com.samsung.android.scs
10-28 12:55:56.292 18786 18830 W lacrima : Start AnrAppDeathDetector... X.0JR
10-28 12:55:56.293 18786 18819 W DexLibLoader: disabling background optimization
10-28 12:55:56.294   954  3957 D ConnectivityService: ConnectivityService NetworkRequestInfo binderDied(uid/pid:10814/18688, android.os.BinderProxy@50f807a)
10-28 12:55:56.294   954  1197 D ConnectivityService: releasing NetworkRequest [ REQUEST id=38338, [ Capabilities: INTERNET&NOT_RESTRICTED&TRUSTED&NOT_VCN_MANAGED Uid: 10814 RequestorUid: 10814 RequestorPkg: org.telegram.messenger] ] (release request)
10-28 12:55:56.295   954  1197 D ConnectivityService:  Removing from current network [245 WIFI], leaving 173 requests.
10-28 12:55:56.295   531   531 I Zygote  : Process 18688 exited due to signal 9 (Killed)
10-28 12:55:56.296  1341  1341 D HidDeviceService: handleMessage(): msg.what=8
10-28 12:55:56.297   954  2750 D PkgPredictorService-IpmNapPreloadController: app:0_&_org.telegram.messenger die, remove from <launchTime:2022-10-28 12:55:55 hour:12 day:6 previous:[com.example.lunchtray, com.example.lunchtray, com.example.lunchtray] running:com.example.lunchtray/com.example.lunchtray.MainActivity apkVersion:1.0 userId:0 screenOrientation:1 wifi:3 bt:12 predictTime:3 launching Time:152 predicted:false prediction:[0_&_org.telegram.messenger, 0_&_com.facebook.orca, 0_&_com.instagram.android] preloaded:false preloading:[0_&_org.telegram.messenger, 0_&_com.facebook.orca]>
10-28 12:55:56.312 18786 18819 W dalvik-internals: sigaction64 succeeded
10-28 12:55:56.312 18786 18819 D dalvik-internals: SuspendAndroid11: Found all symbols
10-28 12:55:56.312 18786 18819 D dalvik-internals: SuspendAndroid11: Suspending threads.
10-28 12:55:56.314 18786 18819 D dalvik-internals: SuspendAndroid11: Resuming threads.
10-28 12:55:56.315 18786 18819 W dalvik-internals: ignoring failure to find _ZN3art12FaultManager35EnsureArtActionInFrontOfSignalChainEv: could not hook _ZN3art12FaultManager35EnsureArtActionInFrontOfSignalChainEv
10-28 12:55:56.315 18786 18819 D fb-distract: Distracting /apex/com.android.art/lib64/libsigchain.so!signal (0x0x795d5b4838) with /data/data/com.facebook.orca/lib-compressed/libdexload.so!<unknown> (0x0x764e90dee4)
10-28 12:55:56.315 18786 18819 V dalvik-internals: hooked signal using trap ()
10-28 12:55:56.315 18786 18819 D fb-distract: Distracting /apex/com.android.art/lib64/libsigchain.so!sigaction (0x0x795d5b4548) with /data/data/com.facebook.orca/lib-compressed/libdexload.so!<unknown> (0x0x764e90e060)
10-28 12:55:56.315 18786 18819 V dalvik-internals: hooked sigaction using trap ()
10-28 12:55:56.315 18786 18819 D dalvik-internals: SuspendAndroid11: Found all symbols
10-28 12:55:56.315 18786 18819 D dalvik-internals: SuspendAndroid11: Suspending threads.
10-28 12:55:56.316 18786 18819 V dalvik-internals: Hooking function _ZN3art11annotations16GetLineNumFromPCEPKNS_7DexFileEPNS_9ArtMethodEj
10-28 12:55:56.316 18786 18819 D fb-distract: Distracting /apex/com.android.art/lib64/libart.so!_ZN3art11annotations16GetLineNumFromPCEPKNS_7DexFileEPNS_9ArtMethodEj (0x0x766bcfea20) with /data/data/com.facebook.orca/lib-compressed/libdexload.so!<unknown> (0x0x764e90e750)
10-28 12:55:56.317 18786 18819 V dalvik-internals: hooked _ZN3art11annotations16GetLineNumFromPCEPKNS_7DexFileEPNS_9ArtMethodEj using jump ()
10-28 12:55:56.317 18786 18819 D dalvik-internals: SuspendAndroid11: Resuming threads.
10-28 12:55:56.323  3892  4748 I SCS@AiSearch user 0: (BaseCollector::AOSP_MP) fetchInternal values : maxSyncId: 26647 indexCount: 2021 sourceCount: 2021
10-28 12:55:56.326 17800 17800 I ViewInteraction: Performing 'single click' action on view view.getId() is <2131230844/com.example.lunchtray:id/cauliflower>
10-28 12:55:56.327   954  1844 D InputDispatcher: Inject motion (17800): action=0x0, time=851605121000000, f=0x0, d=0
10-28 12:55:56.327   954  1162 I InputDispatcher: Delivering touch to (1348): action: 0x4, f=0x0, d=0, 'be23078', t=0
10-28 12:55:56.327   954  1162 I InputDispatcher: Delivering touch to (17800): action: 0x0, f=0x0, d=0, '213693f', t=0
10-28 12:55:56.327  3825  3825 I SemDvfsHyPerManager: acquire hyper - BaseTABoost/3825@21, type = 1090523139
10-28 12:55:56.328  3825  3825 I SemDvfsHyPerManager: acquire hyper - BaseTAToouchBoost/3825@23, type = 1090523139
10-28 12:55:56.328 17800 17800 I ViewRootImpl@d18c7a9[MainActivity]: ViewPostIme pointer 0
10-28 12:55:56.328   566   611 I HYPER-HAL: [RequestManager.cpp]acquire(): Acquired ID : 7397802  [3825 / 21]    HINT :      list : [TABoost / 5]
10-28 12:55:56.328   566   611 I HYPER-HAL: [RequestManager.cpp]acquire(): Acquired ID : 7405499  [3825 / 23]    HINT :      list : [TABoost / 20] [TIMEOUT / 1500]
10-28 12:55:56.330 18786 18819 W MultiDexClassLoader: unable to use native MDCL: falling back to Java impl
10-28 12:55:56.330 18786 18819 W MultiDexClassLoader: java.lang.RuntimeException: Invalid API Level
10-28 12:55:56.330 18786 18819 W MultiDexClassLoader: 	at com.facebook.common.dextricks.MultiDexClassLoaderArtNative.init(Native Method)
10-28 12:55:56.330 18786 18819 W MultiDexClassLoader: 	at com.facebook.common.dextricks.MultiDexClassLoaderArtNative.<init>(:60)
10-28 12:55:56.330 18786 18819 W MultiDexClassLoader: 	at com.facebook.common.dextricks.MultiDexClassLoader.createMultiDexClassLoader(:56)
10-28 12:55:56.330 18786 18819 W MultiDexClassLoader: 	at com.facebook.common.dextricks.MultiDexClassLoader.install(:93)
10-28 12:55:56.330 18786 18819 W MultiDexClassLoader: 	at com.facebook.common.dextricks.DexStore.loadDexFiles(:89)
10-28 12:55:56.330 18786 18819 W MultiDexClassLoader: 	at com.facebook.common.dextricks.DexStore.loadAllImpl(:638)
10-28 12:55:56.330 18786 18819 W MultiDexClassLoader: 	at com.facebook.common.dextricks.DexStore.loadAll(:1)
10-28 12:55:56.330 18786 18819 W MultiDexClassLoader: 	at com.facebook.common.dextricks.DexLibLoader.loadAllImpl(:142)
10-28 12:55:56.330 18786 18819 W MultiDexClassLoader: 	at com.facebook.common.dextricks.DexLibLoader.loadAll(:9)
10-28 12:55:56.330 18786 18819 W MultiDexClassLoader: 	at com.facebook.common.dextricks.DexLibLoader.loadAll(:268435460)
10-28 12:55:56.330 18786 18819 W MultiDexClassLoader: 	at X.0Qu.ANr(:1271)
10-28 12:55:56.330 18786 18819 W MultiDexClassLoader: 	at X.0Rb.run(:2)
10-28 12:55:56.337 18786 18819 W DexLibLoader: Comparing new 1666949910392 to old 1666949910392
10-28 12:55:56.339 18786 18830 W MessengerLacrimaConfig: MessengerLacrimaConfig.laterInit
10-28 12:55:56.346 18786 18830 W lacrima : Start AnrDetector... com.facebook.acra.anr.multisignal.MultiSignalANRDetector
10-28 12:55:56.346 18786 18830 W MultiSignalANRDetectorLacrima: Starting
10-28 12:55:56.346 18786 18830 W ProcessAnrErrorMonitor: startMonitoring with delay: 0
10-28 12:55:56.356  3892  4748 I SCS@AiSearch user 0: (IndexManager) [pool-13-thread-1] entering in addIndex():
10-28 12:55:56.357  3892  4748 I SCS@AiSearch user 0: (BaseCollector::AOSP_MP) fetch: fetching took  52 ms
10-28 12:55:56.358  3892  4748 I SCS@AiSearch user 0: (BaseCollector::AOSP_MP) fetchChanges: applied 0 items
10-28 12:55:56.358  3892  4748 I SCS@AiSearch user 0: (BaseCollector::AOSP_MP) Collect finished. Result: true
10-28 12:55:56.358  3892  4748 I SCS@AiSearch user 0: (BaseCollector::DOCUMENTS) ObserverWorker run immediately with unique work name: DOCUMENTS
10-28 12:55:56.358  3892  4748 I SCS@AiSearch user 0: (BaseCollector::AOSP_MP) enqueue ObserverWorker name: com.sec.android.app.myfiles, policy: APPEND_OR_REPLACE
10-28 12:55:56.358  3892  3958 I WM-WorkerWrapper: Worker result SUCCESS for Work [ id=75910f70-b200-4514-82bb-7efe029a13eb, tags={ com.sec.android.app.myfiles, com.samsung.android.scs.ai.search.data.collector.ObserverWorker } ]
10-28 12:55:56.367   954  3920 D PackageManager: setEnabledSetting : userId = 0 packageName = com.samsung.android.scs cmp = androidx.work.impl.background.systemalarm.RescheduleReceiver newState = 1 callingPackage = 10347/com.samsung.android.scs
10-28 12:55:56.369   954  3920 D InputDispatcher: Inject motion (17800): action=0x1, time=851605163000000, f=0x0, d=0
10-28 12:55:56.369   954  1162 I InputDispatcher: Delivering touch to (17800): action: 0x1, f=0x0, d=0, '213693f', t=1
10-28 12:55:56.370 17800 17800 I ViewRootImpl@d18c7a9[MainActivity]: ViewPostIme pointer 1
10-28 12:55:56.384 18786 18850 W ProcessAnrErrorMonitor: Starting process monitor checks for process 'com.facebook.orca'
10-28 12:55:56.384 18786 18850 W MultiSignalANRDetectorLacrima: Started monitoring
10-28 12:55:56.389 18786 18821 W ComponentDiscovery: Class com.google.firebase.dynamicloading.DynamicLoadingRegistrar is not an found.
10-28 12:55:56.422   954  3920 D PackageManager: setEnabledSetting : userId = 0 packageName = com.samsung.android.scs cmp = androidx.work.impl.background.systemalarm.RescheduleReceiver newState = 1 callingPackage = 10347/com.samsung.android.scs
10-28 12:55:56.425 18786 18846 W SigquitDetectorLacrima: nativeInit
10-28 12:55:56.425 18786 18830 D fb-distract: Distracting /apex/com.android.runtime/lib64/bionic/libc.so!abort (0x0x796310a2b8) with /data/data/com.facebook.orca/lib-compressed/libreliabilitymerged.so!<unknown> (0x0x764fc1687c)
10-28 12:55:56.429 18786 18830 D fb-distract: Distracting /system/lib64/liblog.so!__android_log_assert (0x0x7970ab4d08) with /data/data/com.facebook.orca/lib-compressed/libreliabilitymerged.so!<unknown> (0x0x764fc16728)
10-28 12:55:56.433 18786 18830 D fb-distract: Distracting /apex/com.android.runtime/lib64/bionic/libc.so!android_set_abort_message (0x0x7963105c80) with /data/data/com.facebook.orca/lib-compressed/libreliabilitymerged.so!<unknown> (0x0x764fc16490)
10-28 12:55:56.438  3892  3892 I SCS@AiSearch user 0: (ObserverWorker::DOCUMENTS) [main] entering in startWork():
10-28 12:55:56.439  3892  3892 I SCS@AiSearch user 0: (BaseCollector::DOCUMENTS) [main] entering in onChange():
10-28 12:55:56.439  3892  3961 I SCS@AiSearch user 0: (BaseCollector::DOCUMENTS) [pool-8-thread-1] entering in collectChanges():
10-28 12:55:56.440  3892  3961 E SCS@AiSearch user 0: (BaseCollector::DOCUMENTS) canSkipCurrentList:
10-28 12:55:56.440  3892  3961 I SCS@AiSearch user 0: (BaseCollector::DOCUMENTS) fetch: fetching took  0 ms
10-28 12:55:56.440  3892  3961 I SCS@AiSearch user 0: (BaseCollector::DOCUMENTS) fetchChanges: applied 0 items
10-28 12:55:56.440  3892  3961 I SCS@AiSearch user 0: (BaseCollector::DOCUMENTS) Collect finished. Result: true
10-28 12:55:56.443   954  3920 D PackageManager: setEnabledSetting : userId = 0 packageName = com.samsung.android.scs cmp = androidx.work.impl.background.systemalarm.RescheduleReceiver newState = 1 callingPackage = 10347/com.samsung.android.scs
10-28 12:55:56.452  3892  3955 I WM-WorkerWrapper: Worker result SUCCESS for Work [ id=0a246e6b-6a73-42b8-a6fb-f45c3ebc167f, tags={ com.samsung.android.scs.documents, com.samsung.android.scs.ai.search.data.collector.ObserverWorker } ]
10-28 12:55:56.479 18786 18830 W msgr.NightwatchConfig: saveExitStatus true, useMmap true, monitorResources true, tickInfo 0, detectLmkd false, needNightWatch true
10-28 12:55:56.489 18786 18786 W msgr.OnApplicationInitInvoker: Ignored missing AppInit dependency: 38:Fb4aUIQREnvironment
10-28 12:55:56.489 18786 18786 W msgr.OnApplicationInitInvoker: Ignored missing AppInit dependency: 131:NetworkEagerInit
10-28 12:55:56.489 18786 18786 W msgr.OnApplicationInitInvoker: Ignored missing AppInit dependency: 139:PreloadWordmark
10-28 12:55:56.495   954  1253 D SemNscXgbMsL1: Probability - Cloud gaming: [0.0054139947]
10-28 12:55:56.495   954  1253 D SemNscXgbMsL1: Probability - Real time: [0.035270657]
10-28 12:55:56.495   954  1253 D SemNscXgbMsL1: Probability - Non real time: [0.9966383]
10-28 12:55:56.495   954  1253 D SemNscXgbMsL1: 1 sample inference time: 0.22523 msecs
10-28 12:55:56.495   954  1253 D SemNscXgbL2Rt: L2 RT 1 sample inference time: 0.282808 msecs
10-28 12:55:56.496   954  1253 D SemNscXgbL2Nrt: L2 NRT 1 sample inference time: 0.261577 msecs
10-28 12:55:56.505 18786 18870 W Profilo/TraceControl: START PROFILO_TRACEID: Ba4FhI+aUIc
10-28 12:55:56.513   954  1261 I SemWifiEleStateTracker: Ele Parameters BD : 10 9 10 10 11 9 MD : -101 -101 -101 -103 -103 -103 WD : -27 -32 -28 -30 -31 -30 GC : false false false false false false SC : false false false false false false SH : false false false false false false TB : false false false false false false
10-28 12:55:56.531 18786 18786 W msgr.QuickPerformanceLoggerModule: Providing QPL...
10-28 12:55:56.546 18786 18830 D Nightwatch: Got fb jni native method for com/facebook/errorreporting/nightwatch/Nightwatch$NightwatchNative.nRecordDataInNightWatch (JI)I with native method: recordDataInNightWatch (0x76441dcf1c). try use crit jni: no try use fast jni: no Used crit: no Used fast: no Used norm: yes crit jni supported: yes fast jni supported: no config is fast: no config is crit: no
10-28 12:55:56.546 18786 18830 D Nightwatch: Got fb jni native method for com/facebook/errorreporting/nightwatch/Nightwatch$NightwatchNative.nRecordTickInNightWatch (JJJJ)I with native method: recordTickInNightWatch (0x76441dcf18). try use crit jni: no try use fast jni: no Used crit: no Used fast: no Used norm: yes crit jni supported: yes fast jni supported: no config is fast: no config is crit: no
10-28 12:55:56.546 18786 18830 D Nightwatch: Got fb jni native method for com/facebook/errorreporting/nightwatch/Nightwatch$NightwatchNative.nSaveResourceData ()Z with native method: saveResourceData (0x76441dcf00). try use crit jni: no try use fast jni: no Used crit: no Used fast: no Used norm: yes crit jni supported: yes fast jni supported: no config is fast: no config is crit: no
10-28 12:55:56.546 18786 18830 D _FB_    : Registering method com/facebook/errorreporting/nightwatch/Nightwatch$NightwatchNative.nRecordDataInNightWatch (JI)I with native method: recordDataInNightWatch (0x76441dcf1c)
10-28 12:55:56.547 18786 18830 D _FB_    : Succeeded registering method com/facebook/errorreporting/nightwatch/Nightwatch$NightwatchNative.nRecordDataInNightWatch (JI)I with native method: recordDataInNightWatch (0x76441dcf1c)
10-28 12:55:56.547 18786 18830 D _FB_    : Registering method com/facebook/errorreporting/nightwatch/Nightwatch$NightwatchNative.nRecordTickInNightWatch (JJJJ)I with native method: recordTickInNightWatch (0x76441dcf18)
10-28 12:55:56.547 18786 18830 D _FB_    : Succeeded registering method com/facebook/errorreporting/nightwatch/Nightwatch$NightwatchNative.nRecordTickInNightWatch (JJJJ)I with native method: recordTickInNightWatch (0x76441dcf18)
10-28 12:55:56.547 18786 18830 D _FB_    : Registering method com/facebook/errorreporting/nightwatch/Nightwatch$NightwatchNative.nSaveResourceData ()Z with native method: saveResourceData (0x76441dcf00)
10-28 12:55:56.547 18786 18830 D _FB_    : Succeeded registering method com/facebook/errorreporting/nightwatch/Nightwatch$NightwatchNative.nSaveResourceData ()Z with native method: saveResourceData (0x76441dcf00)
10-28 12:55:56.548 18786 18830 D Nightwatch: Starting NightWatch. Using fast [yes] or critical [yes] native methods
10-28 12:55:56.548 18786 18830 D Nightwatch: NightWatch using: Binary path: /data/app/~~gGKxs4-vdAFYFZZ0Fk4dug==/com.facebook.orca-YrzPqbUUeHsoJUQxcYcCTg==/lib/arm64/libwatcher_binary.so log path: /data/data/com.facebook.orca/app_errorreporting/sess__000001206-1666954556183-d094b88c-994a-60f5-3b9a-3827fc89c707/nightwatch.txt
10-28 12:55:56.548 18786 18830 D Nightwatch: Got fb jni native method for com/facebook/errorreporting/nightwatch/NightwatchOreo.nRecordDataInNightWatch (IIJI)I with native method: recordDataInNightWatch_64_type_adaptor__ ::adaptor_func (0x76441dcf3c). try use crit jni: yes try use fast jni: no Used crit: yes Used fast: no Used norm: no crit jni supported: yes fast jni supported: no config is fast: no config is crit: yes
10-28 12:55:56.548 18786 18830 D Nightwatch: Got fb jni native method for com/facebook/errorreporting/nightwatch/NightwatchOreo.nRecordTickInNightWatch (IIJJJJ)I with native method: recordTickInNightWatch_64_type_adaptor__ ::adaptor_func (0x76441dcf38). try use crit jni: yes try use fast jni: no Used crit: yes Used fast: no Used norm: no crit jni supported: yes fast jni supported: no config is fast: no config is crit: yes
10-28 12:55:56.548 18786 18830 D Nightwatch: Got fb jni native method for com/facebook/errorreporting/nightwatch/NightwatchOreo.nSaveResourceData (II)Z with native method: saveResourceData_64_type_adaptor__ ::adaptor_func (0x76441dcf20). try use crit jni: yes try use fast jni: no Used crit: yes Used fast: no Used norm: no crit jni supported: yes fast jni supported: no config is fast: no config is crit: yes
10-28 12:55:56.548 18786 18830 D _FB_    : Registering method com/facebook/errorreporting/nightwatch/NightwatchOreo.nRecordDataInNightWatch (IIJI)I with native method: recordDataInNightWatch_64_type_adaptor__ ::adaptor_func (0x76441dcf3c)
10-28 12:55:56.548 18786 18830 D _FB_    : Succeeded registering method com/facebook/errorreporting/nightwatch/NightwatchOreo.nRecordDataInNightWatch (IIJI)I with native method: recordDataInNightWatch_64_type_adaptor__ ::adaptor_func (0x76441dcf3c)
10-28 12:55:56.548 18786 18830 D _FB_    : Registering method com/facebook/errorreporting/nightwatch/NightwatchOreo.nRecordTickInNightWatch (IIJJJJ)I with native method: recordTickInNightWatch_64_type_adaptor__ ::adaptor_func (0x76441dcf38)
10-28 12:55:56.548 18786 18830 D _FB_    : Succeeded registering method com/facebook/errorreporting/nightwatch/NightwatchOreo.nRecordTickInNightWatch (IIJJJJ)I with native method: recordTickInNightWatch_64_type_adaptor__ ::adaptor_func (0x76441dcf38)
10-28 12:55:56.548 18786 18830 D _FB_    : Registering method com/facebook/errorreporting/nightwatch/NightwatchOreo.nSaveResourceData (II)Z with native method: saveResourceData_64_type_adaptor__ ::adaptor_func (0x76441dcf20)
10-28 12:55:56.548 18786 18830 D _FB_    : Succeeded registering method com/facebook/errorreporting/nightwatch/NightwatchOreo.nSaveResourceData (II)Z with native method: saveResourceData_64_type_adaptor__ ::adaptor_func (0x76441dcf20)
10-28 12:55:56.555 18786 18830 I nightwatch-lib: watcher succeeded mmap /data/data/com.facebook.orca/app_errorreporting/sess__000001206-1666954556183-d094b88c-994a-60f5-3b9a-3827fc89c707/nightwatch.txt.subsecond
10-28 12:55:56.559 18786 18830 I nightwatch-lib: watcher succeeded mmap /data/data/com.facebook.orca/app_errorreporting/sess__000001206-1666954556183-d094b88c-994a-60f5-3b9a-3827fc89c707/nightwatch.txt.second
10-28 12:55:56.561 18786 18830 I nightwatch-lib: watcher succeeded mmap /data/data/com.facebook.orca/app_errorreporting/sess__000001206-1666954556183-d094b88c-994a-60f5-3b9a-3827fc89c707/nightwatch.txt
10-28 12:55:56.562 18786 18830 D nightwatch-fd: Attempting to open file /proc/self/oom_adj
10-28 12:55:56.562 18786 18830 D nightwatch-fd: Opened file /proc/self/oom_adj (89)
10-28 12:55:56.562 18786 18830 D nightwatch-fd: Attempting to open file /proc/self/oom_score_adj
10-28 12:55:56.562 18786 18830 D nightwatch-fd: Opened file /proc/self/oom_score_adj (109)
10-28 12:55:56.564 18786 18786 W msgr.SadDataOverlayUtils: No data to parse in MC.android_internal_sad_data_overlay.thresholds
10-28 12:55:56.571 18786 18830 I nightwatch-target: created thread to monitor process resources
10-28 12:55:56.580 18786 18892 D nightwatch-fd: Attempting to open file /proc/self/oom_score
10-28 12:55:56.581 18786 18892 D nightwatch-fd: Opened file /proc/self/oom_score (114)
10-28 12:55:56.582 18786 18892 I nightwatch-target: monitor resources interval 20 ms
10-28 12:55:56.582 18786 18892 E nightwatch-target: /proc/zoneinfo open: errno=13
10-28 12:55:56.583 18786 18892 E nightwatch-target: sysmeminfo parse failed
10-28 12:55:56.599 18786 18896 I nightwatch-target: waiting on child pid 18897
10-28 12:55:56.606 18786 18892 E nightwatch-target: /proc/zoneinfo open: errno=13
10-28 12:55:56.607 18786 18892 E nightwatch-target: sysmeminfo parse failed
10-28 12:55:56.629 18897 18897 I nightwatch-watcher: I have arisen! pid: 18897
10-28 12:55:56.630 18897 18897 I nightwatch-lib: watcher succeeded mmap /data/data/com.facebook.orca/app_errorreporting/sess__000001206-1666954556183-d094b88c-994a-60f5-3b9a-3827fc89c707/nightwatch.txt
10-28 12:55:56.630 18897 18897 I nightwatch-watcher: attached to tid 18896 in pid 18786, ptrace_ret: 0
10-28 12:55:56.630 18897 18897 D nightwatch-fd: Attempting to open file /proc/18786/oom_adj
10-28 12:55:56.630 18897 18897 D nightwatch-fd: Opened file /proc/18786/oom_adj (5)
10-28 12:55:56.630 18897 18897 D nightwatch-fd: Attempting to open file /proc/18786/oom_score_adj
10-28 12:55:56.630 18897 18897 D nightwatch-fd: Opened file /proc/18786/oom_score_adj (6)
10-28 12:55:56.631 18897 18897 I nightwatch-watcher: target tid 18896 stopped with signal 19. continuing and delivering signal 0
10-28 12:55:56.636 17800 17800 I ViewInteraction: Performing 'single click' action on view view.getId() is <2131231080/com.example.lunchtray:id/next_button>
10-28 12:55:56.637   954  3954 D InputDispatcher: Inject motion (17800): action=0x0, time=851605431000000, f=0x0, d=0
10-28 12:55:56.637   954  1162 I InputDispatcher: Delivering touch to (1348): action: 0x4, f=0x0, d=0, 'be23078', t=0
10-28 12:55:56.637   954  1162 I InputDispatcher: Delivering touch to (17800): action: 0x0, f=0x0, d=0, '213693f', t=0
10-28 12:55:56.638 17800 17800 I ViewRootImpl@d18c7a9[MainActivity]: ViewPostIme pointer 0
10-28 12:55:56.638  3825  3825 I SemDvfsHyPerManager: acquire hyper - BaseTABoost/3825@21, type = 1090523139
10-28 12:55:56.638  3825  3825 I SemDvfsHyPerManager: acquire hyper - BaseTAToouchBoost/3825@23, type = 1090523139
10-28 12:55:56.638   566   611 I HYPER-HAL: [RequestManager.cpp]acquire(): Acquired ID : 7397802  [3825 / 21]    HINT :      list : [TABoost / 5]
10-28 12:55:56.639   566   611 I HYPER-HAL: [RequestManager.cpp]acquire(): Acquired ID : 7405499  [3825 / 23]    HINT :      list : [TABoost / 20] [TIMEOUT / 1500]
10-28 12:55:56.643 18786 18882 W msgr.EndToEndAnalyticsEventListener: WRITE_ANALYTICS_TO_LOGCAT = null, EndToEnd.isRunningEndToEndTest() = false
10-28 12:55:56.678   954  3954 D InputDispatcher: Inject motion (17800): action=0x1, time=851605472000000, f=0x0, d=0
10-28 12:55:56.678   954  1162 I InputDispatcher: Delivering touch to (17800): action: 0x1, f=0x0, d=0, '213693f', t=1
10-28 12:55:56.678 17800 17800 I ViewRootImpl@d18c7a9[MainActivity]: ViewPostIme pointer 1
10-28 12:55:56.697 17800 17800 D ScrollView: initGoToTop
10-28 12:55:56.721 18786 18867 W msgr.FrscLanguagePackLoader: Loading FRSC strings for locale (en)
10-28 12:55:56.724 17800 17800 D ScrollView:  onsize change changed
10-28 12:55:56.736 18786 18879 W msgr.AppStateLoggerCore: Application needs to be registered before setting app state manager bridge
10-28 12:55:56.742 18786 18917 W msgr.FrscLanguagePackLoader: FRSC English strings buffer size - (limit : 395272, capacity : 395272)
10-28 12:55:56.748 18786 18786 W msgr.QuickPerformanceLoggerModule: Provided QPL: 161580668
10-28 12:55:56.750 18786 18868 E FeatureUtil: filePath /product/omc/SEE/system/customer_carrier_feature.json carrierGroup SEE canonicalId -1
10-28 12:55:56.751 18786 18868 D SemCarrierFeature: update carrier default features : 0
10-28 12:55:56.751 18786 18868 D SemCarrierFeature: update carrier features : 0:30581
10-28 12:55:56.751 18786 18868 E FeatureUtil: filePath /product/omc/SEE/system/customer_carrier_feature.json carrierGroup SEE canonicalId 30581
10-28 12:55:56.752 18786 18868 E FeatureUtil: filePath /product/omc/SEE/system/customer_carrier_feature.json carrierGroup SEE canonicalId -1
10-28 12:55:56.754 18786 18868 D SemCarrierFeature: update carrier default features : 1
10-28 12:55:56.754 18786 18868 D SemCarrierFeature: update carrier features : 1:-1
10-28 12:55:56.754 18786 18868 E FeatureUtil: filePath /product/omc/SEE/system/customer_carrier_feature.json carrierGroup SEE canonicalId -1
10-28 12:55:56.797 18786 18894 W m.facebook.orc: Accessing hidden method Lcom/samsung/android/os/SemPerfManager;->onScrollEvent(Z)V (blocked, reflection, denied)
10-28 12:55:56.810 18786 18830 W msgr.crashloop: CrashLoopDetector... start
10-28 12:55:56.833   566 18681 I HYPER-HAL: [RequestManager.cpp]releaseLocked(): Released ID : 472896
10-28 12:55:56.839 18786 18866 W m.facebook.orc: JNI RegisterNativeMethods: attempt to register 0 native methods for com.facebook.msys.mci.EventLoggingData
10-28 12:55:56.855 18786 18866 W msgr.ZoneModule: Policy Zone is disabled. No-op Zone is returned
10-28 12:55:56.908 18786 18845 D fb-distract: Distracting /apex/com.android.art/lib64/libart.so!_ZN3art13SignalCatcher6OutputERKNSt3__112basic_stringIcNS1_11char_traitsIcEENS1_9allocatorIcEEEE (0x0x766c056590) with /data/data/com.facebook.orca/lib-compressed/libsigquit.so!<unknown> (0x0x764e754f24)
10-28 12:55:56.953 17800 17800 I ViewInteraction: Performing 'single click' action on view view.getId() is <2131231186/com.example.lunchtray:id/soup>
10-28 12:55:56.959   954  3954 D InputDispatcher: Inject motion (17800): action=0x0, time=851605753000000, f=0x0, d=0
10-28 12:55:56.959   954  1162 I InputDispatcher: Delivering touch to (1348): action: 0x4, f=0x0, d=0, 'be23078', t=0
10-28 12:55:56.959   954  1162 I InputDispatcher: Delivering touch to (17800): action: 0x0, f=0x0, d=0, '213693f', t=0
10-28 12:55:56.961 17800 17800 I ViewRootImpl@d18c7a9[MainActivity]: ViewPostIme pointer 0
10-28 12:55:56.961  3825  3825 I SemDvfsHyPerManager: acquire hyper - BaseTABoost/3825@21, type = 1090523139
10-28 12:55:56.961  3825  3825 I SemDvfsHyPerManager: acquire hyper - BaseTAToouchBoost/3825@23, type = 1090523139
10-28 12:55:56.962   566   611 I HYPER-HAL: [RequestManager.cpp]acquire(): Acquired ID : 7397802  [3825 / 21]    HINT :      list : [TABoost / 5]
10-28 12:55:56.962   566   611 I HYPER-HAL: [RequestManager.cpp]acquire(): Acquired ID : 7405499  [3825 / 23]    HINT :      list : [TABoost / 20] [TIMEOUT / 1500]
10-28 12:55:56.998   954  1253 D SemNscXgbMsL1: Probability - Cloud gaming: [0.047716532]
10-28 12:55:56.999   954  1253 D SemNscXgbMsL1: Probability - Real time: [0.031915072]
10-28 12:55:56.999   954  1253 D SemNscXgbMsL1: Probability - Non real time: [0.9756073]
10-28 12:55:56.999   954  1253 D SemNscXgbMsL1: 1 sample inference time: 1.620731 msecs
10-28 12:55:57.000   954  3920 D InputDispatcher: Inject motion (17800): action=0x1, time=851605794000000, f=0x0, d=0
10-28 12:55:57.001   954  1162 I InputDispatcher: Delivering touch to (17800): action: 0x1, f=0x0, d=0, '213693f', t=1
10-28 12:55:57.001   954  1253 D SemNscXgbL2Rt: L2 RT 1 sample inference time: 1.563846 msecs
10-28 12:55:57.002 17800 17800 I ViewRootImpl@d18c7a9[MainActivity]: ViewPostIme pointer 1
10-28 12:55:57.002   954  1253 D SemNscXgbL2Nrt: L2 NRT 1 sample inference time: 1.18127 msecs
10-28 12:55:57.020   620   620 I SurfaceFlinger: SFWD update time=851605815712989
10-28 12:55:57.029  1341  1341 D HidDeviceService: handleMessage(): msg.what=8
10-28 12:55:57.216   511   511 E audit   : type=1400 audit(1666954557.209:342514): avc:  granted  { execute } for  pid=18786 comm="CombinedTP5" path="/data/data/com.facebook.orca/lib-compressed/libmcpdynamic-mcpdynamic.so" dev="sda31" ino=3283960 scontext=u:r:untrusted_app:s0:c24,c259,c512,c768 tcontext=u:object_r:app_data_file:s0:c24,c259,c512,c768 tclass=file SEPF_SM-G973F_12_0001 audit_filtered
10-28 12:55:57.217   511   511 E audit   : type=1300 audit(1666954557.209:342514): arch=c00000b7 syscall=222 success=yes exit=507771752448 a0=76398e1000 a1=cd00 a2=5 a3=12 items=0 ppid=531 pid=18786 auid=4294967295 uid=10792 gid=10792 euid=10792 suid=10792 fsuid=10792 egid=10792 sgid=10792 fsgid=10792 tty=(none) ses=4294967295 comm="CombinedTP5" exe="/system/bin/app_process64" subj=u:r:untrusted_app:s0:c24,c259,c512,c768 key=(null)
10-28 12:55:57.217   511   511 E audit   : type=1327 audit(1666954557.209:342514): proctitle="com.facebook.orca"
10-28 12:55:57.257 17800 17800 I ViewInteraction: Performing 'single click' action on view view.getId() is <2131230842/com.example.lunchtray:id/cancel_button>
10-28 12:55:57.260   954  3920 D InputDispatcher: Inject motion (17800): action=0x0, time=851606054000000, f=0x0, d=0
10-28 12:55:57.261   954  1162 I InputDispatcher: Delivering touch to (1348): action: 0x4, f=0x0, d=0, 'be23078', t=0
10-28 12:55:57.261   954  1162 I InputDispatcher: Delivering touch to (17800): action: 0x0, f=0x0, d=0, '213693f', t=0
10-28 12:55:57.262 17800 17800 I ViewRootImpl@d18c7a9[MainActivity]: ViewPostIme pointer 0
10-28 12:55:57.263  3825  3825 I SemDvfsHyPerManager: acquire hyper - BaseTABoost/3825@21, type = 1090523139
10-28 12:55:57.263  3825  3825 I SemDvfsHyPerManager: acquire hyper - BaseTAToouchBoost/3825@23, type = 1090523139
10-28 12:55:57.264   566   611 I HYPER-HAL: [RequestManager.cpp]acquire(): Acquired ID : 7397802  [3825 / 21]    HINT :      list : [TABoost / 5]
10-28 12:55:57.264   566   611 I HYPER-HAL: [RequestManager.cpp]acquire(): Acquired ID : 7405499  [3825 / 23]    HINT :      list : [TABoost / 20] [TIMEOUT / 1500]
10-28 12:55:57.301   954  3920 D InputDispatcher: Inject motion (17800): action=0x1, time=851606095000000, f=0x0, d=0
10-28 12:55:57.302   954  1162 I InputDispatcher: Delivering touch to (17800): action: 0x1, f=0x0, d=0, '213693f', t=1
10-28 12:55:57.302 17800 17800 I ViewRootImpl@d18c7a9[MainActivity]: ViewPostIme pointer 1
10-28 12:55:57.307 18786 18933 W msgr.msys: W[D setup]_MCIDatabaseConnectionExecute(498)=>Ignoring invocation of 'MCIDatabaseConnectionExecute()' connection is NULL
10-28 12:55:57.318 18786 18933 E msgr.msys: E[D SqliteError]sqliteErrorLogCallback(363)=>(283) recovered 257 frames from WAL file /data/data/com.facebook.orca/databases/msys_database_100000537475601-wal
10-28 12:55:57.319 18786 18933 E msgr.msys: E[D SqliteError]sqliteErrorLogCallback(363)=>(28) double-quoted string literal: "sqlite_%"
10-28 12:55:57.319 18786 18933 E msgr.msys: E[D SqliteError]sqliteErrorLogCallback(363)=>(28) double-quoted string literal: "table"
10-28 12:55:57.325   566 18673 I HYPER-HAL: [RequestManager.cpp]releaseLocked(): Released ID : 7370894
10-28 12:55:57.332   954  3920 V WindowManager: Relayout Window{213693f u0 com.example.lunchtray/com.example.lunchtray.MainActivity}: viewVisibility=0 req=1080x2280 d0
10-28 12:55:57.338   954  3920 V WindowManager: Relayout hash=213693f, pid=17800: mAttrs={(0,0)(fillxfill) sim={adjust=pan} ty=BASE_APPLICATION wanim=0x1030303
10-28 12:55:57.338   954  3920 V WindowManager:   fl=81810100
10-28 12:55:57.338   954  3920 V WindowManager:   pfl=12020040
10-28 12:55:57.338   954  3920 V WindowManager:   apr=LIGHT_NAVIGATION_BARS
10-28 12:55:57.338   954  3920 V WindowManager:   bhv=DEFAULT
10-28 12:55:57.338   954  3920 V WindowManager:   fitSides= naviIconColor=0
10-28 12:55:57.338   954  3920 V WindowManager:   sfl=100000}
10-28 12:55:57.339   511   511 E audit   : type=1400 audit(1666954557.333:342515): avc:  granted  { execute } for  pid=18786 comm="DiskIOContext" path="/data/data/com.facebook.orca/lib-compressed/libmsys_mailbox_messenger_config.so" dev="sda31" ino=3284728 scontext=u:r:untrusted_app:s0:c24,c259,c512,c768 tcontext=u:object_r:app_data_file:s0:c24,c259,c512,c768 tclass=file SEPF_SM-G973F_12_0001 audit_filtered
10-28 12:55:57.341 17800 17800 I ViewRootImpl@d18c7a9[MainActivity]: Relayout returned: old=(0,0,1080,2280) new=(0,0,1080,2280) req=(1080,2280)0 dur=8 res=0x1 s={true 515080463104} ch=false fn=51
10-28 12:55:57.349 18786 18933 E msgr.msys: E[D SqliteError]sqliteErrorLogCallback(363)=>(28) double-quoted string literal: "table"
10-28 12:55:57.349 18786 18933 E msgr.msys: E[D SqliteError]sqliteErrorLogCallback(363)=>(28) double-quoted string literal: "avatar_effect_generation_errors"
10-28 12:55:57.420 26660 26792 I QuickstepModelDelegate: Widget predictions updated
10-28 12:55:57.431 26660 26793 I WidgetsPredictionUpdateTask: execute(), info: PendingAddWidgetInfo(id=-1 type=WIDGET container=# com.android.launcher3.logger.LauncherAtom$ContainerInfo@7ba6f targetComponent=ComponentInfo{com.sec.android.app.clockpackage/com.sec.android.widgetapp.digitalclock.DigitalClockWidgetProvider} screen=-1 cell(-1,-1) span(2,1) minSpan(2,1) rank=0 rankOfList=-1 user=UserHandle{0} title=null hidden=0 screenType=0 componentName=ComponentInfo{com.sec.android.app.clockpackage/com.sec.android.widgetapp.digitalclock.DigitalClockWidgetProvider}), info: PendingAddWidgetInfo(id=-1 type=WIDGET container=# com.android.launcher3.logger.LauncherAtom$ContainerInfo@7ba6f targetComponent=ComponentInfo{com.google.android.gm/com.google.android.gm.widget.GmailWidgetProvider} screen=-1 cell(-1,-1) span(3,2) minSpan(2,2) rank=0 rankOfList=-1 user=UserHandle{0} title=null hidden=0 screenType=0 componentName=ComponentInfo{com.google.android.gm/com.google.android.gm.widget.GmailWidgetProvider}), info: PendingAddWidgetInfo(id=-1 type=WIDGET container=# com.android.launcher3.logger.LauncherAtom$ContainerInfo@7ba6f targetComponent=ComponentInfo{org.telegram.messenger/org.telegram.messenger.ContactsWidgetProvider} screen=-1 cell(-1,-1) span(2,2) minSpan(2,1) rank=0 rankOfList=-1 user=UserHandle{0} title=null hidden=0 screenType=0 componentName=ComponentInfo{org.telegram.messenger/org.telegram.messenger.ContactsWidgetProvider}), info: PendingAddWidgetInfo(id=-1 type=WIDGET container=# com.android.launcher3.logger.LauncherAtom$ContainerInfo@7ba6f targetComponent=ComponentInfo{deezer.android.app/com.deezer.android.appwidget.ShortcutFlowAppWidgetProvider} screen=-1 cell(-1,-1) span(1,1) minSpan(1,1) rank=0 rankOfList=-1 user=UserHandle{0} title=null hidden=0 screenType=0 componentName=ComponentInfo{deezer.android.app/com.deezer.android.appwidget.ShortcutFlowAppWidgetProvider}), info: PendingAddWidgetInfo(id=-1 type=WIDGET container=# com.android.launcher3.logger.LauncherAtom$ContainerInfo@7ba6f targetComponent=ComponentInfo{com.android.chrome/org.chromium.chrome.browser.searchwidget.SearchWidgetProvider} screen=-1 cell(-1,-1) span(3,1) minSpan(3,1) rank=0 rankOfList=-1 user=UserHandle{0} title=null hidden=0 screenType=0 componentName=ComponentInfo{com.android.chrome/org.chromium.chrome.browser.searchwidget.SearchWidgetProvider}), info: PendingAddWidgetInfo(id=-1 type=WIDGET container=# com.android.launcher3.logger.LauncherAtom$ContainerInfo@7ba6f targetComponent=ComponentInfo{com.google.android.apps.maps/com.google.android.apps.gmm.widget.traffic.TrafficWidgetProvider} screen=-1 cell(-1,-1) span(3,2) minSpan(2,2) rank=0 rankOfList=-1 user=UserHandle{0} title=null hidden=0 screenType=0 componentName=ComponentInfo{com.google.android.apps.maps/com.google.android.apps.gmm.widget.traffic.TrafficWidgetProvider}), info: PendingAddWidgetInfo(id=-1 type=WIDGET container=# com.android.launcher3.logger.LauncherAtom$ContainerInfo@7ba6f targetComponent=ComponentInfo{com.trello/com.trello.widget.MyCardsWidgetProvider} screen=-1 cell(-1,-1) span(3,3) minSpan(3,2) rank=0 rankOfList=-1 user=UserHandle{0} title=null hidden=0 screenType=0 componentName=ComponentInfo{com.trello/com.trello.widget.MyCardsWidgetProvider}), info: PendingAddWidgetInfo(id=-1 type=WIDGET container=# com.android.launcher3.logger.LauncherAtom$ContainerInfo@7ba6f targetComponent=ComponentInfo{hr.asseco.android.jimba.mUCI.rs/hr.asseco.android.muci.ui.appwidget.FastCheckWidget} screen=-1 cell(-1,-1) span(4,2) minSpan(4,2) rank=0 rankOfList=-1 user=UserHandle{0} title=null hidden=0 screenType=0 componentName=ComponentInfo{hr.asseco.android.jimba.mUCI.rs/hr.asseco.android.muci.ui.appwidget.FastCheckWidget}), info: PendingAddWidgetInfo(id=-1 type=WIDGET container=# com.android.launcher3.logger.LauncherAtom$ContainerInfo@7ba6f targetComponent=ComponentInfo{com.whatsapp/com.whatsapp.appwidget.WidgetProvider} screen=-1 cell(-1,-1) span(4,2) minSpan(1,1) rank=0 rankOfList=-1 user=UserHandle{0} title=null hidden=0 screenType=0 componentName=ComponentInfo{com.whatsapp/com.whatsapp.appwidge
10-28 12:55:57.504   954  1253 D SemNscXgbMsL1: Probability - Cloud gaming: [8.976275E-4]
10-28 12:55:57.505   954  1253 D SemNscXgbMsL1: Probability - Real time: [0.046449468]
10-28 12:55:57.505   954  1253 D SemNscXgbMsL1: Probability - Non real time: [0.9876231]
10-28 12:55:57.505   954  1253 D SemNscXgbMsL1: 1 sample inference time: 1.384961 msecs
10-28 12:55:57.507   954  1253 D SemNscXgbL2Rt: L2 RT 1 sample inference time: 1.604884 msecs
10-28 12:55:57.509   954  1253 D SemNscXgbL2Nrt: L2 NRT 1 sample inference time: 1.755154 msecs
10-28 12:55:57.568 17800 17800 I ViewInteraction: Performing 'single click' action on view view.getId() is <2131231207/com.example.lunchtray:id/start_order_btn>
10-28 12:55:57.570   954  3954 D InputDispatcher: Inject motion (17800): action=0x0, time=851606364000000, f=0x0, d=0
10-28 12:55:57.570   954  1162 I InputDispatcher: Delivering touch to (1348): action: 0x4, f=0x0, d=0, 'be23078', t=0
10-28 12:55:57.570   954  1162 I InputDispatcher: Delivering touch to (17800): action: 0x0, f=0x0, d=0, '213693f', t=0
10-28 12:55:57.571 17800 17800 I ViewRootImpl@d18c7a9[MainActivity]: ViewPostIme pointer 0
10-28 12:55:57.573  3825  3825 I SemDvfsHyPerManager: acquire hyper - BaseTABoost/3825@21, type = 1090523139
10-28 12:55:57.573 18786 18933 E msgr.msys: E[D SqliteError]sqliteErrorLogCallback(363)=>(11) database corruption at line 28736 of [872ba256cb]
10-28 12:55:57.574  3825  3825 I SemDvfsHyPerManager: acquire hyper - BaseTAToouchBoost/3825@23, type = 1090523139
10-28 12:55:57.574   566   611 I HYPER-HAL: [RequestManager.cpp]acquire(): Acquired ID : 7397802  [3825 / 21]    HINT :      list : [TABoost / 5]
10-28 12:55:57.574   566   611 I HYPER-HAL: [RequestManager.cpp]acquire(): Acquired ID : 7405499  [3825 / 23]    HINT :      list : [TABoost / 20] [TIMEOUT / 1500]
10-28 12:55:57.575 18786 18933 E msgr.msys: E[D SqliteError]sqliteErrorLogCallback(363)=>(11) database corruption at line 28736 of [872ba256cb]
10-28 12:55:57.578 18786 18933 E msgr.msys: E[D SqliteError]sqliteErrorLogCallback(363)=>(11) database corruption at line 28736 of [872ba256cb]
10-28 12:55:57.579 18786 18933 E msgr.msys: E[D SqliteError]sqliteErrorLogCallback(363)=>(11) database corruption at line 28736 of [872ba256cb]
10-28 12:55:57.582 18786 18933 E msgr.msys: E[D SqliteError]sqliteErrorLogCallback(363)=>(11) database corruption at line 28736 of [872ba256cb]
10-28 12:55:57.584 18786 18933 E msgr.msys: E[D SqliteError]sqliteErrorLogCallback(363)=>(11) database corruption at line 28736 of [872ba256cb]
10-28 12:55:57.588 18786 18933 E msgr.msys: E[D SqliteError]sqliteErrorLogCallback(363)=>(11) database corruption at line 28736 of [872ba256cb]
10-28 12:55:57.590 18786 18933 E msgr.msys: E[D SqliteError]sqliteErrorLogCallback(363)=>(11) database corruption at line 28736 of [872ba256cb]
10-28 12:55:57.592 18786 18933 E msgr.msys: E[D SqliteError]sqliteErrorLogCallback(363)=>(11) database corruption at line 28736 of [872ba256cb]
10-28 12:55:57.593 18786 18933 E msgr.msys: E[D SqliteError]sqliteErrorLogCallback(363)=>(11) database corruption at line 28736 of [872ba256cb]
10-28 12:55:57.610 18786 18892 E nightwatch-target: /proc/zoneinfo open: errno=13
10-28 12:55:57.610 18786 18892 E nightwatch-target: sysmeminfo parse failed
