10-28 12:55:47.151 18336 18367 D Nightwatch: Got fb jni native method for com/facebook/errorreporting/nightwatch/NightwatchOreo.nRecordTickInNightWatch (IIJJJJ)I with native method: recordTickInNightWatch_64_type_adaptor__ ::adaptor_func (0x764fccef38). try use crit jni: yes try use fast jni: no Used crit: yes Used fast: no Used norm: no crit jni supported: yes fast jni supported: no config is fast: no config is crit: yes
10-28 12:55:47.151 18336 18367 D Nightwatch: Got fb jni native method for com/facebook/errorreporting/nightwatch/NightwatchOreo.nSaveResourceData (II)Z with native method: saveResourceData_64_type_adaptor__ ::adaptor_func (0x764fccef20). try use crit jni: yes try use fast jni: no Used crit: yes Used fast: no Used norm: no crit jni supported: yes fast jni supported: no config is fast: no config is crit: yes
10-28 12:55:47.151 18336 18367 D _FB_    : Registering method com/facebook/errorreporting/nightwatch/NightwatchOreo.nRecordDataInNightWatch (IIJI)I with native method: recordDataInNightWatch_64_type_adaptor__ ::adaptor_func (0x764fccef3c)
10-28 12:55:47.151 18336 18367 D _FB_    : Succeeded registering method com/facebook/errorreporting/nightwatch/NightwatchOreo.nRecordDataInNightWatch (IIJI)I with native method: recordDataInNightWatch_64_type_adaptor__ ::adaptor_func (0x764fccef3c)
10-28 12:55:47.151 18336 18367 D _FB_    : Registering method com/facebook/errorreporting/nightwatch/NightwatchOreo.nRecordTickInNightWatch (IIJJJJ)I with native method: recordTickInNightWatch_64_type_adaptor__ ::adaptor_func (0x764fccef38)
10-28 12:55:47.151 18336 18367 D _FB_    : Succeeded registering method com/facebook/errorreporting/nightwatch/NightwatchOreo.nRecordTickInNightWatch (IIJJJJ)I with native method: recordTickInNightWatch_64_type_adaptor__ ::adaptor_func (0x764fccef38)
10-28 12:55:47.151 18336 18367 D _FB_    : Registering method com/facebook/errorreporting/nightwatch/NightwatchOreo.nSaveResourceData (II)Z with native method: saveResourceData_64_type_adaptor__ ::adaptor_func (0x764fccef20)
10-28 12:55:47.151 18336 18367 D _FB_    : Succeeded registering method com/facebook/errorreporting/nightwatch/NightwatchOreo.nSaveResourceData (II)Z with native method: saveResourceData_64_type_adaptor__ ::adaptor_func (0x764fccef20)
10-28 12:55:47.156 18336 18367 I nightwatch-lib: watcher succeeded mmap /data/data/com.facebook.orca/app_errorreporting/sess__000001204-1666954546928-caf340a6-38b1-0ff0-57aa-fbe3383a9351/nightwatch.txt.subsecond
10-28 12:55:47.160 18336 18367 I nightwatch-lib: watcher succeeded mmap /data/data/com.facebook.orca/app_errorreporting/sess__000001204-1666954546928-caf340a6-38b1-0ff0-57aa-fbe3383a9351/nightwatch.txt.second
10-28 12:55:47.161 18336 18367 I nightwatch-lib: watcher succeeded mmap /data/data/com.facebook.orca/app_errorreporting/sess__000001204-1666954546928-caf340a6-38b1-0ff0-57aa-fbe3383a9351/nightwatch.txt
10-28 12:55:47.161 18336 18367 D nightwatch-fd: Attempting to open file /proc/self/oom_adj
10-28 12:55:47.161 18336 18367 D nightwatch-fd: Opened file /proc/self/oom_adj (90)
10-28 12:55:47.161 18336 18367 D nightwatch-fd: Attempting to open file /proc/self/oom_score_adj
10-28 12:55:47.161 18336 18367 D nightwatch-fd: Opened file /proc/self/oom_score_adj (91)
10-28 12:55:47.161 18336 18367 I nightwatch-target: created thread to monitor process resources
10-28 12:55:47.179 18336 18383 I nightwatch-target: waiting on child pid 18385
10-28 12:55:47.180 18336 18382 D nightwatch-fd: Attempting to open file /proc/self/oom_score
10-28 12:55:47.180 18336 18382 D nightwatch-fd: Opened file /proc/self/oom_score (94)
10-28 12:55:47.181 18336 18382 I nightwatch-target: monitor resources interval 20 ms
10-28 12:55:47.181 18336 18382 E nightwatch-target: /proc/zoneinfo open: errno=13
10-28 12:55:47.181 18336 18382 E nightwatch-target: sysmeminfo parse failed
10-28 12:55:47.202 18336 18382 E nightwatch-target: /proc/zoneinfo open: errno=13
10-28 12:55:47.202 18336 18382 E nightwatch-target: sysmeminfo parse failed
10-28 12:55:47.209 18385 18385 I nightwatch-watcher: I have arisen! pid: 18385
10-28 12:55:47.210 18385 18385 I nightwatch-lib: watcher succeeded mmap /data/data/com.facebook.orca/app_errorreporting/sess__000001204-1666954546928-caf340a6-38b1-0ff0-57aa-fbe3383a9351/nightwatch.txt
10-28 12:55:47.210 18385 18385 I nightwatch-watcher: attached to tid 18383 in pid 18336, ptrace_ret: 0
10-28 12:55:47.210 18385 18385 D nightwatch-fd: Attempting to open file /proc/18336/oom_adj
10-28 12:55:47.210 18385 18385 D nightwatch-fd: Opened file /proc/18336/oom_adj (5)
10-28 12:55:47.210 18385 18385 D nightwatch-fd: Attempting to open file /proc/18336/oom_score_adj
10-28 12:55:47.210 18385 18385 D nightwatch-fd: Opened file /proc/18336/oom_score_adj (6)
10-28 12:55:47.210 18385 18385 I nightwatch-watcher: target tid 18383 stopped with signal 19. continuing and delivering signal 0
10-28 12:55:47.229 18336 18336 W msgr.OnApplicationInitInvoker: Ignored missing AppInit dependency: 38:Fb4aUIQREnvironment
10-28 12:55:47.229 18336 18336 W msgr.OnApplicationInitInvoker: Ignored missing AppInit dependency: 131:NetworkEagerInit
10-28 12:55:47.229 18336 18336 W msgr.OnApplicationInitInvoker: Ignored missing AppInit dependency: 139:PreloadWordmark
10-28 12:55:47.269   954  1259 D SemWifiSwitchForIndividualAppsService: isPackageException - result:3, com.example.lunchtray
10-28 12:55:47.269 18336 18398 W Profilo/TraceControl: START PROFILO_TRACEID: F0AdmjWk7j9
10-28 12:55:47.278  1348  1502 D MobileStatusTracker(0/1): onSignalStrengthsChanged signalStrength=SignalStrength:{mCdma=Invalid,mGsm=Invalid,mWcdma=Invalid,mTdscdma=Invalid,mLte=CellSignalStrengthLte: rssi=-101 rsrp=-101 rsrq=-16 rssnr=-8 cqiTableIndex=2147483647 cqi=4 ta=2147483647 level=3 parametersUseForLevel=0,mNr=Invalid,SignalBarInfo{ lteLevel=2 },rat=14,primary=CellSignalStrengthLte} level=2
10-28 12:55:47.278   954  1244 D SemCellularStateManager: onSignalStrengthsChanged: mCellularSignalLevel=3
10-28 12:55:47.278  1348  1502 D CscParser: OMC path : /product/omc/SEE/conf/customer.xml
10-28 12:55:47.278  1348  1502 I CscParser: getCustomerPath : omc customer file can read
10-28 12:55:47.278  1348  1502 E CscParser: update(): xml file exist
10-28 12:55:47.283  1348  1502 D NetworkController: SignalStrength from intent slotId=0
10-28 12:55:47.308 18336 18336 W msgr.QuickPerformanceLoggerModule: Providing QPL...
10-28 12:55:47.317 17800 17800 I ViewInteraction: Performing 'single click' action on view view.getId() is <2131231080/com.example.lunchtray:id/next_button>
10-28 12:55:47.318   954  3936 D InputDispatcher: Inject motion (17800): action=0x0, time=851596112000000, f=0x0, d=0
10-28 12:55:47.318   954  1162 I InputDispatcher: Delivering touch to (1348): action: 0x4, f=0x0, d=0, 'be23078', t=0
10-28 12:55:47.318   954  1162 I InputDispatcher: Delivering touch to (17800): action: 0x0, f=0x0, d=0, 'a44a105', t=0
10-28 12:55:47.318  3825  3825 I SemDvfsHyPerManager: acquire hyper - BaseTABoost/3825@21, type = 1090523139
10-28 12:55:47.319  3825  3825 I SemDvfsHyPerManager: acquire hyper - BaseTAToouchBoost/3825@23, type = 1090523139
10-28 12:55:47.319   566   611 I HYPER-HAL: [RequestManager.cpp]acquire(): Acquired ID : 7397802  [3825 / 21]    HINT :      list : [TABoost / 5]
10-28 12:55:47.319   566   611 I HYPER-HAL: [RequestManager.cpp]acquire(): Acquired ID : 7405499  [3825 / 23]    HINT :      list : [TABoost / 20] [TIMEOUT / 1500]
10-28 12:55:47.319 17800 17800 I ViewRootImpl@1c4c5ad[MainActivity]: ViewPostIme pointer 0
10-28 12:55:47.359   954  3936 D InputDispatcher: Inject motion (17800): action=0x1, time=851596153000000, f=0x0, d=0
10-28 12:55:47.359   954  1162 I InputDispatcher: Delivering touch to (17800): action: 0x1, f=0x0, d=0, 'a44a105', t=1
10-28 12:55:47.360 17800 17800 I ViewRootImpl@1c4c5ad[MainActivity]: ViewPostIme pointer 1
10-28 12:55:47.374 17800 17800 D ScrollView: initGoToTop
10-28 12:55:47.379 18336 18336 W msgr.SadDataOverlayUtils: No data to parse in MC.android_internal_sad_data_overlay.thresholds
10-28 12:55:47.392 18336 18401 W msgr.EndToEndAnalyticsEventListener: WRITE_ANALYTICS_TO_LOGCAT = null, EndToEnd.isRunningEndToEndTest() = false
10-28 12:55:47.392 18336 18402 W msgr.FrscLanguagePackLoader: Loading FRSC strings for locale (en)
10-28 12:55:47.407 17800 17800 D ScrollView:  onsize change changed
10-28 12:55:47.421 18336 18395 E FeatureUtil: filePath /product/omc/SEE/system/customer_carrier_feature.json carrierGroup SEE canonicalId -1
10-28 12:55:47.422 18336 18395 D SemCarrierFeature: update carrier default features : 0
10-28 12:55:47.422 18336 18395 D SemCarrierFeature: update carrier features : 0:30581
10-28 12:55:47.422 18336 18395 E FeatureUtil: filePath /product/omc/SEE/system/customer_carrier_feature.json carrierGroup SEE canonicalId 30581
10-28 12:55:47.423 18336 18395 E FeatureUtil: filePath /product/omc/SEE/system/customer_carrier_feature.json carrierGroup SEE canonicalId -1
10-28 12:55:47.424 18336 18395 D SemCarrierFeature: update carrier default features : 1
10-28 12:55:47.424 18336 18395 D SemCarrierFeature: update carrier features : 1:-1
10-28 12:55:47.424 18336 18395 E FeatureUtil: filePath /product/omc/SEE/system/customer_carrier_feature.json carrierGroup SEE canonicalId -1
10-28 12:55:47.426 18336 18420 W msgr.FrscLanguagePackLoader: FRSC English strings buffer size - (limit : 395272, capacity : 395272)
10-28 12:55:47.431 18336 18393 W msgr.AppStateLoggerCore: Application needs to be registered before setting app state manager bridge
10-28 12:55:47.442 18336 18367 W msgr.crashloop: CrashLoopDetector... start
10-28 12:55:47.443 18336 18336 W msgr.QuickPerformanceLoggerModule: Provided QPL: 28580
10-28 12:55:47.466 18336 18419 W m.facebook.orc: Accessing hidden method Lcom/samsung/android/os/SemPerfManager;->onScrollEvent(Z)V (blocked, reflection, denied)
10-28 12:55:47.519   566 18331 I HYPER-HAL: [RequestManager.cpp]releaseLocked(): Released ID : 472896
10-28 12:55:47.549 18336 18374 D fb-distract: Distracting /apex/com.android.art/lib64/libart.so!_ZN3art13SignalCatcher6OutputERKNSt3__112basic_stringIcNS1_11char_traitsIcEENS1_9allocatorIcEEEE (0x0x766c056590) with /data/data/com.facebook.orca/lib-compressed/libsigquit.so!<unknown> (0x0x764fd4cf24)
10-28 12:55:47.565   954  1253 D SemNscXgbMsL1: Probability - Cloud gaming: [0.06973689]
10-28 12:55:47.566   954  1253 D SemNscXgbMsL1: Probability - Real time: [0.03640524]
10-28 12:55:47.566   954  1253 D SemNscXgbMsL1: Probability - Non real time: [0.9145456]
10-28 12:55:47.566   954  1253 D SemNscXgbMsL1: 1 sample inference time: 1.020961 msecs
10-28 12:55:47.567   954  1253 D SemNscXgbL2Rt: L2 RT 1 sample inference time: 1.160115 msecs
10-28 12:55:47.569   954  1253 D SemNscXgbL2Nrt: L2 NRT 1 sample inference time: 1.10673 msecs
10-28 12:55:47.599 18336 18404 W m.facebook.orc: JNI RegisterNativeMethods: attempt to register 0 native methods for com.facebook.msys.mci.EventLoggingData
10-28 12:55:47.601 18336 18404 W msgr.ZoneModule: Policy Zone is disabled. No-op Zone is returned
10-28 12:55:47.635 17800 17800 I ViewInteraction: Performing 'single click' action on view view.getId() is <2131231137/com.example.lunchtray:id/salad>
10-28 12:55:47.638   954  3936 D InputDispatcher: Inject motion (17800): action=0x0, time=851596431000000, f=0x0, d=0
10-28 12:55:47.638   954  1162 I InputDispatcher: Delivering touch to (1348): action: 0x4, f=0x0, d=0, 'be23078', t=0
10-28 12:55:47.638   954  1162 I InputDispatcher: Delivering touch to (17800): action: 0x0, f=0x0, d=0, 'a44a105', t=0
10-28 12:55:47.639 17800 17800 I ViewRootImpl@1c4c5ad[MainActivity]: ViewPostIme pointer 0
10-28 12:55:47.641  3825  3825 I SemDvfsHyPerManager: acquire hyper - BaseTABoost/3825@21, type = 1090523139
10-28 12:55:47.641  3825  3825 I SemDvfsHyPerManager: acquire hyper - BaseTAToouchBoost/3825@23, type = 1090523139
10-28 12:55:47.641   566   611 I HYPER-HAL: [RequestManager.cpp]acquire(): Acquired ID : 7397802  [3825 / 21]    HINT :      list : [TABoost / 5]
10-28 12:55:47.642   566   611 I HYPER-HAL: [RequestManager.cpp]acquire(): Acquired ID : 7405499  [3825 / 23]    HINT :      list : [TABoost / 20] [TIMEOUT / 1500]
10-28 12:55:47.678   954  3936 D InputDispatcher: Inject motion (17800): action=0x1, time=851596472000000, f=0x0, d=0
10-28 12:55:47.679   954  1162 I InputDispatcher: Delivering touch to (17800): action: 0x1, f=0x0, d=0, 'a44a105', t=1
10-28 12:55:47.679 17800 17800 I ViewRootImpl@1c4c5ad[MainActivity]: ViewPostIme pointer 1
10-28 12:55:47.701   620   620 I SurfaceFlinger: SFWD update time=851596496350496
10-28 12:55:47.942 17800 17800 I ViewInteraction: Performing 'single click' action on view view.getId() is <2131231080/com.example.lunchtray:id/next_button>
10-28 12:55:47.942 18336 18434 W msgr.msys: W[D setup]_MCIDatabaseConnectionExecute(498)=>Ignoring invocation of 'MCIDatabaseConnectionExecute()' connection is NULL
10-28 12:55:47.944   954  3936 D InputDispatcher: Inject motion (17800): action=0x0, time=851596738000000, f=0x0, d=0
10-28 12:55:47.945   954  1162 I InputDispatcher: Delivering touch to (1348): action: 0x4, f=0x0, d=0, 'be23078', t=0
10-28 12:55:47.945   954  1162 I InputDispatcher: Delivering touch to (17800): action: 0x0, f=0x0, d=0, 'a44a105', t=0
10-28 12:55:47.946 17800 17800 I ViewRootImpl@1c4c5ad[MainActivity]: ViewPostIme pointer 0
10-28 12:55:47.948  3825  3825 I SemDvfsHyPerManager: acquire hyper - BaseTABoost/3825@21, type = 1090523139
10-28 12:55:47.948  3825  3825 I SemDvfsHyPerManager: acquire hyper - BaseTAToouchBoost/3825@23, type = 1090523139
10-28 12:55:47.948   566   611 I HYPER-HAL: [RequestManager.cpp]acquire(): Acquired ID : 7397802  [3825 / 21]    HINT :      list : [TABoost / 5]
10-28 12:55:47.949   566   611 I HYPER-HAL: [RequestManager.cpp]acquire(): Acquired ID : 7405499  [3825 / 23]    HINT :      list : [TABoost / 20] [TIMEOUT / 1500]
10-28 12:55:47.961 18336 18434 E msgr.msys: E[D SqliteError]sqliteErrorLogCallback(363)=>(283) recovered 231 frames from WAL file /data/data/com.facebook.orca/databases/msys_database_100000537475601-wal
10-28 12:55:47.962 18336 18434 E msgr.msys: E[D SqliteError]sqliteErrorLogCallback(363)=>(28) double-quoted string literal: "sqlite_%"
10-28 12:55:47.962 18336 18434 E msgr.msys: E[D SqliteError]sqliteErrorLogCallback(363)=>(28) double-quoted string literal: "table"
10-28 12:55:47.974   511   511 E audit   : type=1400 audit(1666954547.969:342438): avc:  granted  { execute } for  pid=18336 comm="DiskIOContext" path="/data/data/com.facebook.orca/lib-compressed/libmsys_mailbox_messenger_config.so" dev="sda31" ino=3284728 scontext=u:r:untrusted_app:s0:c24,c259,c512,c768 tcontext=u:object_r:app_data_file:s0:c24,c259,c512,c768 tclass=file SEPF_SM-G973F_12_0001 audit_filtered
10-28 12:55:47.974   511   511 E audit   : type=1300 audit(1666954547.969:342438): arch=c00000b7 syscall=222 success=yes exit=507945189376 a0=7643e48000 a1=9b0 a2=5 a3=12 items=0 ppid=531 pid=18336 auid=4294967295 uid=10792 gid=10792 euid=10792 suid=10792 fsuid=10792 egid=10792 sgid=10792 fsgid=10792 tty=(none) ses=4294967295 comm="DiskIOContext" exe="/system/bin/app_process64" subj=u:r:untrusted_app:s0:c24,c259,c512,c768 key=(null)
10-28 12:55:47.974   511   511 E audit   : type=1327 audit(1666954547.969:342438): proctitle="com.facebook.orca"
10-28 12:55:47.984   954  3936 D InputDispatcher: Inject motion (17800): action=0x1, time=851596778000000, f=0x0, d=0
10-28 12:55:47.984   954  1162 I InputDispatcher: Delivering touch to (17800): action: 0x1, f=0x0, d=0, 'a44a105', t=1
10-28 12:55:47.984 17800 17800 I ViewRootImpl@1c4c5ad[MainActivity]: ViewPostIme pointer 1
10-28 12:55:47.992 18336 18434 E msgr.msys: E[D SqliteError]sqliteErrorLogCallback(363)=>(28) double-quoted string literal: "table"
10-28 12:55:47.993 18336 18434 E msgr.msys: E[D SqliteError]sqliteErrorLogCallback(363)=>(28) double-quoted string literal: "avatar_effect_generation_errors"
10-28 12:55:48.002 17800 17800 D ScrollView: initGoToTop
10-28 12:55:48.007   566 18326 I HYPER-HAL: [RequestManager.cpp]releaseLocked(): Released ID : 7370894
10-28 12:55:48.041 17800 17800 D ScrollView:  onsize change changed
10-28 12:55:48.049   566 18329 I HYPER-HAL: [RequestManager.cpp]releaseLocked(): Released ID : 1314010
10-28 12:55:48.054 26660 26792 I QuickstepModelDelegate: Widget predictions updated
10-28 12:55:48.071   954  1253 D SemNscXgbMsL1: Probability - Cloud gaming: [0.080349945]
10-28 12:55:48.072   954  1253 D SemNscXgbMsL1: Probability - Real time: [0.01507776]
10-28 12:55:48.072   954  1253 D SemNscXgbMsL1: Probability - Non real time: [0.8560142]
10-28 12:55:48.072   954  1253 D SemNscXgbMsL1: 1 sample inference time: 1.706884 msecs
10-28 12:55:48.073 26660 26793 I WidgetsPredictionUpdateTask: execute(), info: PendingAddWidgetInfo(id=-1 type=WIDGET container=# com.android.launcher3.logger.LauncherAtom$ContainerInfo@7ba6f targetComponent=ComponentInfo{com.sec.android.app.clockpackage/com.sec.android.widgetapp.digitalclock.DigitalClockWidgetProvider} screen=-1 cell(-1,-1) span(2,1) minSpan(2,1) rank=0 rankOfList=-1 user=UserHandle{0} title=null hidden=0 screenType=0 componentName=ComponentInfo{com.sec.android.app.clockpackage/com.sec.android.widgetapp.digitalclock.DigitalClockWidgetProvider}), info: PendingAddWidgetInfo(id=-1 type=WIDGET container=# com.android.launcher3.logger.LauncherAtom$ContainerInfo@7ba6f targetComponent=ComponentInfo{com.google.android.gm/com.google.android.gm.widget.GmailWidgetProvider} screen=-1 cell(-1,-1) span(3,2) minSpan(2,2) rank=0 rankOfList=-1 user=UserHandle{0} title=null hidden=0 screenType=0 componentName=ComponentInfo{com.google.android.gm/com.google.android.gm.widget.GmailWidgetProvider}), info: PendingAddWidgetInfo(id=-1 type=WIDGET container=# com.android.launcher3.logger.LauncherAtom$ContainerInfo@7ba6f targetComponent=ComponentInfo{org.telegram.messenger/org.telegram.messenger.ContactsWidgetProvider} screen=-1 cell(-1,-1) span(2,2) minSpan(2,1) rank=0 rankOfList=-1 user=UserHandle{0} title=null hidden=0 screenType=0 componentName=ComponentInfo{org.telegram.messenger/org.telegram.messenger.ContactsWidgetProvider}), info: PendingAddWidgetInfo(id=-1 type=WIDGET container=# com.android.launcher3.logger.LauncherAtom$ContainerInfo@7ba6f targetComponent=ComponentInfo{deezer.android.app/com.deezer.android.appwidget.ShortcutFlowAppWidgetProvider} screen=-1 cell(-1,-1) span(1,1) minSpan(1,1) rank=0 rankOfList=-1 user=UserHandle{0} title=null hidden=0 screenType=0 componentName=ComponentInfo{deezer.android.app/com.deezer.android.appwidget.ShortcutFlowAppWidgetProvider}), info: PendingAddWidgetInfo(id=-1 type=WIDGET container=# com.android.launcher3.logger.LauncherAtom$ContainerInfo@7ba6f targetComponent=ComponentInfo{com.android.chrome/org.chromium.chrome.browser.searchwidget.SearchWidgetProvider} screen=-1 cell(-1,-1) span(3,1) minSpan(3,1) rank=0 rankOfList=-1 user=UserHandle{0} title=null hidden=0 screenType=0 componentName=ComponentInfo{com.android.chrome/org.chromium.chrome.browser.searchwidget.SearchWidgetProvider}), info: PendingAddWidgetInfo(id=-1 type=WIDGET container=# com.android.launcher3.logger.LauncherAtom$ContainerInfo@7ba6f targetComponent=ComponentInfo{com.google.android.apps.maps/com.google.android.apps.gmm.widget.traffic.TrafficWidgetProvider} screen=-1 cell(-1,-1) span(3,2) minSpan(2,2) rank=0 rankOfList=-1 user=UserHandle{0} title=null hidden=0 screenType=0 componentName=ComponentInfo{com.google.android.apps.maps/com.google.android.apps.gmm.widget.traffic.TrafficWidgetProvider}), info: PendingAddWidgetInfo(id=-1 type=WIDGET container=# com.android.launcher3.logger.LauncherAtom$ContainerInfo@7ba6f targetComponent=ComponentInfo{com.trello/com.trello.widget.MyCardsWidgetProvider} screen=-1 cell(-1,-1) span(3,3) minSpan(3,2) rank=0 rankOfList=-1 user=UserHandle{0} title=null hidden=0 screenType=0 componentName=ComponentInfo{com.trello/com.trello.widget.MyCardsWidgetProvider}), info: PendingAddWidgetInfo(id=-1 type=WIDGET container=# com.android.launcher3.logger.LauncherAtom$ContainerInfo@7ba6f targetComponent=ComponentInfo{hr.asseco.android.jimba.mUCI.rs/hr.asseco.android.muci.ui.appwidget.FastCheckWidget} screen=-1 cell(-1,-1) span(4,2) minSpan(4,2) rank=0 rankOfList=-1 user=UserHandle{0} title=null hidden=0 screenType=0 componentName=ComponentInfo{hr.asseco.android.jimba.mUCI.rs/hr.asseco.android.muci.ui.appwidget.FastCheckWidget}), info: PendingAddWidgetInfo(id=-1 type=WIDGET container=# com.android.launcher3.logger.LauncherAtom$ContainerInfo@7ba6f targetComponent=ComponentInfo{com.whatsapp/com.whatsapp.appwidget.WidgetProvider} screen=-1 cell(-1,-1) span(4,2) minSpan(1,1) rank=0 rankOfList=-1 user=UserHandle{0} title=null hidden=0 screenType=0 componentName=ComponentInfo{com.whatsapp/com.whatsapp.appwidge
10-28 12:55:48.074   954  1253 D SemNscXgbL2Rt: L2 RT 1 sample inference time: 1.314346 msecs
10-28 12:55:48.074   954  1253 D SemNscXgbL2Nrt: L2 NRT 1 sample inference time: 0.688231 msecs
10-28 12:55:48.212   511   511 E audit   : type=1400 audit(1666954548.201:342439): avc:  granted  { execute } for  pid=18336 comm="CombinedTP2" path="/data/data/com.facebook.orca/lib-compressed/libimagepipeline.so" dev="sda31" ino=3284622 scontext=u:r:untrusted_app:s0:c24,c259,c512,c768 tcontext=u:object_r:app_data_file:s0:c24,c259,c512,c768 tclass=file SEPF_SM-G973F_12_0001 audit_filtered
10-28 12:55:48.219 18336 18382 E nightwatch-target: /proc/zoneinfo open: errno=13
10-28 12:55:48.219 18336 18382 E nightwatch-target: sysmeminfo parse failed
10-28 12:55:48.226 18336 18434 E msgr.msys: E[D SqliteError]sqliteErrorLogCallback(363)=>(11) database corruption at line 28736 of [872ba256cb]
10-28 12:55:48.227 18336 18434 E msgr.msys: E[D SqliteError]sqliteErrorLogCallback(363)=>(11) database corruption at line 28736 of [872ba256cb]
10-28 12:55:48.228 18336 18434 E msgr.msys: E[D SqliteError]sqliteErrorLogCallback(363)=>(11) database corruption at line 28736 of [872ba256cb]
10-28 12:55:48.229 18336 18434 E msgr.msys: E[D SqliteError]sqliteErrorLogCallback(363)=>(11) database corruption at line 28736 of [872ba256cb]
10-28 12:55:48.230 18336 18434 E msgr.msys: E[D SqliteError]sqliteErrorLogCallback(363)=>(11) database corruption at line 28736 of [872ba256cb]
10-28 12:55:48.231 18336 18434 E msgr.msys: E[D SqliteError]sqliteErrorLogCallback(363)=>(11) database corruption at line 28736 of [872ba256cb]
10-28 12:55:48.235 18336 18434 E msgr.msys: E[D SqliteError]sqliteErrorLogCallback(363)=>(11) database corruption at line 28736 of [872ba256cb]
10-28 12:55:48.237 18336 18434 E msgr.msys: E[D SqliteError]sqliteErrorLogCallback(363)=>(11) database corruption at line 28736 of [872ba256cb]
10-28 12:55:48.238 18336 18434 E msgr.msys: E[D SqliteError]sqliteErrorLogCallback(363)=>(11) database corruption at line 28736 of [872ba256cb]
10-28 12:55:48.239 18336 18434 E msgr.msys: E[D SqliteError]sqliteErrorLogCallback(363)=>(11) database corruption at line 28736 of [872ba256cb]
10-28 12:55:48.265 17800 17800 I ViewInteraction: Performing 'single click' action on view view.getId() is <2131230835/com.example.lunchtray:id/bread>
10-28 12:55:48.267   954  3936 D InputDispatcher: Inject motion (17800): action=0x0, time=851597061000000, f=0x0, d=0
10-28 12:55:48.268   954  1162 I InputDispatcher: Delivering touch to (1348): action: 0x4, f=0x0, d=0, 'be23078', t=0
10-28 12:55:48.268   954  1162 I InputDispatcher: Delivering touch to (17800): action: 0x0, f=0x0, d=0, 'a44a105', t=0
10-28 12:55:48.269 17800 17800 I ViewRootImpl@1c4c5ad[MainActivity]: ViewPostIme pointer 0
10-28 12:55:48.270  3825  3825 I SemDvfsHyPerManager: acquire hyper - BaseTABoost/3825@21, type = 1090523139
10-28 12:55:48.270  3825  3825 I SemDvfsHyPerManager: acquire hyper - BaseTAToouchBoost/3825@23, type = 1090523139
10-28 12:55:48.270   566   611 I HYPER-HAL: [RequestManager.cpp]acquire(): Acquired ID : 7397802  [3825 / 21]    HINT :      list : [TABoost / 5]
10-28 12:55:48.271   566   611 I HYPER-HAL: [RequestManager.cpp]acquire(): Acquired ID : 7405499  [3825 / 23]    HINT :      list : [TABoost / 20] [TIMEOUT / 1500]
10-28 12:55:48.302   472 17752 I keystore2: keystore2::watchdog: Watchdog thread idle -> terminating. Have a great day.
10-28 12:55:48.308   954  3956 D InputDispatcher: Inject motion (17800): action=0x1, time=851597102000000, f=0x0, d=0
10-28 12:55:48.309   954  1162 I InputDispatcher: Delivering touch to (17800): action: 0x1, f=0x0, d=0, 'a44a105', t=1
10-28 12:55:48.310 17800 17800 I ViewRootImpl@1c4c5ad[MainActivity]: ViewPostIme pointer 1
10-28 12:55:48.319 18336 18434 E msgr.msys: E[D SqliteError]sqliteErrorLogCallback(363)=>(11) database corruption at line 28736 of [872ba256cb]
10-28 12:55:48.379   954  3956 D PackageManager: setEnabledSetting : userId = 0 packageName = com.facebook.orca cmp = com.facebook.mqttlite.MqttService newState = 1 callingPackage = 10792/com.facebook.orca
10-28 12:55:48.398 18336 18442 D CompatibilityChangeReporter: Compat change id reported: 160794467; UID 10792; state: ENABLED
10-28 12:55:48.449   954  1253 I SemWifiServiceDetector: Traff. tracking suspended
10-28 12:55:48.465 18336 18435 W m.facebook.orc: JNI RegisterNativeMethods: attempt to register 0 native methods for com.facebook.omnistore.OmnistoreCollectionFrontendHolder
10-28 12:55:48.481 18336 18435 E msgr.msys: E[N data-request]_HandleDataResponse(1574)=>Data request error: (null): Error Domain=mqtt Code=2002 UserInfo=0x771d263c70 {MCFErrorDirectDescriptionKey=SEND_FAILURE}
10-28 12:55:48.482 18336 18435 E msgr.msys: E[N rtchannel]_rt_mqtt_publish_callback(441)=>Failed to publish the request over MQTT. token:12683f52-d06a-4e23-af69-c1a8f098219a, category:mcd-send-data-task-category, requestId:46634, error:Error Domain=mqtt Code=2002 UserInfo=0x771d263c70 {MCFErrorDirectDescriptionKey=SEND_FAILURE}
10-28 12:55:48.482 18336 18435 E msgr.msys: E[N rtchannel]_rt_mqtt_publish_callback(441)=>Failed to publish the request over MQTT. token:23532c32-9365-4d0e-8e3d-56566e56a3ba, category:mcd-sync-data-task-category, requestId:41166, error:Error Domain=mqtt Code=2002 UserInfo=0x771d295d70 {MCFErrorDirectDescriptionKey=SEND_FAILURE}
10-28 12:55:48.484 18336 18434 E msgr.msys: E[S task_queue_handling]MCDLightSpeedTaskExecutorNetworkCompletionCallback(944)=>Handling send error for taskId=34 batchSize=2 queue=contact_sharing_settings
10-28 12:55:48.491 18336 18434 W msgr.msys: W[S task_queue_processing]_MCDTaskCoordinatorMaybeScheduleQueueProcessing(203)=>Scheduling queue contact_sharing_settings for reprocessing in 1 seconds
10-28 12:55:48.536   954  1271 D NetdEventListenerService: DNS Requested by : 245, 10792, 0
10-28 12:55:48.578 17800 17800 I ViewInteraction: Performing 'single click' action on view view.getId() is <2131231080/com.example.lunchtray:id/next_button>
10-28 12:55:48.580   954  3956 D InputDispatcher: Inject motion (17800): action=0x0, time=851597374000000, f=0x0, d=0
10-28 12:55:48.581   954  1162 I InputDispatcher: Delivering touch to (1348): action: 0x4, f=0x0, d=0, 'be23078', t=0
10-28 12:55:48.581   954  1162 I InputDispatcher: Delivering touch to (17800): action: 0x0, f=0x0, d=0, 'a44a105', t=0
10-28 12:55:48.581 17800 17800 I ViewRootImpl@1c4c5ad[MainActivity]: ViewPostIme pointer 0
10-28 12:55:48.584  3825  3825 I SemDvfsHyPerManager: acquire hyper - BaseTABoost/3825@21, type = 1090523139
10-28 12:55:48.584  3825  3825 I SemDvfsHyPerManager: acquire hyper - BaseTAToouchBoost/3825@23, type = 1090523139
10-28 12:55:48.584   566   611 I HYPER-HAL: [RequestManager.cpp]acquire(): Acquired ID : 7397802  [3825 / 21]    HINT :      list : [TABoost / 5]
10-28 12:55:48.585   566   611 I HYPER-HAL: [RequestManager.cpp]acquire(): Acquired ID : 7405499  [3825 / 23]    HINT :      list : [TABoost / 20] [TIMEOUT / 1500]
10-28 12:55:48.622   954  3956 D InputDispatcher: Inject motion (17800): action=0x1, time=851597415000000, f=0x0, d=0
10-28 12:55:48.623   954  1162 I InputDispatcher: Delivering touch to (17800): action: 0x1, f=0x0, d=0, 'a44a105', t=1
10-28 12:55:48.623 17800 17800 I ViewRootImpl@1c4c5ad[MainActivity]: ViewPostIme pointer 1
10-28 12:55:48.651 17800 17800 D ScrollView: initGoToTop
10-28 12:55:48.687 17800 17800 D ScrollView:  onsize change changed
10-28 12:55:48.704   620   620 I SurfaceFlinger: SFWD update time=851597499510803
10-28 12:55:48.910 18336 18346 W JavaBinder: BinderProxy is being destroyed but the application did not call unlinkToDeath to unlink all of its death recipients beforehand.  Releasing leaked death recipient: X.04C
10-28 12:55:48.910 18336 18346 I BpBinder: onLastStrongRef automatically unlinking death recipients: <uncached descriptor>
10-28 12:55:48.916 17800 17800 I ViewInteraction: Performing 'single click' action on view view.getId() is <2131231215/com.example.lunchtray:id/submit_button>
10-28 12:55:48.919   954  3956 D InputDispatcher: Inject motion (17800): action=0x0, time=851597712000000, f=0x0, d=0
10-28 12:55:48.920   954  1162 I InputDispatcher: Delivering touch to (1348): action: 0x4, f=0x0, d=0, 'be23078', t=0
10-28 12:55:48.920   954  1162 I InputDispatcher: Delivering touch to (17800): action: 0x0, f=0x0, d=0, 'a44a105', t=0
10-28 12:55:48.921 17800 17800 I ViewRootImpl@1c4c5ad[MainActivity]: ViewPostIme pointer 0
10-28 12:55:48.922  3825  3825 I SemDvfsHyPerManager: acquire hyper - BaseTABoost/3825@21, type = 1090523139
10-28 12:55:48.922  3825  3825 I SemDvfsHyPerManager: acquire hyper - BaseTAToouchBoost/3825@23, type = 1090523139
10-28 12:55:48.923   566   611 I HYPER-HAL: [RequestManager.cpp]acquire(): Acquired ID : 7397802  [3825 / 21]    HINT :      list : [TABoost / 5]
10-28 12:55:48.923   566   611 I HYPER-HAL: [RequestManager.cpp]acquire(): Acquired ID : 7405499  [3825 / 23]    HINT :      list : [TABoost / 20] [TIMEOUT / 1500]
10-28 12:55:48.959   954  3956 D InputDispatcher: Inject motion (17800): action=0x1, time=851597753000000, f=0x0, d=0
10-28 12:55:48.960   954  1162 I InputDispatcher: Delivering touch to (17800): action: 0x1, f=0x0, d=0, 'a44a105', t=1
10-28 12:55:48.960 17800 17800 I ViewRootImpl@1c4c5ad[MainActivity]: ViewPostIme pointer 1
10-28 12:55:49.030   954  3956 V WindowManager: Relayout Window{a44a105 u0 com.example.lunchtray/com.example.lunchtray.MainActivity}: viewVisibility=0 req=1080x2280 d0
10-28 12:55:49.036   954  3956 V WindowManager: Relayout hash=a44a105, pid=17800: mAttrs={(0,0)(fillxfill) sim={adjust=pan} ty=BASE_APPLICATION wanim=0x1030303
10-28 12:55:49.036   954  3956 V WindowManager:   fl=81810100
10-28 12:55:49.036   954  3956 V WindowManager:   pfl=12020040
10-28 12:55:49.036   954  3956 V WindowManager:   apr=LIGHT_NAVIGATION_BARS
10-28 12:55:49.036   954  3956 V WindowManager:   bhv=DEFAULT
10-28 12:55:49.036   954  3956 V WindowManager:   fitSides= naviIconColor=0
10-28 12:55:49.036   954  3956 V WindowManager:   sfl=100000}
10-28 12:55:49.038 17800 17800 I ViewRootImpl@1c4c5ad[MainActivity]: Relayout returned: old=(0,0,1080,2280) new=(0,0,1080,2280) req=(1080,2280)0 dur=8 res=0x1 s={true 515080332304} ch=false fn=85
10-28 12:55:49.100 18336 18374 W msgr.MultiSignalANRDetectorLacrima: Pausing error state checks
10-28 12:55:49.213   954  1115 I SensorService: [REARLIGHT] lux value : 83, code value : 0
10-28 12:55:49.220 18336 18382 E nightwatch-target: /proc/zoneinfo open: errno=13
10-28 12:55:49.220 18336 18382 E nightwatch-target: sysmeminfo parse failed
10-28 12:55:49.221   511   511 E audit   : type=1400 audit(1666954549.213:342443): avc:  denied  { read } for  pid=18336 comm="Lacrima_startup" name="zoneinfo" dev="proc" ino=4026531860 scontext=u:r:untrusted_app:s0:c24,c259,c512,c768 tcontext=u:object_r:proc_zoneinfo:s0 tclass=file permissive=0 SEPF_SM-G973F_12_0001 audit_filtered
10-28 12:55:49.221   511   511 E audit   : type=1300 audit(1666954549.213:342443): arch=c00000b7 syscall=56 success=no exit=-13 a0=ffffff9c a1=764fd18c16 a2=0 a3=0 items=0 ppid=531 pid=18336 auid=4294967295 uid=10792 gid=10792 euid=10792 suid=10792 fsuid=10792 egid=10792 sgid=10792 fsgid=10792 tty=(none) ses=4294967295 comm="Lacrima_startup" exe="/system/bin/app_process64" subj=u:r:untrusted_app:s0:c24,c259,c512,c768 key=(null)
10-28 12:55:49.221   511   511 E audit   : type=1327 audit(1666954549.213:342443): proctitle="com.facebook.orca"
10-28 12:55:49.263 17800 17800 I ViewInteraction: Checking 'MatchesViewAssertion{viewMatcher=(view has effective visibility <VISIBLE> and view.getGlobalVisibleRect() to return non-empty rectangle)}' assertion on view an instance of android.widget.TextView and view.getText() with or without transformation to match: a string containing "Order Submitted!"
10-28 12:55:49.264 17800 17832 I TestRunner: finished: order_snackbar(com.example.lunchtray.OrderFunctionalityTests)
