10-28 12:56:00.928 19056 19166 W msgr.msys: W[D setup]_MCIDatabaseConnectionExecute(498)=>Ignoring invocation of 'MCIDatabaseConnectionExecute()' connection is NULL
10-28 12:56:00.936   954  3923 D InputDispatcher: Inject motion (17800): action=0x1, time=851609730000000, f=0x0, d=0
10-28 12:56:00.937   954  1162 I InputDispatcher: Delivering touch to (17800): action: 0x1, f=0x0, d=0, '9c3c37f', t=1
10-28 12:56:00.937 17800 17800 I ViewRootImpl@e3730aa[MainActivity]: ViewPostIme pointer 1
10-28 12:56:00.939 19056 19166 E msgr.msys: E[D SqliteError]sqliteErrorLogCallback(363)=>(283) recovered 270 frames from WAL file /data/data/com.facebook.orca/databases/msys_database_100000537475601-wal
10-28 12:56:00.940 19056 19166 E msgr.msys: E[D SqliteError]sqliteErrorLogCallback(363)=>(28) double-quoted string literal: "sqlite_%"
10-28 12:56:00.940 19056 19166 E msgr.msys: E[D SqliteError]sqliteErrorLogCallback(363)=>(28) double-quoted string literal: "table"
10-28 12:56:00.956   511   511 E audit   : type=1400 audit(1666954560.949:342553): avc:  granted  { execute } for  pid=19056 comm="DiskIOContext" path="/data/data/com.facebook.orca/lib-compressed/libmsys_mailbox_messenger_config.so" dev="sda31" ino=3284728 scontext=u:r:untrusted_app:s0:c24,c259,c512,c768 tcontext=u:object_r:app_data_file:s0:c24,c259,c512,c768 tclass=file SEPF_SM-G973F_12_0001 audit_filtered
10-28 12:56:00.956   511   511 E audit   : type=1300 audit(1666954560.949:342553): arch=c00000b7 syscall=222 success=yes exit=507998339072 a0=76470f8000 a1=9b0 a2=5 a3=12 items=0 ppid=531 pid=19056 auid=4294967295 uid=10792 gid=10792 euid=10792 suid=10792 fsuid=10792 egid=10792 sgid=10792 fsgid=10792 tty=(none) ses=4294967295 comm="DiskIOContext" exe="/system/bin/app_process64" subj=u:r:untrusted_app:s0:c24,c259,c512,c768 key=(null)
10-28 12:56:00.956   511   511 E audit   : type=1327 audit(1666954560.949:342553): proctitle="com.facebook.orca"
10-28 12:56:00.969 17800 17800 D ScrollView: initGoToTop
10-28 12:56:00.973 19056 19166 E msgr.msys: E[D SqliteError]sqliteErrorLogCallback(363)=>(28) double-quoted string literal: "table"
10-28 12:56:00.973 19056 19166 E msgr.msys: E[D SqliteError]sqliteErrorLogCallback(363)=>(28) double-quoted string literal: "avatar_effect_generation_errors"
10-28 12:56:01.010 17800 17800 D ScrollView:  onsize change changed
10-28 12:56:01.027   954  1253 D SemNscXgbMsL1: Probability - Cloud gaming: [0.006599746]
10-28 12:56:01.027   954  1253 D SemNscXgbMsL1: Probability - Real time: [0.07095163]
10-28 12:56:01.027   954  1253 D SemNscXgbMsL1: Probability - Non real time: [0.98216736]
10-28 12:56:01.027   954  1253 D SemNscXgbMsL1: 1 sample inference time: 1.133462 msecs
10-28 12:56:01.030   954  1253 D SemNscXgbL2Rt: L2 RT 1 sample inference time: 1.095654 msecs
10-28 12:56:01.032   954  1253 D SemNscXgbL2Nrt: L2 NRT 1 sample inference time: 1.395153 msecs
10-28 12:56:01.035   620   620 I SurfaceFlinger: SFWD update time=851609830739256
10-28 12:56:01.159 19056 19120 E nightwatch-target: /proc/zoneinfo open: errno=13
10-28 12:56:01.159 19056 19120 E nightwatch-target: sysmeminfo parse failed
10-28 12:56:01.159   511   511 E audit   : type=1400 audit(1666954561.153:342554): avc:  denied  { read } for  pid=19056 comm="Lacrima_startup" name="zoneinfo" dev="proc" ino=4026531860 scontext=u:r:untrusted_app:s0:c24,c259,c512,c768 tcontext=u:object_r:proc_zoneinfo:s0 tclass=file permissive=0 SEPF_SM-G973F_12_0001 audit_filtered
10-28 12:56:01.214   954  1115 I SensorService: [REARLIGHT] lux value : 81, code value : 0
10-28 12:56:01.239 17800 17800 I ViewInteraction: Performing 'single click' action on view view.getId() is <2131230835/com.example.lunchtray:id/bread>
10-28 12:56:01.243   954  3923 D InputDispatcher: Inject motion (17800): action=0x0, time=851610035000000, f=0x0, d=0
10-28 12:56:01.243   954  1162 I InputDispatcher: Delivering touch to (1348): action: 0x4, f=0x0, d=0, 'be23078', t=0
10-28 12:56:01.243   954  1162 I InputDispatcher: Delivering touch to (17800): action: 0x0, f=0x0, d=0, '9c3c37f', t=0
10-28 12:56:01.244 17800 17800 I ViewRootImpl@e3730aa[MainActivity]: ViewPostIme pointer 0
10-28 12:56:01.244 19056 19166 E msgr.msys: E[D SqliteError]sqliteErrorLogCallback(363)=>(11) database corruption at line 28736 of [872ba256cb]
10-28 12:56:01.245  3825  3825 I SemDvfsHyPerManager: acquire hyper - BaseTABoost/3825@21, type = 1090523139
10-28 12:56:01.245  3825  3825 I SemDvfsHyPerManager: acquire hyper - BaseTAToouchBoost/3825@23, type = 1090523139
10-28 12:56:01.246 19056 19166 E msgr.msys: E[D SqliteError]sqliteErrorLogCallback(363)=>(11) database corruption at line 28736 of [872ba256cb]
10-28 12:56:01.246   566   611 I HYPER-HAL: [RequestManager.cpp]acquire(): Acquired ID : 7397802  [3825 / 21]    HINT :      list : [TABoost / 5]
10-28 12:56:01.246   566   611 I HYPER-HAL: [RequestManager.cpp]acquire(): Acquired ID : 7405499  [3825 / 23]    HINT :      list : [TABoost / 20] [TIMEOUT / 1500]
10-28 12:56:01.247 19056 19166 E msgr.msys: E[D SqliteError]sqliteErrorLogCallback(363)=>(11) database corruption at line 28736 of [872ba256cb]
10-28 12:56:01.249 19056 19166 E msgr.msys: E[D SqliteError]sqliteErrorLogCallback(363)=>(11) database corruption at line 28736 of [872ba256cb]
10-28 12:56:01.250 19056 19166 E msgr.msys: E[D SqliteError]sqliteErrorLogCallback(363)=>(11) database corruption at line 28736 of [872ba256cb]
10-28 12:56:01.251 19056 19166 E msgr.msys: E[D SqliteError]sqliteErrorLogCallback(363)=>(11) database corruption at line 28736 of [872ba256cb]
10-28 12:56:01.257 19056 19166 E msgr.msys: E[D SqliteError]sqliteErrorLogCallback(363)=>(11) database corruption at line 28736 of [872ba256cb]
10-28 12:56:01.259 19056 19166 E msgr.msys: E[D SqliteError]sqliteErrorLogCallback(363)=>(11) database corruption at line 28736 of [872ba256cb]
10-28 12:56:01.260 19056 19166 E msgr.msys: E[D SqliteError]sqliteErrorLogCallback(363)=>(11) database corruption at line 28736 of [872ba256cb]
10-28 12:56:01.261 19056 19166 E msgr.msys: E[D SqliteError]sqliteErrorLogCallback(363)=>(11) database corruption at line 28736 of [872ba256cb]
10-28 12:56:01.283   954  3923 D InputDispatcher: Inject motion (17800): action=0x1, time=851610076000000, f=0x0, d=0
10-28 12:56:01.283   954  1162 I InputDispatcher: Delivering touch to (17800): action: 0x1, f=0x0, d=0, '9c3c37f', t=1
10-28 12:56:01.284 17800 17800 I ViewRootImpl@e3730aa[MainActivity]: ViewPostIme pointer 1
10-28 12:56:01.364   954  1244 D SemCellularStateManager: onSignalStrengthsChanged: mCellularSignalLevel=3
10-28 12:56:01.366  1348  1502 D MobileStatusTracker(0/1): onSignalStrengthsChanged signalStrength=SignalStrength:{mCdma=Invalid,mGsm=Invalid,mWcdma=Invalid,mTdscdma=Invalid,mLte=CellSignalStrengthLte: rssi=-105 rsrp=-105 rsrq=-17 rssnr=-6 cqiTableIndex=2147483647 cqi=4 ta=2147483647 level=3 parametersUseForLevel=0,mNr=Invalid,SignalBarInfo{ lteLevel=2 },rat=14,primary=CellSignalStrengthLte} level=2
10-28 12:56:01.366  1348  1502 D CscParser: OMC path : /product/omc/SEE/conf/customer.xml
10-28 12:56:01.366  1348  1502 I CscParser: getCustomerPath : omc customer file can read
10-28 12:56:01.366  1348  1502 E CscParser: update(): xml file exist
10-28 12:56:01.373  1348  1502 D NetworkController: SignalStrength from intent slotId=0
10-28 12:56:01.376 19056 19166 E msgr.msys: E[D SqliteError]sqliteErrorLogCallback(363)=>(11) database corruption at line 28736 of [872ba256cb]
10-28 12:56:01.394 19056 19139 E libprocessgroup: set_timerslack_ns write failed: Operation not permitted
10-28 12:56:01.456   954  2451 D PackageManager: setEnabledSetting : userId = 0 packageName = com.facebook.orca cmp = com.facebook.mqttlite.MqttService newState = 1 callingPackage = 10792/com.facebook.orca
10-28 12:56:01.470 19056 19175 D CompatibilityChangeReporter: Compat change id reported: 160794467; UID 10792; state: ENABLED
10-28 12:56:01.525 19056 19167 W m.facebook.orc: JNI RegisterNativeMethods: attempt to register 0 native methods for com.facebook.omnistore.OmnistoreCollectionFrontendHolder
10-28 12:56:01.534   954  1253 D SemNscXgbMsL1: Probability - Cloud gaming: [0.009767771]
10-28 12:56:01.534   954  1253 D SemNscXgbMsL1: Probability - Real time: [0.011334045]
10-28 12:56:01.535   954  1253 D SemNscXgbMsL1: Probability - Non real time: [0.9734571]
10-28 12:56:01.535   954  1253 D SemNscXgbMsL1: 1 sample inference time: 1.276 msecs
10-28 12:56:01.537   954  1253 D SemNscXgbL2Rt: L2 RT 1 sample inference time: 1.423961 msecs
10-28 12:56:01.538   954  1253 D SemNscXgbL2Nrt: L2 NRT 1 sample inference time: 1.197461 msecs
10-28 12:56:01.541 17800 17800 I ViewInteraction: Performing 'single click' action on view view.getId() is <2131231080/com.example.lunchtray:id/next_button>
10-28 12:56:01.544   954  3923 D InputDispatcher: Inject motion (17800): action=0x0, time=851610337000000, f=0x0, d=0
10-28 12:56:01.544   954  1162 I InputDispatcher: Delivering touch to (1348): action: 0x4, f=0x0, d=0, 'be23078', t=0
10-28 12:56:01.544   954  1162 I InputDispatcher: Delivering touch to (17800): action: 0x0, f=0x0, d=0, '9c3c37f', t=0
10-28 12:56:01.545 17800 17800 I ViewRootImpl@e3730aa[MainActivity]: ViewPostIme pointer 0
10-28 12:56:01.547  3825  3825 I SemDvfsHyPerManager: acquire hyper - BaseTABoost/3825@21, type = 1090523139
10-28 12:56:01.547  3825  3825 I SemDvfsHyPerManager: acquire hyper - BaseTAToouchBoost/3825@23, type = 1090523139
10-28 12:56:01.547   566   611 I HYPER-HAL: [RequestManager.cpp]acquire(): Acquired ID : 7397802  [3825 / 21]    HINT :      list : [TABoost / 5]
10-28 12:56:01.547   566   611 I HYPER-HAL: [RequestManager.cpp]acquire(): Acquired ID : 7405499  [3825 / 23]    HINT :      list : [TABoost / 20] [TIMEOUT / 1500]
10-28 12:56:01.553 19056 19167 E msgr.msys: E[N data-request]_HandleDataResponse(1574)=>Data request error: (null): Error Domain=mqtt Code=2002 UserInfo=0x771d25dcd0 {MCFErrorDirectDescriptionKey=SEND_FAILURE}
10-28 12:56:01.554 19056 19167 E msgr.msys: E[N rtchannel]_rt_mqtt_publish_callback(441)=>Failed to publish the request over MQTT. token:a06cc6b2-7cd5-43ab-983a-81a30627d01f, category:mcd-send-data-task-category, requestId:51850, error:Error Domain=mqtt Code=2002 UserInfo=0x771d25dcd0 {MCFErrorDirectDescriptionKey=SEND_FAILURE}
10-28 12:56:01.554 19056 19167 E msgr.msys: E[N rtchannel]_rt_mqtt_publish_callback(441)=>Failed to publish the request over MQTT. token:1dccc918-5152-4783-b5f9-d9f0fbeaf8b2, category:mcd-sync-data-task-category, requestId:98, error:Error Domain=mqtt Code=2002 UserInfo=0x771d298cb0 {MCFErrorDirectDescriptionKey=SEND_FAILURE}
10-28 12:56:01.556 19056 19166 E msgr.msys: E[S task_queue_handling]MCDLightSpeedTaskExecutorNetworkCompletionCallback(944)=>Handling send error for taskId=34 batchSize=5 queue=contact_sharing_settings
10-28 12:56:01.564 19056 19166 W msgr.msys: W[S task_queue_processing]_MCDTaskCoordinatorMaybeScheduleQueueProcessing(203)=>Scheduling queue contact_sharing_settings for reprocessing in 1 seconds
10-28 12:56:01.584   954  1271 D NetdEventListenerService: DNS Requested by : 245, 10792, 0
10-28 12:56:01.584   954  1844 D InputDispatcher: Inject motion (17800): action=0x1, time=851610377000000, f=0x0, d=0
10-28 12:56:01.584   954  1162 I InputDispatcher: Delivering touch to (17800): action: 0x1, f=0x0, d=0, '9c3c37f', t=1
10-28 12:56:01.585 17800 17800 I ViewRootImpl@e3730aa[MainActivity]: ViewPostIme pointer 1
10-28 12:56:01.600 17800 17800 D ScrollView: initGoToTop
10-28 12:56:01.629 17800 17800 D ScrollView:  onsize change changed
10-28 12:56:01.812   954  1115 I SensorService: [REARLIGHT] lux value : 82, code value : 0
10-28 12:56:01.816   566 18678 I HYPER-HAL: [RequestManager.cpp]releaseLocked(): Released ID : 1314010
10-28 12:56:01.827 19056 19066 W JavaBinder: BinderProxy is being destroyed but the application did not call unlinkToDeath to unlink all of its death recipients beforehand.  Releasing leaked death recipient: X.04C
10-28 12:56:01.827 19056 19066 I BpBinder: onLastStrongRef automatically unlinking death recipients: <uncached descriptor>
10-28 12:56:01.858 17800 17800 I ViewInteraction: Performing 'single click' action on view view.getId() is <2131230842/com.example.lunchtray:id/cancel_button>
10-28 12:56:01.861   954  1844 D InputDispatcher: Inject motion (17800): action=0x0, time=851610654000000, f=0x0, d=0
10-28 12:56:01.862   954  1162 I InputDispatcher: Delivering touch to (1348): action: 0x4, f=0x0, d=0, 'be23078', t=0
10-28 12:56:01.862   954  1162 I InputDispatcher: Delivering touch to (17800): action: 0x0, f=0x0, d=0, '9c3c37f', t=0
10-28 12:56:01.863 17800 17800 I ViewRootImpl@e3730aa[MainActivity]: ViewPostIme pointer 0
10-28 12:56:01.865  3825  3825 I SemDvfsHyPerManager: acquire hyper - BaseTABoost/3825@21, type = 1090523139
10-28 12:56:01.865  3825  3825 I SemDvfsHyPerManager: acquire hyper - BaseTAToouchBoost/3825@23, type = 1090523139
10-28 12:56:01.865   566   611 I HYPER-HAL: [RequestManager.cpp]acquire(): Acquired ID : 7397802  [3825 / 21]    HINT :      list : [TABoost / 5]
10-28 12:56:01.866   566   611 I HYPER-HAL: [RequestManager.cpp]acquire(): Acquired ID : 7405499  [3825 / 23]    HINT :      list : [TABoost / 20] [TIMEOUT / 1500]
10-28 12:56:01.901   954  1844 D InputDispatcher: Inject motion (17800): action=0x1, time=851610694000000, f=0x0, d=0
10-28 12:56:01.902   954  1162 I InputDispatcher: Delivering touch to (17800): action: 0x1, f=0x0, d=0, '9c3c37f', t=1
10-28 12:56:01.903 17800 17800 I ViewRootImpl@e3730aa[MainActivity]: ViewPostIme pointer 1
10-28 12:56:01.932   954  1844 V WindowManager: Relayout Window{9c3c37f u0 com.example.lunchtray/com.example.lunchtray.MainActivity}: viewVisibility=0 req=1080x2280 d0
10-28 12:56:01.940   954  1844 V WindowManager: Relayout hash=9c3c37f, pid=17800: mAttrs={(0,0)(fillxfill) sim={adjust=pan} ty=BASE_APPLICATION wanim=0x1030303
10-28 12:56:01.940   954  1844 V WindowManager:   fl=81810100
10-28 12:56:01.940   954  1844 V WindowManager:   pfl=12020040
10-28 12:56:01.940   954  1844 V WindowManager:   apr=LIGHT_NAVIGATION_BARS
10-28 12:56:01.940   954  1844 V WindowManager:   bhv=DEFAULT
10-28 12:56:01.940   954  1844 V WindowManager:   fitSides= naviIconColor=0
10-28 12:56:01.940   954  1844 V WindowManager:   sfl=100000}
10-28 12:56:01.943 17800 17800 I ViewRootImpl@e3730aa[MainActivity]: Relayout returned: old=(0,0,1080,2280) new=(0,0,1080,2280) req=(1080,2280)0 dur=10 res=0x1 s={true 515080419504} ch=false fn=79
10-28 12:56:02.041   954  1253 D SemNscXgbMsL1: Probability - Cloud gaming: [0.019668946]
10-28 12:56:02.042   954  1253 D SemNscXgbMsL1: Probability - Real time: [0.0073882216]
10-28 12:56:02.043   954  1253 D SemNscXgbMsL1: Probability - Non real time: [0.9799747]
10-28 12:56:02.043   954  1253 D SemNscXgbMsL1: 1 sample inference time: 2.597692 msecs
10-28 12:56:02.046   954  1253 D SemNscXgbL2Rt: L2 RT 1 sample inference time: 2.514577 msecs
10-28 12:56:02.048   954  1253 D SemNscXgbL2Nrt: L2 NRT 1 sample inference time: 1.793846 msecs
10-28 12:56:02.050 19056 19098 W msgr.MultiSignalANRDetectorLacrima: Pausing error state checks
10-28 12:56:02.144 24288 16695 D ConnectivityManager: StackLog: [android.net.ConnectivityManager.unregisterNetworkCallback(ConnectivityManager.java:4598)] [vrc.run(:com.google.android.gms@224113044@22.41.13 (190400-480714934):15)] [zyp.run(:com.google.android.gms@224113044@22.41.13 (190400-480714934):5)] [java.util.concurrent.ThreadPoolExecutor.runWorker(ThreadPoolExecutor.java:1167)] [java.util.concurrent.ThreadPoolExecutor$Worker.run(ThreadPoolExecutor.java:641)] [aadw.run(:com.google.android.gms@224113044@22.41.13 (190400-480714934):0)] [java.lang.Thread.run(Thread.java:920)]
10-28 12:56:02.146 24288 16695 I CastDatabase: Saving the database
10-28 12:56:02.157 24288 16695 I SQLiteCastStore: [CastNetworkInfo] saved: 1, skipped: 0, [CastDeviceInfo]: saved 1, skipped 0, [Paired Guest Mode DeviceInfo] saved: 0, skipped: 0. [ProbedNetworks]: saved 0, skipped: 0, [ProbedSocketAddress]: saved 4, skipped: 0, [Network-Device pairs]: saved: 1
10-28 12:56:02.161 19056 19120 E nightwatch-target: /proc/zoneinfo open: errno=13
10-28 12:56:02.162 19056 19120 E nightwatch-target: sysmeminfo parse failed
10-28 12:56:02.162   511   511 E audit   : type=1400 audit(1666954562.157:342558): avc:  denied  { read } for  pid=19056 comm="Lacrima_startup" name="zoneinfo" dev="proc" ino=4026531860 scontext=u:r:untrusted_app:s0:c24,c259,c512,c768 tcontext=u:object_r:proc_zoneinfo:s0 tclass=file permissive=0 SEPF_SM-G973F_12_0001 audit_filtered
10-28 12:56:02.162   511   511 E audit   : type=1300 audit(1666954562.157:342558): arch=c00000b7 syscall=56 success=no exit=-13 a0=ffffff9c a1=764fcdec16 a2=0 a3=0 items=0 ppid=531 pid=19056 auid=4294967295 uid=10792 gid=10792 euid=10792 suid=10792 fsuid=10792 egid=10792 sgid=10792 fsgid=10792 tty=(none) ses=4294967295 comm="Lacrima_startup" exe="/system/bin/app_process64" subj=u:r:untrusted_app:s0:c24,c259,c512,c768 key=(null)
10-28 12:56:02.162   511   511 E audit   : type=1327 audit(1666954562.157:342558): proctitle="com.facebook.orca"
10-28 12:56:02.171 17800 17800 I ViewInteraction: Performing 'single click' action on view view.getId() is <2131231207/com.example.lunchtray:id/start_order_btn>
10-28 12:56:02.174   954  1844 D InputDispatcher: Inject motion (17800): action=0x0, time=851610967000000, f=0x0, d=0
10-28 12:56:02.175   954  1162 I InputDispatcher: Delivering touch to (1348): action: 0x4, f=0x0, d=0, 'be23078', t=0
10-28 12:56:02.175   954  1162 I InputDispatcher: Delivering touch to (17800): action: 0x0, f=0x0, d=0, '9c3c37f', t=0
10-28 12:56:02.177  3825  3825 I SemDvfsHyPerManager: acquire hyper - BaseTABoost/3825@21, type = 1090523139
10-28 12:56:02.177 17800 17800 I ViewRootImpl@e3730aa[MainActivity]: ViewPostIme pointer 0
10-28 12:56:02.177  3825  3825 I SemDvfsHyPerManager: acquire hyper - BaseTAToouchBoost/3825@23, type = 1090523139
10-28 12:56:02.178   566   611 I HYPER-HAL: [RequestManager.cpp]acquire(): Acquired ID : 7397802  [3825 / 21]    HINT :      list : [TABoost / 5]
10-28 12:56:02.178   566   611 I HYPER-HAL: [RequestManager.cpp]acquire(): Acquired ID : 7405499  [3825 / 23]    HINT :      list : [TABoost / 20] [TIMEOUT / 1500]
10-28 12:56:02.206   620   620 I SurfaceFlinger: SFWD update time=851611001473139
10-28 12:56:02.215   954  1844 D InputDispatcher: Inject motion (17800): action=0x1, time=851611009000000, f=0x0, d=0
10-28 12:56:02.216   954  1162 I InputDispatcher: Delivering touch to (17800): action: 0x1, f=0x0, d=0, '9c3c37f', t=1
10-28 12:56:02.216 17800 17800 I ViewRootImpl@e3730aa[MainActivity]: ViewPostIme pointer 1
10-28 12:56:02.228 17800 17800 D ScrollView: initGoToTop
10-28 12:56:02.267   954  1844 V WindowManager: Relayout Window{9c3c37f u0 com.example.lunchtray/com.example.lunchtray.MainActivity}: viewVisibility=0 req=1080x2280 d0
10-28 12:56:02.274   954  1844 V WindowManager: Relayout hash=9c3c37f, pid=17800: mAttrs={(0,0)(fillxfill) sim={adjust=resize} ty=BASE_APPLICATION wanim=0x1030303
10-28 12:56:02.274   954  1844 V WindowManager:   fl=81810100
10-28 12:56:02.274   954  1844 V WindowManager:   pfl=12020040
10-28 12:56:02.274   954  1844 V WindowManager:   apr=LIGHT_NAVIGATION_BARS
10-28 12:56:02.274   954  1844 V WindowManager:   bhv=DEFAULT
10-28 12:56:02.274   954  1844 V WindowManager:   fitSides= naviIconColor=0
10-28 12:56:02.274   954  1844 V WindowManager:   sfl=100000}
10-28 12:56:02.275 17800 17800 I ViewRootImpl@e3730aa[MainActivity]: Relayout returned: old=(0,0,1080,2280) new=(0,0,1080,2280) req=(1080,2280)0 dur=9 res=0x1 s={true 515080419504} ch=false fn=86
10-28 12:56:02.276 17800 17800 D ScrollView:  onsize change changed
10-28 12:56:02.510 17800 17800 I ViewInteraction: Checking 'MatchesViewAssertion{viewMatcher=(view has effective visibility <VISIBLE> and view.getGlobalVisibleRect() to return non-empty rectangle)}' assertion on view an instance of android.widget.TextView and view.getText() with or without transformation to match: is "Subtotal: $0.00"
10-28 12:56:02.511 17800 17832 I TestRunner: finished: order_reset_after_cancel_from_checkout(com.example.lunchtray.OrderFunctionalityTests)
