10-28 12:55:38.583  1348  2148 I ViewRootImpl@d5d32f7[lunchtray]: mWNT: t = android.view.SurfaceControl$Transaction@dc189ef fN = 3 android.view.SyncRtSurfaceTransactionApplier.applyTransaction:94 android.view.SyncRtSurfaceTransactionApplier.lambda$scheduleApply$0$SyncRtSurfaceTransactionApplier:71 android.view.SyncRtSurfaceTransactionApplier$$ExternalSyntheticLambda0.onFrameDraw:4
10-28 12:55:38.583  1348  2148 I ViewRootImpl@d5d32f7[lunchtray]: mWNT: merge t to BBQ
10-28 12:55:38.584 26660 27021 I ViewRootImpl@623994e[LauncherActivity]: mWNT: t = android.view.SurfaceControl$Transaction@d717ea4 fN = 40 com.android.systemui.shared.system.ViewRootImplCompat.mergeWithNextTransaction:62 com.android.quickstep.util.SurfaceTransactionApplier.lambda$scheduleApply$0$SurfaceTransactionApplier:94 com.android.quickstep.util.-$$Lambda$SurfaceTransactionApplier$Xj9m0ayWHIr2xvQnKB4EJdxg8RU.accept:6
10-28 12:55:38.584 26660 27021 I ViewRootImpl@623994e[LauncherActivity]: mWNT: merge t to BBQ
10-28 12:55:38.591   531   531 D Zygote  : Forked child process 17983
10-28 12:55:38.597   954  2773 V WindowManager: Relayout Window{888ee8c u0 com.example.lunchtray/androidx.fragment.app.testing.FragmentScenario$EmptyFragmentActivity}: viewVisibility=0 req=1080x2280 d0
10-28 12:55:38.599  1348  2147 I ViewRootImpl@d5d32f7[lunchtray]: mWNT: t = android.view.SurfaceControl$Transaction@148bcfc fN = 4 android.view.SyncRtSurfaceTransactionApplier.applyTransaction:94 android.view.SyncRtSurfaceTransactionApplier.lambda$scheduleApply$0$SyncRtSurfaceTransactionApplier:71 android.view.SyncRtSurfaceTransactionApplier$$ExternalSyntheticLambda0.onFrameDraw:4
10-28 12:55:38.599  1348  2147 I ViewRootImpl@d5d32f7[lunchtray]: mWNT: merge t to BBQ
10-28 12:55:38.600 26660 27022 I ViewRootImpl@623994e[LauncherActivity]: mWNT: t = android.view.SurfaceControl$Transaction@4c1140d fN = 41 com.android.systemui.shared.system.ViewRootImplCompat.mergeWithNextTransaction:62 com.android.quickstep.util.SurfaceTransactionApplier.lambda$scheduleApply$0$SurfaceTransactionApplier:94 com.android.quickstep.util.-$$Lambda$SurfaceTransactionApplier$Xj9m0ayWHIr2xvQnKB4EJdxg8RU.accept:6
10-28 12:55:38.600 26660 27022 I ViewRootImpl@623994e[LauncherActivity]: mWNT: merge t to BBQ
10-28 12:55:38.606 26660  3011 I RecentModel: onTaskStackChangedBackground
10-28 12:55:38.607 26660  3011 I RecentTasksList: getTaskKeys, numTasks :3 callback : com.android.quickstep.-$$Lambda$RecentsModel$k1Mm-BV64Bc89eJHYugywZmW_Js@95fafc2
10-28 12:55:38.607   954  2773 V WindowManager: Relayout hash=888ee8c, pid=17800: mAttrs={(0,0)(fillxfill) sim={adjust=resize forwardNavigation} ty=BASE_APPLICATION wanim=0x1030303
10-28 12:55:38.607   954  2773 V WindowManager:   fl=81810100
10-28 12:55:38.607   954  2773 V WindowManager:   pfl=12020040
10-28 12:55:38.607   954  2773 V WindowManager:   apr=LIGHT_NAVIGATION_BARS
10-28 12:55:38.607   954  2773 V WindowManager:   bhv=DEFAULT
10-28 12:55:38.607   954  2773 V WindowManager:   fitSides= naviIconColor=0
10-28 12:55:38.607   954  2773 V WindowManager:   sfl=100000}
10-28 12:55:38.610 17800 17800 I ViewRootImpl@67daffb[FragmentScenario$EmptyFragmentActivity]: Relayout returned: old=(0,0,1080,2280) new=(0,0,1080,2280) req=(1080,2280)0 dur=12 res=0x1 s={true 515080218944} ch=false fn=2
10-28 12:55:38.610 17983 17983 E m.facebook.orc: Not starting debugger since process cannot load the jdwp agent.
10-28 12:55:38.611 17800 17800 D ScrollView:  onsize change changed
10-28 12:55:38.611 26660 26792 I RecentTasksList: loadTasksInBackground() task id : 30394
10-28 12:55:38.611 26660 26792 I RecentTasksList: loadTasksInBackground() task id : 30298
10-28 12:55:38.611  3825  4192 I SemDvfsHyPerManager: acquire hyper - BaseTABoost/3825@21, type = 1090523139
10-28 12:55:38.611 26660 26792 I RecentTasksList: loadTasksInBackground() task id : 30464
10-28 12:55:38.611  3825  4192 I SemDvfsHyPerManager: acquire hyper - BaseTAToouchBoost/3825@23, type = 1090523139
10-28 12:55:38.614 17800 17800 I ViewRootImpl@67daffb[FragmentScenario$EmptyFragmentActivity]: MSG_WINDOW_FOCUS_CHANGED 1 1
10-28 12:55:38.615   566   611 I HYPER-HAL: [RequestManager.cpp]acquire(): Acquired ID : 7397802  [3825 / 21]    HINT :      list : [TABoost / 5]
10-28 12:55:38.615   566   611 I HYPER-HAL: [RequestManager.cpp]acquire(): Acquired ID : 7405499  [3825 / 23]    HINT :      list : [TABoost / 20] [TIMEOUT / 1500]
10-28 12:55:38.616  1348  1537 D OpenGLRenderer: setSurface called with nullptr
10-28 12:55:38.616  1348  1537 D OpenGLRenderer: setSurface() destroyed EGLSurface
10-28 12:55:38.616  1348  1537 D OpenGLRenderer: destroyEglSurface
10-28 12:55:38.616 17800 17800 D InputMethodManager: startInputInner - Id : 0
10-28 12:55:38.616 17800 17800 I InputMethodManager: startInputInner - mService.startInputOrWindowGainedFocus
10-28 12:55:38.617 26660 27021 I ViewRootImpl@623994e[LauncherActivity]: mWNT: t = android.view.SurfaceControl$Transaction@75721d3 fN = 42 com.android.systemui.shared.system.ViewRootImplCompat.mergeWithNextTransaction:62 com.android.quickstep.util.SurfaceTransactionApplier.lambda$scheduleApply$0$SurfaceTransactionApplier:94 com.android.quickstep.util.-$$Lambda$SurfaceTransactionApplier$Xj9m0ayWHIr2xvQnKB4EJdxg8RU.accept:6
10-28 12:55:38.617 26660 27021 I ViewRootImpl@623994e[LauncherActivity]: mWNT: merge t to BBQ
10-28 12:55:38.618 17983 17983 E USNET   : USNET: appName: com.facebook.orca
10-28 12:55:38.619   954  1272 D InputMethodManagerService: DESKTOP MODE! : 2
10-28 12:55:38.619   954  1272 D InputMethodManagerService: NOT IN KNOX DESKTOP MODE!
10-28 12:55:38.619   954  1272 V InputMethodManagerService: getDisplayIdOfInputMethodWindowToBeAdded : 0
10-28 12:55:38.620 17983 17983 D ProcessState: Binder ioctl to enable oneway spam detection failed: Invalid argument
10-28 12:55:38.620   954  1272 D InputMethodManagerService: checkDisplayOfStartInputAndUpdateKeyboard display Id 0last 0
10-28 12:55:38.620   954  1272 D InputTransport: Input channel constructed: 'ClientS', fd=1728
10-28 12:55:38.620   954  1272 D InputTransport: Input channel destroyed: 'ClientS', fd=1728
10-28 12:55:38.621 19204 19204 D InputMethodService: checkDisplayOfStartInputAndUpdateKeyboard display Id 0last 0
10-28 12:55:38.622   620  3677 I SurfaceFlinger: id=204897 createSurf (0x0),-1 flag=24004, Surface(name=2188bee InputMethod)/@0xe151908 - animation-leash of insets_animation#1
10-28 12:55:38.623   954  1844 V WindowManager: Relayout Window{ce0d801 u0 Splash Screen com.example.lunchtray}: viewVisibility=8 req=1080x2280 d0
10-28 12:55:38.624   620  3677 I SurfaceFlinger: id=204898 createSurf (0x0),-1 flag=24000, Surface(name=ce0d801 Splash Screen com.example.lunchtray)/@0x24326eb - animation-leash of window_animation#0
10-28 12:55:38.625 17800 17800 I ViewInteraction: Checking 'MatchesViewAssertion{viewMatcher=an instance of android.widget.TextView and view.getText() with or without transformation to match: a string containing "Lunch Roll"}' assertion on view view.getId() is <2131230835/com.example.lunchtray:id/bread>
10-28 12:55:38.625 17983 17983 D ActivityThread: setConscryptValidator
10-28 12:55:38.625 17983 17983 D ActivityThread: setConscryptValidator - put
10-28 12:55:38.627 17800 17800 I ViewInteraction: Checking 'MatchesViewAssertion{viewMatcher=an instance of android.widget.TextView and view.getText() with or without transformation to match: a string containing "Fresh baked"}' assertion on view view.getId() is <2131230836/com.example.lunchtray:id/bread_description>
10-28 12:55:38.628   954  1844 V WindowManager: Relayout hash=ce0d801, pid=1348: mAttrs={(0,0)(fillxfill) sim={adjust=pan} ty=APPLICATION_STARTING fmt=TRANSLUCENT wanim=0x1030001
10-28 12:55:38.628   954  1844 V WindowManager:   fl=81030118
10-28 12:55:38.628   954  1844 V WindowManager:   pfl=36000010
10-28 12:55:38.628   954  1844 V WindowManager:   bhv=DEFAULT
10-28 12:55:38.628   954  1844 V WindowManager:   fitSides= naviIconColor=0}
10-28 12:55:38.631   954  1401 D InputMethodManagerServicePhysicalKey: isConnectedDexOnPC false
10-28 12:55:38.631   954  1401 D InputMethodManagerService: isImeSwitcherDisabledPackage : false
10-28 12:55:38.632 17800 17800 I ViewInteraction: Checking 'MatchesViewAssertion{viewMatcher=an instance of android.widget.TextView and view.getText() with or without transformation to match: a string containing "$0.50"}' assertion on view view.getId() is <2131230837/com.example.lunchtray:id/bread_price>
10-28 12:55:38.632   620   620 I Layer   : id=204882 removeFromCurrentState Surface(name=2188bee InputMethod)/@0xe151908 - animation-leash of insets_animation#0 (183)
10-28 12:55:38.632 26660 27022 I ViewRootImpl@623994e[LauncherActivity]: mWNT: t = android.view.SurfaceControl$Transaction@899e110 fN = 43 com.android.systemui.shared.system.ViewRootImplCompat.mergeWithNextTransaction:62 com.android.quickstep.util.SurfaceTransactionApplier.lambda$scheduleApply$0$SurfaceTransactionApplier:94 com.android.quickstep.util.-$$Lambda$SurfaceTransactionApplier$Xj9m0ayWHIr2xvQnKB4EJdxg8RU.accept:6
10-28 12:55:38.632 26660 27022 I ViewRootImpl@623994e[LauncherActivity]: mWNT: merge t to BBQ
10-28 12:55:38.633   620   620 I SurfaceFlinger: id=204882 Removed Surface(name=2188bee InputMethod)/@0xe151908 - animation-leash of insets_animation#0 (183)
10-28 12:55:38.633  1348  1474 I ViewRootImpl@d5d32f7[lunchtray]: Relayout returned: old=(0,0,1080,2280) new=(0,0,1080,2280) req=(1080,2280)8 dur=8 res=0x5 s={false 0} ch=true fn=5
10-28 12:55:38.633  1348  1474 I ViewRootImpl@d5d32f7[lunchtray]: dispatchDetachedFromWindow
10-28 12:55:38.634   620   620 I Layer   : id=204882 Destroyed Surface(name=2188bee InputMethod)/@0xe151908 - animation-leash of insets_animation#0
10-28 12:55:38.634   954  1272 D InputTransport: Input channel destroyed: 'ce0d801', fd=1676
10-28 12:55:38.634   954  1272 W InputManager-JNI: Input channel object 'ce0d801 Splash Screen com.example.lunchtray (client)' was disposed without first being removed with the input manager!
10-28 12:55:38.634   954  1272 D InputTransport: Input channel destroyed: 'ce0d801', fd=1715
10-28 12:55:38.635 17800 17800 I ViewInteraction: Checking 'MatchesViewAssertion{viewMatcher=an instance of android.widget.TextView and view.getText() with or without transformation to match: a string containing "Mixed Berries"}' assertion on view view.getId() is <2131230825/com.example.lunchtray:id/berries>
10-28 12:55:38.637  1348  1474 D InputTransport: Input channel destroyed: 'ce0d801', fd=200
10-28 12:55:38.637 17800 17800 I ViewInteraction: Checking 'MatchesViewAssertion{viewMatcher=an instance of android.widget.TextView and view.getText() with or without transformation to match: a string containing "Strawberries"}' assertion on view view.getId() is <2131230826/com.example.lunchtray:id/berries_description>
10-28 12:55:38.639 19204 19204 E FullInputEventModel: onStartInput event aborted: al1: could not obtain extracted text (class al1)
10-28 12:55:38.639 17800 17800 I ViewInteraction: Checking 'MatchesViewAssertion{viewMatcher=an instance of android.widget.TextView and view.getText() with or without transformation to match: a string containing "$1.00"}' assertion on view view.getId() is <2131230827/com.example.lunchtray:id/berries_price>
10-28 12:55:38.641 17800 17800 I ViewInteraction: Checking 'MatchesViewAssertion{viewMatcher=an instance of android.widget.TextView and view.getText() with or without transformation to match: a string containing "Pickled Veggies"}' assertion on view view.getId() is <2131231112/com.example.lunchtray:id/pickles>
10-28 12:55:38.642  1341  1341 D HidDeviceService: handleMessage(): msg.what=8
10-28 12:55:38.644 17983 17983 D CompatibilityChangeReporter: Compat change id reported: 171979766; UID 10792; state: ENABLED
10-28 12:55:38.644 17800 17800 I ViewInteraction: Checking 'MatchesViewAssertion{viewMatcher=an instance of android.widget.TextView and view.getText() with or without transformation to match: a string containing "Pickled cucumbers"}' assertion on view view.getId() is <2131231113/com.example.lunchtray:id/pickles_description>
10-28 12:55:38.645 17800 17800 I ViewInteraction: Checking 'MatchesViewAssertion{viewMatcher=an instance of android.widget.TextView and view.getText() with or without transformation to match: a string containing "$0.50"}' assertion on view view.getId() is <2131231114/com.example.lunchtray:id/pickles_price>
10-28 12:55:38.645 17800 17832 I TestRunner: finished: accompaniment_menu_item_content(com.example.lunchtray.MenuContentTests)
