10-28 12:55:36.216 17800 17832 I TestRunner: started: side_menu_item_content(com.example.lunchtray.MenuContentTests)
10-28 12:55:36.218 11071 17857 I GOS:GameIntentService: onHandleIntent. GameIntentService. type: 15, pkgName: com.example.lunchtray
10-28 12:55:36.219   954  1216 W SearchableInfo: Invalid searchable metadata for com.samsung.android.messaging/.ui.view.recipientspicker.PickerActivity: Search label must be a resource reference.
10-28 12:55:36.221 19454 14990 I ExternalAccountType: [M] loadContactsXml : com.google.android.apps.plus
10-28 12:55:36.222 19454 14990 E ExternalAccountType: [M] Package was found, but that doesn't contain the CONTACTS_STRUCTURE metadata
10-28 12:55:36.226 24288 24524 I BluetoothAdapter: STATE_ON
10-28 12:55:36.231 19208 30741 I ExternalAccountType: [D] Metadata loaded from: com.snapchat.android, com.snap.identity.enhancedcontacts.core.EnhancedContactsSyncService, android.provider.CONTACTS_STRUCTURE
10-28 12:55:36.232 19208 30741 I ExternalAccountType: [D] loadContactsXml : com.whatsapp
10-28 12:55:36.236 17800 17832 W Settings: Setting always_finish_activities has moved from android.provider.Settings.System to android.provider.Settings.Global, returning read-only value.
10-28 12:55:36.245 24288 24524 W ChimeraUtils: Module com.google.android.gms.nearby_en has empty metadata display_name_string_id
10-28 12:55:36.274 19208 30741 I ExternalAccountType: [D] Metadata loaded from: com.whatsapp, com.whatsapp.contact.sync.ContactsSyncAdapterService, android.provider.CONTACTS_STRUCTURE
10-28 12:55:36.293 32329 32329 I ResourceOverlayService_0: onCreate() called. UserId: 0
10-28 12:55:36.294 25095 25146 I AccountTypeModel.AccountTypeLoader: [C] finish accountsInBackground
10-28 12:55:36.295 32329 32329 I SEP_UNION_SemUnionManager: getUnionService() : semeventdelegator
10-28 12:55:36.296 32329 32329 I ResourceOverlayService_0: initManager thread creation
10-28 12:55:36.296   954  3923 D SEP_UNION_SemDeviceInfoManagerService: registerPendingIntentForUriAsUser() uri = content://settings/global/device_provisioned, callingPackage = com.samsung.android.localeoverlaymanager, tag = , userId = 0
10-28 12:55:36.297   954   954 D SEP_UNION_SemDeviceInfoManagerService: sendIntentAction() action = android.intent.action.PACKAGE_ADDED, tag =
10-28 12:55:36.299 32329 32329 I ResourceOverlayService_0: requestPendingActions() called - No pending actions!
10-28 12:55:36.310 19208 30741 I ExternalAccountType: [D] loadContactsXml : com.google.android.apps.plus
10-28 12:55:36.312 19208 30741 E ExternalAccountType: [D] Package was found, but that doesn't contain the CONTACTS_STRUCTURE metadata
10-28 12:55:36.312 19208 30741 I AccountTypeModel.AccountTypeLoader: [D] finish add account type
10-28 12:55:36.318 24288 24524 W ChimeraUtils: Module com.google.android.gms.nearby_en has empty metadata display_name_string_id
10-28 12:55:36.319 32306 32423 D AppListCacheIndexingManager: deletePackage : row = 1
10-28 12:55:36.321 24288 24524 W ChimeraUtils: Module com.google.android.gms.nearby_en has empty metadata display_name_string_id
10-28 12:55:36.325 32329 32329 I ResourceOverlayService_0: setProcessForeground: true
10-28 12:55:36.325 32329 17869 I LocaleOverlayManager_0: Handler ready Handler (com.samsung.android.localeoverlaymanager.LocaleOverlayManager$OverlayHandler) {5eb1a31}
10-28 12:55:36.330 32329 32329 E ResourceOverlayService_0: onStartCommand com.samsung.android.localeoverlaymanager.action.PACKAGE_ADDED manager -Thread[ResourceOverlayService,5,main]
10-28 12:55:36.330 32329 32329 I PreferenceUtils: getPreferences() called with: userId = [0], context: com.samsung.android.localeoverlaymanager.ResourceOverlayService@40d4e97
10-28 12:55:36.330 32329 32329 I ResourceOverlayService_0: handlePendingTask- packageName: None
10-28 12:55:36.330 32329 32329 I ResourceOverlayService_0: onStartCommand: Package added intent. Data = package:com.example.lunchtray
10-28 12:55:36.330 32329 32329 E ResourceOverlayService_0: requestPendingAction sending bundle Bundle[{added_package=com.example.lunchtray, pending_action=com.samsung.android.localeoverlaymanager.action.PACKAGE_ADDED}]
10-28 12:55:36.331 32329 17869 I LocaleOverlayManager_0: handleMessage false msg { when=-1ms what=1 obj=Bundle[{added_package=com.example.lunchtray, pending_action=com.samsung.android.localeoverlaymanager.action.PACKAGE_ADDED}] target=com.samsung.android.localeoverlaymanager.LocaleOverlayManager$OverlayHandler }
10-28 12:55:36.331 32329 17869 I LocaleOverlayManager_0: MESSAGE_PENDING_ACTION --com.samsung.android.localeoverlaymanager.action.PACKAGE_ADDED
10-28 12:55:36.331 32329 17869 I LocaleOverlayManager_0: handleMessage false msg { when=0 what=3 obj=Bundle[{added_package=com.example.lunchtray, pending_action=com.samsung.android.localeoverlaymanager.action.PACKAGE_ADDED}] target=com.samsung.android.localeoverlaymanager.LocaleOverlayManager$OverlayHandler }
10-28 12:55:36.331 32329 17869 I LocaleOverlayManager_0: handleMessage: MESSAGE_PARSE_SINGLE_PACKAGE. PackageName = [com.example.lunchtray]
10-28 12:55:36.331 24389 24389 D BoundBrokerSvc: onBind: Intent { act=com.google.android.gms.common.BIND_SHARED_PREFS pkg=com.google.android.gms }
10-28 12:55:36.331 24389 24389 D BoundBrokerSvc: Loading bound service for intent: Intent { act=com.google.android.gms.common.BIND_SHARED_PREFS pkg=com.google.android.gms }
10-28 12:55:36.331 32329 17869 I PreferenceUtils: getPreferences() called with: userId = [0], context: android.app.Application@f8eb739
10-28 12:55:36.336   954   954 D SEP_UNION_SemDeviceInfoManagerService: sendIntentAction() action = android.intent.action.PACKAGE_ADDED, tag =
10-28 12:55:36.341 11071 17857 I GOS:GameIntentService: onPackageChanged(). extras: Bundle[{changeType=1, userId=0, pkgName=com.example.lunchtray, type=15, packageName=com.example.lunchtray}]
10-28 12:55:36.341 11071 17857 I GOS:GameIntentService: onPackageChanged(). changeType(REMOVED), pkgName(com.example.lunchtray), UserHandle(0), userId(0), Installed(true)
10-28 12:55:36.341 11071 17857 I GOS:GameIntentService: onPackageChanged(), skip removing if the package is being updated
10-28 12:55:36.344 32329 17869 I LocaleOverlayManager_0: hasZippedOverlaysPackage: com.example.lunchtray -- false
10-28 12:55:36.344 32329 17869 I LocaleOverlayManager_0: Package is not supported for Locale Overlays: com.example.lunchtray
10-28 12:55:36.344 26660  4876 I ExternalMethodFactory: get_home_mode
10-28 12:55:36.344 32329 17869 I LocaleOverlayManager_0: cleanLocaleOverlayForDisable: com.samsung.android.localeoverlaymanager.OverlayManager@826286d, packageName : com.example.lunchtray
10-28 12:55:36.346 32329 17869 I OverlayManager: getLocaleOverlayInfosForTarget []
10-28 12:55:36.346 32329 17869 I LocaleOverlayManager_0: cleanLocaleOverlayForDisable() overlayPackages:[]
10-28 12:55:36.346 32329 17869 I LocaleOverlayManager_0: handleTaskComplete -- callers: com.samsung.android.localeoverlaymanager.LocaleOverlayManager.cleanLocaleOverlayForDisable:475 com.samsung.android.localeoverlaymanager.LocaleOverlayManager.access$700:36
10-28 12:55:36.346 32329 17869 I PreferenceUtils: getPreferences() called with: userId = [0], context: android.app.Application@f8eb739
10-28 12:55:36.355 32329 17869 I LocaleOverlayManager_0: callbackObserver. mCurrentObserver: null
10-28 12:55:36.356 32329 17869 I ResourceOverlayService_0: waitAndQuit called
10-28 12:55:36.359   954   954 D SEP_UNION_SemDeviceInfoManagerService: sendIntentAction() action = android.intent.action.PACKAGE_ADDED, tag =
10-28 12:55:36.362 17835 17862 I RunestoneUtils: currentRubinState : OK, isEnabledInSupportedApps : true
10-28 12:55:36.362   954   954 D SEP_UNION_SemDeviceInfoManagerService: sendIntentAction() action = android.intent.action.PACKAGE_ADDED, tag =
10-28 12:55:36.363 24288 17668 I Fitness : FitCleanupIntentOperation received Intent android.intent.action.PACKAGE_REMOVED [CONTEXT service_id=17 ]
10-28 12:55:36.364 32329 32329 I ResourceOverlayService_0: onDestroy
10-28 12:55:36.364 32329 32329 I ResourceOverlayService_0: setProcessForeground: false
10-28 12:55:36.370 32329 17869 I ResourceOverlayService_0: Stopself..
10-28 12:55:36.375   954  3917 D SecContentProvider2: query(), uri = 18 selection = isCopyContactToSimAllowed
10-28 12:55:36.379   954  3917 D SecContentProvider2: isCopyContactToSimAllowed = true
10-28 12:55:36.385 26660  4876 I ExternalMethodFactory: get_home_mode
10-28 12:55:36.386 19454 14990 I TelephonyDataSource: [M] getSimState(0) : 5
10-28 12:55:36.387 19454 14990 I TelephonyDataSource: [M] slotId : 0CSim value : 0
10-28 12:55:36.387 19454 14990 I SimContactModel: [M] isSimActivatedEnabled(0) return true : max = 1000 EmailDbSupported :false
10-28 12:55:36.388 19454 14990 I TelephonyDataSource: [M] getSimState(0) : 5
10-28 12:55:36.388 19454 14990 I TelephonyDataSource: [M] slotId : 0CSim value : 0
10-28 12:55:36.388 19454 14990 I SimContactModel: [M] isSimActivatedEnabled(0) return true : max = 1000 EmailDbSupported :false
10-28 12:55:36.390   954  3956 D SecContentProvider2: query(), uri = 18 selection = isCopyContactToSimAllowed
10-28 12:55:36.392   954  3956 D SecContentProvider2: isCopyContactToSimAllowed = true
10-28 12:55:36.393 24288 17875 I FontLog : Package com.example.lunchtray has no metadata [CONTEXT service_id=132 ]
10-28 12:55:36.407 19208 30741 I AccountTypeModel.AccountTypeLoader: [D] finish accountsInBackground
10-28 12:55:36.410 19454 14990 I TelephonyDataSource: [M] getSimState(1) : 1
10-28 12:55:36.412   954  3925 D SecContentProvider2: query(), uri = 18 selection = isCopyContactToSimAllowed
10-28 12:55:36.413   954  3925 D SecContentProvider2: isCopyContactToSimAllowed = true
10-28 12:55:36.417 24389 24389 D BoundBrokerSvc: onUnbind: Intent { act=com.google.android.gms.common.BIND_SHARED_PREFS pkg=com.google.android.gms }
10-28 12:55:36.422 19454 14990 I TelephonyDataSource: [M] getSimState(0) : 5
10-28 12:55:36.422 19454 14990 I TelephonyDataSource: [M] slotId : 0CSim value : 0
10-28 12:55:36.425 19454 14990 I SimContactModel: [M] isSimActivatedEnabled(0) return true : max = 1000 EmailDbSupported :false
10-28 12:55:36.429 19454 14990 I TelephonyDataSource: [M] getSimState(0) : 5
10-28 12:55:36.429 19454 14990 I TelephonyDataSource: [M] slotId : 0CSim value : 0
10-28 12:55:36.434   388 23587 I PermissionControllerServiceImpl: Updating user sensitive for uid 10998
10-28 12:55:36.441 19454 14990 I SimContactModel: [M] isSimActivatedEnabled(0) return true : max = 1000 EmailDbSupported :false
10-28 12:55:36.457   954  3952 D SecContentProvider2: query(), uri = 18 selection = isCopyContactToSimAllowed
10-28 12:55:36.458   954  3952 D SecContentProvider2: isCopyContactToSimAllowed = true
10-28 12:55:36.460 19454 14990 I TelephonyDataSource: [M] getSimState(1) : 1
10-28 12:55:36.463   954  2451 D SecContentProvider: query(), uri = 17 selection = isSettingsChangesAllowed
10-28 12:55:36.468   954  1855 D SecContentProvider2: query(), uri = 18 selection = isCopyContactToSimAllowed
10-28 12:55:36.468   954  1855 D SecContentProvider2: isCopyContactToSimAllowed = true
10-28 12:55:36.474 19454 14990 I TelephonyDataSource: [M] getSimState(0) : 5
10-28 12:55:36.474 19454 14990 I TelephonyDataSource: [M] slotId : 0CSim value : 0
10-28 12:55:36.477 17800 17832 D CompatibilityChangeReporter: Compat change id reported: 160794467; UID 10998; state: ENABLED
10-28 12:55:36.479   954   954 D SEP_UNION_SemDeviceInfoManagerService: sendIntentAction() action = android.intent.action.PACKAGE_ADDED, tag =
10-28 12:55:36.479   954   954 D SEP_UNION_SemDeviceInfoManagerService: sendIntentAction() action = android.intent.action.PACKAGE_ADDED, tag =
10-28 12:55:36.482 32329 32329 I LocaleOverlayManager_0: quit() called
10-28 12:55:36.482 32329 32329 I LocaleOverlayManager_0: quit() called no pending messages to remove
10-28 12:55:36.483   954  1253 D SemNscXgbMsL1: Probability - Cloud gaming: [0.0067305434]
10-28 12:55:36.483   954  1253 D SemNscXgbMsL1: Probability - Real time: [0.0100711575]
10-28 12:55:36.483 27785 27785 I Routine@Core[3.5.02.25]: RoutineService: onCreate
10-28 12:55:36.483   954  1253 D SemNscXgbMsL1: Probability - Non real time: [0.98571384]
10-28 12:55:36.483   954  1253 D SemNscXgbMsL1: 1 sample inference time: 2.998154 msecs
10-28 12:55:36.485   954  1253 D SemNscXgbL2Rt: L2 RT 1 sample inference time: 0.92673 msecs
10-28 12:55:36.485 19454 14990 I SimContactModel: [M] isSimActivatedEnabled(0) return true : max = 1000 EmailDbSupported :false
10-28 12:55:36.485 27785 27785 I SEP_UNION_SemUnionManager: getUnionService() : semeventdelegator
10-28 12:55:36.486   954  1253 D SemNscXgbL2Nrt: L2 NRT 1 sample inference time: 1.455808 msecs
10-28 12:55:36.487 19454 14990 I TelephonyDataSource: [M] getSimState(0) : 5
10-28 12:55:36.487 19454 14990 I TelephonyDataSource: [M] slotId : 0CSim value : 0
10-28 12:55:36.487 19454 14990 I SimContactModel: [M] isSimActivatedEnabled(0) return true : max = 1000 EmailDbSupported :false
10-28 12:55:36.490   954   978 D SecContentProvider2: query(), uri = 18 selection = isCopyContactToSimAllowed
10-28 12:55:36.490   954   978 D SecContentProvider2: isCopyContactToSimAllowed = true
10-28 12:55:36.491 27785 27785 I SEP_UNION_SemUnionManager: getUnionService() : semeventdelegator
10-28 12:55:36.492   954  2771 D PkgPredictorService-IpmAdcpController: create a new DexPreloadTask pkg:com.example.lunchtray  path:/data/app/~~bYME4l5PIdE1MtDJ631VJg==/com.example.lunchtray-0jf6KhKIJPe7ukwSf1eTcQ==
10-28 12:55:36.492   954  2013 I SemDvfsHyPerManager: acquire hyper - AMS_APP_SWITCH/954@21, type = -999
10-28 12:55:36.492 27785 27785 I SEP_UNION_SemUnionManager: getUnionService() : semeventdelegator
10-28 12:55:36.493   566   611 I HYPER-HAL: [RequestManager.cpp]acquire(): Acquired ID : 475821  [954 / 21]    HINT : AMS_APP_SWITCH    list :
10-28 12:55:36.493   620   810 I SurfaceFlinger: id=204832 createSurf (0x0),-1 flag=24004, Task=30462#0
10-28 12:55:36.494 27785 27785 I Routine@Core[3.5.02.25]: SettingsWrapper: ultraPowerSavingMode: 0
10-28 12:55:36.494 27785 27785 I Routine@Core[3.5.02.25]: RoutineService: onStartCommand: com.samsung.android.rotine.ACTION_PACKAGE_CHANGED
10-28 12:55:36.495 27785 27785 I Routine@Core[3.5.02.25]: MetadataLoaderImpl: collectInBackground - packageName:com.example.lunchtray
10-28 12:55:36.495 27785 27785 I Routine@Core[3.5.02.25]: MetadataSyncBacklog: add: null + com.example.lunchtray
10-28 12:55:36.495 27785 27785 I Routine@Core[3.5.02.25]: Pref: putSharedPrefsData() key=meta_loading_target_package_name
10-28 12:55:36.497 19454 14990 I TelephonyDataSource: [M] getSimState(1) : 1
10-28 12:55:36.497  3825  3825 I SemDvfsHyPerManager: acquire hyper - APP_START_SHORT/3825@14, type = -999
10-28 12:55:36.497   566   611 I HYPER-HAL: [RequestManager.cpp]acquire(): Acquired ID : 7370894  [3825 / 14]    HINT : APP_START    list : [TIMEOUT / 1500]
10-28 12:55:36.498   620   620 I SurfaceFlinger: SFWD update time=851585293089619
10-28 12:55:36.504   954   977 D SecContentProvider: query(), uri = 30 selection = isLocalContactStorageAllowed
10-28 12:55:36.504   954   977 D RestrictionPolicy: isLocalContactStorageAllowed
10-28 12:55:36.504   954   977 D RestrictionPolicy: isLocalContactStorageAllowed(0) : true
10-28 12:55:36.508   620  3677 I SurfaceFlinger: id=204833 createSurf (0x0),-1 flag=80004, ActivityRecord{7529b7e u0 com.example.lunchtray/androidx.test.core.app.InstrumentationActivityInvoker$BootstrapActivity t30462}#0
10-28 12:55:36.510   954  3919 D SecContentProvider2: query(), uri = 18 selection = isCopyContactToSimAllowed
10-28 12:55:36.511   954  3919 D SecContentProvider2: isCopyContactToSimAllowed = true
10-28 12:55:36.515   954  3919 D SecContentProvider2: query(), uri = 18 selection = isCopyContactToSimAllowed
10-28 12:55:36.515   954  3919 D SecContentProvider2: isCopyContactToSimAllowed = true
10-28 12:55:36.517 25095 25146 I TelephonyDataSource: [C] getSimState(0) : 5
10-28 12:55:36.517 25095 25146 I TelephonyDataSource: [C] isMultiSimModel - getActiveModemCount() : 2
10-28 12:55:36.517 25095 25146 I TelephonyDataSource: [C] CscFeatureUtil.isSupportEsim() :false, FloatingFeatureUtil.isSupportEmbeddedSim() : false, slotSwitch :
10-28 12:55:36.517 25095 25146 I TelephonyDataSource: [C] slotId : 0CSim value : 0
10-28 12:55:36.518   954  2773 D InputTransport: Input channel constructed: 'bebe673', fd=1637
10-28 12:55:36.518   954  2773 D InputTransport: Input channel constructed: 'bebe673', fd=1638
10-28 12:55:36.518   954  2773 D InputTransport: Input channel constructed: 'bebe673', fd=1639
10-28 12:55:36.518 26660 26660 I BaseActivity: removeActivityFlags, flags : 16
10-28 12:55:36.518 26660 26660 I BaseActivity: removeActivityFlags, flags : 6
10-28 12:55:36.518 26660 26660 I DragController: endDrag
10-28 12:55:36.518 26660 26660 W LauncherAppWidgetHost: setShouldListenFlag, mFlags:15 flag:resume on:false isFront:false
10-28 12:55:36.519 26660 26660 I DecorView: notifyKeepScreenOnChanged: keepScreenOn=false
10-28 12:55:36.519 25095 25146 I SimContactModel: [C] isSimActivatedEnabled(0) return true : max = 1000 EmailDbSupported :false
10-28 12:55:36.519 26660 26660 I SPayUpdater: updateSpayHandler launcher activity is paused false
10-28 12:55:36.519 26660 26660 I BlurOperator: progress = 1.0, mBlurProgress = 1.0, forced = true, mForced = false
10-28 12:55:36.519 26660 26660 I BlurOperator: mSetTime = 1666954507892, currentTimeMs = 1666954536519
10-28 12:55:36.519 26660 26660 I BlurOperator: blurAmount = 0.125, mBgBlurAmount = 0.125, show = true, mPreBlur = 0.125, mDuration = 1
10-28 12:55:36.520   620   810 I SurfaceFlinger: id=204834 createSurf (0x0),-1 flag=80004, bebe673 Splash Screen com.example.lunchtray#0
10-28 12:55:36.521   954  2773 D InputTransport: Input channel destroyed: 'bebe673', fd=1639
10-28 12:55:36.521  1348  1474 I ViewRootImpl@737783b[lunchtray]: setView = android.widget.FrameLayout@11b5d17 TM=true
10-28 12:55:36.522 19208 30741 I TelephonyDataSource: [D] getSimState(0) : 5
10-28 12:55:36.522 19208 30741 I TelephonyDataSource: [D] isMultiSimModel - getActiveModemCount() : 2
10-28 12:55:36.522 19208 30741 I TelephonyDataSource: [D] CscFeatureUtil.isSupportEsim() :false, FloatingFeatureUtil.isSupportEmbeddedSim() : false, slotSwitch :
10-28 12:55:36.523 19208 30741 I TelephonyDataSource: [D] slotId : 0CSim value : 0
10-28 12:55:36.523 19208 30741 I SimContactModel: [D] isSimActivatedEnabled(0) return true : max = 1000 EmailDbSupported :false
10-28 12:55:36.525 19208 30741 I TelephonyDataSource: [D] getSimState(0) : 5
10-28 12:55:36.525 19208 30741 I TelephonyDataSource: [D] isMultiSimModel - getActiveModemCount() : 2
10-28 12:55:36.525 19208 30741 I TelephonyDataSource: [D] CscFeatureUtil.isSupportEsim() :false, FloatingFeatureUtil.isSupportEmbeddedSim() : false, slotSwitch :
10-28 12:55:36.525 19208 30741 I TelephonyDataSource: [D] slotId : 0CSim value : 0
10-28 12:55:36.525 19208 30741 I SimContactModel: [D] isSimActivatedEnabled(0) return true : max = 1000 EmailDbSupported :false
10-28 12:55:36.526   954  2773 I AppIconSolution: start to load, pkg=com.samsung.knox.securefolder, bg=126-126, dr=504-504, forDefault=false, density=0
10-28 12:55:36.526 25095 25146 I TelephonyDataSource: [C] getSimState(0) : 5
10-28 12:55:36.526 25095 25146 I TelephonyDataSource: [C] isMultiSimModel - getActiveModemCount() : 2
10-28 12:55:36.526 25095 25146 I TelephonyDataSource: [C] CscFeatureUtil.isSupportEsim() :false, FloatingFeatureUtil.isSupportEmbeddedSim() : false, slotSwitch :
10-28 12:55:36.527 25095 25146 I TelephonyDataSource: [C] slotId : 0CSim value : 0
10-28 12:55:36.528   954  1401 D InputDispatcher: Focused application set to (0): 7529b7e
10-28 12:55:36.528   954  2773 I AppIconSolution: scale down, pkg=com.samsung.knox.securefolder, dr=216-216, bg=126-126
10-28 12:55:36.528   954  2773 I AppIconSolution: getIconScale, pkg=com.samsung.knox.securefolder, size=216, iconScale=IconScale[alpha=4, scale=0.59999996, isCrop=false]
10-28 12:55:36.528   954  2773 I AppIconSolution: fromTheme2, pkg=com.samsung.knox.securefolder, bg=126-126, dr=216-216, tarScale=0.59999996, relScale=0.36346152, mask=false, isCropInTheme = false, isNight = false
10-28 12:55:36.530 25095 25146 I SimContactModel: [C] isSimActivatedEnabled(0) return true : max = 1000 EmailDbSupported :false
10-28 12:55:36.534   954  1855 D SecContentProvider2: query(), uri = 18 selection = isCopyContactToSimAllowed
10-28 12:55:36.535   954  3936 D SecContentProvider2: query(), uri = 18 selection = isCopyContactToSimAllowed
10-28 12:55:36.535   954  3936 D SecContentProvider2: isCopyContactToSimAllowed = true
10-28 12:55:36.535   954  1855 D SecContentProvider2: isCopyContactToSimAllowed = true
10-28 12:55:36.537 19208 30741 I TelephonyDataSource: [D] getSimState(1) : 1
10-28 12:55:36.538 17800 17884 D OpenGLRenderer: RenderThread::requireGlContext()
10-28 12:55:36.541   954  3936 D SecContentProvider2: query(), uri = 18 selection = isCopyContactToSimAllowed
10-28 12:55:36.542 25095 25146 I TelephonyDataSource: [C] getSimState(1) : 1
10-28 12:55:36.543   954  3936 D SecContentProvider2: isCopyContactToSimAllowed = true
10-28 12:55:36.544   954  3954 V WindowManager: Relayout Window{bebe673 u0 Splash Screen com.example.lunchtray}: viewVisibility=0 req=1080x2280 d0
10-28 12:55:36.545   954  3936 D SecContentProvider2: query(), uri = 18 selection = isCopyContactToSimAllowed
10-28 12:55:36.545   620  3677 I SurfaceFlinger: id=204835 createSurf (1080x2280),-3 flag=40004, Splash Screen com.example.lunchtray$_1348#0
10-28 12:55:36.545   954  3936 D SecContentProvider2: isCopyContactToSimAllowed = true
10-28 12:55:36.549   954  3954 V WindowManager: Relayout hash=bebe673, pid=1348: mAttrs={(0,0)(fillxfill) sim={adjust=pan} ty=APPLICATION_STARTING fmt=TRANSLUCENT wanim=0x1030001
10-28 12:55:36.549   954  3954 V WindowManager:   fl=81030118
10-28 12:55:36.549   954  3954 V WindowManager:   pfl=36000010
10-28 12:55:36.549   954  3954 V WindowManager:   bhv=DEFAULT
10-28 12:55:36.549   954  3954 V WindowManager:   fitSides= naviIconColor=0}
10-28 12:55:36.550   954  1401 I AppIconSolution: start to load, pkg=com.samsung.knox.securefolder, bg=126-126, dr=504-504, forDefault=false, density=0
10-28 12:55:36.551  1348  1474 I ViewRootImpl@737783b[lunchtray]: Relayout returned: old=(0,0,1080,2280) new=(0,0,1080,2280) req=(1080,2280)0 dur=28 res=0x7 s={true 515081492064} ch=true fn=-1
10-28 12:55:36.551  1348  1537 D OpenGLRenderer: eglCreateWindowSurface
10-28 12:55:36.552   954  1855 V WindowManager: Relayout Window{4ad90e6 u0 com.sec.android.app.launcher/com.sec.android.app.launcher.activities.LauncherActivity}: viewVisibility=0 req=1080x2280 d0
10-28 12:55:36.553 19208 30741 I TelephonyDataSource: [D] getSimState(0) : 5
10-28 12:55:36.553   954  1401 I AppIconSolution: scale down, pkg=com.samsung.knox.securefolder, dr=216-216, bg=126-126
10-28 12:55:36.554  1348  1474 I ViewRootImpl@737783b[lunchtray]: [DP] dp(1) 0 android.view.ViewRootImpl.reportNextDraw:11420 android.view.ViewRootImpl.performTraversals:4193 android.view.ViewRootImpl.doTraversal:2919
10-28 12:55:36.554 25095 25146 I TelephonyDataSource: [C] getSimState(0) : 5
10-28 12:55:36.554 25095 25146 I TelephonyDataSource: [C] isMultiSimModel - getActiveModemCount() : 2
10-28 12:55:36.554 25095 25146 I TelephonyDataSource: [C] CscFeatureUtil.isSupportEsim() :false, FloatingFeatureUtil.isSupportEmbeddedSim() : false, slotSwitch :
10-28 12:55:36.554   954  1855 V WindowManager: Relayout hash=4ad90e6, pid=26660: mAttrs={(0,0)(fillxfill) sim={adjust=nothing} layoutInDisplayCutoutMode=shortEdges ty=BASE_APPLICATION fmt=TRANSPARENT wanim=0x10302f2
10-28 12:55:36.554   954  1855 V WindowManager:   fl=81910100
10-28 12:55:36.554   954  1855 V WindowManager:   pfl=1e020040
10-28 12:55:36.554   954  1855 V WindowManager:   vsysui=1700
10-28 12:55:36.554   954  1855 V WindowManager:   bhv=SHOW_TRANSIENT_BARS_BY_SWIPE
10-28 12:55:36.554   954  1855 V WindowManager:   fitSides= naviIconColor=0}
10-28 12:55:36.554 25095 25146 I TelephonyDataSource: [C] slotId : 0CSim value : 0
10-28 12:55:36.554 25095 25146 I SimContactModel: [C] isSimActivatedEnabled(0) return true : max = 1000 EmailDbSupported :false
10-28 12:55:36.555 26660 26660 I ViewRootImpl@623994e[LauncherActivity]: Relayout returned: old=(0,0,1080,2280) new=(0,0,1080,2280) req=(1080,2280)0 dur=13 res=0x1 s={true 515082573344} ch=false fn=6
10-28 12:55:36.556   954  1401 I AppIconSolution: getIconScale, pkg=com.samsung.knox.securefolder, size=216, iconScale=IconScale[alpha=4, scale=0.59999996, isCrop=false]
10-28 12:55:36.556   954  1401 I AppIconSolution: fromTheme2, pkg=com.samsung.knox.securefolder, bg=126-126, dr=216-216, tarScale=0.59999996, relScale=0.36346152, mask=false, isCropInTheme = false, isNight = false
10-28 12:55:36.558 17800 17884 I libEGL  : EGL_ANDROID_blob_cache_path advertised, but unable to get eglSetBlobCachePathANDROID
10-28 12:55:36.558   954  2773 D InputDispatcher: Focus left window (0): 4ad90e6 com.sec.android.app.launcher/com.sec.android.app.launcher.activities.LauncherActivity
10-28 12:55:36.558 26660 26660 I ViewRootImpl@623994e[LauncherActivity]: MSG_WINDOW_FOCUS_CHANGED 0 1
10-28 12:55:36.558 26660 26660 I BaseActivity: removeActivityFlags, flags : 8
10-28 12:55:36.561 25095 25146 I TelephonyDataSource: [C] getSimState(0) : 5
10-28 12:55:36.561 25095 25146 I TelephonyDataSource: [C] isMultiSimModel - getActiveModemCount() : 2
10-28 12:55:36.561 25095 25146 I TelephonyDataSource: [C] CscFeatureUtil.isSupportEsim() :false, FloatingFeatureUtil.isSupportEmbeddedSim() : false, slotSwitch :
10-28 12:55:36.561 25095 25146 I TelephonyDataSource: [C] slotId : 0CSim value : 0
10-28 12:55:36.561 25095 25146 I SimContactModel: [C] isSimActivatedEnabled(0) return true : max = 1000 EmailDbSupported :false
10-28 12:55:36.563 19208 30741 I TelephonyDataSource: [D] isMultiSimModel - getActiveModemCount() : 2
10-28 12:55:36.563 19208 30741 I TelephonyDataSource: [D] CscFeatureUtil.isSupportEsim() :false, FloatingFeatureUtil.isSupportEmbeddedSim() : false, slotSwitch :
10-28 12:55:36.563 19208 30741 I TelephonyDataSource: [D] slotId : 0CSim value : 0
10-28 12:55:36.563 19208 30741 I SimContactModel: [D] isSimActivatedEnabled(0) return true : max = 1000 EmailDbSupported :false
10-28 12:55:36.564   954  3912 D SecContentProvider2: query(), uri = 18 selection = isCopyContactToSimAllowed
10-28 12:55:36.564 17800 17884 D OpenGLRenderer: RenderThread::setGrContext()
10-28 12:55:36.564 19208 30741 I TelephonyDataSource: [D] getSimState(0) : 5
10-28 12:55:36.564 19208 30741 I TelephonyDataSource: [D] isMultiSimModel - getActiveModemCount() : 2
10-28 12:55:36.564 19208 30741 I TelephonyDataSource: [D] CscFeatureUtil.isSupportEsim() :false, FloatingFeatureUtil.isSupportEmbeddedSim() : false, slotSwitch :
10-28 12:55:36.565 19208 30741 I TelephonyDataSource: [D] slotId : 0CSim value : 0
10-28 12:55:36.565 19208 30741 I SimContactModel: [D] isSimActivatedEnabled(0) return true : max = 1000 EmailDbSupported :false
10-28 12:55:36.565   954  3912 D SecContentProvider2: isCopyContactToSimAllowed = true
10-28 12:55:36.567   954  3954 D SecContentProvider2: query(), uri = 18 selection = isCopyContactToSimAllowed
10-28 12:55:36.568  1348  1474 I ViewRootImpl@737783b[lunchtray]: [DP] pdf(0) 0 android.view.ViewRootImpl.lambda$addFrameCompleteCallbackIfNeeded$3$ViewRootImpl:4995 android.view.ViewRootImpl$$ExternalSyntheticLambda16.run:6 android.os.Handler.handleCallback:938
10-28 12:55:36.568  1348  1474 I ViewRootImpl@737783b[lunchtray]: [DP] rdf()
10-28 12:55:36.568  1348  1474 D ViewRootImpl@737783b[lunchtray]: reportDrawFinished (fn: -1)
10-28 12:55:36.570  1348  1348 D FullscreenTaskListener: Fullscreen Task Appeared: #30462, caller=com.android.wm.shell.ShellTaskOrganizer.onTaskAppeared:387 com.android.wm.shell.ShellTaskOrganizer.onTaskAppeared:376 android.window.TaskOrganizer$1.lambda$onTaskAppeared$4$TaskOrganizer$1:297
10-28 12:55:36.571   954  3954 D SecContentProvider2: isCopyContactToSimAllowed = true
10-28 12:55:36.571   620  3677 I SurfaceFlinger: id=204836 createSurf (0x0),-1 flag=24000, Surface(name=Task=1)/@0x4cdbfdb - animation-leash of app_transition#0
10-28 12:55:36.574   954  1855 I AppIconSolution: start to load, pkg=com.samsung.knox.securefolder, bg=126-126, dr=504-504, forDefault=false, density=0
10-28 12:55:36.574 26660 26660 I BadgeRenderer: Invalid count : 0
10-28 12:55:36.574 26660 26660 I BadgeRenderer: Invalid count : 0
10-28 12:55:36.575 25095 25146 I TelephonyDataSource: [C] getSimState(1) : 1
10-28 12:55:36.576   620  3677 I SurfaceFlinger: id=204837 createSurf (0x0),-1 flag=24004, Surface(name=Task=30462)/@0xc2569a3 - animation-leash of app_transition#0
10-28 12:55:36.578   954  1855 I AppIconSolution: scale down, pkg=com.samsung.knox.securefolder, dr=216-216, bg=126-126
10-28 12:55:36.580   620  3677 I SurfaceFlinger: id=204838 createSurf (0x0),-1 flag=24000, Surface(name=2fa8401 StatusBar)/@0xf000e26 - animation-leash of insets_animation#1
10-28 12:55:36.580 19208 30741 I TelephonyDataSource: [D] getSimState(1) : 1
10-28 12:55:36.581   620  3677 I SurfaceFlinger: id=204839 createSurf (0x0),-1 flag=24000, Surface(name=be23078 NavigationBar0)/@0x50010bd - animation-leash of insets_animation#1
10-28 12:55:36.583   954  1855 I AppIconSolution: getIconScale, pkg=com.samsung.knox.securefolder, size=216, iconScale=IconScale[alpha=4, scale=0.59999996, isCrop=false]
10-28 12:55:36.583   954  1855 I AppIconSolution: fromTheme2, pkg=com.samsung.knox.securefolder, bg=126-126, dr=216-216, tarScale=0.59999996, relScale=0.36346152, mask=false, isCropInTheme = false, isNight = false
10-28 12:55:36.584   954  2773 D SecContentProvider2: query(), uri = 18 selection = isCopyContactToSimAllowed
10-28 12:55:36.584  1348  1474 D InsetsSourceConsumer: ensureControlAlpha: for ITYPE_NAVIGATION_BAR on Splash Screen com.example.lunchtray
10-28 12:55:36.584   954  2773 D SecContentProvider2: isCopyContactToSimAllowed = true
10-28 12:55:36.585  1348  1474 D InsetsSourceConsumer: ensureControlAlpha: for ITYPE_STATUS_BAR on Splash Screen com.example.lunchtray
10-28 12:55:36.586 17800 17800 D LifecycleMonitor: Lifecycle status change: androidx.test.core.app.InstrumentationActivityInvoker$BootstrapActivity@8d9138c in: PRE_ON_CREATE
10-28 12:55:36.586 17800 17800 V ActivityScenario: Activity lifecycle changed event received but ignored because the intent does not match. startActivityIntent=Intent { act=android.intent.action.MAIN cat=[android.intent.category.LAUNCHER] cmp=com.example.lunchtray/androidx.fragment.app.testing.FragmentScenario$EmptyFragmentActivity (has extras) }, activity.getIntent()=Intent { act=android.intent.action.MAIN cat=[android.intent.category.LAUNCHER] flg=0x10008000 cmp=com.example.lunchtray/androidx.test.core.app.InstrumentationActivityInvoker$BootstrapActivity (has extras) }, activity=androidx.test.core.app.InstrumentationActivityInvoker$BootstrapActivity@8d9138c
10-28 12:55:36.590 19208 30741 I TelephonyDataSource: [D] getSimState(0) : 5
10-28 12:55:36.590 19208 30741 I TelephonyDataSource: [D] isMultiSimModel - getActiveModemCount() : 2
10-28 12:55:36.590 19208 30741 I TelephonyDataSource: [D] CscFeatureUtil.isSupportEsim() :false, FloatingFeatureUtil.isSupportEmbeddedSim() : false, slotSwitch :
10-28 12:55:36.590 19208 30741 I TelephonyDataSource: [D] slotId : 0CSim value : 0
10-28 12:55:36.590 19208 30741 I SimContactModel: [D] isSimActivatedEnabled(0) return true : max = 1000 EmailDbSupported :false
10-28 12:55:36.591   954   954 D SEP_UNION_SemDeviceInfoManagerService: sendIntentAction() action = android.intent.action.PACKAGE_ADDED, tag =
10-28 12:55:36.592   620   620 I Layer   : id=204829 removeFromCurrentState Surface(name=2fa8401 StatusBar)/@0xf000e26 - animation-leash of insets_animation#0 (166)
10-28 12:55:36.592   620   620 I Layer   : id=204830 removeFromCurrentState Surface(name=be23078 NavigationBar0)/@0x50010bd - animation-leash of insets_animation#0 (166)
10-28 12:55:36.592   620   620 I SurfaceFlinger: id=204829 Removed Surface(name=2fa8401 StatusBar)/@0xf000e26 - animation-leash of insets_animation#0 (166)
10-28 12:55:36.592   620   620 I SurfaceFlinger: id=204830 Removed Surface(name=be23078 NavigationBar0)/@0x50010bd - animation-leash of insets_animation#0 (166)
10-28 12:55:36.593   620   620 I Layer   : id=204829 Destroyed Surface(name=2fa8401 StatusBar)/@0xf000e26 - animation-leash of insets_animation#0
10-28 12:55:36.593   620   620 I Layer   : id=204830 Destroyed Surface(name=be23078 NavigationBar0)/@0x50010bd - animation-leash of insets_animation#0
10-28 12:55:36.596   954  3936 D SecContentProvider: query(), uri = 30 selection = isLocalContactStorageAllowed
10-28 12:55:36.596   954  3936 D RestrictionPolicy: isLocalContactStorageAllowed
10-28 12:55:36.596   954  3936 D RestrictionPolicy: isLocalContactStorageAllowed(0) : true
10-28 12:55:36.600 19208 30741 I TelephonyDataSource: [D] getSimState(0) : 5
10-28 12:55:36.601 19208 30741 I TelephonyDataSource: [D] isMultiSimModel - getActiveModemCount() : 2
10-28 12:55:36.601 19208 30741 I TelephonyDataSource: [D] CscFeatureUtil.isSupportEsim() :false, FloatingFeatureUtil.isSupportEmbeddedSim() : false, slotSwitch :
10-28 12:55:36.601 19208 30741 I TelephonyDataSource: [D] slotId : 0CSim value : 0
10-28 12:55:36.601 19208 30741 I SimContactModel: [D] isSimActivatedEnabled(0) return true : max = 1000 EmailDbSupported :false
10-28 12:55:36.603   954  2451 D SecContentProvider2: query(), uri = 18 selection = isCopyContactToSimAllowed
10-28 12:55:36.604 25095 25146 I AccountTypeModel.AccountTypeLoader: [C] addKnoxAccountType
10-28 12:55:36.604   954  2451 D SecContentProvider2: isCopyContactToSimAllowed = true
10-28 12:55:36.612 22308 22308 I Finsky  : [2] rfh.i(0): PackageMonitorReceiverImpl - Received: android.intent.action.PACKAGE_ADDED, [ZMGJ0rMU-HWcGQKAyOdb5cWcTBmr3v2qtotxHxmlu4g]
10-28 12:55:36.612   620   620 D SurfaceFlinger: Display 0 HWC layers:
10-28 12:55:36.612   620   620 D SurfaceFlinger:      CLIENT | 0x7843da8ad0 | 0100 | RGBx_8888    |  589.0    0.0 1651.0 2240.0 |    0    0 1080 2280 | Wallpaper BBQ wrapper#0
10-28 12:55:36.612   620   620 D SurfaceFlinger:      CLIENT |              | 0000 |  Unknown  |    0.0    0.0    0.0    0.0 |    0    0 1080 2280 | OneUiHome-BlurLayer#0 (backgroundBlurRadius)
10-28 12:55:36.612   620   620 D SurfaceFlinger:      DEVICE | 0x7843da6490 | 0100 | RGBA_8888    |    0.0    0.0 1080.0 2280.0 |    0    0 1080 2280 | com.sec.android.app.launcher/com.sec[...]activities.LauncherActivity$_26660#0
10-28 12:55:36.612   620   620 D SurfaceFlinger:      DEVICE | 0x7843dba9b0 | 0100 | RGBA_8888    |    0.0    0.0 1080.0 2280.0 |   76  159 1004 2121 | Splash Screen com.example.lunchtray$_1348#0
10-28 12:55:36.612   620   620 D SurfaceFlinger:      DEVICE | 0x7843db3a50 | 0100 | RGBA_8888    |    0.0    0.0 1080.0  112.0 |    0    0 1080  112 | StatusBar$_1348#0
10-28 12:55:36.612   620   620 D SurfaceFlinger:      DEVICE | 0x7843dbc6f0 | 0100 | RGBA_8888    |    0.0    0.0   67.0  416.0 |    0  814   67 1230 | com.samsung.android.app.cocktailbars[...]arservice.CocktailBarService$_8198#0
10-28 12:55:36.612   620   620 D SurfaceFlinger:      DEVICE | 0x7843dbe0d0 | 0100 | RGBA_8888    |    0.0    0.0 1080.0  126.0 |    0 2154 1080 228
10-28 12:55:36.612   620   620 D SurfaceFlinger: 0 | NavigationBar0$_1348#0
10-28 12:55:36.612   620   620 D SurfaceFlinger:
10-28 12:55:36.612 22308 22308 I Finsky  : [2] rfy.n(8): Invalidating cached PackageState for com.example.lunchtray
10-28 12:55:36.613 19208 30741 I TelephonyDataSource: [D] getSimState(1) : 1
10-28 12:55:36.616 24389  1455 I Icing   : Indexing com.google.android.gms-apps from com.google.android.gms
10-28 12:55:36.620   954   978 I AppIconSolution: start to load, pkg=com.samsung.knox.securefolder, bg=126-126, dr=504-504, forDefault=false, density=0
10-28 12:55:36.623   954  3936 D SecContentProvider: query(), uri = 30 selection = isLocalContactStorageAllowed
10-28 12:55:36.623   954  3936 D RestrictionPolicy: isLocalContactStorageAllowed
10-28 12:55:36.623   954  3936 D RestrictionPolicy: isLocalContactStorageAllowed(0) : true
10-28 12:55:36.628   954   954 D SEP_UNION_SemDeviceInfoManagerService: sendIntentAction() action = android.intent.action.PACKAGE_ADDED, tag =
10-28 12:55:36.629   954  3912 I AppIconSolution: start to load, pkg=com.samsung.knox.securefolder, bg=126-126, dr=504-504, forDefault=false, density=0
10-28 12:55:36.630 22308 22308 I Finsky  : [2] rfh.i(0): PackageMonitorReceiverImpl - Deduping intent android.intent.action.PACKAGE_ADDED
10-28 12:55:36.631 19208 30741 I AccountTypeModel.AccountTypeLoader: [D] addKnoxAccountType
10-28 12:55:36.633   954  1257 W SemWifiTransportLayerUtils: getApplicationCategory - IOException com.example.lunchtray
10-28 12:55:36.633   954  1257 W System.err: java.io.FileNotFoundException: https://play.google.com/store/apps/details?id=com.example.lunchtray&hl=en
10-28 12:55:36.633   954  1257 W System.err: 	at com.android.okhttp.internal.huc.HttpURLConnectionImpl.getInputStream(HttpURLConnectionImpl.java:255)
10-28 12:55:36.633   954  1257 W System.err: 	at com.android.okhttp.internal.huc.DelegatingHttpsURLConnection.getInputStream(DelegatingHttpsURLConnection.java:211)
10-28 12:55:36.633   954  1257 W System.err: 	at com.android.okhttp.internal.huc.HttpsURLConnectionImpl.getInputStream(HttpsURLConnectionImpl.java:30)
10-28 12:55:36.634   954  1257 W System.err: 	at com.samsung.android.server.wifi.tcp.SemWifiTransportLayerUtils.getApplicationCategory(SemWifiTransportLayerUtils.java:104)
10-28 12:55:36.634   954  1257 W System.err: 	at com.samsung.android.server.wifi.tcp.SemWifiTransportLayerMonitor$TcpMonitorHandler.handleMessage(SemWifiTransportLayerMonitor.java:241)
10-28 12:55:36.634   954  1257 W System.err: 	at android.os.Handler.dispatchMessage(Handler.java:106)
10-28 12:55:36.634   954  1257 W System.err: 	at android.os.Looper.loopOnce(Looper.java:226)
10-28 12:55:36.634   954  1257 W System.err: 	at android.os.Looper.loop(Looper.java:313)
10-28 12:55:36.634   954  1257 W System.err: 	at android.os.HandlerThread.run(HandlerThread.java:67)
10-28 12:55:36.637   954  2773 I AppIconSolution: start to load, pkg=com.samsung.knox.securefolder, bg=126-126, dr=504-504, forDefault=false, density=0
10-28 12:55:36.639 22308 16943 I Finsky  : [1596] kuz.run(18): Wrote row to frosting DB: 50162
10-28 12:55:36.641   954  1257 D SemWifiTransportLayerMonitor.TcpMonitorHandler: MSG_SAVE_PACKAGE_INFO
10-28 12:55:36.641   954  1257 D SemWifiTransportLayerFileManager: saveWifiPackageInfoToFile
10-28 12:55:36.641   954  1257 D SemWifiTransportLayerFileManager: writeWifiPackageInfoList
10-28 12:55:36.648   954  1015 I SemPersonaManager: SecureFolder personaId = 150
10-28 12:55:36.650 27785 27785 I Routine@Core[3.5.02.25]: RoutineHistoryDumpImpl: insertHistory: [SERVICE_STATUS] [ACTION_ROUTINE_PACKAGE_CHANGED]
10-28 12:55:36.651   954  2773 I AppIconSolution: scale down, pkg=com.samsung.knox.securefolder, dr=216-216, bg=126-126
10-28 12:55:36.652   954  2773 I AppIconSolution: getIconScale, pkg=com.samsung.knox.securefolder, size=216, iconScale=IconScale[alpha=4, scale=0.59999996, isCrop=false]
10-28 12:55:36.652   954  2773 I AppIconSolution: fromTheme2, pkg=com.samsung.knox.securefolder, bg=126-126, dr=216-216, tarScale=0.59999996, relScale=0.36346152, mask=false, isCropInTheme = false, isNight = false
10-28 12:55:36.653 27785 27785 I Routine@Core[3.5.02.25]: MetadataLoaderJobService: onCreate
10-28 12:55:36.653 27785 27785 I Routine@Core[3.5.02.25]: Pref: putSharedPrefsData() key=pref_metaloader_loading
10-28 12:55:36.653   954   954 D SEP_UNION_SemDeviceInfoManagerService: sendIntentAction() action = android.intent.action.PACKAGE_ADDED, tag =
10-28 12:55:36.654   954   978 I AppIconSolution: scale down, pkg=com.samsung.knox.securefolder, dr=216-216, bg=126-126
10-28 12:55:36.660 32306 32306 I AppListCacheReceiver: onReceive START action : com.samsung.android.settings.intent.action.PACKAGE_ADDED
10-28 12:55:36.660 32306 32306 I AppListCacheReceiver: onReceive END
10-28 12:55:36.661   954   954 D SEP_UNION_SemDeviceInfoManagerService: sendIntentAction() action = android.intent.action.PACKAGE_ADDED, tag =
10-28 12:55:36.661   954   954 D SEP_UNION_SemDeviceInfoManagerService: sendIntentAction() action = android.intent.action.PACKAGE_ADDED, tag =
10-28 12:55:36.662   954  3923 W system_server: Long monitor contention with owner main (954) at void com.android.server.sepunion.SemDeviceInfoManagerService.sendIntentAction(com.android.server.sepunion.eventdelegator.UnionEventListenerItem, android.content.Intent, int)(SemDeviceInfoManagerService.java:199) waiters=0 in void com.android.server.sepunion.SemDeviceInfoManagerService.registerPendingIntentForUriAsUser(android.net.Uri, android.app.PendingIntent, java.lang.String, int) for 361ms
10-28 12:55:36.663 19208 30741 I AccountTypeModel.AccountTypeLoader: [D] addKnox2AccountType
10-28 12:55:36.663   954  3923 D SEP_UNION_SemDeviceInfoManagerService: PendingIntentWithConditions added f=0
10-28 12:55:36.664   954  3923 D SEP_UNION_SemDeviceInfoManagerService: unregisterPendingIntentForUriAsUser() uri = content://settings/global/device_provisioned, userId = 0
10-28 12:55:36.665   954  2748 D PkgPredictorService-MultiUserPkgManager:  mInstalledPkgMapUid contain 10998
10-28 12:55:36.666   954  1855 D SEP_UNION_SemDeviceInfoManagerService: registerPendingIntentInternal() action = android.intent.action.PACKAGE_CHANGED, android.intent.action.PACKAGE_ADDED, android.intent.action.PACKAGE_FULLY_REMOVED, android.intent.action.MY_PACKAGE_REPLACED, android.intent.action.PACKAGE_REPLACED, android.intent.action.PACKAGE_REMOVED, callingPackage = com.samsung.android.app.routines, userId = 0, flag = 0, conditions = null
10-28 12:55:36.667   954  1400 I AppIconSolution: start to load, pkg=com.samsung.knox.securefolder, bg=126-126, dr=504-504, forDefault=false, density=0
10-28 12:55:36.667   954  1855 D SEP_UNION_SemDeviceInfoManagerService: Same PendingIntent is in com.samsung.android.app.routines
10-28 12:55:36.667   954  1855 D SEP_UNION_SemDeviceInfoManagerService: Same PendingIntent is in com.samsung.android.app.routines
10-28 12:55:36.667   954  1855 D SEP_UNION_SemDeviceInfoManagerService: Same PendingIntent is in com.samsung.android.app.routines
10-28 12:55:36.668   954  1855 D SEP_UNION_SemDeviceInfoManagerService: Same PendingIntent is in com.samsung.android.app.routines
10-28 12:55:36.668   954  1855 D SEP_UNION_SemDeviceInfoManagerService: Same PendingIntent is in com.samsung.android.app.routines
10-28 12:55:36.668   954  1855 D SEP_UNION_SemDeviceInfoManagerService: Same PendingIntent is in com.samsung.android.app.routines
10-28 12:55:36.677 32306 32423 D AppListCacheIndexingManager: insertPackage() success
10-28 12:55:36.677   954  2773 D SEP_UNION_SemDeviceInfoManagerService: registerPendingIntentInternal() action = android.intent.action.DATE_CHANGED, callingPackage = com.samsung.android.app.routines, userId = 0, flag = 0, conditions = null
10-28 12:55:36.678   954   978 I AppIconSolution: getIconScale, pkg=com.samsung.knox.securefolder, size=216, iconScale=IconScale[alpha=4, scale=0.59999996, isCrop=false]
10-28 12:55:36.678   954   978 I AppIconSolution: fromTheme2, pkg=com.samsung.knox.securefolder, bg=126-126, dr=216-216, tarScale=0.59999996, relScale=0.36346152, mask=false, isCropInTheme = false, isNight = false
10-28 12:55:36.680   954  1257 D SemWifiTransportLayerMonitor.TcpMonitorHandler: MSG_SAVE_PACKAGE_INFO
10-28 12:55:36.681   954  1257 D SemWifiTransportLayerFileManager: saveWifiPackageInfoToFile
10-28 12:55:36.681   954  1257 D SemWifiTransportLayerFileManager: writeWifiPackageInfoList
10-28 12:55:36.681   954  2773 D SEP_UNION_SemDeviceInfoManagerService: Same PendingIntent is in com.samsung.android.app.routines
10-28 12:55:36.683   954  1855 D SEP_UNION_SemDeviceInfoManagerService: registerPendingIntentInternal() action = android.intent.action.PACKAGE_DATA_CLEARED, callingPackage = com.samsung.android.app.routines, userId = 0, flag = 0, conditions = null
10-28 12:55:36.684   954  3912 I AppIconSolution: scale down, pkg=com.samsung.knox.securefolder, dr=216-216, bg=126-126
10-28 12:55:36.685   954  1855 D SEP_UNION_SemDeviceInfoManagerService: Same PendingIntent is in com.samsung.android.app.routines
10-28 12:55:36.686   954  1844 D SEP_UNION_SemDeviceInfoManagerService: registerPendingIntentInternal() action = com.samsung.android.theme.themecenter.THEME_APPLY, callingPackage = com.samsung.android.app.routines, userId = 0, flag = 0, conditions = null
10-28 12:55:36.686   954  1844 D SEP_UNION_SemDeviceInfoManagerService: Same PendingIntent is in com.samsung.android.app.routines
10-28 12:55:36.689   954  3912 I AppIconSolution: getIconScale, pkg=com.samsung.knox.securefolder, size=216, iconScale=IconScale[alpha=4, scale=0.59999996, isCrop=false]
10-28 12:55:36.689   954  3912 I AppIconSolution: fromTheme2, pkg=com.samsung.knox.securefolder, bg=126-126, dr=216-216, tarScale=0.59999996, relScale=0.36346152, mask=false, isCropInTheme = false, isNight = false
10-28 12:55:36.693 25095 25146 I AccountTypeModel.AccountTypeLoader: [C] addKnox2AccountType
10-28 12:55:36.696   954  1015 D EnterpriseDeviceManagerService: isMdmAdminPresentInternal() : MDM Admin Found - com.samsung.knox.securefolder
10-28 12:55:36.698   954  1400 I AppIconSolution: scale down, pkg=com.samsung.knox.securefolder, dr=216-216, bg=126-126
10-28 12:55:36.699   954  1400 I AppIconSolution: getIconScale, pkg=com.samsung.knox.securefolder, size=216, iconScale=IconScale[alpha=4, scale=0.59999996, isCrop=false]
10-28 12:55:36.699   954  1400 I AppIconSolution: fromTheme2, pkg=com.samsung.knox.securefolder, bg=126-126, dr=216-216, tarScale=0.59999996, relScale=0.36346152, mask=false, isCropInTheme = false, isNight = false
10-28 12:55:36.710 19208 30741 I AccountTypeModel.AccountTypeLoader: [D] addKnox3AccountType
10-28 12:55:36.712 19454 14990 I SimModel: [M] isMultiSimModel : true
10-28 12:55:36.712 19454 14990 I SimDataSource: [M] getSimIconIndex() iccTypeSlot : 2,0
10-28 12:55:36.712 19454 14990 I SimDataSource: [M] getSimIconIndex() [0] nIndex : 0
10-28 12:55:36.712 19454 14990 I SimDataSource: [M] getSimIcon(0) simIcon: 2131232650, iconIdx: 0
10-28 12:55:36.714   954   978 I AppIconSolution: start to load, pkg=com.samsung.knox.securefolder, bg=126-126, dr=504-504, forDefault=false, density=0
10-28 12:55:36.716   954  1855 D SecContentProvider: query(), uri = 30 selection = isLocalContactStorageAllowed
10-28 12:55:36.716   954  1855 D RestrictionPolicy: isLocalContactStorageAllowed
10-28 12:55:36.716   954  1855 D RestrictionPolicy: isLocalContactStorageAllowed(0) : true
10-28 12:55:36.716 27785 27785 I Routine@Core[3.5.02.25]: RoutineService: onDestroy
10-28 12:55:36.719   954  3912 I AppIconSolution: start to load, pkg=com.samsung.knox.securefolder, bg=126-126, dr=504-504, forDefault=false, density=0
10-28 12:55:36.720   954  3920 D SecContentProvider2: query(), uri = 18 selection = isCopyContactToSimAllowed
10-28 12:55:36.720 26660  4876 I RecentModel: onTaskStackChangedBackground
10-28 12:55:36.720   954  3920 D SecContentProvider2: isCopyContactToSimAllowed = true
10-28 12:55:36.722 26660  4876 I RecentTasksList: getTaskKeys, numTasks :3 callback : com.android.quickstep.-$$Lambda$RecentsModel$k1Mm-BV64Bc89eJHYugywZmW_Js@b6376aa
10-28 12:55:36.723 19454 14990 I SimDataSource: [M] getSimIconIndex() iccTypeSlot : 2,0
10-28 12:55:36.723 19454 14990 I SimDataSource: [M] getSimIconIndex() [1] nIndex : 12
10-28 12:55:36.723 19454 14990 I SimDataSource: [M] getSimIcon(1) simIcon: 2131232653, iconIdx: 12
10-28 12:55:36.726 26660 26792 I RecentTasksList: loadTasksInBackground() task id : 30394
10-28 12:55:36.726 26660 26792 I RecentTasksList: loadTasksInBackground() task id : 30298
10-28 12:55:36.726 26660 26792 I RecentTasksList: loadTasksInBackground() task id : 30462
10-28 12:55:36.728   954  1855 D SecContentProvider: query(), uri = 30 selection = isLocalContactStorageAllowed
10-28 12:55:36.728   954  1855 D RestrictionPolicy: isLocalContactStorageAllowed
10-28 12:55:36.728   954  1855 D RestrictionPolicy: isLocalContactStorageAllowed(0) : true
10-28 12:55:36.730  3825  4192 I SemDvfsHyPerManager: acquire hyper - BaseTABoost/3825@21, type = 1090523139
10-28 12:55:36.730  3825  4192 I SemDvfsHyPerManager: acquire hyper - BaseTAToouchBoost/3825@23, type = 1090523139
10-28 12:55:36.732   566   611 I HYPER-HAL: [RequestManager.cpp]acquire(): Acquired ID : 7397802  [3825 / 21]    HINT :      list : [TABoost / 5]
10-28 12:55:36.732   954  1855 D SecContentProvider2: query(), uri = 18 selection = isCopyContactToSimAllowed
10-28 12:55:36.733   566   611 I HYPER-HAL: [RequestManager.cpp]acquire(): Acquired ID : 7405499  [3825 / 23]    HINT :      list : [TABoost / 20] [TIMEOUT / 1500]
10-28 12:55:36.733   954  1855 D SecContentProvider2: isCopyContactToSimAllowed = true
10-28 12:55:36.733   954  3912 I AppIconSolution: scale down, pkg=com.samsung.knox.securefolder, dr=216-216, bg=126-126
10-28 12:55:36.734   954  3912 I AppIconSolution: getIconScale, pkg=com.samsung.knox.securefolder, size=216, iconScale=IconScale[alpha=4, scale=0.59999996, isCrop=false]
10-28 12:55:36.734   954  3912 I AppIconSolution: fromTheme2, pkg=com.samsung.knox.securefolder, bg=126-126, dr=216-216, tarScale=0.59999996, relScale=0.36346152, mask=false, isCropInTheme = false, isNight = false
10-28 12:55:36.737 19454 14990 I ExternalAccountType: [M] loadContactsXml : com.viber.voip
10-28 12:55:36.739 19454 14990 I ExternalAccountType: [M] Metadata loaded from: com.viber.voip, com.viber.service.contacts.contactbook.AccountContactbookService, android.provider.CONTACTS_STRUCTURE
10-28 12:55:36.741 19208 30741 I AccountTypeModel.AccountTypeLoader: [D] addSecureFolderAccountType
