10-28 12:55:37.445 24288 25241 I FontLog : Pulling font file for id = 19, cache size = 4 [CONTEXT service_id=132 ]
10-28 12:55:37.452 17835 17835 I Process : Sending signal. PID: 17835 SIG: 9
10-28 12:55:37.461 17800 17800 D InputMethodManager: startInputInner - Id : 0
10-28 12:55:37.463   954  1855 D InputMethodManagerServicePhysicalKey: isConnectedDexOnPC false
10-28 12:55:37.463   954  1855 D InputMethodManagerService: isImeSwitcherDisabledPackage : false
10-28 12:55:37.467 19204 19204 E FullInputEventModel: onStartInput event aborted: al1: could not obtain extracted text (class al1)
10-28 12:55:37.478 17800 17800 W ample.lunchtra: Accessing hidden method Landroid/os/MessageQueue;->next()Landroid/os/Message; (unsupported, reflection, allowed)
10-28 12:55:37.478 17800 17800 W ample.lunchtra: Accessing hidden field Landroid/os/MessageQueue;->mMessages:Landroid/os/Message; (unsupported, reflection, allowed)
10-28 12:55:37.478 17800 17800 W ample.lunchtra: Accessing hidden method Landroid/os/Message;->recycleUnchecked()V (unsupported, reflection, allowed)
10-28 12:55:37.480  8198  8198 I Utils   : isCurrentUser current = 0, ownerId = 0
10-28 12:55:37.483 32403 17914 I Routine@Ui[3.5.02.25]: RoutineStateManager: getRoutineState: routineId=2, state=READY
10-28 12:55:37.483 32403 17914 I Routine@Ui[3.5.02.25]: NotificationUpdateService: computeEnabledRoutine: routineId=2(uuid=491439, name=Work), isRunning=false
10-28 12:55:37.483 32403 17914 I Routine@Ui[3.5.02.25]: NotificationUpdateService: getValidRunningAction: actions.size=2
10-28 12:55:37.483 17800 17800 W ample.lunchtra: Accessing hidden method Landroid/view/WindowManagerGlobal;->getInstance()Landroid/view/WindowManagerGlobal; (unsupported, reflection, allowed)
10-28 12:55:37.483 17800 17800 W ample.lunchtra: Accessing hidden field Landroid/view/WindowManagerGlobal;->mViews:Ljava/util/ArrayList; (unsupported, reflection, allowed)
10-28 12:55:37.483 32403 17914 I Routine@Ui[3.5.02.25]: TASKD/ActionTaskDispatcherImpl: getLabelByParameterValues: actionId=volume(instanceId=5(uuid=157860, routineId=2))
10-28 12:55:37.483 17800 17800 W ample.lunchtra: Accessing hidden field Landroid/view/WindowManagerGlobal;->mParams:Ljava/util/ArrayList; (unsupported, reflection, allowed)
10-28 12:55:37.483 32403 17914 I Routine@Ui[3.5.02.25]: TASKD/ActionTaskAdapterFactory: createActionTaskAdapter - action tag(volume)
10-28 12:55:37.485  8198  8198 I TrayVisibilityController: getComputedTrayVisible : keyguardState = 1
10-28 12:55:37.485  8198  8198 I TrayVisibilityController: updateTrayVisible: State=1 visible=1 mCurrentVisible=1 specificMode=0
10-28 12:55:37.485  8198  8198 I TrayStateController: onNotifyUpdateTray: state=0
10-28 12:55:37.486 32403 17914 W Routine@Ui[3.5.02.25]: NotificationUpdateService: computeEnabledRoutine : secure item in actions. break. actionId=trust_lock(instanceId=28(uuid=346874, routineId=2))
10-28 12:55:37.488 32403 17914 I Routine@Ui[3.5.02.25]: RoutineStateManager: getRoutineState: routineId=3, state=READY
10-28 12:55:37.488 32403 17914 I Routine@Ui[3.5.02.25]: NotificationUpdateService: computeEnabledRoutine: routineId=3(uuid=468487, name=Save battery at night), isRunning=false
10-28 12:55:37.488 32403 17914 I Routine@Ui[3.5.02.25]: NotificationUpdateService: getValidRunningAction: actions.size=2
10-28 12:55:37.488 32403 17914 I Routine@Ui[3.5.02.25]: TASKD/ActionTaskDispatcherImpl: getLabelByParameterValues: actionId=upsm_on(instanceId=6(uuid=787109, routineId=3))
10-28 12:55:37.488 32403 17914 I Routine@Ui[3.5.02.25]: TASKD/ActionTaskAdapterFactory: createActionTaskAdapter - action tag(upsm_on)
10-28 12:55:37.488 17800 17800 I ViewInteraction: Checking 'MatchesViewAssertion{viewMatcher=an instance of android.widget.TextView and view.getText() with or without transformation to match: a string containing "Summer Salad"}' assertion on view view.getId() is <2131231137/com.example.lunchtray:id/salad>
10-28 12:55:37.490 32403 17914 I Routine@Ui[3.5.02.25]: RoutineStateManager: getRoutineState: routineId=4, state=RUNNING
10-28 12:55:37.490 32403 17914 I Routine@Ui[3.5.02.25]: NotificationUpdateService: computeEnabledRoutine: routineId=4(uuid=516154, name=Home), isRunning=true
10-28 12:55:37.490 32403 17914 I Routine@Ui[3.5.02.25]: NotificationUpdateService: getValidRunningAction: actions.size=2
10-28 12:55:37.490 32403 17914 W Routine@Ui[3.5.02.25]: NotificationUpdateService: computeEnabledRoutine : secure item in actions. break. actionId=trust_lock(instanceId=8(uuid=406292, routineId=4))
10-28 12:55:37.491 17800 17800 I ViewInteraction: Checking 'MatchesViewAssertion{viewMatcher=an instance of android.widget.TextView and view.getText() with or without transformation to match: a string containing "Heirloom tomatoes"}' assertion on view view.getId() is <2131231138/com.example.lunchtray:id/salad_description>
10-28 12:55:37.491 32403 17914 I Routine@Ui[3.5.02.25]: RoutineStateManager: getRoutineState: routineId=11, state=READY
10-28 12:55:37.491 32403 17914 I Routine@Ui[3.5.02.25]: NotificationUpdateService: computeEnabledRoutine: routineId=11(uuid=914432, name=Before bed), isRunning=false
10-28 12:55:37.492 32403 17914 E outineUIProces: No package ID ff found for ID 0xffffffff.
10-28 12:55:37.492 32403 17914 I Routine@Ui[3.5.02.25]: PackageUtils: getStringFromAnotherPackage: can not found res=com.samsung.android.app.routines-1
10-28 12:55:37.492 32403 17914 I Routine@Ui[3.5.02.25]: NotificationUpdateService: getValidRunningAction: actions.size=4
10-28 12:55:37.492 32403 17914 I Routine@Ui[3.5.02.25]: TASKD/ActionTaskDispatcherImpl: getLabelByParameterValues: actionId=volume(instanceId=21(uuid=857374, routineId=11))
10-28 12:55:37.492 32403 17914 I Routine@Ui[3.5.02.25]: TASKD/ActionTaskAdapterFactory: createActionTaskAdapter - action tag(volume)
10-28 12:55:37.493   954  1253 D SemNscXgbMsL1: Probability - Cloud gaming: [0.007999399]
10-28 12:55:37.493   954  1253 D SemNscXgbMsL1: Probability - Real time: [0.013398018]
10-28 12:55:37.493   954  1253 D SemNscXgbMsL1: Probability - Non real time: [0.98399216]
10-28 12:55:37.493   954  1253 D SemNscXgbMsL1: 1 sample inference time: 0.249461 msecs
10-28 12:55:37.493   954  1253 D SemNscXgbL2Rt: L2 RT 1 sample inference time: 0.314577 msecs
10-28 12:55:37.494   954  1253 D SemNscXgbL2Nrt: L2 NRT 1 sample inference time: 0.287577 msecs
10-28 12:55:37.495 17800 17800 I ViewInteraction: Checking 'MatchesViewAssertion{viewMatcher=an instance of android.widget.TextView and view.getText() with or without transformation to match: a string containing "$2.50"}' assertion on view view.getId() is <2131231139/com.example.lunchtray:id/salad_price>
10-28 12:55:37.497 32403 17914 I Routine@Ui[3.5.02.25]: NotificationUpdateService: computeEnabledRoutine : routineList.size= 4, mRoutineNotiInfoList=4
10-28 12:55:37.497 32403 17914 I Routine@Ui[3.5.02.25]: NotificationUpdateService: updateNotificationImpl
10-28 12:55:37.497 32403 17914 I Routine@Ui[3.5.02.25]: Pref: putSharedPrefsData() key=update_noti_time
10-28 12:55:37.497 17800 17800 I ViewInteraction: Checking 'MatchesViewAssertion{viewMatcher=an instance of android.widget.TextView and view.getText() with or without transformation to match: a string containing "Butternut Squash"}' assertion on view view.getId() is <2131231186/com.example.lunchtray:id/soup>
10-28 12:55:37.499 17800 17800 I ViewInteraction: Checking 'MatchesViewAssertion{viewMatcher=an instance of android.widget.TextView and view.getText() with or without transformation to match: a string containing "Roasted butternut squash"}' assertion on view view.getId() is <2131231187/com.example.lunchtray:id/soup_description>
10-28 12:55:37.502 17800 17800 I ViewInteraction: Checking 'MatchesViewAssertion{viewMatcher=an instance of android.widget.TextView and view.getText() with or without transformation to match: a string containing "$3.00"}' assertion on view view.getId() is <2131231188/com.example.lunchtray:id/soup_price>
10-28 12:55:37.504 17800 17800 I ViewInteraction: Checking 'MatchesViewAssertion{viewMatcher=an instance of android.widget.TextView and view.getText() with or without transformation to match: a string containing "Spicy Potatoes"}' assertion on view view.getId() is <2131231120/com.example.lunchtray:id/potatoes>
10-28 12:55:37.506 17800 17800 I ViewInteraction: Checking 'MatchesViewAssertion{viewMatcher=an instance of android.widget.TextView and view.getText() with or without transformation to match: a string containing "Marble potatoes"}' assertion on view view.getId() is <2131231118/com.example.lunchtray:id/potato_description>
10-28 12:55:37.507   954  3954 D ApplicationPolicy: isStatusBarNotificationAllowedAsUser: packageName = com.samsung.android.app.routines,userId = 0
10-28 12:55:37.507   954  3954 D ApplicationPolicy: isStatusBarNotificationAllowedAsUser: packageName = com.samsung.android.app.routines,userId = 0
10-28 12:55:37.507 17800 17800 I ViewInteraction: Checking 'MatchesViewAssertion{viewMatcher=an instance of android.widget.TextView and view.getText() with or without transformation to match: a string containing "$2.00"}' assertion on view view.getId() is <2131231119/com.example.lunchtray:id/potato_price>
10-28 12:55:37.508 32403 17914 I Routine@Ui[3.5.02.25]: NotificationUpdateService: updateNotificationImpl: running activatedItemCount: 1
10-28 12:55:37.508 32403 17914 I Routine@Ui[3.5.02.25]: NotificationUpdateService: requestUpdateFaceWidget: 1
10-28 12:55:37.509 17800 17800 I ViewInteraction: Checking 'MatchesViewAssertion{viewMatcher=an instance of android.widget.TextView and view.getText() with or without transformation to match: a string containing "Coconut Rice"}' assertion on view view.getId() is <2131231127/com.example.lunchtray:id/rice>
10-28 12:55:37.512 17800 17800 I ViewInteraction: Checking 'MatchesViewAssertion{viewMatcher=an instance of android.widget.TextView and view.getText() with or without transformation to match: a string containing "Rice, coconut milk"}' assertion on view view.getId() is <2131231128/com.example.lunchtray:id/rice_description>
10-28 12:55:37.514 17800 17800 I ViewInteraction: Checking 'MatchesViewAssertion{viewMatcher=an instance of android.widget.TextView and view.getText() with or without transformation to match: a string containing "$1.50"}' assertion on view view.getId() is <2131231129/com.example.lunchtray:id/rice_price>
10-28 12:55:37.515   954  1024 I libprocessgroup: Successfully killed process cgroup uid 10079 pid 17835 in 0ms
10-28 12:55:37.515   531   531 I Zygote  : Process 17835 exited due to signal 9 (Killed)
10-28 12:55:37.515 17800 17832 I TestRunner: finished: side_menu_item_content(com.example.lunchtray.MenuContentTests)
