10-28 12:55:40.041   954  3919 V WindowManager:   bhv=DEFAULT
10-28 12:55:40.041   954  3919 V WindowManager:   fitSides= naviIconColor=0
10-28 12:55:40.041   954  3919 V WindowManager:   sfl=100000}
10-28 12:55:40.043 17800 17800 I ViewRootImpl@3294ebb[MainActivity]: Relayout returned: old=(0,0,1080,2280) new=(0,0,1080,2280) req=(1080,2280)0 dur=9 res=0x7 s={true 515080236384} ch=true fn=-1
10-28 12:55:40.044 17800 17884 D OpenGLRenderer: eglCreateWindowSurface
10-28 12:55:40.048 17800 17800 I ViewRootImpl@3294ebb[MainActivity]: [DP] dp(1) 1 android.view.ViewRootImpl.reportNextDraw:11420 android.view.ViewRootImpl.performTraversals:4193 android.view.ViewRootImpl.doTraversal:2919
10-28 12:55:40.054   620   620 I Layer   : id=204942 removeFromCurrentState Surface(name=2fa8401 StatusBar)/@0xf000e26 - animation-leash of insets_animation#1 (182)
10-28 12:55:40.054   620   620 I Layer   : id=204943 removeFromCurrentState Surface(name=be23078 NavigationBar0)/@0x50010bd - animation-leash of insets_animation#1 (182)
10-28 12:55:40.055   620   620 I SurfaceFlinger: id=204942 Removed Surface(name=2fa8401 StatusBar)/@0xf000e26 - animation-leash of insets_animation#1 (182)
10-28 12:55:40.055   620   620 I SurfaceFlinger: id=204943 Removed Surface(name=be23078 NavigationBar0)/@0x50010bd - animation-leash of insets_animation#1 (182)
10-28 12:55:40.055   620   620 I Layer   : id=204942 Destroyed Surface(name=2fa8401 StatusBar)/@0xf000e26 - animation-leash of insets_animation#1
10-28 12:55:40.055   620   620 I Layer   : id=204943 Destroyed Surface(name=be23078 NavigationBar0)/@0x50010bd - animation-leash of insets_animation#1
10-28 12:55:40.056   954  3919 D InputDispatcher: Focus request (0): ff4e455 com.example.lunchtray/com.example.lunchtray.MainActivity but waiting because NOT_VISIBLE
10-28 12:55:40.059 17800 17800 I ViewRootImpl@3294ebb[MainActivity]: [DP] pdf(0) 1 android.view.ViewRootImpl.lambda$addFrameCompleteCallbackIfNeeded$3$ViewRootImpl:4995 android.view.ViewRootImpl$$ExternalSyntheticLambda16.run:6 android.os.Handler.handleCallback:938
10-28 12:55:40.059 17800 17800 I ViewRootImpl@3294ebb[MainActivity]: [DP] rdf()
10-28 12:55:40.059 17800 17800 D ViewRootImpl@3294ebb[MainActivity]: reportDrawFinished (fn: -1)
10-28 12:55:40.061   620   643 I SurfaceFlinger: id=204949 createSurf (0x0),-1 flag=24000, Surface(name=ff4e455 com.example.lunchtray/com.example.lunchtray.MainActivity)/@0x11667a4 - animation-leash of starting_reveal#0
10-28 12:55:40.063   954  1012 I PkgPredictorService-SecIpmManagerServiceImpl: reportToNAP uid:10998 com.example.lunchtray/com.example.lunchtray.MainActivity thisTime:287
10-28 12:55:40.064   954  2750 I PkgPredictorService-NapClassifier: it's ready to run
10-28 12:55:40.064   954  1012 I ActivityTaskManager: Displayed com.example.lunchtray/.MainActivity: +287ms
10-28 12:55:40.065  2946  2946 E pageboostd: Received HALT command code 2
10-28 12:55:40.071   954  3919 D InputDispatcher: Focus entered window (0): ff4e455 com.example.lunchtray/com.example.lunchtray.MainActivity
10-28 12:55:40.072  1348  2147 I ViewRootImpl@36225c4[lunchtray]: mWNT: t = android.view.SurfaceControl$Transaction@7db742e fN = 2 android.view.SyncRtSurfaceTransactionApplier.applyTransaction:94 android.view.SyncRtSurfaceTransactionApplier.lambda$scheduleApply$0$SyncRtSurfaceTransactionApplier:71 android.view.SyncRtSurfaceTransactionApplier$$ExternalSyntheticLambda0.onFrameDraw:4
10-28 12:55:40.072  1348  2147 I ViewRootImpl@36225c4[lunchtray]: mWNT: merge t to BBQ
10-28 12:55:40.072  1348  2147 I ViewRootImpl@36225c4[lunchtray]: mWNT: t = android.view.SurfaceControl$Transaction@f6aabcf fN = 2 android.view.SyncRtSurfaceTransactionApplier.applyTransaction:94 android.view.SyncRtSurfaceTransactionApplier.lambda$scheduleApply$0$SyncRtSurfaceTransactionApplier:71 android.view.SyncRtSurfaceTransactionApplier$$ExternalSyntheticLambda0.onFrameDraw:4
10-28 12:55:40.072  1348  2147 I ViewRootImpl@36225c4[lunchtray]: mWNT: merge t to BBQ
10-28 12:55:40.076 17800 17800 D InsetsSourceConsumer: ensureControlAlpha: for ITYPE_NAVIGATION_BAR on com.example.lunchtray/com.example.lunchtray.MainActivity
10-28 12:55:40.077 17800 17800 D InsetsSourceConsumer: ensureControlAlpha: for ITYPE_STATUS_BAR on com.example.lunchtray/com.example.lunchtray.MainActivity
10-28 12:55:40.077   620   620 D SurfaceFlinger: Display 0 HWC layers:
10-28 12:55:40.077   620   620 D SurfaceFlinger:      CLIENT | 0x7843da8ad0 | 0100 | RGBx_8888    |  589.0    0.0 1651.0 2240.0 |    0    0 1080 2280 | Wallpaper BBQ wrapper#0
10-28 12:55:40.077   620   620 D SurfaceFlinger:      CLIENT |              | 0000 |  Unknown  |    0.0    0.0    0.0    0.0 |    0    0 1080 2280 | OneUiHome-BlurLayer#0 (backgroundBlurRadius)
10-28 12:55:40.077   620   620 D SurfaceFlinger:      DEVICE | 0x7843db6750 | 0100 | RGBA_8888    |    0.0    0.0 1080.0 2280.0 |    0    0 1080 2280 | com.sec.android.app.launcher/com.sec[...]activities.LauncherActivity$_26660#0
10-28 12:55:40.077   620   620 D SurfaceFlinger:      DEVICE | 0x7843da8650 | 0102 | RGBA_8888    |    0.0    0.0 1080.0 2280.0 |    5   10 1075 2270 | com.example.lunchtray/com.example.lunchtray.MainActivity$_17800#0
10-28 12:55:40.077   620   620 D SurfaceFlinger:      DEVICE | 0x7843dbbdf0 | 0100 | RGBA_8888    |    0.0    0.0 1080.0 2280.0 |    5   10 1075 2270 | Splash Screen com.example.lunchtray$_1348#0
10-28 12:55:40.077   620   620 D SurfaceFlinger:      DEVICE | 0x7843db3a50 | 0100 | RGBA_8888    |    0.0    0.0 1080.0  112.0 |    0    0 1080  112 | StatusBar$_1348#0
10-28 12:55:40.077   620   620 D SurfaceFlinger:      DEVICE | 0x7843dbc6f0 | 0100 | RGBA_8888    |    0.0    0.0   67.0  416.0 |    0  814   67 1230 | com.sams
10-28 12:55:40.077   620   620 D SurfaceFlinger: ung.android.app.cocktailbars[...]arservice.CocktailBarService$_8198#0
10-28 12:55:40.077   620   620 D SurfaceFlinger:      DEVICE | 0x7843dbe0d0 | 0100 | RGBA_8888    |    0.0    0.0 1080.0  126.0 |    0 2154 1080 2280 | NavigationBar0$_1348#0
10-28 12:55:40.077   620   620 D SurfaceFlinger:
10-28 12:55:40.077 17800 17800 I ViewRootImpl@3294ebb[MainActivity]: MSG_WINDOW_FOCUS_CHANGED 1 1
10-28 12:55:40.079 17800 17800 D InputMethodManager: startInputInner - Id : 0
10-28 12:55:40.079 17800 17800 I InputMethodManager: startInputInner - mService.startInputOrWindowGainedFocus
10-28 12:55:40.079   954  3919 D InputMethodManagerService: DESKTOP MODE! : 2
10-28 12:55:40.079   954  3919 D InputMethodManagerService: NOT IN KNOX DESKTOP MODE!
10-28 12:55:40.079   954  3919 V InputMethodManagerService: getDisplayIdOfInputMethodWindowToBeAdded : 0
10-28 12:55:40.080   954  3919 D InputMethodManagerService: checkDisplayOfStartInputAndUpdateKeyboard display Id 0last 0
10-28 12:55:40.080   954  3919 D InputTransport: Input channel constructed: 'ClientS', fd=1724
10-28 12:55:40.080   954  3919 D InputTransport: Input channel destroyed: 'ClientS', fd=1724
10-28 12:55:40.080 19204 19204 D InputMethodService: checkDisplayOfStartInputAndUpdateKeyboard display Id 0last 0
10-28 12:55:40.081   620   643 I SurfaceFlinger: id=204950 createSurf (0x0),-1 flag=24004, Surface(name=2188bee InputMethod)/@0xe151908 - animation-leash of insets_animation#1
10-28 12:55:40.084   531   531 D Zygote  : Forked child process 18128
10-28 12:55:40.088   620   620 I Layer   : id=204934 removeFromCurrentState Surface(name=2188bee InputMethod)/@0xe151908 - animation-leash of insets_animation#0 (182)
10-28 12:55:40.088   620   620 I SurfaceFlinger: id=204934 Removed Surface(name=2188bee InputMethod)/@0xe151908 - animation-leash of insets_animation#0 (182)
10-28 12:55:40.088   620   620 I Layer   : id=204934 Destroyed Surface(name=2188bee InputMethod)/@0xe151908 - animation-leash of insets_animation#0
10-28 12:55:40.090  1348  2148 I ViewRootImpl@36225c4[lunchtray]: mWNT: t = android.view.SurfaceControl$Transaction@1de695c fN = 3 android.view.SyncRtSurfaceTransactionApplier.applyTransaction:94 android.view.SyncRtSurfaceTransactionApplier.lambda$scheduleApply$0$SyncRtSurfaceTransactionApplier:71 android.view.SyncRtSurfaceTransactionApplier$$ExternalSyntheticLambda0.onFrameDraw:4
10-28 12:55:40.090  1348  2148 I ViewRootImpl@36225c4[lunchtray]: mWNT: merge t to BBQ
10-28 12:55:40.092   954  3936 D InputMethodManagerServicePhysicalKey: isConnectedDexOnPC false
10-28 12:55:40.092   954  3936 D InputMethodManagerService: isImeSwitcherDisabledPackage : false
10-28 12:55:40.094 17800 17800 I ViewInteraction: Performing 'single click' action on view view.getId() is <2131231207/com.example.lunchtray:id/start_order_btn>
10-28 12:55:40.095   954  3919 D InputDispatcher: Inject motion (17800): action=0x0, time=851588889000000, f=0x0, d=0
10-28 12:55:40.096   954  1162 I InputDispatcher: Delivering touch to (1348): action: 0x4, f=0x0, d=0, 'be23078', t=0
10-28 12:55:40.096   954  3936 I SemDvfsHyPerManager: acquire hyper - AMS_RESUME_TAIL/954@19, type = -999
10-28 12:55:40.096   954  1162 I InputDispatcher: Delivering touch to (17800): action: 0x0, f=0x0, d=0, 'ff4e455', t=0 +(-3,-60)*1.01
10-28 12:55:40.096   954  3936 I SemDvfsHyPerManager: acquire hyper - AMS_ACT_LAZY/954@20, type = -999
10-28 12:55:40.096   566   611 I HYPER-HAL: [RequestManager.cpp]acquire(): Acquired ID : 473870  [954 / 19]    HINT : AMS_RESUME_TAIL    list :
10-28 12:55:40.097 17800 17800 I ViewRootImpl@3294ebb[MainActivity]: ViewPostIme pointer 0
10-28 12:55:40.097   566   611 I HYPER-HAL: [RequestManager.cpp]releaseLocked(): Released ID : 475821
10-28 12:55:40.097 19204 19204 E FullInputEventModel: onStartInput event aborted: al1: could not obtain extracted text (class al1)
10-28 12:55:40.099  3825  3825 I SemDvfsHyPerManager: acquire hyper - BaseTABoost/3825@21, type = 1090523139
10-28 12:55:40.099   529   535 E statsd  : Predicate 5980654721335871649 dropping data for dimension key (10)0x2010101->10998[I] (10)0x30000->*launch*[S]
10-28 12:55:40.099  3825  3825 I SemDvfsHyPerManager: acquire hyper - BaseTAToouchBoost/3825@23, type = 1090523139
10-28 12:55:40.099   566   611 I HYPER-HAL: [RequestManager.cpp]acquire(): Acquired ID : 7397802  [3825 / 21]    HINT :      list : [TABoost / 5]
10-28 12:55:40.099   566   611 I HYPER-HAL: [RequestManager.cpp]acquire(): Acquired ID : 7405499  [3825 / 23]    HINT :      list : [TABoost / 20] [TIMEOUT / 1500]
10-28 12:55:40.099   529   535 E statsd  : Predicate -7037417284711607308 dropping data for dimension key (10)0x2010101->10998[I] (10)0x30000->*launch*[S]
10-28 12:55:40.100 18128 18128 E m.facebook.orc: Not starting debugger since process cannot load the jdwp agent.
10-28 12:55:40.104  1341  1341 D HidDeviceService: handleMessage(): msg.what=8
10-28 12:55:40.106  1348  2147 I ViewRootImpl@36225c4[lunchtray]: mWNT: t = android.view.SurfaceControl$Transaction@8f51465 fN = 4 android.view.SyncRtSurfaceTransactionApplier.applyTransaction:94 android.view.SyncRtSurfaceTransactionApplier.lambda$scheduleApply$0$SyncRtSurfaceTransactionApplier:71 android.view.SyncRtSurfaceTransactionApplier$$ExternalSyntheticLambda0.onFrameDraw:4
10-28 12:55:40.106  1348  2147 I ViewRootImpl@36225c4[lunchtray]: mWNT: merge t to BBQ
10-28 12:55:40.109 18128 18128 E USNET   : USNET: appName: com.facebook.orca
10-28 12:55:40.109 18128 18128 D ProcessState: Binder ioctl to enable oneway spam detection failed: Invalid argument
10-28 12:55:40.113   566 17920 I HYPER-HAL: [RequestManager.cpp]releaseLocked(): Released ID : 486623
10-28 12:55:40.114 18128 18128 D ActivityThread: setConscryptValidator
10-28 12:55:40.114 18128 18128 D ActivityThread: setConscryptValidator - put
10-28 12:55:40.121  1348  1537 D OpenGLRenderer: setSurface called with nullptr
10-28 12:55:40.121  1348  1537 D OpenGLRenderer: setSurface() destroyed EGLSurface
10-28 12:55:40.121  1348  1537 D OpenGLRenderer: destroyEglSurface
10-28 12:55:40.123   954  3936 V WindowManager: Relayout Window{9f05dbd u0 Splash Screen com.example.lunchtray}: viewVisibility=8 req=1080x2280 d0
10-28 12:55:40.124   620   642 I SurfaceFlinger: id=204951 createSurf (0x0),-1 flag=24000, Surface(name=9f05dbd Splash Screen com.example.lunchtray)/@0xbbe6d61 - animation-leash of window_animation#0
10-28 12:55:40.127   954  3936 V WindowManager: Relayout hash=9f05dbd, pid=1348: mAttrs={(0,0)(fillxfill) sim={adjust=pan} ty=APPLICATION_STARTING fmt=TRANSLUCENT wanim=0x1030001
10-28 12:55:40.127   954  3936 V WindowManager:   fl=81030118
10-28 12:55:40.127   954  3936 V WindowManager:   pfl=36000010
10-28 12:55:40.127   954  3936 V WindowManager:   bhv=DEFAULT
10-28 12:55:40.127   954  3936 V WindowManager:   fitSides= naviIconColor=0}
10-28 12:55:40.127  1348  1474 I ViewRootImpl@36225c4[lunchtray]: Relayout returned: old=(0,0,1080,2280) new=(0,0,1080,2280) req=(1080,2280)8 dur=4 res=0x5 s={false 0} ch=true fn=5
10-28 12:55:40.127  1348  1474 I ViewRootImpl@36225c4[lunchtray]: dispatchDetachedFromWindow
10-28 12:55:40.128   954  3936 D InputTransport: Input channel destroyed: '9f05dbd', fd=1630
10-28 12:55:40.128   954  3936 W InputManager-JNI: Input channel object '9f05dbd Splash Screen com.example.lunchtray (client)' was disposed without first being removed with the input manager!
10-28 12:55:40.128   954  3936 D InputTransport: Input channel destroyed: '9f05dbd', fd=1712
10-28 12:55:40.129  1348  1474 D InputTransport: Input channel destroyed: '9f05dbd', fd=200
10-28 12:55:40.134 18128 18128 D CompatibilityChangeReporter: Compat change id reported: 171979766; UID 10792; state: ENABLED
10-28 12:55:40.136   954  3936 D InputDispatcher: Inject motion (17800): action=0x1, time=851588930000000, f=0x0, d=0
10-28 12:55:40.136   954  1162 I InputDispatcher: Delivering touch to (17800): action: 0x1, f=0x0, d=0, 'ff4e455', t=1 +(-1,-5)*1.00
10-28 12:55:40.136 17800 17800 I ViewRootImpl@3294ebb[MainActivity]: ViewPostIme pointer 1
10-28 12:55:40.138   620   620 I Layer   : id=204949 removeFromCurrentState Surface(name=ff4e455 com.example.lunchtray/com.example.lunchtray.MainActivity)/@0x11667a4 - animation-leash of starting_reveal#0 (182)
10-28 12:55:40.155 17800 17800 D ScrollView: initGoToTop
10-28 12:55:40.164  8198  8198 I Utils   : isCurrentUser current = 0, ownerId = 0
10-28 12:55:40.164  8198  8198 I TrayVisibilityController: getComputedTrayVisible : keyguardState = 1
10-28 12:55:40.165  8198  8198 I TrayVisibilityController: updateTrayVisible: State=1 visible=1 mCurrentVisible=1 specificMode=0
10-28 12:55:40.165  8198  8198 I TrayStateController: onNotifyUpdateTray: state=0
10-28 12:55:40.172  1348  1735 D WallpaperService: dispatchAppVisibility onVisibilityChanged(): false
10-28 12:55:40.173  1348  1348 D WallpaperService: reportVisibility onVisibilityChanged visible: false
10-28 12:55:40.173  1348  1535 I ImageWallpaper:  onVisibilityChanged false , 0
10-28 12:55:40.173 26660 26660 I ViewRootImpl@623994e[LauncherActivity]: handleAppVisibility mAppVisible=true visible=false
10-28 12:55:40.174   620   620 D SurfaceFlinger: Display 0 HWC layers:
10-28 12:55:40.174   620   620 D SurfaceFlinger:      DEVICE | 0x7843dbdd70 | 0102 | RGBA_8888    |    0.0    0.0 1080.0 2280.0 |    0    0 1080 2280 | com.example.lunchtray/com.example.lunchtray.MainActivity$_17800#0
10-28 12:55:40.174   620   620 D SurfaceFlinger:      DEVICE | 0x7843dbbdf0 | 0100 | RGBA_8888    |    0.0    0.0 1080.0 2280.0 |    0    0 1080 2280 | Splash Screen com.example.lunchtray$_1348#0
10-28 12:55:40.174   620   620 D SurfaceFlinger:      DEVICE | 0x7843db3a50 | 0100 | RGBA_8888    |    0.0    0.0 1080.0  112.0 |    0    0 1080  112 | StatusBar$_1348#0
10-28 12:55:40.174   620   620 D SurfaceFlinger:      DEVICE | 0x7843dbc6f0 | 0100 | RGBA_8888    |    0.0    0.0   67.0  416.0 |    0  814   67 1230 | com.samsung.android.app.cocktailbars[...]arservice.CocktailBarService$_8198#0
10-28 12:55:40.174   620   620 D SurfaceFlinger:      DEVICE | 0x7843dbe0d0 | 0100 | RGBA_8888    |    0.0    0.0 1080.0  126.0 |    0 2154 1080 2280 | NavigationBar0$_1348#0
10-28 12:55:40.174   620   620 D SurfaceFlinger:
10-28 12:55:40.188   620   620 I Layer   : id=204940 removeFromCurrentState Surface(name=Task=1)/@0x4cdbfdb - animation-leash of app_transition#0 (182)
10-28 12:55:40.188   620   620 I SurfaceFlinger: id=204940 Removed Surface(name=Task=1)/@0x4cdbfdb - animation-leash of app_transition#0 (182)
10-28 12:55:40.188   620   620 I Layer   : id=204940 Destroyed Surface(name=Task=1)/@0x4cdbfdb - animation-leash of app_transition#0
10-28 12:55:40.191   954  1024 I libprocessgroup: Successfully killed process cgroup uid 10814 pid 18043 in 11ms
10-28 12:55:40.197  1348  1348 D NavigationBar: onSystemBarAttributesChanged() -  displayId:0, appearance:16 (APPEARANCE_LIGHT_NAVIGATION_BARS ), navbarColorManagedByIme:false
10-28 12:55:40.198  1348  1348 V Navbar.Store: handleEvent [EventType] GET_BOOL_REGION_SAMPLING_ENABLED [Module] LightBarController  KEYS_DEFAULT=false
10-28 12:55:40.198  1348  1348 V Navbar.Store: --[Band]COLOR_PACK_GET_REGION_SAMPLING_ENABLED
10-28 12:55:40.198  1348  1348 V Navbar.Store: ----getValue(BOOL_REGION_SAMPLING_ENABLED)=false
10-28 12:55:40.202   954  1272 V WindowManager: Relayout Window{4ad90e6 u0 com.sec.android.app.launcher/com.sec.android.app.launcher.activities.LauncherActivity}: viewVisibility=8 req=1080x2280 d0
10-28 12:55:40.204   954  1272 V WindowManager: Relayout hash=4ad90e6, pid=26660: mAttrs={(0,0)(fillxfill) sim={adjust=nothing} layoutInDisplayCutoutMode=shortEdges ty=BASE_APPLICATION fmt=TRANSPARENT wanim=0x10302f2
10-28 12:55:40.204   954  1272 V WindowManager:   fl=81910100
10-28 12:55:40.204   954  1272 V WindowManager:   pfl=1e020040
10-28 12:55:40.204   954  1272 V WindowManager:   vsysui=1700
10-28 12:55:40.204   954  1272 V WindowManager:   bhv=SHOW_TRANSIENT_BARS_BY_SWIPE
10-28 12:55:40.204   954  1272 V WindowManager:   fitSides= naviIconColor=0}
10-28 12:55:40.204 18128 18128 W m.facebook.orc: Entry not found
10-28 12:55:40.205   620   620 I Layer   : id=204941 removeFromCurrentState Surface(name=Task=30466)/@0x759302d - animation-leash of app_transition#0 (181)
10-28 12:55:40.205   620   620 I Layer   : id=204939 removeFromCurrentState Splash Screen com.example.lunchtray$_1348#0 (181)
10-28 12:55:40.205   620   620 I Layer   : id=204938 removeFromCurrentState 9f05dbd Splash Screen com.example.lunchtray#0 (181)
10-28 12:55:40.205   620   620 I Layer   : id=204951 removeFromCurrentState Surface(name=9f05dbd Splash Screen com.example.lunchtray)/@0xbbe6d61 - animation-leash of window_animation#0 (181)
10-28 12:55:40.205 26660 26660 I ViewRootImpl@623994e[LauncherActivity]: Relayout returned: old=(0,0,1080,2280) new=(0,0,1080,2280) req=(1080,2280)8 dur=3 res=0x5 s={false 0} ch=true fn=24
10-28 12:55:40.205   620   620 I SurfaceFlinger: id=204938 Removed 9f05dbd Splash Screen com.example.lunchtray#0 (181)
10-28 12:55:40.205 18128 18128 W m.facebook.orc: Entry not found
10-28 12:55:40.205   620   620 I SurfaceFlinger: id=204939 Removed Splash Screen com.example.lunchtray$_1348#0 (181)
10-28 12:55:40.205   620   620 I SurfaceFlinger: id=204941 Removed Surface(name=Task=30466)/@0x759302d - animation-leash of app_transition#0 (181)
10-28 12:55:40.205 26660 26660 I ViewRootImpl@623994e[LauncherActivity]: stopped(true) old=false
10-28 12:55:40.205   620   620 I SurfaceFlinger: id=204951 Removed Surface(name=9f05dbd Splash Screen com.example.lunchtray)/@0xbbe6d61 - animation-leash of window_animation#0 (181)
10-28 12:55:40.206   620   620 I Layer   : id=204951 Destroyed Surface(name=9f05dbd Splash Screen com.example.lunchtray)/@0xbbe6d61 - animation-leash of window_animation#0
10-28 12:55:40.206   620   620 I Layer   : id=204938 Destroyed 9f05dbd Splash Screen com.example.lunchtray#0
10-28 12:55:40.206   620   620 I Layer   : id=204941 Destroyed Surface(name=Task=30466)/@0x759302d - animation-leash of app_transition#0
10-28 12:55:40.206  3892  3892 I SCS@AiSearch user 0: (ObserverWorker::AOSP_MP) [main] entering in startWork():
10-28 12:55:40.207  3892  3892 I SCS@AiSearch user 0: (BaseCollector::AOSP_MP) [main] entering in onChange():
10-28 12:55:40.207   620   620 I Layer   : id=204939 Destroyed Splash Screen com.example.lunchtray$_1348#0
10-28 12:55:40.207  3892  4748 I SCS@AiSearch user 0: (BaseCollector::AOSP_MP) [pool-13-thread-1] entering in collectChanges():
10-28 12:55:40.209   620   620 D SurfaceFlinger: Display 0 HWC layers:
10-28 12:55:40.209   620   620 D SurfaceFlinger:      DEVICE | 0x7843dbaad0 | 0102 | RGBA_8888    |    0.0    0.0 1080.0 2280.0 |    0    0 1080 2280 | com.example.lunchtray/com.example.lunchtray.MainActivity$_17800#0
10-28 12:55:40.209   620   620 D SurfaceFlinger:      DEVICE | 0x7843db3a50 | 0100 | RGBA_8888    |    0.0    0.0 1080.0  112.0 |    0    0 1080  112 | StatusBar$_1348#0
10-28 12:55:40.209   620   620 D SurfaceFlinger:      DEVICE | 0x7843dbc6f0 | 0100 | RGBA_8888    |    0.0    0.0   67.0  416.0 |    0  814   67 1230 | com.samsung.android.app.cocktailbars[...]arservice.CocktailBarService$_8198#0
10-28 12:55:40.209   620   620 D SurfaceFlinger:      DEVICE | 0x7843db1bf0 | 0100 | RGBA_8888    |    0.0    0.0 1080.0  126.0 |    0 2154 1080 2280 | NavigationBar0$_1348#0
10-28 12:55:40.209   620   620 D SurfaceFlinger:
10-28 12:55:40.211 18128 18128 W m.facebook.orc: JIT profile information will not be recorded: profile file does not exist.
10-28 12:55:40.211 18128 18128 W m.facebook.orc: JIT profile information will not be recorded: profile file does not exist.
10-28 12:55:40.211 26660 26660 I BaseActivity: removeActivityFlags, flags : 17
10-28 12:55:40.212 26660 26660 W LauncherAppWidgetHost: setShouldListenFlag, mFlags:7 flag:start on:false isFront:false
10-28 12:55:40.213 26660 26792 I IMM_LC  : hsifw() - flags=0, caller=android.view.inputmethod.InputMethodManager.hideSoftInputFromWindow:1846 android.view.inputmethod.InputMethodManager.hideSoftInputFromWindow:1815 com.android.launcher3.util.UiThreadHelper$UiCallbacks.handleMessage:103 android.os.Handler.dispatchMessage:102 android.os.Looper.loopOnce:226
10-28 12:55:40.213 26660 26792 I IMM_LC  : hideSoftInputFromWindow - mService.hideSoftInput
10-28 12:55:40.214   954  1272 I AppWidgetServiceImpl: stopListening callbacks : null
10-28 12:55:40.214 26660 26660 W LauncherAppWidgetHost: stopListening, mFlags:2 isFront:false
10-28 12:55:40.214 26660 26660 W Launcher.NotificationListener: removeNotificationsChangedListener
10-28 12:55:40.214 26660 26660 I BadgeCountUpdaterImpl: onNotificationsChangedDisConnected
10-28 12:55:40.214 26660 26660 I Launcher.NotificationListener: unregisterObserver, this is not notificationService!!
10-28 12:55:40.214 26660 26792 I LiveIconUpdateEventHandler: LiveIcon onStop
10-28 12:55:40.215 26660 26792 I LiveIconUpdateEventHandler: cancelMinuteChangeAlarm
10-28 12:55:40.215   954  1272 D PackageManager: setEnabledSetting : userId = 0 packageName = com.samsung.android.scs cmp = androidx.work.impl.background.systemalarm.RescheduleReceiver newState = 1 callingPackage = 10347/com.samsung.android.scs
10-28 12:55:40.216 26660 26792 I LiveIconUpdateEventHandler: cancelDateChangeAlarm
10-28 12:55:40.218 26660 26792 I LiveIconUpdateEventHandler: unregisterReceiver
10-28 12:55:40.222   620   620 D Layer   : setBackgroundBlurRadius ## OneUiHome-BlurLayer#0, backgroundBlurRadius=0
10-28 12:55:40.222   620  2722 D NativeSemDvfsManager: acquire:: timeout = 2000 mIsAcquired = 1  mTagName : SurfaceFlinger
10-28 12:55:40.222   620   620 I SurfaceFlinger: id=204929 Removed OneUiHome-BlurLayer#0 (177)
10-28 12:55:40.222   620  2722 E NativeCustomFrequencyManager: [NativeCFMS] BpCustomFrequencyManager::acquire()
10-28 12:55:40.222   566   611 I HYPER-HAL: [RequestManager.cpp]acquire(): Acquired ID : 1314010  [620 / 1000]    HINT : SF_GPU_MINLOCK    list : [TIMEOUT / 2000]
10-28 12:55:40.228   954  3936 V WindowManager: Relayout Window{ff4e455 u0 com.example.lunchtray/com.example.lunchtray.MainActivity}: viewVisibility=0 req=1080x2280 d0
10-28 12:55:40.230   954  3936 V WindowManager: Relayout hash=ff4e455, pid=17800: mAttrs={(0,0)(fillxfill) sim={adjust=resize} ty=BASE_APPLICATION wanim=0x1030303
10-28 12:55:40.230   954  3936 V WindowManager:   fl=81810100
10-28 12:55:40.230   954  3936 V WindowManager:   pfl=12020040
10-28 12:55:40.230   954  3936 V WindowManager:   apr=LIGHT_NAVIGATION_BARS
10-28 12:55:40.230   954  3936 V WindowManager:   bhv=DEFAULT
10-28 12:55:40.230   954  3936 V WindowManager:   fitSides= naviIconColor=0
10-28 12:55:40.230   954  3936 V WindowManager:   sfl=100000}
10-28 12:55:40.238   620   620 I Layer   : id=204926 removeFromCurrentState com.sec.android.app.launcher/com.sec.android.app.launcher.activities.LauncherActivity$_26660#0 (177)
10-28 12:55:40.238   620   620 I Layer   : id=204929 removeFromCurrentState OneUiHome-BlurLayer#0 (177)
10-28 12:55:40.238   620   620 I SurfaceFlinger: id=204926 Removed com.sec.android.app.launcher/com.sec.android.app.launcher.activities.LauncherActivity$_26660#0 (177)
10-28 12:55:40.238 17800 17800 I ViewRootImpl@3294ebb[MainActivity]: Relayout returned: old=(0,0,1080,2280) new=(0,0,1080,2280) req=(1080,2280)0 dur=10 res=0x1 s={true 515080236384} ch=false fn=12
10-28 12:55:40.238   620   620 I Layer   : id=204926 Destroyed com.sec.android.app.launcher/com.sec.android.app.launcher.activities.LauncherActivity$_26660#0
10-28 12:55:40.238   620   620 I Layer   : id=204929 Destroyed OneUiHome-BlurLayer#0
10-28 12:55:40.241 17800 17800 D ScrollView:  onsize change changed
10-28 12:55:40.246 18128 18128 V GraphicsEnvironment: ANGLE Developer option for 'com.facebook.orca' set to: 'default'
10-28 12:55:40.247 18128 18128 V GraphicsEnvironment: App is not on the allowlist for updatable production driver.
10-28 12:55:40.250 18128 18128 D NetworkSecurityConfig: Using Network Security Config from resource (name removed) debugBuild: false
10-28 12:55:40.251 17800 17800 D LifecycleMonitor: Lifecycle status change: androidx.test.core.app.InstrumentationActivityInvoker$BootstrapActivity@3a6e210 in: STOPPED
10-28 12:55:40.252 17800 17800 V ActivityScenario: Activity lifecycle changed event received but ignored because the intent does not match. startActivityIntent=Intent { act=android.intent.action.MAIN cat=[android.intent.category.LAUNCHER] cmp=com.example.lunchtray/androidx.fragment.app.testing.FragmentScenario$EmptyFragmentActivity (has extras) }, activity.getIntent()=Intent { act=android.intent.action.MAIN cat=[android.intent.category.LAUNCHER] flg=0x10008000 cmp=com.example.lunchtray/androidx.test.core.app.InstrumentationActivityInvoker$BootstrapActivity (has extras) }, activity=androidx.test.core.app.InstrumentationActivityInvoker$BootstrapActivity@3a6e210
10-28 12:55:40.252 17800 17800 V ActivityScenario: Activity lifecycle changed event received but ignored because the intent does not match. startActivityIntent=Intent { act=android.intent.action.MAIN cat=[android.intent.category.LAUNCHER] cmp=com.example.lunchtray/androidx.fragment.app.testing.FragmentScenario$EmptyFragmentActivity (has extras) }, activity.getIntent()=Intent { act=android.intent.action.MAIN cat=[android.intent.category.LAUNCHER] flg=0x10008000 cmp=com.example.lunchtray/androidx.test.core.app.InstrumentationActivityInvoker$BootstrapActivity (has extras) }, activity=androidx.test.core.app.InstrumentationActivityInvoker$BootstrapActivity@3a6e210
10-28 12:55:40.252 17800 17800 V ActivityScenario: Activity lifecycle changed event received but ignored because the intent does not match. startActivityIntent=Intent { act=android.intent.action.MAIN cat=[android.intent.category.LAUNCHER] cmp=com.example.lunchtray/androidx.fragment.app.testing.FragmentScenario$EmptyFragmentActivity (has extras) }, activity.getIntent()=Intent { act=android.intent.action.MAIN cat=[android.intent.category.LAUNCHER] flg=0x10008000 cmp=com.example.lunchtray/androidx.test.core.app.InstrumentationActivityInvoker$BootstrapActivity (has extras) }, activity=androidx.test.core.app.InstrumentationActivityInvoker$BootstrapActivity@3a6e210
10-28 12:55:40.252 17800 17800 V ActivityScenario: Activity lifecycle changed event received but ignored because the intent does not match. startActivityIntent=Intent { act=android.intent.action.MAIN cat=[android.intent.category.LAUNCHER] cmp=com.example.lunchtray/androidx.fragment.app.testing.FragmentScenario$EmptyFragmentActivity (has extras) }, activity.getIntent()=Intent { act=android.intent.action.MAIN cat=[android.intent.category.LAUNCHER] flg=0x10008000 cmp=com.example.lunchtray/androidx.test.core.app.InstrumentationActivityInvoker$BootstrapActivity (has extras) }, activity=androidx.test.core.app.InstrumentationActivityInvoker$BootstrapActivity@3a6e210
10-28 12:55:40.252 17800 17800 V ActivityScenario: Activity lifecycle changed event received but ignored because the intent does not match. startActivityIntent=Intent { act=android.intent.action.MAIN cat=[android.intent.category.LAUNCHER] cmp=com.example.lunchtray/.MainActivity }, activity.getIntent()=Intent { act=android.intent.action.MAIN cat=[android.intent.category.LAUNCHER] flg=0x10008000 cmp=com.example.lunchtray/androidx.test.core.app.InstrumentationActivityInvoker$BootstrapActivity (has extras) }, activity=androidx.test.core.app.InstrumentationActivityInvoker$BootstrapActivity@3a6e210
10-28 12:55:40.268  3892  4748 I SCS@AiSearch user 0: (BaseCollector::AOSP_MP) fetchInternal values : maxSyncId: 26647 indexCount: 2021 sourceCount: 2021
10-28 12:55:40.274 18128 18128 D NetworkSecurityConfig: Using Network Security Config from resource (name removed) debugBuild: false
10-28 12:55:40.287   954  1272 D ConnectivityService: ConnectivityService NetworkRequestInfo binderDied(uid/pid:10814/18043, android.os.BinderProxy@8662070)
10-28 12:55:40.287   954  1197 D ConnectivityService: releasing NetworkRequest [ REQUEST id=38332, [ Capabilities: INTERNET&NOT_RESTRICTED&TRUSTED&NOT_VCN_MANAGED Uid: 10814 RequestorUid: 10814 RequestorPkg: org.telegram.messenger] ] (release request)
10-28 12:55:40.287   954  1197 D ConnectivityService:  Removing from current network [245 WIFI], leaving 173 requests.
10-28 12:55:40.290  1341  1341 D HidDeviceService: handleMessage(): msg.what=8
10-28 12:55:40.290   954  2750 D PkgPredictorService-IpmNapPreloadController: app:0_&_org.telegram.messenger die, remove from <launchTime:2022-10-28 12:55:39 hour:12 day:6 previous:[com.example.lunchtray, com.example.lunchtray, com.example.lunchtray] running:com.example.lunchtray/com.example.lunchtray.MainActivity apkVersion:1.0 userId:0 screenOrientation:1 wifi:3 bt:12 predictTime:1 launching Time:287 predicted:false prediction:[0_&_org.telegram.messenger, 0_&_com.facebook.orca, 0_&_com.instagram.android] preloaded:false preloading:[0_&_org.telegram.messenger, 0_&_com.facebook.orca]>
10-28 12:55:40.298   531   531 I Zygote  : Process 18043 exited due to signal 9 (Killed)
10-28 12:55:40.302  3892  4748 I SCS@AiSearch user 0: (IndexManager) [pool-13-thread-1] entering in addIndex():
10-28 12:55:40.303  3892  4748 I SCS@AiSearch user 0: (BaseCollector::AOSP_MP) fetch: fetching took  61 ms
10-28 12:55:40.303  3892  4748 I SCS@AiSearch user 0: (BaseCollector::AOSP_MP) fetchChanges: applied 0 items
10-28 12:55:40.303  3892  4748 I SCS@AiSearch user 0: (BaseCollector::AOSP_MP) Collect finished. Result: true
10-28 12:55:40.303  3892  4748 I SCS@AiSearch user 0: (BaseCollector::DOCUMENTS) ObserverWorker run immediately with unique work name: DOCUMENTS
10-28 12:55:40.304  3892  4748 I SCS@AiSearch user 0: (BaseCollector::AOSP_MP) enqueue ObserverWorker name: com.sec.android.app.myfiles, policy: APPEND_OR_REPLACE
10-28 12:55:40.304  3892  3953 I WM-WorkerWrapper: Worker result SUCCESS for Work [ id=0539165d-d5c7-40c6-88bd-be12f1bfb256, tags={ com.sec.android.app.myfiles, com.samsung.android.scs.ai.search.data.collector.ObserverWorker } ]
10-28 12:55:40.320   954  1401 D PackageManager: setEnabledSetting : userId = 0 packageName = com.samsung.android.scs cmp = androidx.work.impl.background.systemalarm.RescheduleReceiver newState = 1 callingPackage = 10347/com.samsung.android.scs
10-28 12:55:40.334 18128 18148 W CrashLoopRemedyLog: unable to delete remedy log, instaCrash: false
10-28 12:55:40.334 18128 18148 W CrashLoopRemedyLog: unable to delete remedy log, instaCrash: true
10-28 12:55:40.346 18128 18148 W MessengerLacrimaConfig: MessengerLacrimaConfig.earlyInit
10-28 12:55:40.372   954  3936 D PackageManager: setEnabledSetting : userId = 0 packageName = com.samsung.android.scs cmp = androidx.work.impl.background.systemalarm.RescheduleReceiver newState = 1 callingPackage = 10347/com.samsung.android.scs
10-28 12:55:40.376   511   511 E audit   : type=1400 audit(1666954540.369:342367): avc:  denied  { read } for  pid=18128 comm="EnsureDelegate" name="zoneinfo" dev="proc" ino=4026531860 scontext=u:r:untrusted_app:s0:c24,c259,c512,c768 tcontext=u:object_r:proc_zoneinfo:s0 tclass=file permissive=0 SEPF_SM-G973F_12_0001 audit_filtered
10-28 12:55:40.376   511   511 E audit   : type=1300 audit(1666954540.369:342367): arch=c00000b7 syscall=56 success=no exit=-13 a0=ffffff9c a1=767d26d0f0 a2=0 a3=0 items=0 ppid=531 pid=18128 auid=4294967295 uid=10792 gid=10792 euid=10792 suid=10792 fsuid=10792 egid=10792 sgid=10792 fsgid=10792 tty=(none) ses=4294967295 comm="EnsureDelegate" exe="/system/bin/app_process64" subj=u:r:untrusted_app:s0:c24,c259,c512,c768 key=(null)
10-28 12:55:40.376   511   511 E audit   : type=1327 audit(1666954540.369:342367): proctitle="com.facebook.orca"
10-28 12:55:40.380 18128 18148 W lacrima : Start JavaAppDeathCrashDetector... X.0Uq
10-28 12:55:40.385 18128 18148 W lacrima : Sending pending reports
10-28 12:55:40.386  3892  3892 I SCS@AiSearch user 0: (ObserverWorker::DOCUMENTS) [main] entering in startWork():
10-28 12:55:40.388  3892  3892 I SCS@AiSearch user 0: (BaseCollector::DOCUMENTS) [main] entering in onChange():
10-28 12:55:40.389  3892  3961 I SCS@AiSearch user 0: (BaseCollector::DOCUMENTS) [pool-8-thread-1] entering in collectChanges():
10-28 12:55:40.389  3892  3961 E SCS@AiSearch user 0: (BaseCollector::DOCUMENTS) canSkipCurrentList:
10-28 12:55:40.390  3892  3961 I SCS@AiSearch user 0: (BaseCollector::DOCUMENTS) fetch: fetching took  1 ms
10-28 12:55:40.390  3892  3961 I SCS@AiSearch user 0: (BaseCollector::DOCUMENTS) fetchChanges: applied 0 items
10-28 12:55:40.390  3892  3961 I SCS@AiSearch user 0: (BaseCollector::DOCUMENTS) Collect finished. Result: true
10-28 12:55:40.397   566 18131 I HYPER-HAL: [RequestManager.cpp]releaseLocked(): Released ID : 473870
10-28 12:55:40.399 18128 18148 W MessengerLacrimaConfig: MessengerLacrimaConfig.earlyNativeInit
10-28 12:55:40.405   954  3936 D PackageManager: setEnabledSetting : userId = 0 packageName = com.samsung.android.scs cmp = androidx.work.impl.background.systemalarm.RescheduleReceiver newState = 1 callingPackage = 10347/com.samsung.android.scs
10-28 12:55:40.411  3892  3958 I WM-WorkerWrapper: Worker result SUCCESS for Work [ id=176d6efe-ed98-421d-b7af-5bfb9532eb97, tags={ com.samsung.android.scs.documents, com.samsung.android.scs.ai.search.data.collector.ObserverWorker } ]
10-28 12:55:40.413   511   511 E audit   : type=1400 audit(1666954540.409:342368): avc:  granted  { execute } for  pid=18128 comm="EnsureDelegate" path="/data/data/com.facebook.orca/lib-compressed/libbreakpad.so" dev="sda31" ino=3283522 scontext=u:r:untrusted_app:s0:c24,c259,c512,c768 tcontext=u:object_r:app_data_file:s0:c24,c259,c512,c768 tclass=file SEPF_SM-G973F_12_0001 audit_filtered
10-28 12:55:40.428 18128 18159 D fb-distract: Distracting /apex/com.android.runtime/lib64/bionic/libc.so!kill (0x0x7963158fe0) with /data/data/com.facebook.orca/lib-compressed/libappstatelogger2.so!<unknown> (0x0x764ea55c8c)
10-28 12:55:40.428 18128 18159 D fb-distract: Distracting /apex/com.android.runtime/lib64/bionic/libc.so!raise (0x0x79631178a8) with /data/data/com.facebook.orca/lib-compressed/libappstatelogger2.so!<unknown> (0x0x764ea55ccc)
10-28 12:55:40.428 18128 18159 D fb-distract: Distracting /apex/com.android.runtime/lib64/bionic/libc.so!pthread_kill (0x0x796316e680) with /data/data/com.facebook.orca/lib-compressed/libappstatelogger2.so!<unknown> (0x0x764ea55d24)
10-28 12:55:40.428 18128 18159 D fb-distract: Distracting /apex/com.android.runtime/lib64/bionic/libc.so!killpg (0x0x7963113e78) with /data/data/com.facebook.orca/lib-compressed/libappstatelogger2.so!<unknown> (0x0x764ea55d58)
10-28 12:55:40.429 18128 18159 D fb-distract: Distracting /apex/com.android.runtime/lib64/bionic/libc.so!tgkill (0x0x7963159000) with /data/data/com.facebook.orca/lib-compressed/libappstatelogger2.so!<unknown> (0x0x764ea55dc0)
10-28 12:55:40.429 18128 18159 D fb-distract: Distracting /apex/com.android.runtime/lib64/bionic/libc.so!_Exit (0x0x796315a4c0) with /data/data/com.facebook.orca/lib-compressed/libappstatelogger2.so!<unknown> (0x0x764ea55dfc)
10-28 12:55:40.432 18128 18159 W lacrima : The minidump file is empty!
10-28 12:55:40.435 18128 18159 W lacrima : Start AnrAppDeathDetector... X.0JR
10-28 12:55:40.439 18128 18148 W DexLibLoader: disabling background optimization
10-28 12:55:40.446 18128 18148 W dalvik-internals: sigaction64 succeeded
10-28 12:55:40.447 18128 18148 D dalvik-internals: SuspendAndroid11: Found all symbols
10-28 12:55:40.447 18128 18148 D dalvik-internals: SuspendAndroid11: Suspending threads.
10-28 12:55:40.448 18128 18148 D dalvik-internals: SuspendAndroid11: Resuming threads.
10-28 12:55:40.457 18128 18148 W dalvik-internals: ignoring failure to find _ZN3art12FaultManager35EnsureArtActionInFrontOfSignalChainEv: could not hook _ZN3art12FaultManager35EnsureArtActionInFrontOfSignalChainEv
10-28 12:55:40.457 18128 18148 D fb-distract: Distracting /apex/com.android.art/lib64/libsigchain.so!signal (0x0x795d5b4838) with /data/data/com.facebook.orca/lib-compressed/libdexload.so!<unknown> (0x0x75d7f08ee4)
10-28 12:55:40.457 18128 18148 V dalvik-internals: hooked signal using trap ()
10-28 12:55:40.457 18128 18148 D fb-distract: Distracting /apex/com.android.art/lib64/libsigchain.so!sigaction (0x0x795d5b4548) with /data/data/com.facebook.orca/lib-compressed/libdexload.so!<unknown> (0x0x75d7f09060)
10-28 12:55:40.457 18128 18148 V dalvik-internals: hooked sigaction using trap ()
10-28 12:55:40.457 18128 18148 D dalvik-internals: SuspendAndroid11: Found all symbols
10-28 12:55:40.458 18128 18148 D dalvik-internals: SuspendAndroid11: Suspending threads.
10-28 12:55:40.458 18128 18148 V dalvik-internals: Hooking function _ZN3art11annotations16GetLineNumFromPCEPKNS_7DexFileEPNS_9ArtMethodEj
10-28 12:55:40.459 18128 18148 D fb-distract: Distracting /apex/com.android.art/lib64/libart.so!_ZN3art11annotations16GetLineNumFromPCEPKNS_7DexFileEPNS_9ArtMethodEj (0x0x766bcfea20) with /data/data/com.facebook.orca/lib-compressed/libdexload.so!<unknown> (0x0x75d7f09750)
10-28 12:55:40.460 18128 18148 V dalvik-internals: hooked _ZN3art11annotations16GetLineNumFromPCEPKNS_7DexFileEPNS_9ArtMethodEj using jump ()
10-28 12:55:40.460 18128 18148 D dalvik-internals: SuspendAndroid11: Resuming threads.
10-28 12:55:40.462 18128 18148 W MultiDexClassLoader: unable to use native MDCL: falling back to Java impl
10-28 12:55:40.462 18128 18148 W MultiDexClassLoader: java.lang.Exception: MDCLAN bailing: Failed to start last time
10-28 12:55:40.462 18128 18148 W MultiDexClassLoader: 	at com.facebook.common.dextricks.MultiDexClassLoaderArtNative.maybeBail(:66)
10-28 12:55:40.462 18128 18148 W MultiDexClassLoader: 	at com.facebook.common.dextricks.MultiDexClassLoaderArtNative.<init>(:6)
10-28 12:55:40.462 18128 18148 W MultiDexClassLoader: 	at com.facebook.common.dextricks.MultiDexClassLoader.createMultiDexClassLoader(:56)
10-28 12:55:40.462 18128 18148 W MultiDexClassLoader: 	at com.facebook.common.dextricks.MultiDexClassLoader.install(:93)
10-28 12:55:40.462 18128 18148 W MultiDexClassLoader: 	at com.facebook.common.dextricks.DexStore.loadDexFiles(:89)
10-28 12:55:40.462 18128 18148 W MultiDexClassLoader: 	at com.facebook.common.dextricks.DexStore.loadAllImpl(:638)
10-28 12:55:40.462 18128 18148 W MultiDexClassLoader: 	at com.facebook.common.dextricks.DexStore.loadAll(:1)
10-28 12:55:40.462 18128 18148 W MultiDexClassLoader: 	at com.facebook.common.dextricks.DexLibLoader.loadAllImpl(:142)
10-28 12:55:40.462 18128 18148 W MultiDexClassLoader: 	at com.facebook.common.dextricks.DexLibLoader.loadAll(:9)
10-28 12:55:40.462 18128 18148 W MultiDexClassLoader: 	at com.facebook.common.dextricks.DexLibLoader.loadAll(:268435460)
10-28 12:55:40.462 18128 18148 W MultiDexClassLoader: 	at X.0Qu.ANr(:1271)
10-28 12:55:40.462 18128 18148 W MultiDexClassLoader: 	at X.0Rb.run(:2)
10-28 12:55:40.465 18128 18148 W DexLibLoader: Comparing new 1666949910392 to old 1666949910392
10-28 12:55:40.467 18128 18159 W MessengerLacrimaConfig: MessengerLacrimaConfig.laterInit
10-28 12:55:40.469 18128 18159 W lacrima : Start AnrDetector... com.facebook.acra.anr.multisignal.MultiSignalANRDetector
10-28 12:55:40.469 18128 18159 W MultiSignalANRDetectorLacrima: Starting
10-28 12:55:40.469 18128 18159 W ProcessAnrErrorMonitor: startMonitoring with delay: 0
10-28 12:55:40.482 17800 17800 I ViewInteraction: Performing 'single click' action on view view.getId() is <2131230844/com.example.lunchtray:id/cauliflower>
10-28 12:55:40.483   954  3936 D InputDispatcher: Inject motion (17800): action=0x0, time=851589277000000, f=0x0, d=0
10-28 12:55:40.483   954  1162 I InputDispatcher: Delivering touch to (1348): action: 0x4, f=0x0, d=0, 'be23078', t=0
10-28 12:55:40.483   954  1162 I InputDispatcher: Delivering touch to (17800): action: 0x0, f=0x0, d=0, 'ff4e455', t=0
10-28 12:55:40.484  3825  3825 I SemDvfsHyPerManager: acquire hyper - BaseTABoost/3825@21, type = 1090523139
10-28 12:55:40.484  3825  3825 I SemDvfsHyPerManager: acquire hyper - BaseTAToouchBoost/3825@23, type = 1090523139
10-28 12:55:40.484 17800 17800 I ViewRootImpl@3294ebb[MainActivity]: ViewPostIme pointer 0
10-28 12:55:40.484   566   611 I HYPER-HAL: [RequestManager.cpp]acquire(): Acquired ID : 7397802  [3825 / 21]    HINT :      list : [TABoost / 5]
10-28 12:55:40.484   566   611 I HYPER-HAL: [RequestManager.cpp]acquire(): Acquired ID : 7405499  [3825 / 23]    HINT :      list : [TABoost / 20] [TIMEOUT / 1500]
10-28 12:55:40.486 18128 18167 W ProcessAnrErrorMonitor: Starting process monitor checks for process 'com.facebook.orca'
10-28 12:55:40.486 18128 18167 W MultiSignalANRDetectorLacrima: Started monitoring
10-28 12:55:40.490 18128 18149 W ComponentDiscovery: Class com.google.firebase.dynamicloading.DynamicLoadingRegistrar is not an found.
10-28 12:55:40.494 18128 18159 D fb-distract: Distracting /apex/com.android.runtime/lib64/bionic/libc.so!abort (0x0x796310a2b8) with /data/data/com.facebook.orca/lib-compressed/libreliabilitymerged.so!<unknown> (0x0x764e9b587c)
10-28 12:55:40.498 18128 18159 D fb-distract: Distracting /system/lib64/liblog.so!__android_log_assert (0x0x7970ab4d08) with /data/data/com.facebook.orca/lib-compressed/libreliabilitymerged.so!<unknown> (0x0x764e9b5728)
10-28 12:55:40.507   954  1253 D SemNscXgbMsL1: Probability - Cloud gaming: [0.0014836207]
10-28 12:55:40.507   954  1253 D SemNscXgbMsL1: Probability - Real time: [0.011960833]
10-28 12:55:40.507   954  1253 D SemNscXgbMsL1: Probability - Non real time: [0.9944621]
10-28 12:55:40.507   954  1253 D SemNscXgbMsL1: 1 sample inference time: 0.254731 msecs
10-28 12:55:40.507   954  1253 D SemNscXgbL2Rt: L2 RT 1 sample inference time: 0.304423 msecs
10-28 12:55:40.507   954  1253 D SemNscXgbL2Nrt: L2 NRT 1 sample inference time: 0.283384 msecs
10-28 12:55:40.513   954  1115 I SensorService: [REARLIGHT] lux value : 82, code value : 0
10-28 12:55:40.520 18128 18159 D fb-distract: Distracting /apex/com.android.runtime/lib64/bionic/libc.so!android_set_abort_message (0x0x7963105c80) with /data/data/com.facebook.orca/lib-compressed/libreliabilitymerged.so!<unknown> (0x0x764e9b5490)
10-28 12:55:40.524   954  3936 D InputDispatcher: Inject motion (17800): action=0x1, time=851589318000000, f=0x0, d=0
10-28 12:55:40.524   954  1162 I InputDispatcher: Delivering touch to (17800): action: 0x1, f=0x0, d=0, 'ff4e455', t=1
10-28 12:55:40.524 17800 17800 I ViewRootImpl@3294ebb[MainActivity]: ViewPostIme pointer 1
10-28 12:55:40.525 18128 18166 W SigquitDetectorLacrima: nativeInit
10-28 12:55:40.552 18128 18159 W msgr.NightwatchConfig: saveExitStatus true, useMmap true, monitorResources true, tickInfo 0, detectLmkd false, needNightWatch true
10-28 12:55:40.556   620   620 I SurfaceFlinger: SFWD update time=851589351363809
10-28 12:55:40.564 18128 18159 D Nightwatch: Got fb jni native method for com/facebook/errorreporting/nightwatch/Nightwatch$NightwatchNative.nRecordDataInNightWatch (JI)I with native method: recordDataInNightWatch (0x76441c4f1c). try use crit jni: no try use fast jni: no Used crit: no Used fast: no Used norm: yes crit jni supported: yes fast jni supported: no config is fast: no config is crit: no
10-28 12:55:40.564 18128 18159 D Nightwatch: Got fb jni native method for com/facebook/errorreporting/nightwatch/Nightwatch$NightwatchNative.nRecordTickInNightWatch (JJJJ)I with native method: recordTickInNightWatch (0x76441c4f18). try use crit jni: no try use fast jni: no Used crit: no Used fast: no Used norm: yes crit jni supported: yes fast jni supported: no config is fast: no config is crit: no
10-28 12:55:40.564 18128 18159 D Nightwatch: Got fb jni native method for com/facebook/errorreporting/nightwatch/Nightwatch$NightwatchNative.nSaveResourceData ()Z with native method: saveResourceData (0x76441c4f00). try use crit jni: no try use fast jni: no Used crit: no Used fast: no Used norm: yes crit jni supported: yes fast jni supported: no config is fast: no config is crit: no
10-28 12:55:40.564 18128 18159 D _FB_    : Registering method com/facebook/errorreporting/nightwatch/Nightwatch$NightwatchNative.nRecordDataInNightWatch (JI)I with native method: recordDataInNightWatch (0x76441c4f1c)
10-28 12:55:40.564 18128 18159 D _FB_    : Succeeded registering method com/facebook/errorreporting/nightwatch/Nightwatch$NightwatchNative.nRecordDataInNightWatch (JI)I with native method: recordDataInNightWatch (0x76441c4f1c)
10-28 12:55:40.564 18128 18159 D _FB_    : Registering method com/facebook/errorreporting/nightwatch/Nightwatch$NightwatchNative.nRecordTickInNightWatch (JJJJ)I with native method: recordTickInNightWatch (0x76441c4f18)
10-28 12:55:40.564 18128 18159 D _FB_    : Succeeded registering method com/facebook/errorreporting/nightwatch/Nightwatch$NightwatchNative.nRecordTickInNightWatch (JJJJ)I with native method: recordTickInNightWatch (0x76441c4f18)
10-28 12:55:40.565 18128 18159 D _FB_    : Registering method com/facebook/errorreporting/nightwatch/Nightwatch$NightwatchNative.nSaveResourceData ()Z with native method: saveResourceData (0x76441c4f00)
10-28 12:55:40.565 18128 18159 D _FB_    : Succeeded registering method com/facebook/errorreporting/nightwatch/Nightwatch$NightwatchNative.nSaveResourceData ()Z with native method: saveResourceData (0x76441c4f00)
10-28 12:55:40.566 18128 18159 D Nightwatch: Starting NightWatch. Using fast [yes] or critical [yes] native methods
10-28 12:55:40.566 18128 18159 D Nightwatch: NightWatch using: Binary path: /data/app/~~gGKxs4-vdAFYFZZ0Fk4dug==/com.facebook.orca-YrzPqbUUeHsoJUQxcYcCTg==/lib/arm64/libwatcher_binary.so log path: /data/data/com.facebook.orca/app_errorreporting/sess__000001203-1666954540345-805fd67f-195b-c99a-2241-3995ab43b62d/nightwatch.txt
10-28 12:55:40.566 18128 18159 D Nightwatch: Got fb jni native method for com/facebook/errorreporting/nightwatch/NightwatchOreo.nRecordDataInNightWatch (IIJI)I with native method: recordDataInNightWatch_64_type_adaptor__ ::adaptor_func (0x76441c4f3c). try use crit jni: yes try use fast jni: no Used crit: yes Used fast: no Used norm: no crit jni supported: yes fast jni supported: no config is fast: no config is crit: yes
10-28 12:55:40.566 18128 18159 D Nightwatch: Got fb jni native method for com/facebook/errorreporting/nightwatch/NightwatchOreo.nRecordTickInNightWatch (IIJJJJ)I with native method: recordTickInNightWatch_64_type_adaptor__ ::adaptor_func (0x76441c4f38). try use crit jni: yes try use fast jni: no Used crit: yes Used fast: no Used norm: no crit jni supported: yes fast jni supported: no config is fast: no config is crit: yes
10-28 12:55:40.566 18128 18159 D Nightwatch: Got fb jni native method for com/facebook/errorreporting/nightwatch/NightwatchOreo.nSaveResourceData (II)Z with native method: saveResourceData_64_type_adaptor__ ::adaptor_func (0x76441c4f20). try use crit jni: yes try use fast jni: no Used crit: yes Used fast: no Used norm: no crit jni supported: yes fast jni supported: no config is fast: no config is crit: yes
10-28 12:55:40.566 18128 18159 D _FB_    : Registering method com/facebook/errorreporting/nightwatch/NightwatchOreo.nRecordDataInNightWatch (IIJI)I with native method: recordDataInNightWatch_64_type_adaptor__ ::adaptor_func (0x76441c4f3c)
10-28 12:55:40.566 18128 18159 D _FB_    : Succeeded registering method com/facebook/errorreporting/nightwatch/NightwatchOreo.nRecordDataInNightWatch (IIJI)I with native method: recordDataInNightWatch_64_type_adaptor__ ::adaptor_func (0x76441c4f3c)
10-28 12:55:40.566 18128 18159 D _FB_    : Registering method com/facebook/errorreporting/nightwatch/NightwatchOreo.nRecordTickInNightWatch (IIJJJJ)I with native method: recordTickInNightWatch_64_type_adaptor__ ::adaptor_func (0x76441c4f38)
10-28 12:55:40.566 18128 18159 D _FB_    : Succeeded registering method com/facebook/errorreporting/nightwatch/NightwatchOreo.nRecordTickInNightWatch (IIJJJJ)I with native method: recordTickInNightWatch_64_type_adaptor__ ::adaptor_func (0x76441c4f38)
10-28 12:55:40.566 18128 18159 D _FB_    : Registering method com/facebook/errorreporting/nightwatch/NightwatchOreo.nSaveResourceData (II)Z with native method: saveResourceData_64_type_adaptor__ ::adaptor_func (0x76441c4f20)
