10-28 12:55:55.892 17800 17800 V ActivityScenario: Activity lifecycle changed event received but ignored because the intent does not match. startActivityIntent=Intent { act=android.intent.action.MAIN cat=[android.intent.category.LAUNCHER] cmp=com.example.lunchtray/.MainActivity }, activity.getIntent()=Intent { act=android.intent.action.MAIN cat=[android.intent.category.LAUNCHER] flg=0x10008000 cmp=com.example.lunchtray/androidx.test.core.app.InstrumentationActivityInvoker$BootstrapActivity (has extras) }, activity=androidx.test.core.app.InstrumentationActivityInvoker$BootstrapActivity@46450a
10-28 12:55:55.892 17800 17800 V ActivityScenario: Activity lifecycle changed event received but ignored because the intent does not match. startActivityIntent=Intent { act=android.intent.action.MAIN cat=[android.intent.category.LAUNCHER] cmp=com.example.lunchtray/androidx.fragment.app.testing.FragmentScenario$EmptyFragmentActivity (has extras) }, activity.getIntent()=Intent { act=android.intent.action.MAIN cat=[android.intent.category.LAUNCHER] flg=0x10008000 cmp=com.example.lunchtray/androidx.test.core.app.InstrumentationActivityInvoker$BootstrapActivity (has extras) }, activity=androidx.test.core.app.InstrumentationActivityInvoker$BootstrapActivity@46450a
10-28 12:55:55.892 17800 17800 V ActivityScenario: Activity lifecycle changed event received but ignored because the intent does not match. startActivityIntent=Intent { act=android.intent.action.MAIN cat=[android.intent.category.LAUNCHER] cmp=com.example.lunchtray/.MainActivity }, activity.getIntent()=Intent { act=android.intent.action.MAIN cat=[android.intent.category.LAUNCHER] flg=0x10008000 cmp=com.example.lunchtray/androidx.test.core.app.InstrumentationActivityInvoker$BootstrapActivity (has extras) }, activity=androidx.test.core.app.InstrumentationActivityInvoker$BootstrapActivity@46450a
10-28 12:55:55.894   954  3957 D InputDispatcher: Focused application set to (0): 56db847
10-28 12:55:55.900   954  1015 I SemPersonaManager: SecureFolder personaId = 150
10-28 12:55:55.904   954  1015 D EnterpriseDeviceManagerService: isMdmAdminPresentInternal() : MDM Admin Found - com.samsung.knox.securefolder
10-28 12:55:55.905  8198  8198 I Utils   : HomePackage : com.sec.android.app.launcher, resumePackageName : com.example.lunchtray
10-28 12:55:55.907 17800 17800 D LifecycleMonitor: Lifecycle status change: com.example.lunchtray.MainActivity@6e715b0 in: PRE_ON_CREATE
10-28 12:55:55.907 17800 17800 V ActivityScenario: Activity lifecycle changed event received but ignored because the intent does not match. startActivityIntent=Intent { act=android.intent.action.MAIN cat=[android.intent.category.LAUNCHER] cmp=com.example.lunchtray/androidx.fragment.app.testing.FragmentScenario$EmptyFragmentActivity (has extras) }, activity.getIntent()=Intent { act=android.intent.action.MAIN cat=[android.intent.category.LAUNCHER] cmp=com.example.lunchtray/.MainActivity }, activity=com.example.lunchtray.MainActivity@6e715b0
10-28 12:55:55.907 17800 17800 V ActivityScenario: Activity lifecycle changed event received but ignored because the intent does not match. startActivityIntent=Intent { act=android.intent.action.MAIN cat=[android.intent.category.LAUNCHER] cmp=com.example.lunchtray/androidx.fragment.app.testing.FragmentScenario$EmptyFragmentActivity (has extras) }, activity.getIntent()=Intent { act=android.intent.action.MAIN cat=[android.intent.category.LAUNCHER] cmp=com.example.lunchtray/.MainActivity }, activity=com.example.lunchtray.MainActivity@6e715b0
10-28 12:55:55.907 17800 17800 V ActivityScenario: Activity lifecycle changed event received but ignored because the intent does not match. startActivityIntent=Intent { act=android.intent.action.MAIN cat=[android.intent.category.LAUNCHER] cmp=com.example.lunchtray/androidx.fragment.app.testing.FragmentScenario$EmptyFragmentActivity (has extras) }, activity.getIntent()=Intent { act=android.intent.action.MAIN cat=[android.intent.category.LAUNCHER] cmp=com.example.lunchtray/.MainActivity }, activity=com.example.lunchtray.MainActivity@6e715b0
10-28 12:55:55.908 17800 17800 V ActivityScenario: Activity lifecycle changed event received but ignored because the intent does not match. startActivityIntent=Intent { act=android.intent.action.MAIN cat=[android.intent.category.LAUNCHER] cmp=com.example.lunchtray/androidx.fragment.app.testing.FragmentScenario$EmptyFragmentActivity (has extras) }, activity.getIntent()=Intent { act=android.intent.action.MAIN cat=[android.intent.category.LAUNCHER] cmp=com.example.lunchtray/.MainActivity }, activity=com.example.lunchtray.MainActivity@6e715b0
10-28 12:55:55.908 17800 17800 V ActivityScenario: Activity lifecycle changed event received but ignored because the reported transition was not ON_CREATE while the last known transition was DESTROYED
10-28 12:55:55.908 17800 17800 V ActivityScenario: Activity lifecycle changed event received but ignored because the reported transition was not ON_CREATE while the last known transition was DESTROYED
10-28 12:55:55.908 17800 17800 V ActivityScenario: Activity lifecycle changed event received but ignored because the reported transition was not ON_CREATE while the last known transition was DESTROYED
10-28 12:55:55.908 17800 17800 V ActivityScenario: Activity lifecycle changed event received but ignored because the reported transition was not ON_CREATE while the last known transition was DESTROYED
10-28 12:55:55.908 17800 17800 V ActivityScenario: Activity lifecycle changed event received but ignored because the reported transition was not ON_CREATE while the last known transition was DESTROYED
10-28 12:55:55.908 17800 17800 V ActivityScenario: Activity lifecycle changed event received but ignored because the intent does not match. startActivityIntent=Intent { act=android.intent.action.MAIN cat=[android.intent.category.LAUNCHER] cmp=com.example.lunchtray/androidx.fragment.app.testing.FragmentScenario$EmptyFragmentActivity (has extras) }, activity.getIntent()=Intent { act=android.intent.action.MAIN cat=[android.intent.category.LAUNCHER] cmp=com.example.lunchtray/.MainActivity }, activity=com.example.lunchtray.MainActivity@6e715b0
10-28 12:55:55.908 17800 17800 V ActivityScenario: Activity lifecycle changed event received but ignored because the reported transition was not ON_CREATE while the last known transition was PRE_ON_CREATE
10-28 12:55:55.916 17800 17800 I DecorView: [INFO] isPopOver=false, config=true
10-28 12:55:55.916 17800 17800 I DecorView: updateCaptionType >> DecorView@e1c96c5[], isFloating=false, isApplication=true, hasWindowControllerCallback=true, hasWindowDecorCaption=false
10-28 12:55:55.916 17800 17800 D DecorView: setCaptionType = 0, this = DecorView@e1c96c5[]
10-28 12:55:55.917 17800 17800 I DecorView: getCurrentDensityDpi: from real metrics. densityDpi=420 msg=resources_loaded
10-28 12:55:55.924 17800 17800 D LifecycleMonitor: Lifecycle status change: com.example.lunchtray.MainActivity@6e715b0 in: CREATED
10-28 12:55:55.924 17800 17800 V ActivityScenario: Activity lifecycle changed event received but ignored because the intent does not match. startActivityIntent=Intent { act=android.intent.action.MAIN cat=[android.intent.category.LAUNCHER] cmp=com.example.lunchtray/androidx.fragment.app.testing.FragmentScenario$EmptyFragmentActivity (has extras) }, activity.getIntent()=Intent { act=android.intent.action.MAIN cat=[android.intent.category.LAUNCHER] cmp=com.example.lunchtray/.MainActivity }, activity=com.example.lunchtray.MainActivity@6e715b0
10-28 12:55:55.924 17800 17800 V ActivityScenario: Activity lifecycle changed event received but ignored because the intent does not match. startActivityIntent=Intent { act=android.intent.action.MAIN cat=[android.intent.category.LAUNCHER] cmp=com.example.lunchtray/androidx.fragment.app.testing.FragmentScenario$EmptyFragmentActivity (has extras) }, activity.getIntent()=Intent { act=android.intent.action.MAIN cat=[android.intent.category.LAUNCHER] cmp=com.example.lunchtray/.MainActivity }, activity=com.example.lunchtray.MainActivity@6e715b0
10-28 12:55:55.924 17800 17800 V ActivityScenario: Activity lifecycle changed event received but ignored because the intent does not match. startActivityIntent=Intent { act=android.intent.action.MAIN cat=[android.intent.category.LAUNCHER] cmp=com.example.lunchtray/androidx.fragment.app.testing.FragmentScenario$EmptyFragmentActivity (has extras) }, activity.getIntent()=Intent { act=android.intent.action.MAIN cat=[android.intent.category.LAUNCHER] cmp=com.example.lunchtray/.MainActivity }, activity=com.example.lunchtray.MainActivity@6e715b0
10-28 12:55:55.924 17800 17800 V ActivityScenario: Activity lifecycle changed event received but ignored because the intent does not match. startActivityIntent=Intent { act=android.intent.action.MAIN cat=[android.intent.category.LAUNCHER] cmp=com.example.lunchtray/androidx.fragment.app.testing.FragmentScenario$EmptyFragmentActivity (has extras) }, activity.getIntent()=Intent { act=android.intent.action.MAIN cat=[android.intent.category.LAUNCHER] cmp=com.example.lunchtray/.MainActivity }, activity=com.example.lunchtray.MainActivity@6e715b0
10-28 12:55:55.924 17800 17800 V ActivityScenario: Update currentActivityStage to CREATED, currentActivity=com.example.lunchtray.MainActivity@6e715b0
10-28 12:55:55.924 17800 17800 V ActivityScenario: Update currentActivityStage to CREATED, currentActivity=com.example.lunchtray.MainActivity@6e715b0
10-28 12:55:55.924 17800 17800 V ActivityScenario: Update currentActivityStage to CREATED, currentActivity=com.example.lunchtray.MainActivity@6e715b0
10-28 12:55:55.924 17800 17800 V ActivityScenario: Update currentActivityStage to CREATED, currentActivity=com.example.lunchtray.MainActivity@6e715b0
10-28 12:55:55.924 17800 17800 V ActivityScenario: Update currentActivityStage to CREATED, currentActivity=com.example.lunchtray.MainActivity@6e715b0
10-28 12:55:55.925 17800 17800 V ActivityScenario: Activity lifecycle changed event received but ignored because the intent does not match. startActivityIntent=Intent { act=android.intent.action.MAIN cat=[android.intent.category.LAUNCHER] cmp=com.example.lunchtray/androidx.fragment.app.testing.FragmentScenario$EmptyFragmentActivity (has extras) }, activity.getIntent()=Intent { act=android.intent.action.MAIN cat=[android.intent.category.LAUNCHER] cmp=com.example.lunchtray/.MainActivity }, activity=com.example.lunchtray.MainActivity@6e715b0
10-28 12:55:55.925 17800 17800 V ActivityScenario: Update currentActivityStage to CREATED, currentActivity=com.example.lunchtray.MainActivity@6e715b0
10-28 12:55:55.933 17800 17800 D LifecycleMonitor: Lifecycle status change: com.example.lunchtray.MainActivity@6e715b0 in: STARTED
10-28 12:55:55.933 17800 17800 V ActivityScenario: Activity lifecycle changed event received but ignored because the intent does not match. startActivityIntent=Intent { act=android.intent.action.MAIN cat=[android.intent.category.LAUNCHER] cmp=com.example.lunchtray/androidx.fragment.app.testing.FragmentScenario$EmptyFragmentActivity (has extras) }, activity.getIntent()=Intent { act=android.intent.action.MAIN cat=[android.intent.category.LAUNCHER] cmp=com.example.lunchtray/.MainActivity }, activity=com.example.lunchtray.MainActivity@6e715b0
10-28 12:55:55.933 17800 17800 V ActivityScenario: Activity lifecycle changed event received but ignored because the intent does not match. startActivityIntent=Intent { act=android.intent.action.MAIN cat=[android.intent.category.LAUNCHER] cmp=com.example.lunchtray/androidx.fragment.app.testing.FragmentScenario$EmptyFragmentActivity (has extras) }, activity.getIntent()=Intent { act=android.intent.action.MAIN cat=[android.intent.category.LAUNCHER] cmp=com.example.lunchtray/.MainActivity }, activity=com.example.lunchtray.MainActivity@6e715b0
10-28 12:55:55.933 17800 17800 V ActivityScenario: Activity lifecycle changed event received but ignored because the intent does not match. startActivityIntent=Intent { act=android.intent.action.MAIN cat=[android.intent.category.LAUNCHER] cmp=com.example.lunchtray/androidx.fragment.app.testing.FragmentScenario$EmptyFragmentActivity (has extras) }, activity.getIntent()=Intent { act=android.intent.action.MAIN cat=[android.intent.category.LAUNCHER] cmp=com.example.lunchtray/.MainActivity }, activity=com.example.lunchtray.MainActivity@6e715b0
10-28 12:55:55.933 17800 17800 V ActivityScenario: Activity lifecycle changed event received but ignored because the intent does not match. startActivityIntent=Intent { act=android.intent.action.MAIN cat=[android.intent.category.LAUNCHER] cmp=com.example.lunchtray/androidx.fragment.app.testing.FragmentScenario$EmptyFragmentActivity (has extras) }, activity.getIntent()=Intent { act=android.intent.action.MAIN cat=[android.intent.category.LAUNCHER] cmp=com.example.lunchtray/.MainActivity }, activity=com.example.lunchtray.MainActivity@6e715b0
10-28 12:55:55.933 17800 17800 V ActivityScenario: Update currentActivityStage to STARTED, currentActivity=com.example.lunchtray.MainActivity@6e715b0
10-28 12:55:55.933 17800 17800 V ActivityScenario: Update currentActivityStage to STARTED, currentActivity=com.example.lunchtray.MainActivity@6e715b0
10-28 12:55:55.933 17800 17800 V ActivityScenario: Update currentActivityStage to STARTED, currentActivity=com.example.lunchtray.MainActivity@6e715b0
10-28 12:55:55.933 17800 17800 V ActivityScenario: Update currentActivityStage to STARTED, currentActivity=com.example.lunchtray.MainActivity@6e715b0
10-28 12:55:55.933 17800 17800 V ActivityScenario: Update currentActivityStage to STARTED, currentActivity=com.example.lunchtray.MainActivity@6e715b0
10-28 12:55:55.933 17800 17800 V ActivityScenario: Activity lifecycle changed event received but ignored because the intent does not match. startActivityIntent=Intent { act=android.intent.action.MAIN cat=[android.intent.category.LAUNCHER] cmp=com.example.lunchtray/androidx.fragment.app.testing.FragmentScenario$EmptyFragmentActivity (has extras) }, activity.getIntent()=Intent { act=android.intent.action.MAIN cat=[android.intent.category.LAUNCHER] cmp=com.example.lunchtray/.MainActivity }, activity=com.example.lunchtray.MainActivity@6e715b0
10-28 12:55:55.933 17800 17800 V ActivityScenario: Update currentActivityStage to STARTED, currentActivity=com.example.lunchtray.MainActivity@6e715b0
10-28 12:55:55.934 17800 17800 D LifecycleMonitor: Lifecycle status change: com.example.lunchtray.MainActivity@6e715b0 in: RESUMED
10-28 12:55:55.934 17800 17800 V ActivityScenario: Activity lifecycle changed event received but ignored because the intent does not match. startActivityIntent=Intent { act=android.intent.action.MAIN cat=[android.intent.category.LAUNCHER] cmp=com.example.lunchtray/androidx.fragment.app.testing.FragmentScenario$EmptyFragmentActivity (has extras) }, activity.getIntent()=Intent { act=android.intent.action.MAIN cat=[android.intent.category.LAUNCHER] cmp=com.example.lunchtray/.MainActivity }, activity=com.example.lunchtray.MainActivity@6e715b0
10-28 12:55:55.934 17800 17800 V ActivityScenario: Activity lifecycle changed event received but ignored because the intent does not match. startActivityIntent=Intent { act=android.intent.action.MAIN cat=[android.intent.category.LAUNCHER] cmp=com.example.lunchtray/androidx.fragment.app.testing.FragmentScenario$EmptyFragmentActivity (has extras) }, activity.getIntent()=Intent { act=android.intent.action.MAIN cat=[android.intent.category.LAUNCHER] cmp=com.example.lunchtray/.MainActivity }, activity=com.example.lunchtray.MainActivity@6e715b0
10-28 12:55:55.934 17800 17800 V ActivityScenario: Activity lifecycle changed event received but ignored because the intent does not match. startActivityIntent=Intent { act=android.intent.action.MAIN cat=[android.intent.category.LAUNCHER] cmp=com.example.lunchtray/androidx.fragment.app.testing.FragmentScenario$EmptyFragmentActivity (has extras) }, activity.getIntent()=Intent { act=android.intent.action.MAIN cat=[android.intent.category.LAUNCHER] cmp=com.example.lunchtray/.MainActivity }, activity=com.example.lunchtray.MainActivity@6e715b0
10-28 12:55:55.934 17800 17800 V ActivityScenario: Activity lifecycle changed event received but ignored because the intent does not match. startActivityIntent=Intent { act=android.intent.action.MAIN cat=[android.intent.category.LAUNCHER] cmp=com.example.lunchtray/androidx.fragment.app.testing.FragmentScenario$EmptyFragmentActivity (has extras) }, activity.getIntent()=Intent { act=android.intent.action.MAIN cat=[android.intent.category.LAUNCHER] cmp=com.example.lunchtray/.MainActivity }, activity=com.example.lunchtray.MainActivity@6e715b0
10-28 12:55:55.934 17800 17800 V ActivityScenario: Update currentActivityStage to RESUMED, currentActivity=com.example.lunchtray.MainActivity@6e715b0
10-28 12:55:55.934 17800 17800 V ActivityScenario: Update currentActivityStage to RESUMED, currentActivity=com.example.lunchtray.MainActivity@6e715b0
10-28 12:55:55.934 17800 17800 V ActivityScenario: Update currentActivityStage to RESUMED, currentActivity=com.example.lunchtray.MainActivity@6e715b0
10-28 12:55:55.934 17800 17800 V ActivityScenario: Update currentActivityStage to RESUMED, currentActivity=com.example.lunchtray.MainActivity@6e715b0
10-28 12:55:55.935 17800 17800 V ActivityScenario: Update currentActivityStage to RESUMED, currentActivity=com.example.lunchtray.MainActivity@6e715b0
10-28 12:55:55.935 17800 17800 V ActivityScenario: Activity lifecycle changed event received but ignored because the intent does not match. startActivityIntent=Intent { act=android.intent.action.MAIN cat=[android.intent.category.LAUNCHER] cmp=com.example.lunchtray/androidx.fragment.app.testing.FragmentScenario$EmptyFragmentActivity (has extras) }, activity.getIntent()=Intent { act=android.intent.action.MAIN cat=[android.intent.category.LAUNCHER] cmp=com.example.lunchtray/.MainActivity }, activity=com.example.lunchtray.MainActivity@6e715b0
10-28 12:55:55.935 17800 17800 V ActivityScenario: Update currentActivityStage to RESUMED, currentActivity=com.example.lunchtray.MainActivity@6e715b0
10-28 12:55:55.938   954  1844 D InputTransport: Input channel constructed: '213693f', fd=1464
10-28 12:55:55.938   954  1844 D InputTransport: Input channel constructed: '213693f', fd=1465
10-28 12:55:55.939   954  1844 D InputTransport: Input channel constructed: '213693f', fd=1466
10-28 12:55:55.939   620  2717 I SurfaceFlinger: id=205100 createSurf (0x0),-1 flag=80004, 213693f com.example.lunchtray/com.example.lunchtray.MainActivity#0
10-28 12:55:55.940   954  1844 D InputTransport: Input channel destroyed: '213693f', fd=1466
10-28 12:55:55.941 17800 17800 I ViewRootImpl@d18c7a9[MainActivity]: setView = com.android.internal.policy.DecorView@e1c96c5 TM=true
10-28 12:55:55.942   954  1054 D AnalyticsContainerHandler: handleMessage : { when=0 what=1 target=com.android.server.knox.KnoxAnalyticsContainer$AnalyticsHandler }
10-28 12:55:55.955   954  1844 V WindowManager: Relayout Window{213693f u0 com.example.lunchtray/com.example.lunchtray.MainActivity}: viewVisibility=0 req=1080x2280 d0
10-28 12:55:55.955   620   642 I SurfaceFlinger: id=205101 createSurf (1x1),-3 flag=40004, com.example.lunchtray/com.example.lunchtray.MainActivity$_17800#0
10-28 12:55:55.957   620   642 I SurfaceFlinger: id=205102 createSurf (0x0),-1 flag=24000, Surface(name=2fa8401 StatusBar)/@0xf000e26 - animation-leash of insets_animation#0
10-28 12:55:55.958   620   642 I SurfaceFlinger: id=205103 createSurf (0x0),-1 flag=24000, Surface(name=be23078 NavigationBar0)/@0x50010bd - animation-leash of insets_animation#0
10-28 12:55:55.959   954  1844 V WindowManager: Relayout hash=213693f, pid=17800: mAttrs={(0,0)(fillxfill) sim={adjust=pan forwardNavigation} ty=BASE_APPLICATION wanim=0x1030303
10-28 12:55:55.959   954  1844 V WindowManager:   fl=81810100
10-28 12:55:55.959   954  1844 V WindowManager:   pfl=12020040
10-28 12:55:55.959   954  1844 V WindowManager:   apr=LIGHT_NAVIGATION_BARS
10-28 12:55:55.959   954  1844 V WindowManager:   bhv=DEFAULT
10-28 12:55:55.959   954  1844 V WindowManager:   fitSides= naviIconColor=0
10-28 12:55:55.959   954  1844 V WindowManager:   sfl=100000}
10-28 12:55:55.961 17800 17800 I ViewRootImpl@d18c7a9[MainActivity]: Relayout returned: old=(0,0,1080,2280) new=(0,0,1080,2280) req=(1080,2280)0 dur=6 res=0x7 s={true 515080463104} ch=true fn=-1
10-28 12:55:55.962 17800 17884 D OpenGLRenderer: eglCreateWindowSurface
10-28 12:55:55.964 17800 17800 I ViewRootImpl@d18c7a9[MainActivity]: [DP] dp(1) 1 android.view.ViewRootImpl.reportNextDraw:11420 android.view.ViewRootImpl.performTraversals:4193 android.view.ViewRootImpl.doTraversal:2919
10-28 12:55:55.971 17800 17800 I ViewRootImpl@d18c7a9[MainActivity]: [DP] pdf(0) 1 android.view.ViewRootImpl.lambda$addFrameCompleteCallbackIfNeeded$3$ViewRootImpl:4995 android.view.ViewRootImpl$$ExternalSyntheticLambda16.run:6 android.os.Handler.handleCallback:938
10-28 12:55:55.971 17800 17800 I ViewRootImpl@d18c7a9[MainActivity]: [DP] rdf()
10-28 12:55:55.971 17800 17800 D ViewRootImpl@d18c7a9[MainActivity]: reportDrawFinished (fn: -1)
10-28 12:55:55.973   620   642 I SurfaceFlinger: id=205104 createSurf (0x0),-1 flag=24000, Surface(name=213693f com.example.lunchtray/com.example.lunchtray.MainActivity)/@0x6af4137 - animation-leash of starting_reveal#0
10-28 12:55:55.975 17800 17800 D InsetsSourceConsumer: ensureControlAlpha: for ITYPE_NAVIGATION_BAR on com.example.lunchtray/com.example.lunchtray.MainActivity
10-28 12:55:55.975   954  1012 I PkgPredictorService-SecIpmManagerServiceImpl: reportToNAP uid:10998 com.example.lunchtray/com.example.lunchtray.MainActivity thisTime:152
10-28 12:55:55.976   954  2750 I PkgPredictorService-NapClassifier: it's ready to run
10-28 12:55:55.976   954  1012 I ActivityTaskManager: Displayed com.example.lunchtray/.MainActivity: +152ms
10-28 12:55:55.976 17800 17800 D InsetsSourceConsumer: ensureControlAlpha: for ITYPE_STATUS_BAR on com.example.lunchtray/com.example.lunchtray.MainActivity
10-28 12:55:55.976  2946  2946 E pageboostd: Received HALT command code 2
10-28 12:55:55.977 17800 17800 D RootViewPicker: Root not ready - waiting: 10ms for one to appear.
10-28 12:55:55.977   954  1844 I SemDvfsHyPerManager: acquire hyper - AMS_RESUME_TAIL/954@19, type = -999
10-28 12:55:55.977   954  1844 I SemDvfsHyPerManager: acquire hyper - AMS_ACT_LAZY/954@20, type = -999
10-28 12:55:55.978   566   611 I HYPER-HAL: [RequestManager.cpp]acquire(): Acquired ID : 473870  [954 / 19]    HINT : AMS_RESUME_TAIL    list :
10-28 12:55:55.978   529   535 E statsd  : Predicate 5980654721335871649 dropping data for dimension key (10)0x2010101->10998[I] (10)0x30000->*launch*[S]
10-28 12:55:55.978   566   611 I HYPER-HAL: [RequestManager.cpp]releaseLocked(): Released ID : 475821
10-28 12:55:55.978   529   535 E statsd  : Predicate -7037417284711607308 dropping data for dimension key (10)0x2010101->10998[I] (10)0x30000->*launch*[S]
10-28 12:55:55.983   620   620 I Layer   : id=205097 removeFromCurrentState Surface(name=2fa8401 StatusBar)/@0xf000e26 - animation-leash of insets_animation#1 (179)
10-28 12:55:55.983   620   620 I Layer   : id=205098 removeFromCurrentState Surface(name=be23078 NavigationBar0)/@0x50010bd - animation-leash of insets_animation#1 (179)
10-28 12:55:55.983   620   620 I SurfaceFlinger: id=205097 Removed Surface(name=2fa8401 StatusBar)/@0xf000e26 - animation-leash of insets_animation#1 (179)
10-28 12:55:55.983   620   620 I SurfaceFlinger: id=205098 Removed Surface(name=be23078 NavigationBar0)/@0x50010bd - animation-leash of insets_animation#1 (179)
10-28 12:55:55.984   620   620 I Layer   : id=205097 Destroyed Surface(name=2fa8401 StatusBar)/@0xf000e26 - animation-leash of insets_animation#1
10-28 12:55:55.984  1348  2147 I ViewRootImpl@4d646e4[lunchtray]: mWNT: t = android.view.SurfaceControl$Transaction@918c4e fN = 2 android.view.SyncRtSurfaceTransactionApplier.applyTransaction:94 android.view.SyncRtSurfaceTransactionApplier.lambda$scheduleApply$0$SyncRtSurfaceTransactionApplier:71 android.view.SyncRtSurfaceTransactionApplier$$ExternalSyntheticLambda0.onFrameDraw:4
10-28 12:55:55.984  1348  2147 I ViewRootImpl@4d646e4[lunchtray]: mWNT: merge t to BBQ
10-28 12:55:55.984  1348  2147 I ViewRootImpl@4d646e4[lunchtray]: mWNT: t = android.view.SurfaceControl$Transaction@90cb16f fN = 2 android.view.SyncRtSurfaceTransactionApplier.applyTransaction:94 android.view.SyncRtSurfaceTransactionApplier.lambda$scheduleApply$0$SyncRtSurfaceTransactionApplier:71 android.view.SyncRtSurfaceTransactionApplier$$ExternalSyntheticLambda0.onFrameDraw:4
10-28 12:55:55.984  1348  2147 I ViewRootImpl@4d646e4[lunchtray]: mWNT: merge t to BBQ
10-28 12:55:55.984   620   620 I Layer   : id=205098 Destroyed Surface(name=be23078 NavigationBar0)/@0x50010bd - animation-leash of insets_animation#1
10-28 12:55:55.984   954  3957 D InputDispatcher: Focus entered window (0): 213693f com.example.lunchtray/com.example.lunchtray.MainActivity
10-28 12:55:55.985 17800 17800 I ViewRootImpl@d18c7a9[MainActivity]: MSG_WINDOW_FOCUS_CHANGED 1 1
10-28 12:55:55.987 17800 17800 D InputMethodManager: startInputInner - Id : 0
10-28 12:55:55.987 17800 17800 I InputMethodManager: startInputInner - mService.startInputOrWindowGainedFocus
10-28 12:55:55.987   954  3957 D InputMethodManagerService: DESKTOP MODE! : 2
10-28 12:55:55.987   954  3957 D InputMethodManagerService: NOT IN KNOX DESKTOP MODE!
10-28 12:55:55.987   954  3957 V InputMethodManagerService: getDisplayIdOfInputMethodWindowToBeAdded : 0
10-28 12:55:55.988   954  3957 D InputMethodManagerService: checkDisplayOfStartInputAndUpdateKeyboard display Id 0last 0
10-28 12:55:55.988   954  3957 D InputTransport: Input channel constructed: 'ClientS', fd=1449
10-28 12:55:55.988   954  3957 D InputTransport: Input channel destroyed: 'ClientS', fd=1449
10-28 12:55:55.989 19204 19204 D InputMethodService: checkDisplayOfStartInputAndUpdateKeyboard display Id 0last 0
10-28 12:55:55.989   620  3677 I SurfaceFlinger: id=205105 createSurf (0x0),-1 flag=24004, Surface(name=2188bee InputMethod)/@0xe151908 - animation-leash of insets_animation#1
10-28 12:55:55.990   620   620 D SurfaceFlinger: Display 0 HWC layers:
10-28 12:55:55.990   620   620 D SurfaceFlinger:      CLIENT | 0x7843da8ad0 | 0100 | RGBx_8888    |  589.0    0.0 1651.0 2240.0 |    0    0 1080 2280 | Wallpaper BBQ wrapper#0
10-28 12:55:55.990   620   620 D SurfaceFlinger:      CLIENT |              | 0000 |  Unknown  |    0.0    0.0    0.0    0.0 |    0    0 1080 2280 | OneUiHome-BlurLayer#1 (backgroundBlurRadius)
10-28 12:55:55.990   620   620 D SurfaceFlinger:      DEVICE | 0x7843da9df0 | 0100 | RGBA_8888    |    0.0    0.0 1080.0 2280.0 |    0    0 1080 2280 | com.sec.android.app.launcher/com.sec[...]activities.LauncherActivity$_26660#0
10-28 12:55:55.990   620   620 D SurfaceFlinger:      DEVICE | 0x7843da5170 | 0102 | RGBA_8888    |    0.0    0.0 1080.0 2280.0 |   27   57 1053 2223 | com.example.lunchtray/com.example.lunchtray.MainActivity$_17800#0
10-28 12:55:55.990   620   620 D SurfaceFlinger:      DEVICE | 0x7843da3670 | 0100 | RGBA_8888    |    0.0    0.0 1080.0 2280.0 |   27   57 1053 2223 | Splash Screen com.example.lunchtray$_1348#0
10-28 12:55:55.990   620   620 D SurfaceFlinger:      DEVICE | 0x7843dbca50 | 0100 | RGBA_8888    |    0.0    0.0 1080.0  112.0 |    0    0 1080  112 | StatusBar$_1348#0
10-28 12:55:55.990   620   620 D SurfaceFlinger:      DEVICE | 0x7843dbc6f0 | 0100 | RGBA_8888    |    0.0    0.0   67.0  416.0 |    0  814   67 1230 | com.sams
10-28 12:55:55.990   620   620 D SurfaceFlinger: ung.android.app.cocktailbars[...]arservice.CocktailBarService$_8198#0
10-28 12:55:55.990   620   620 D SurfaceFlinger:      DEVICE | 0x7843db1bf0 | 0100 | RGBA_8888    |    0.0    0.0 1080.0  126.0 |    0 2154 1080 2280 | NavigationBar0$_1348#0
10-28 12:55:55.990   620   620 D SurfaceFlinger:
10-28 12:55:55.993   954  1253 D SemNscXgbMsL1: Probability - Cloud gaming: [0.08793595]
10-28 12:55:55.993   954  1253 D SemNscXgbMsL1: Probability - Real time: [0.016339445]
10-28 12:55:55.993   954  1253 D SemNscXgbMsL1: Probability - Non real time: [0.9169033]
10-28 12:55:55.993   954  1253 D SemNscXgbMsL1: 1 sample inference time: 0.228961 msecs
10-28 12:55:55.993   954  1253 D SemNscXgbL2Rt: L2 RT 1 sample inference time: 0.308115 msecs
10-28 12:55:55.994   954  1253 D SemNscXgbL2Nrt: L2 NRT 1 sample inference time: 0.275346 msecs
10-28 12:55:55.996 26660   491 I RecentModel: onTaskStackChangedBackground
10-28 12:55:55.997 26660   491 I RecentTasksList: getTaskKeys, numTasks :3 callback : com.android.quickstep.-$$Lambda$RecentsModel$k1Mm-BV64Bc89eJHYugywZmW_Js@6c78296
10-28 12:55:55.998  3825  4192 I SemDvfsHyPerManager: acquire hyper - BaseTABoost/3825@21, type = 1090523139
10-28 12:55:55.998  3825  4192 I SemDvfsHyPerManager: acquire hyper - BaseTAToouchBoost/3825@23, type = 1090523139
10-28 12:55:55.998 26660 26792 I RecentTasksList: loadTasksInBackground() task id : 30394
10-28 12:55:55.998 26660 26792 I RecentTasksList: loadTasksInBackground() task id : 30298
10-28 12:55:55.998 26660 26792 I RecentTasksList: loadTasksInBackground() task id : 30472
10-28 12:55:55.998 26660 26793 I BadgeCountUpdaterImpl: reload badge with refresh
10-28 12:55:55.999   566   611 I HYPER-HAL: [RequestManager.cpp]acquire(): Acquired ID : 7397802  [3825 / 21]    HINT :      list : [TABoost / 5]
10-28 12:55:55.999   566   611 I HYPER-HAL: [RequestManager.cpp]acquire(): Acquired ID : 7405499  [3825 / 23]    HINT :      list : [TABoost / 20] [TIMEOUT / 1500]
10-28 12:55:56.000   620   620 I Layer   : id=205089 removeFromCurrentState Surface(name=2188bee InputMethod)/@0xe151908 - animation-leash of insets_animation#0 (178)
10-28 12:55:56.000   620   620 I SurfaceFlinger: id=205089 Removed Surface(name=2188bee InputMethod)/@0xe151908 - animation-leash of insets_animation#0 (178)
10-28 12:55:56.000   620   620 I Layer   : id=205089 Destroyed Surface(name=2188bee InputMethod)/@0xe151908 - animation-leash of insets_animation#0
10-28 12:55:56.000  1348  2148 I ViewRootImpl@4d646e4[lunchtray]: mWNT: t = android.view.SurfaceControl$Transaction@3518e7c fN = 3 android.view.SyncRtSurfaceTransactionApplier.applyTransaction:94 android.view.SyncRtSurfaceTransactionApplier.lambda$scheduleApply$0$SyncRtSurfaceTransactionApplier:71 android.view.SyncRtSurfaceTransactionApplier$$ExternalSyntheticLambda0.onFrameDraw:4
10-28 12:55:56.000  1348  2148 I ViewRootImpl@4d646e4[lunchtray]: mWNT: merge t to BBQ
10-28 12:55:56.001  2308 13564 I BadgeProvider: query, [selection] : null
10-28 12:55:56.002   531   531 D Zygote  : Forked child process 18786
10-28 12:55:56.004   954  1844 D InputMethodManagerServicePhysicalKey: isConnectedDexOnPC false
10-28 12:55:56.004   954  1844 D InputMethodManagerService: isImeSwitcherDisabledPackage : false
10-28 12:55:56.005 17800 17800 I ViewInteraction: Performing 'single click' action on view view.getId() is <2131231207/com.example.lunchtray:id/start_order_btn>
10-28 12:55:56.006   954  3957 D InputDispatcher: Inject motion (17800): action=0x0, time=851604800000000, f=0x0, d=0
10-28 12:55:56.006   954  1162 I InputDispatcher: Delivering touch to (1348): action: 0x4, f=0x0, d=0, 'be23078', t=0
10-28 12:55:56.006   954  1162 I InputDispatcher: Delivering touch to (17800): action: 0x0, f=0x0, d=0, '213693f', t=0 +(-22,-100)*1.04
10-28 12:55:56.006 19204 19204 E FullInputEventModel: onStartInput event aborted: al1: could not obtain extracted text (class al1)
10-28 12:55:56.007  3825  3825 I SemDvfsHyPerManager: acquire hyper - BaseTABoost/3825@21, type = 1090523139
10-28 12:55:56.007  3825  3825 I SemDvfsHyPerManager: acquire hyper - BaseTAToouchBoost/3825@23, type = 1090523139
10-28 12:55:56.007   566   611 I HYPER-HAL: [RequestManager.cpp]acquire(): Acquired ID : 7397802  [3825 / 21]    HINT :      list : [TABoost / 5]
10-28 12:55:56.007   566   611 I HYPER-HAL: [RequestManager.cpp]acquire(): Acquired ID : 7405499  [3825 / 23]    HINT :      list : [TABoost / 20] [TIMEOUT / 1500]
10-28 12:55:56.008 26660 26793 I BadgeCache: failed to query cursor is null
10-28 12:55:56.008 26660 26793 I BadgeCache: reloadBadge size : 0
10-28 12:55:56.008 26660 26660 I BadgeCountUpdaterImpl: refresh badge 0
10-28 12:55:56.008 17800 17800 I ViewRootImpl@d18c7a9[MainActivity]: ViewPostIme pointer 0
10-28 12:55:56.008 26660 26660 I FolderIconView: applyDotState FolderInfo : Samsung display : 1 count : 0
10-28 12:55:56.009 26660 26660 I FolderIconView: applyDotState FolderInfo : Google display : 1 count : 0
10-28 12:55:56.009 26660 26660 I FolderIconView: applyDotState FolderInfo : Microsoft aplikacije display : 1 count : 0
10-28 12:55:56.009 26660 26660 I FolderIconView: applyDotState FolderInfo : Misc display : 1 count : 0
10-28 12:55:56.015 18786 18786 E m.facebook.orc: Not starting debugger since process cannot load the jdwp agent.
10-28 12:55:56.017  1348  2147 I ViewRootImpl@4d646e4[lunchtray]: mWNT: t = android.view.SurfaceControl$Transaction@30ba305 fN = 4 android.view.SyncRtSurfaceTransactionApplier.applyTransaction:94 android.view.SyncRtSurfaceTransactionApplier.lambda$scheduleApply$0$SyncRtSurfaceTransactionApplier:71 android.view.SyncRtSurfaceTransactionApplier$$ExternalSyntheticLambda0.onFrameDraw:4
10-28 12:55:56.017  1348  2147 I ViewRootImpl@4d646e4[lunchtray]: mWNT: merge t to BBQ
10-28 12:55:56.018 26660 26660 I BadgeRenderer: Invalid count : 0
10-28 12:55:56.018 26660 26660 I BadgeRenderer: Invalid count : 0
10-28 12:55:56.019 26660 26660 I BadgeRenderer: Invalid count : 0
10-28 12:55:56.019 26660 26660 I BadgeRenderer: Invalid count : 0
10-28 12:55:56.019 18786 18786 E USNET   : USNET: appName: com.facebook.orca
10-28 12:55:56.020 18786 18786 D ProcessState: Binder ioctl to enable oneway spam detection failed: Invalid argument
10-28 12:55:56.025 18786 18786 D ActivityThread: setConscryptValidator
10-28 12:55:56.025 18786 18786 D ActivityThread: setConscryptValidator - put
10-28 12:55:56.032  1341  1341 D HidDeviceService: handleMessage(): msg.what=8
10-28 12:55:56.034 18786 18786 D CompatibilityChangeReporter: Compat change id reported: 171979766; UID 10792; state: ENABLED
10-28 12:55:56.034  1348  1537 D OpenGLRenderer: setSurface called with nullptr
10-28 12:55:56.034  1348  1537 D OpenGLRenderer: setSurface() destroyed EGLSurface
10-28 12:55:56.034  1348  1537 D OpenGLRenderer: destroyEglSurface
10-28 12:55:56.035   954  3957 V WindowManager: Relayout Window{9bdd6b2 u0 Splash Screen com.example.lunchtray}: viewVisibility=8 req=1080x2280 d0
10-28 12:55:56.036   620   642 I SurfaceFlinger: id=205106 createSurf (0x0),-1 flag=24000, Surface(name=9bdd6b2 Splash Screen com.example.lunchtray)/@0xbc74874 - animation-leash of window_animation#0
10-28 12:55:56.039   954  3957 V WindowManager: Relayout hash=9bdd6b2, pid=1348: mAttrs={(0,0)(fillxfill) sim={adjust=pan} ty=APPLICATION_STARTING fmt=TRANSLUCENT wanim=0x1030001
10-28 12:55:56.039   954  3957 V WindowManager:   fl=81030118
10-28 12:55:56.039   954  3957 V WindowManager:   pfl=36000010
10-28 12:55:56.039   954  3957 V WindowManager:   bhv=DEFAULT
10-28 12:55:56.039   954  3957 V WindowManager:   fitSides= naviIconColor=0}
10-28 12:55:56.039  1348  1474 I ViewRootImpl@4d646e4[lunchtray]: Relayout returned: old=(0,0,1080,2280) new=(0,0,1080,2280) req=(1080,2280)8 dur=4 res=0x5 s={false 0} ch=true fn=5
10-28 12:55:56.039  1348  1474 I ViewRootImpl@4d646e4[lunchtray]: dispatchDetachedFromWindow
10-28 12:55:56.039   954  1844 D InputTransport: Input channel destroyed: '9bdd6b2', fd=1439
10-28 12:55:56.039   954  1844 W InputManager-JNI: Input channel object '9bdd6b2 Splash Screen com.example.lunchtray (client)' was disposed without first being removed with the input manager!
10-28 12:55:56.039   954  1844 D InputTransport: Input channel destroyed: '9bdd6b2', fd=1445
10-28 12:55:56.040  1348  1474 D InputTransport: Input channel destroyed: '9bdd6b2', fd=202
10-28 12:55:56.047   954  1844 D InputDispatcher: Inject motion (17800): action=0x1, time=851604842000000, f=0x0, d=0
10-28 12:55:56.048   954  1162 I InputDispatcher: Delivering touch to (17800): action: 0x1, f=0x0, d=0, '213693f', t=1 +(-14,-33)*1.03
10-28 12:55:56.048 17800 17800 I ViewRootImpl@d18c7a9[MainActivity]: ViewPostIme pointer 1
10-28 12:55:56.050   620   620 I Layer   : id=205104 removeFromCurrentState Surface(name=213693f com.example.lunchtray/com.example.lunchtray.MainActivity)/@0x6af4137 - animation-leash of starting_reveal#0 (178)
10-28 12:55:56.058 17800 17800 D ScrollView: initGoToTop
10-28 12:55:56.097   954  1844 V WindowManager: Relayout Window{213693f u0 com.example.lunchtray/com.example.lunchtray.MainActivity}: viewVisibility=0 req=1080x2280 d0
10-28 12:55:56.099   954  1844 V WindowManager: Relayout hash=213693f, pid=17800: mAttrs={(0,0)(fillxfill) sim={adjust=resize} ty=BASE_APPLICATION wanim=0x1030303
10-28 12:55:56.099   954  1844 V WindowManager:   fl=81810100
10-28 12:55:56.099   954  1844 V WindowManager:   pfl=12020040
10-28 12:55:56.099   954  1844 V WindowManager:   apr=LIGHT_NAVIGATION_BARS
10-28 12:55:56.099   954  1844 V WindowManager:   bhv=DEFAULT
10-28 12:55:56.099   954  1844 V WindowManager:   fitSides= naviIconColor=0
10-28 12:55:56.099   954  1844 V WindowManager:   sfl=100000}
10-28 12:55:56.100 17800 17800 I ViewRootImpl@d18c7a9[MainActivity]: Relayout returned: old=(0,0,1080,2280) new=(0,0,1080,2280) req=(1080,2280)0 dur=2 res=0x1 s={true 515080463104} ch=false fn=8
10-28 12:55:56.100 17800 17800 D ScrollView:  onsize change changed
10-28 12:55:56.102  1348  1348 D NavigationBar: onSystemBarAttributesChanged() -  displayId:0, appearance:16 (APPEARANCE_LIGHT_NAVIGATION_BARS ), navbarColorManagedByIme:false
10-28 12:55:56.103  1348  1348 V Navbar.Store: handleEvent [EventType] GET_BOOL_REGION_SAMPLING_ENABLED [Module] LightBarController  KEYS_DEFAULT=false
10-28 12:55:56.103  1348  1348 V Navbar.Store: --[Band]COLOR_PACK_GET_REGION_SAMPLING_ENABLED
10-28 12:55:56.103  1348  1348 V Navbar.Store: ----getValue(BOOL_REGION_SAMPLING_ENABLED)=false
10-28 12:55:56.107 18786 18786 W m.facebook.orc: Entry not found
10-28 12:55:56.108 18786 18786 W m.facebook.orc: Entry not found
10-28 12:55:56.112   954  1115 I SensorService: [REARLIGHT] lux value : 82, code value : 0
10-28 12:55:56.114 18786 18786 W m.facebook.orc: JIT profile information will not be recorded: profile file does not exist.
10-28 12:55:56.114 18786 18786 W m.facebook.orc: JIT profile information will not be recorded: profile file does not exist.
10-28 12:55:56.116   620   620 I Layer   : id=205094 removeFromCurrentState Splash Screen com.example.lunchtray$_1348#0 (178)
10-28 12:55:56.117   620   620 I Layer   : id=205093 removeFromCurrentState 9bdd6b2 Splash Screen com.example.lunchtray#0 (178)
10-28 12:55:56.117   620   620 I Layer   : id=205106 removeFromCurrentState Surface(name=9bdd6b2 Splash Screen com.example.lunchtray)/@0xbc74874 - animation-leash of window_animation#0 (178)
10-28 12:55:56.117   620   620 I SurfaceFlinger: id=205093 Removed 9bdd6b2 Splash Screen com.example.lunchtray#0 (178)
10-28 12:55:56.117   620   620 I SurfaceFlinger: id=205094 Removed Splash Screen com.example.lunchtray$_1348#0 (178)
10-28 12:55:56.117   620   620 I SurfaceFlinger: id=205106 Removed Surface(name=9bdd6b2 Splash Screen com.example.lunchtray)/@0xbc74874 - animation-leash of window_animation#0 (178)
10-28 12:55:56.117   620   620 I Layer   : id=205106 Destroyed Surface(name=9bdd6b2 Splash Screen com.example.lunchtray)/@0xbc74874 - animation-leash of window_animation#0
10-28 12:55:56.117   620   620 I Layer   : id=205093 Destroyed 9bdd6b2 Splash Screen com.example.lunchtray#0
10-28 12:55:56.119   620   620 I Layer   : id=205094 Destroyed Splash Screen com.example.lunchtray$_1348#0
10-28 12:55:56.120   620   620 D SurfaceFlinger: Display 0 HWC layers:
10-28 12:55:56.120   620   620 D SurfaceFlinger:      CLIENT | 0x7843da8ad0 | 0100 | RGBx_8888    |  589.0    0.0 1651.0 2240.0 |    0    0 1080 2280 | Wallpaper BBQ wrapper#0
10-28 12:55:56.120   620   620 D SurfaceFlinger:      CLIENT |              | 0000 |  Unknown  |    0.0    0.0    0.0    0.0 |    0    0 1080 2280 | OneUiHome-BlurLayer#1 (backgroundBlurRadius)
10-28 12:55:56.120   620   620 D SurfaceFlinger:      DEVICE | 0x7843da9df0 | 0100 | RGBA_8888    |    0.0    0.0 1080.0 2280.0 |    0    0 1080 2280 | com.sec.android.app.launcher/com.sec[...]activities.LauncherActivity$_26660#0
10-28 12:55:56.120   620   620 D SurfaceFlinger:      DEVICE | 0x7843dbc930 | 0102 | RGBA_8888    |    0.0    0.0 1080.0 2280.0 |    3    7 1077 2273 | com.example.lunchtray/com.example.lunchtray.MainActivity$_17800#0
10-28 12:55:56.120   620   620 D SurfaceFlinger:      DEVICE | 0x7843dbca50 | 0100 | RGBA_8888    |    0.0    0.0 1080.0  112.0 |    0    0 1080  112 | StatusBar$_1348#0
10-28 12:55:56.120   620   620 D SurfaceFlinger:      DEVICE | 0x7843dbc6f0 | 0100 | RGBA_8888    |    0.0    0.0   67.0  416.0 |    0  814   67 1230 | com.samsung.android.app.cocktailbars[...]arservice.CocktailBarService$_8198#0
10-28 12:55:56.120   620   620 D SurfaceFlinger:      DEVICE | 0x7843db1bf0 | 0100 | RGBA_8888    |    0.0    0.0 1080.0  126.
10-28 12:55:56.120   620   620 D SurfaceFlinger: 0 |    0 2154 1080 2280 | NavigationBar0$_1348#0
10-28 12:55:56.120   620   620 D SurfaceFlinger:
10-28 12:55:56.128 18786 18786 V GraphicsEnvironment: ANGLE Developer option for 'com.facebook.orca' set to: 'default'
10-28 12:55:56.128   954  1263 D WifiConnectivityMonitor.NetworkStatsAnalyzer: Backhaul result - RSSI:-30, CE:15, PE:15, TI:27, PTI:27, TW:15, PTW:11, Tx:87, Rx:100, TxS:85, RxS:85, RESULT:true, IC:0, ICT:5, WC:0, WCT:5, R:2, RC:0, IE:0, EC:0
10-28 12:55:56.128 18786 18786 V GraphicsEnvironment: App is not on the allowlist for updatable production driver.
10-28 12:55:56.134 18786 18786 D NetworkSecurityConfig: Using Network Security Config from resource (name removed) debugBuild: false
10-28 12:55:56.155 18786 18786 D NetworkSecurityConfig: Using Network Security Config from resource (name removed) debugBuild: false
10-28 12:55:56.167   566 18726 I HYPER-HAL: [RequestManager.cpp]releaseLocked(): Released ID : 486623
10-28 12:55:56.177 18786 18819 W CrashLoopRemedyLog: unable to delete remedy log, instaCrash: false
10-28 12:55:56.177 18786 18819 W CrashLoopRemedyLog: unable to delete remedy log, instaCrash: true
10-28 12:55:56.185 18786 18819 W MessengerLacrimaConfig: MessengerLacrimaConfig.earlyInit
10-28 12:55:56.201 26660 26660 I ViewRootImpl@623994e[LauncherActivity]: handleAppVisibility mAppVisible=true visible=false
10-28 12:55:56.202  1348  1735 D WallpaperService: dispatchAppVisibility onVisibilityChanged(): false
10-28 12:55:56.202  1348  1348 D WallpaperService: reportVisibility onVisibilityChanged visible: false
10-28 12:55:56.202  1348  1535 I ImageWallpaper:  onVisibilityChanged false , 0
10-28 12:55:56.203   620   620 D SurfaceFlinger: Display 0 HWC layers:
10-28 12:55:56.203   620   620 D SurfaceFlinger:      DEVICE | 0x7843dae050 | 0102 | RGBA_8888    |    0.0    0.0 1080.0 2280.0 |    0    0 1080 2280 | com.example.lunchtray/com.example.lunchtray.MainActivity$_17800#0
10-28 12:55:56.203   620   620 D SurfaceFlinger:      DEVICE | 0x7843dbca50 | 0100 | RGBA_8888    |    0.0    0.0 1080.0  112.0 |    0    0 1080  112 | StatusBar$_1348#0
10-28 12:55:56.203   620   620 D SurfaceFlinger:      DEVICE | 0x7843dbc6f0 | 0100 | RGBA_8888    |    0.0    0.0   67.0  416.0 |    0  814   67 1230 | com.samsung.android.app.cocktailbars[...]arservice.CocktailBarService$_8198#0
10-28 12:55:56.203   620   620 D SurfaceFlinger:      DEVICE | 0x7843dbe0d0 | 0100 | RGBA_8888    |    0.0    0.0 1080.0  126.0 |    0 2154 1080 2280 | NavigationBar0$_1348#0
10-28 12:55:56.203   620   620 D SurfaceFlinger:
10-28 12:55:56.206  8198  8198 I Utils   : isCurrentUser current = 0, ownerId = 0
10-28 12:55:56.206  8198  8198 I TrayVisibilityController: getComputedTrayVisible : keyguardState = 1
10-28 12:55:56.207  8198  8198 I TrayVisibilityController: updateTrayVisible: State=1 visible=1 mCurrentVisible=1 specificMode=0
10-28 12:55:56.207  8198  8198 I TrayStateController: onNotifyUpdateTray: state=0
10-28 12:55:56.208 17800 17800 D LifecycleMonitor: Lifecycle status change: androidx.test.core.app.InstrumentationActivityInvoker$BootstrapActivity@46450a in: STOPPED
10-28 12:55:56.208 17800 17800 V ActivityScenario: Activity lifecycle changed event received but ignored because the intent does not match. startActivityIntent=Intent { act=android.intent.action.MAIN cat=[android.intent.category.LAUNCHER] cmp=com.example.lunchtray/androidx.fragment.app.testing.FragmentScenario$EmptyFragmentActivity (has extras) }, activity.getIntent()=Intent { act=android.intent.action.MAIN cat=[android.intent.category.LAUNCHER] flg=0x10008000 cmp=com.example.lunchtray/androidx.test.core.app.InstrumentationActivityInvoker$BootstrapActivity (has extras) }, activity=androidx.test.core.app.InstrumentationActivityInvoker$BootstrapActivity@46450a
10-28 12:55:56.208   511   511 E audit   : type=1400 audit(1666954556.201:342483): avc:  denied  { read } for  pid=18786 comm="EnsureDelegate" name="zoneinfo" dev="proc" ino=4026531860 scontext=u:r:untrusted_app:s0:c24,c259,c512,c768 tcontext=u:object_r:proc_zoneinfo:s0 tclass=file permissive=0 SEPF_SM-G973F_12_0001 audit_filtered
10-28 12:55:56.208   511   511 E audit   : type=1300 audit(1666954556.201:342483): arch=c00000b7 syscall=56 success=no exit=-13 a0=ffffff9c a1=767d2699b0 a2=0 a3=0 items=0 ppid=531 pid=18786 auid=4294967295 uid=10792 gid=10792 euid=10792 suid=10792 fsuid=10792 egid=10792 sgid=10792 fsgid=10792 tty=(none) ses=4294967295 comm="EnsureDelegate" exe="/system/bin/app_process64" subj=u:r:untrusted_app:s0:c24,c259,c512,c768 key=(null)
10-28 12:55:56.208   511   511 E audit   : type=1327 audit(1666954556.201:342483): proctitle="com.facebook.orca"
10-28 12:55:56.209 17800 17800 V ActivityScenario: Activity lifecycle changed event received but ignored because the intent does not match. startActivityIntent=Intent { act=android.intent.action.MAIN cat=[android.intent.category.LAUNCHER] cmp=com.example.lunchtray/androidx.fragment.app.testing.FragmentScenario$EmptyFragmentActivity (has extras) }, activity.getIntent()=Intent { act=android.intent.action.MAIN cat=[android.intent.category.LAUNCHER] flg=0x10008000 cmp=com.example.lunchtray/androidx.test.core.app.InstrumentationActivityInvoker$BootstrapActivity (has extras) }, activity=androidx.test.core.app.InstrumentationActivityInvoker$BootstrapActivity@46450a
10-28 12:55:56.209 17800 17800 V ActivityScenario: Activity lifecycle changed event received but ignored because the intent does not match. startActivityIntent=Intent { act=android.intent.action.MAIN cat=[android.intent.category.LAUNCHER] cmp=com.example.lunchtray/androidx.fragment.app.testing.FragmentScenario$EmptyFragmentActivity (has extras) }, activity.getIntent()=Intent { act=android.intent.action.MAIN cat=[android.intent.category.LAUNCHER] flg=0x10008000 cmp=com.example.lunchtray/androidx.test.core.app.InstrumentationActivityInvoker$BootstrapActivity (has extras) }, activity=androidx.test.core.app.InstrumentationActivityInvoker$BootstrapActivity@46450a
10-28 12:55:56.209 17800 17800 V ActivityScenario: Activity lifecycle changed event received but ignored because the intent does not match. startActivityIntent=Intent { act=android.intent.action.MAIN cat=[android.intent.category.LAUNCHER] cmp=com.example.lunchtray/androidx.fragment.app.testing.FragmentScenario$EmptyFragmentActivity (has extras) }, activity.getIntent()=Intent { act=android.intent.action.MAIN cat=[android.intent.category.LAUNCHER] flg=0x10008000 cmp=com.example.lunchtray/androidx.test.core.app.InstrumentationActivityInvoker$BootstrapActivity (has extras) }, activity=androidx.test.core.app.InstrumentationActivityInvoker$BootstrapActivity@46450a
10-28 12:55:56.209 17800 17800 V ActivityScenario: Activity lifecycle changed event received but ignored because the intent does not match. startActivityIntent=Intent { act=android.intent.action.MAIN cat=[android.intent.category.LAUNCHER] cmp=com.example.lunchtray/.MainActivity }, activity.getIntent()=Intent { act=android.intent.action.MAIN cat=[android.intent.category.LAUNCHER] flg=0x10008000 cmp=com.example.lunchtray/androidx.test.core.app.InstrumentationActivityInvoker$BootstrapActivity (has extras) }, activity=androidx.test.core.app.InstrumentationActivityInvoker$BootstrapActivity@46450a
10-28 12:55:56.209 17800 17800 V ActivityScenario: Activity lifecycle changed event received but ignored because the intent does not match. startActivityIntent=Intent { act=android.intent.action.MAIN cat=[android.intent.category.LAUNCHER] cmp=com.example.lunchtray/.MainActivity }, activity.getIntent()=Intent { act=android.intent.action.MAIN cat=[android.intent.category.LAUNCHER] flg=0x10008000 cmp=com.example.lunchtray/androidx.test.core.app.InstrumentationActivityInvoker$BootstrapActivity (has extras) }, activity=androidx.test.core.app.InstrumentationActivityInvoker$BootstrapActivity@46450a
10-28 12:55:56.209 17800 17800 V ActivityScenario: Activity lifecycle changed event received but ignored because the intent does not match. startActivityIntent=Intent { act=android.intent.action.MAIN cat=[android.intent.category.LAUNCHER] cmp=com.example.lunchtray/.MainActivity }, activity.getIntent()=Intent { act=android.intent.action.MAIN cat=[android.intent.category.LAUNCHER] flg=0x10008000 cmp=com.example.lunchtray/androidx.test.core.app.InstrumentationActivityInvoker$BootstrapActivity (has extras) }, activity=androidx.test.core.app.InstrumentationActivityInvoker$BootstrapActivity@46450a
