10-28 12:55:52.052 17800 17800 V ActivityScenario: Update currentActivityStage to CREATED, currentActivity=com.example.lunchtray.MainActivity@3a7c2a6
10-28 12:55:52.052 17800 17800 V ActivityScenario: Update currentActivityStage to CREATED, currentActivity=com.example.lunchtray.MainActivity@3a7c2a6
10-28 12:55:52.052 17800 17800 V ActivityScenario: Update currentActivityStage to CREATED, currentActivity=com.example.lunchtray.MainActivity@3a7c2a6
10-28 12:55:52.059 17800 17800 D LifecycleMonitor: Lifecycle status change: com.example.lunchtray.MainActivity@3a7c2a6 in: STARTED
10-28 12:55:52.059 17800 17800 V ActivityScenario: Activity lifecycle changed event received but ignored because the intent does not match. startActivityIntent=Intent { act=android.intent.action.MAIN cat=[android.intent.category.LAUNCHER] cmp=com.example.lunchtray/androidx.fragment.app.testing.FragmentScenario$EmptyFragmentActivity (has extras) }, activity.getIntent()=Intent { act=android.intent.action.MAIN cat=[android.intent.category.LAUNCHER] cmp=com.example.lunchtray/.MainActivity }, activity=com.example.lunchtray.MainActivity@3a7c2a6
10-28 12:55:52.059 17800 17800 V ActivityScenario: Activity lifecycle changed event received but ignored because the intent does not match. startActivityIntent=Intent { act=android.intent.action.MAIN cat=[android.intent.category.LAUNCHER] cmp=com.example.lunchtray/androidx.fragment.app.testing.FragmentScenario$EmptyFragmentActivity (has extras) }, activity.getIntent()=Intent { act=android.intent.action.MAIN cat=[android.intent.category.LAUNCHER] cmp=com.example.lunchtray/.MainActivity }, activity=com.example.lunchtray.MainActivity@3a7c2a6
10-28 12:55:52.059 17800 17800 V ActivityScenario: Activity lifecycle changed event received but ignored because the intent does not match. startActivityIntent=Intent { act=android.intent.action.MAIN cat=[android.intent.category.LAUNCHER] cmp=com.example.lunchtray/androidx.fragment.app.testing.FragmentScenario$EmptyFragmentActivity (has extras) }, activity.getIntent()=Intent { act=android.intent.action.MAIN cat=[android.intent.category.LAUNCHER] cmp=com.example.lunchtray/.MainActivity }, activity=com.example.lunchtray.MainActivity@3a7c2a6
10-28 12:55:52.059 17800 17800 V ActivityScenario: Activity lifecycle changed event received but ignored because the intent does not match. startActivityIntent=Intent { act=android.intent.action.MAIN cat=[android.intent.category.LAUNCHER] cmp=com.example.lunchtray/androidx.fragment.app.testing.FragmentScenario$EmptyFragmentActivity (has extras) }, activity.getIntent()=Intent { act=android.intent.action.MAIN cat=[android.intent.category.LAUNCHER] cmp=com.example.lunchtray/.MainActivity }, activity=com.example.lunchtray.MainActivity@3a7c2a6
10-28 12:55:52.059 17800 17800 V ActivityScenario: Update currentActivityStage to STARTED, currentActivity=com.example.lunchtray.MainActivity@3a7c2a6
10-28 12:55:52.059 17800 17800 V ActivityScenario: Update currentActivityStage to STARTED, currentActivity=com.example.lunchtray.MainActivity@3a7c2a6
10-28 12:55:52.059 17800 17800 V ActivityScenario: Update currentActivityStage to STARTED, currentActivity=com.example.lunchtray.MainActivity@3a7c2a6
10-28 12:55:52.059 17800 17800 V ActivityScenario: Update currentActivityStage to STARTED, currentActivity=com.example.lunchtray.MainActivity@3a7c2a6
10-28 12:55:52.059 17800 17800 V ActivityScenario: Update currentActivityStage to STARTED, currentActivity=com.example.lunchtray.MainActivity@3a7c2a6
10-28 12:55:52.060 17800 17800 D LifecycleMonitor: Lifecycle status change: com.example.lunchtray.MainActivity@3a7c2a6 in: RESUMED
10-28 12:55:52.060 17800 17800 V ActivityScenario: Activity lifecycle changed event received but ignored because the intent does not match. startActivityIntent=Intent { act=android.intent.action.MAIN cat=[android.intent.category.LAUNCHER] cmp=com.example.lunchtray/androidx.fragment.app.testing.FragmentScenario$EmptyFragmentActivity (has extras) }, activity.getIntent()=Intent { act=android.intent.action.MAIN cat=[android.intent.category.LAUNCHER] cmp=com.example.lunchtray/.MainActivity }, activity=com.example.lunchtray.MainActivity@3a7c2a6
10-28 12:55:52.060 17800 17800 V ActivityScenario: Activity lifecycle changed event received but ignored because the intent does not match. startActivityIntent=Intent { act=android.intent.action.MAIN cat=[android.intent.category.LAUNCHER] cmp=com.example.lunchtray/androidx.fragment.app.testing.FragmentScenario$EmptyFragmentActivity (has extras) }, activity.getIntent()=Intent { act=android.intent.action.MAIN cat=[android.intent.category.LAUNCHER] cmp=com.example.lunchtray/.MainActivity }, activity=com.example.lunchtray.MainActivity@3a7c2a6
10-28 12:55:52.060 17800 17800 V ActivityScenario: Activity lifecycle changed event received but ignored because the intent does not match. startActivityIntent=Intent { act=android.intent.action.MAIN cat=[android.intent.category.LAUNCHER] cmp=com.example.lunchtray/androidx.fragment.app.testing.FragmentScenario$EmptyFragmentActivity (has extras) }, activity.getIntent()=Intent { act=android.intent.action.MAIN cat=[android.intent.category.LAUNCHER] cmp=com.example.lunchtray/.MainActivity }, activity=com.example.lunchtray.MainActivity@3a7c2a6
10-28 12:55:52.060 17800 17800 V ActivityScenario: Activity lifecycle changed event received but ignored because the intent does not match. startActivityIntent=Intent { act=android.intent.action.MAIN cat=[android.intent.category.LAUNCHER] cmp=com.example.lunchtray/androidx.fragment.app.testing.FragmentScenario$EmptyFragmentActivity (has extras) }, activity.getIntent()=Intent { act=android.intent.action.MAIN cat=[android.intent.category.LAUNCHER] cmp=com.example.lunchtray/.MainActivity }, activity=com.example.lunchtray.MainActivity@3a7c2a6
10-28 12:55:52.061 17800 17800 V ActivityScenario: Update currentActivityStage to RESUMED, currentActivity=com.example.lunchtray.MainActivity@3a7c2a6
10-28 12:55:52.061 17800 17800 V ActivityScenario: Update currentActivityStage to RESUMED, currentActivity=com.example.lunchtray.MainActivity@3a7c2a6
10-28 12:55:52.061 17800 17800 V ActivityScenario: Update currentActivityStage to RESUMED, currentActivity=com.example.lunchtray.MainActivity@3a7c2a6
10-28 12:55:52.061 17800 17800 V ActivityScenario: Update currentActivityStage to RESUMED, currentActivity=com.example.lunchtray.MainActivity@3a7c2a6
10-28 12:55:52.061 17800 17800 V ActivityScenario: Update currentActivityStage to RESUMED, currentActivity=com.example.lunchtray.MainActivity@3a7c2a6
10-28 12:55:52.065   954  3956 D InputTransport: Input channel constructed: '6a291ec', fd=1397
10-28 12:55:52.065   954  3956 D InputTransport: Input channel constructed: '6a291ec', fd=1413
10-28 12:55:52.065   954  3956 D InputTransport: Input channel constructed: '6a291ec', fd=1414
10-28 12:55:52.066   620  2717 I SurfaceFlinger: id=205049 createSurf (0x0),-1 flag=80004, 6a291ec com.example.lunchtray/com.example.lunchtray.MainActivity#0
10-28 12:55:52.066   954  3956 D InputTransport: Input channel destroyed: '6a291ec', fd=1414
10-28 12:55:52.067 17800 17800 I ViewRootImpl@5875ca1[MainActivity]: setView = com.android.internal.policy.DecorView@5fca463 TM=true
10-28 12:55:52.069   954  1054 D AnalyticsContainerHandler: handleMessage : { when=0 what=1 target=com.android.server.knox.KnoxAnalyticsContainer$AnalyticsHandler }
10-28 12:55:52.072   620   620 D SurfaceFlinger: Display 0 HWC layers:
10-28 12:55:52.072   620   620 D SurfaceFlinger:      CLIENT | 0x7843da8ad0 | 0100 | RGBx_8888    |  589.0    0.0 1651.0 2240.0 |    0    0 1080 2280 | Wallpaper BBQ wrapper#0
10-28 12:55:52.072   620   620 D SurfaceFlinger:      CLIENT |              | 0000 |  Unknown  |    0.0    0.0    0.0    0.0 |    0    0 1080 2280 | OneUiHome-BlurLayer#0 (backgroundBlurRadius)
10-28 12:55:52.072   620   620 D SurfaceFlinger:      DEVICE | 0x7843db1f50 | 0100 | RGBA_8888    |    0.0    0.0 1080.0 2280.0 |    0    0 1080 2280 | com.sec.android.app.launcher/com.sec[...]activities.LauncherActivity$_26660#0
10-28 12:55:52.072   620   620 D SurfaceFlinger:      DEVICE | 0x7843da7210 | 0100 | RGBA_8888    |    0.0    0.0 1080.0 2280.0 |   75  159 1005 2121 | Splash Screen com.example.lunchtray$_1348#0
10-28 12:55:52.072   620   620 D SurfaceFlinger:      DEVICE | 0x7843db3a50 | 0100 | RGBA_8888    |    0.0    0.0 1080.0  112.0 |    0    0 1080  112 | StatusBar$_1348#0
10-28 12:55:52.072   620   620 D SurfaceFlinger:      DEVICE | 0x7843dbc6f0 | 0100 | RGBA_8888    |    0.0    0.0   67.0  416.0 |    0  814   67 1230 | com.samsung.android.app.cocktailbars[...]arservice.CocktailBarService$_8198#0
10-28 12:55:52.072   620   620 D SurfaceFlinger:      DEVICE | 0x7843dafd90 | 0100 | RGBA_8888    |    0.0    0.0 1080.0  126.0 |    0 2154 1080 228
10-28 12:55:52.072   620   620 D SurfaceFlinger: 0 | NavigationBar0$_1348#0
10-28 12:55:52.072   620   620 D SurfaceFlinger:
10-28 12:55:52.073   954  3956 V WindowManager: Relayout Window{6a291ec u0 com.example.lunchtray/com.example.lunchtray.MainActivity}: viewVisibility=0 req=1080x2280 d0
10-28 12:55:52.073   620   810 I SurfaceFlinger: id=205050 createSurf (1x1),-3 flag=40004, com.example.lunchtray/com.example.lunchtray.MainActivity$_17800#0
10-28 12:55:52.076   620   810 I SurfaceFlinger: id=205051 createSurf (0x0),-1 flag=24000, Surface(name=2fa8401 StatusBar)/@0xf000e26 - animation-leash of insets_animation#0
10-28 12:55:52.076   620   810 I SurfaceFlinger: id=205052 createSurf (0x0),-1 flag=24000, Surface(name=be23078 NavigationBar0)/@0x50010bd - animation-leash of insets_animation#0
10-28 12:55:52.077   954  3956 V WindowManager: Relayout hash=6a291ec, pid=17800: mAttrs={(0,0)(fillxfill) sim={adjust=pan forwardNavigation} ty=BASE_APPLICATION wanim=0x1030303
10-28 12:55:52.077   954  3956 V WindowManager:   fl=81810100
10-28 12:55:52.077   954  3956 V WindowManager:   pfl=12020040
10-28 12:55:52.077   954  3956 V WindowManager:   apr=LIGHT_NAVIGATION_BARS
10-28 12:55:52.077   954  3956 V WindowManager:   bhv=DEFAULT
10-28 12:55:52.077   954  3956 V WindowManager:   fitSides= naviIconColor=0
10-28 12:55:52.077   954  3956 V WindowManager:   sfl=100000}
10-28 12:55:52.079 17800 17800 I ViewRootImpl@5875ca1[MainActivity]: Relayout returned: old=(0,0,1080,2280) new=(0,0,1080,2280) req=(1080,2280)0 dur=5 res=0x7 s={true 515080314864} ch=true fn=-1
10-28 12:55:52.080 17800 17884 D OpenGLRenderer: eglCreateWindowSurface
10-28 12:55:52.082 17800 17800 I ViewRootImpl@5875ca1[MainActivity]: [DP] dp(1) 1 android.view.ViewRootImpl.reportNextDraw:11420 android.view.ViewRootImpl.performTraversals:4193 android.view.ViewRootImpl.doTraversal:2919
10-28 12:55:52.090 17800 17800 I ViewRootImpl@5875ca1[MainActivity]: [DP] pdf(0) 1 android.view.ViewRootImpl.lambda$addFrameCompleteCallbackIfNeeded$3$ViewRootImpl:4995 android.view.ViewRootImpl$$ExternalSyntheticLambda16.run:6 android.os.Handler.handleCallback:938
10-28 12:55:52.090 17800 17800 I ViewRootImpl@5875ca1[MainActivity]: [DP] rdf()
10-28 12:55:52.090 17800 17800 D ViewRootImpl@5875ca1[MainActivity]: reportDrawFinished (fn: -1)
10-28 12:55:52.092   620   810 I SurfaceFlinger: id=205053 createSurf (0x0),-1 flag=24000, Surface(name=6a291ec com.example.lunchtray/com.example.lunchtray.MainActivity)/@0xa63f16 - animation-leash of starting_reveal#0
10-28 12:55:52.094   954  1012 I PkgPredictorService-SecIpmManagerServiceImpl: reportToNAP uid:10998 com.example.lunchtray/com.example.lunchtray.MainActivity thisTime:132
10-28 12:55:52.094 17800 17800 D InsetsSourceConsumer: ensureControlAlpha: for ITYPE_NAVIGATION_BAR on com.example.lunchtray/com.example.lunchtray.MainActivity
10-28 12:55:52.095   954  2750 I PkgPredictorService-NapClassifier: it's ready to run
10-28 12:55:52.095   954  1012 I ActivityTaskManager: Displayed com.example.lunchtray/.MainActivity: +132ms
10-28 12:55:52.095 17800 17800 D InsetsSourceConsumer: ensureControlAlpha: for ITYPE_STATUS_BAR on com.example.lunchtray/com.example.lunchtray.MainActivity
10-28 12:55:52.096  2946  2946 E pageboostd: Received HALT command code 2
10-28 12:55:52.096 17800 17800 D RootViewPicker: Root not ready - waiting: 10ms for one to appear.
10-28 12:55:52.097   954  3956 I SemDvfsHyPerManager: acquire hyper - AMS_RESUME_TAIL/954@19, type = -999
10-28 12:55:52.097   954  3956 I SemDvfsHyPerManager: acquire hyper - AMS_ACT_LAZY/954@20, type = -999
10-28 12:55:52.097   566   611 I HYPER-HAL: [RequestManager.cpp]acquire(): Acquired ID : 473870  [954 / 19]    HINT : AMS_RESUME_TAIL    list :
10-28 12:55:52.098   566   611 I HYPER-HAL: [RequestManager.cpp]releaseLocked(): Released ID : 475821
10-28 12:55:52.098   529   535 E statsd  : Predicate 5980654721335871649 dropping data for dimension key (10)0x2010101->10998[I] (10)0x30000->*launch*[S]
10-28 12:55:52.098   529   535 E statsd  : Predicate -7037417284711607308 dropping data for dimension key (10)0x2010101->10998[I] (10)0x30000->*launch*[S]
10-28 12:55:52.101   620   620 I Layer   : id=205047 removeFromCurrentState Surface(name=2fa8401 StatusBar)/@0xf000e26 - animation-leash of insets_animation#1 (183)
10-28 12:55:52.101   620   620 I Layer   : id=205048 removeFromCurrentState Surface(name=be23078 NavigationBar0)/@0x50010bd - animation-leash of insets_animation#1 (183)
10-28 12:55:52.101   620   620 I SurfaceFlinger: id=205047 Removed Surface(name=2fa8401 StatusBar)/@0xf000e26 - animation-leash of insets_animation#1 (183)
10-28 12:55:52.101   620   620 I SurfaceFlinger: id=205048 Removed Surface(name=be23078 NavigationBar0)/@0x50010bd - animation-leash of insets_animation#1 (183)
10-28 12:55:52.102   620   620 I Layer   : id=205047 Destroyed Surface(name=2fa8401 StatusBar)/@0xf000e26 - animation-leash of insets_animation#1
10-28 12:55:52.102   620   620 I Layer   : id=205048 Destroyed Surface(name=be23078 NavigationBar0)/@0x50010bd - animation-leash of insets_animation#1
10-28 12:55:52.103  1348  2147 I ViewRootImpl@ce2daa2[lunchtray]: mWNT: t = android.view.SurfaceControl$Transaction@c4ad21c fN = 2 android.view.SyncRtSurfaceTransactionApplier.applyTransaction:94 android.view.SyncRtSurfaceTransactionApplier.lambda$scheduleApply$0$SyncRtSurfaceTransactionApplier:71 android.view.SyncRtSurfaceTransactionApplier$$ExternalSyntheticLambda0.onFrameDraw:4
10-28 12:55:52.103  1348  2147 I ViewRootImpl@ce2daa2[lunchtray]: mWNT: merge t to BBQ
10-28 12:55:52.103  1348  2147 I ViewRootImpl@ce2daa2[lunchtray]: mWNT: t = android.view.SurfaceControl$Transaction@5882e25 fN = 2 android.view.SyncRtSurfaceTransactionApplier.applyTransaction:94 android.view.SyncRtSurfaceTransactionApplier.lambda$scheduleApply$0$SyncRtSurfaceTransactionApplier:71 android.view.SyncRtSurfaceTransactionApplier$$ExternalSyntheticLambda0.onFrameDraw:4
10-28 12:55:52.103  1348  2147 I ViewRootImpl@ce2daa2[lunchtray]: mWNT: merge t to BBQ
10-28 12:55:52.103   954  3956 D InputDispatcher: Focus entered window (0): 6a291ec com.example.lunchtray/com.example.lunchtray.MainActivity
10-28 12:55:52.103 17800 17800 I ViewRootImpl@5875ca1[MainActivity]: MSG_WINDOW_FOCUS_CHANGED 1 1
10-28 12:55:52.104 17800 17800 D InputMethodManager: startInputInner - Id : 0
10-28 12:55:52.104 17800 17800 I InputMethodManager: startInputInner - mService.startInputOrWindowGainedFocus
10-28 12:55:52.105   954  1855 D InputMethodManagerService: DESKTOP MODE! : 2
10-28 12:55:52.105   954  1855 D InputMethodManagerService: NOT IN KNOX DESKTOP MODE!
10-28 12:55:52.105   954  1855 V InputMethodManagerService: getDisplayIdOfInputMethodWindowToBeAdded : 0
10-28 12:55:52.105   954  1855 D InputMethodManagerService: checkDisplayOfStartInputAndUpdateKeyboard display Id 0last 0
10-28 12:55:52.105   954  1855 D InputTransport: Input channel constructed: 'ClientS', fd=1414
10-28 12:55:52.105   954  1855 D InputTransport: Input channel destroyed: 'ClientS', fd=1414
10-28 12:55:52.106 19204 19204 D InputMethodService: checkDisplayOfStartInputAndUpdateKeyboard display Id 0last 0
10-28 12:55:52.106   620   642 I SurfaceFlinger: id=205054 createSurf (0x0),-1 flag=24004, Surface(name=2188bee InputMethod)/@0xe151908 - animation-leash of insets_animation#1
10-28 12:55:52.108   620   620 D SurfaceFlinger: Display 0 HWC layers:
10-28 12:55:52.108   620   620 D SurfaceFlinger:      CLIENT | 0x7843da8ad0 | 0100 | RGBx_8888    |  589.0    0.0 1651.0 2240.0 |    0    0 1080 2280 | Wallpaper BBQ wrapper#0
10-28 12:55:52.108   620   620 D SurfaceFlinger:      CLIENT |              | 0000 |  Unknown  |    0.0    0.0    0.0    0.0 |    0    0 1080 2280 | OneUiHome-BlurLayer#0 (backgroundBlurRadius)
10-28 12:55:52.108   620   620 D SurfaceFlinger:      DEVICE | 0x7843db1f50 | 0100 | RGBA_8888    |    0.0    0.0 1080.0 2280.0 |    0    0 1080 2280 | com.sec.android.app.launcher/com.sec[...]activities.LauncherActivity$_26660#0
10-28 12:55:52.108   620   620 D SurfaceFlinger:      DEVICE | 0x7843daf910 | 0102 | RGBA_8888    |    0.0    0.0 1080.0 2280.0 |   56  119 1024 2161 | com.example.lunchtray/com.example.lunchtray.MainActivity$_17800#0
10-28 12:55:52.108   620   620 D SurfaceFlinger:      DEVICE | 0x7843da7210 | 0100 | RGBA_8888    |    0.0    0.0 1080.0 2280.0 |   56  119 1024 2161 | Splash Screen com.example.lunchtray$_1348#0
10-28 12:55:52.108   620   620 D SurfaceFlinger:      DEVICE | 0x7843db3a50 | 0100 | RGBA_8888    |    0.0    0.0 1080.0  112.0 |    0    0 1080  112 | StatusBar$_1348#0
10-28 12:55:52.108   620   620 D SurfaceFlinger:      DEVICE | 0x7843dbc6f0 | 0100 | RGBA_8888    |    0.0    0.0   67.0  416.0 |    0  814   67 1230 | com.sams
10-28 12:55:52.108   620   620 D SurfaceFlinger: ung.android.app.cocktailbars[...]arservice.CocktailBarService$_8198#0
10-28 12:55:52.108   620   620 D SurfaceFlinger:      DEVICE | 0x7843dafd90 | 0100 | RGBA_8888    |    0.0    0.0 1080.0  126.0 |    0 2154 1080 2280 | NavigationBar0$_1348#0
10-28 12:55:52.108   620   620 D SurfaceFlinger:
10-28 12:55:52.115   531   531 D Zygote  : Forked child process 18556
10-28 12:55:52.118   620   620 I Layer   : id=205038 removeFromCurrentState Surface(name=2188bee InputMethod)/@0xe151908 - animation-leash of insets_animation#0 (182)
10-28 12:55:52.118   620   620 I SurfaceFlinger: id=205038 Removed Surface(name=2188bee InputMethod)/@0xe151908 - animation-leash of insets_animation#0 (182)
10-28 12:55:52.118   620   620 I Layer   : id=205038 Destroyed Surface(name=2188bee InputMethod)/@0xe151908 - animation-leash of insets_animation#0
10-28 12:55:52.119 26660  3011 I RecentModel: onTaskStackChangedBackground
10-28 12:55:52.121  1348  2148 I ViewRootImpl@ce2daa2[lunchtray]: mWNT: t = android.view.SurfaceControl$Transaction@ea91bfa fN = 3 android.view.SyncRtSurfaceTransactionApplier.applyTransaction:94 android.view.SyncRtSurfaceTransactionApplier.lambda$scheduleApply$0$SyncRtSurfaceTransactionApplier:71 android.view.SyncRtSurfaceTransactionApplier$$ExternalSyntheticLambda0.onFrameDraw:4
10-28 12:55:52.121  1348  2148 I ViewRootImpl@ce2daa2[lunchtray]: mWNT: merge t to BBQ
10-28 12:55:52.121 26660  3011 I RecentTasksList: getTaskKeys, numTasks :3 callback : com.android.quickstep.-$$Lambda$RecentsModel$k1Mm-BV64Bc89eJHYugywZmW_Js@dfe9975
10-28 12:55:52.122 17800 17800 I ViewInteraction: Performing 'single click' action on view view.getId() is <2131231207/com.example.lunchtray:id/start_order_btn>
10-28 12:55:52.123  3825  4192 I SemDvfsHyPerManager: acquire hyper - BaseTABoost/3825@21, type = 1090523139
10-28 12:55:52.123  3825  4192 I SemDvfsHyPerManager: acquire hyper - BaseTAToouchBoost/3825@23, type = 1090523139
10-28 12:55:52.123   954  1844 D InputMethodManagerServicePhysicalKey: isConnectedDexOnPC false
10-28 12:55:52.124   954  1844 D InputMethodManagerService: isImeSwitcherDisabledPackage : false
10-28 12:55:52.124   566   611 I HYPER-HAL: [RequestManager.cpp]acquire(): Acquired ID : 7397802  [3825 / 21]    HINT :      list : [TABoost / 5]
10-28 12:55:52.124   566   611 I HYPER-HAL: [RequestManager.cpp]acquire(): Acquired ID : 7405499  [3825 / 23]    HINT :      list : [TABoost / 20] [TIMEOUT / 1500]
10-28 12:55:52.124   954  1855 D InputDispatcher: Inject motion (17800): action=0x0, time=851600918000000, f=0x0, d=0
10-28 12:55:52.125   954  1162 I InputDispatcher: Delivering touch to (1348): action: 0x4, f=0x0, d=0, 'be23078', t=0
10-28 12:55:52.125   954  1162 I InputDispatcher: Delivering touch to (17800): action: 0x0, f=0x0, d=0, '6a291ec', t=0 +(-51,-162)*1.10
10-28 12:55:52.125  3825  3825 I SemDvfsHyPerManager: acquire hyper - BaseTABoost/3825@21, type = 1090523139
10-28 12:55:52.126  3825  3825 I SemDvfsHyPerManager: acquire hyper - BaseTAToouchBoost/3825@23, type = 1090523139
10-28 12:55:52.126 17800 17800 I ViewRootImpl@5875ca1[MainActivity]: ViewPostIme pointer 0
10-28 12:55:52.126   566   611 I HYPER-HAL: [RequestManager.cpp]acquire(): Acquired ID : 7397802  [3825 / 21]    HINT :      list : [TABoost / 5]
10-28 12:55:52.126   566   611 I HYPER-HAL: [RequestManager.cpp]acquire(): Acquired ID : 7405499  [3825 / 23]    HINT :      list : [TABoost / 20] [TIMEOUT / 1500]
10-28 12:55:52.129 26660 26792 I RecentTasksList: loadTasksInBackground() task id : 30394
10-28 12:55:52.129 26660 26792 I RecentTasksList: loadTasksInBackground() task id : 30298
10-28 12:55:52.129 26660 26792 I RecentTasksList: loadTasksInBackground() task id : 30470
10-28 12:55:52.131 18556 18556 E m.facebook.orc: Not starting debugger since process cannot load the jdwp agent.
10-28 12:55:52.133 18556 18556 E USNET   : USNET: appName: com.facebook.orca
10-28 12:55:52.134 18556 18556 D ProcessState: Binder ioctl to enable oneway spam detection failed: Invalid argument
10-28 12:55:52.137  1348  2147 I ViewRootImpl@ce2daa2[lunchtray]: mWNT: t = android.view.SurfaceControl$Transaction@1e345ab fN = 4 android.view.SyncRtSurfaceTransactionApplier.applyTransaction:94 android.view.SyncRtSurfaceTransactionApplier.lambda$scheduleApply$0$SyncRtSurfaceTransactionApplier:71 android.view.SyncRtSurfaceTransactionApplier$$ExternalSyntheticLambda0.onFrameDraw:4
10-28 12:55:52.137  1348  2147 I ViewRootImpl@ce2daa2[lunchtray]: mWNT: merge t to BBQ
10-28 12:55:52.138 19204 19204 E FullInputEventModel: onStartInput event aborted: al1: could not obtain extracted text (class al1)
10-28 12:55:52.140 18556 18556 D ActivityThread: setConscryptValidator
10-28 12:55:52.141 18556 18556 D ActivityThread: setConscryptValidator - put
10-28 12:55:52.151  1341  1341 D HidDeviceService: handleMessage(): msg.what=8
10-28 12:55:52.154  1348  1537 D OpenGLRenderer: setSurface called with nullptr
10-28 12:55:52.154  1348  1537 D OpenGLRenderer: setSurface() destroyed EGLSurface
10-28 12:55:52.154  1348  1537 D OpenGLRenderer: destroyEglSurface
10-28 12:55:52.156   954  1855 V WindowManager: Relayout Window{dfda363 u0 Splash Screen com.example.lunchtray}: viewVisibility=8 req=1080x2280 d0
10-28 12:55:52.156   620  3677 I SurfaceFlinger: id=205055 createSurf (0x0),-1 flag=24000, Surface(name=dfda363 Splash Screen com.example.lunchtray)/@0x8f3d224 - animation-leash of window_animation#0
10-28 12:55:52.157 18556 18556 D CompatibilityChangeReporter: Compat change id reported: 171979766; UID 10792; state: ENABLED
10-28 12:55:52.159   954  1855 V WindowManager: Relayout hash=dfda363, pid=1348: mAttrs={(0,0)(fillxfill) sim={adjust=pan} ty=APPLICATION_STARTING fmt=TRANSLUCENT wanim=0x1030001
10-28 12:55:52.159   954  1855 V WindowManager:   fl=81030118
10-28 12:55:52.159   954  1855 V WindowManager:   pfl=36000010
10-28 12:55:52.159   954  1855 V WindowManager:   bhv=DEFAULT
10-28 12:55:52.159   954  1855 V WindowManager:   fitSides= naviIconColor=0}
10-28 12:55:52.159  1348  1474 I ViewRootImpl@ce2daa2[lunchtray]: Relayout returned: old=(0,0,1080,2280) new=(0,0,1080,2280) req=(1080,2280)8 dur=3 res=0x5 s={false 0} ch=true fn=5
10-28 12:55:52.159  1348  1474 I ViewRootImpl@ce2daa2[lunchtray]: dispatchDetachedFromWindow
10-28 12:55:52.160   954  1855 D InputTransport: Input channel destroyed: 'dfda363', fd=1334
10-28 12:55:52.160   954  1855 W InputManager-JNI: Input channel object 'dfda363 Splash Screen com.example.lunchtray (client)' was disposed without first being removed with the input manager!
10-28 12:55:52.160   954  1855 D InputTransport: Input channel destroyed: 'dfda363', fd=1380
10-28 12:55:52.161  1348  1474 D InputTransport: Input channel destroyed: 'dfda363', fd=190
10-28 12:55:52.165   954  1855 D InputDispatcher: Inject motion (17800): action=0x1, time=851600959000000, f=0x0, d=0
10-28 12:55:52.165   954  1162 I InputDispatcher: Delivering touch to (17800): action: 0x1, f=0x0, d=0, '6a291ec', t=1 +(-34,-74)*1.06
10-28 12:55:52.165 17800 17800 I ViewRootImpl@5875ca1[MainActivity]: ViewPostIme pointer 1
10-28 12:55:52.168   620   620 I Layer   : id=205053 removeFromCurrentState Surface(name=6a291ec com.example.lunchtray/com.example.lunchtray.MainActivity)/@0xa63f16 - animation-leash of starting_reveal#0 (182)
10-28 12:55:52.172 17800 17800 D ScrollView: initGoToTop
10-28 12:55:52.205   954  1855 V WindowManager: Relayout Window{6a291ec u0 com.example.lunchtray/com.example.lunchtray.MainActivity}: viewVisibility=0 req=1080x2280 d0
10-28 12:55:52.207   954  1855 V WindowManager: Relayout hash=6a291ec, pid=17800: mAttrs={(0,0)(fillxfill) sim={adjust=resize} ty=BASE_APPLICATION wanim=0x1030303
10-28 12:55:52.207   954  1855 V WindowManager:   fl=81810100
10-28 12:55:52.207   954  1855 V WindowManager:   pfl=12020040
10-28 12:55:52.207   954  1855 V WindowManager:   apr=LIGHT_NAVIGATION_BARS
10-28 12:55:52.207   954  1855 V WindowManager:   bhv=DEFAULT
10-28 12:55:52.207   954  1855 V WindowManager:   fitSides= naviIconColor=0
10-28 12:55:52.207   954  1855 V WindowManager:   sfl=100000}
10-28 12:55:52.209 17800 17800 I ViewRootImpl@5875ca1[MainActivity]: Relayout returned: old=(0,0,1080,2280) new=(0,0,1080,2280) req=(1080,2280)0 dur=3 res=0x1 s={true 515080314864} ch=false fn=7
10-28 12:55:52.209 17800 17800 D ScrollView:  onsize change changed
10-28 12:55:52.212   954  1115 I SensorService: [REARLIGHT] lux value : 83, code value : 0
10-28 12:55:52.220  1348  1348 D NavigationBar: onSystemBarAttributesChanged() -  displayId:0, appearance:16 (APPEARANCE_LIGHT_NAVIGATION_BARS ), navbarColorManagedByIme:false
10-28 12:55:52.220  1348  1348 V Navbar.Store: handleEvent [EventType] GET_BOOL_REGION_SAMPLING_ENABLED [Module] LightBarController  KEYS_DEFAULT=false
10-28 12:55:52.220  1348  1348 V Navbar.Store: --[Band]COLOR_PACK_GET_REGION_SAMPLING_ENABLED
10-28 12:55:52.220  1348  1348 V Navbar.Store: ----getValue(BOOL_REGION_SAMPLING_ENABLED)=false
10-28 12:55:52.227 18556 18556 W m.facebook.orc: Entry not found
10-28 12:55:52.228 18556 18556 W m.facebook.orc: Entry not found
10-28 12:55:52.233 18556 18556 W m.facebook.orc: JIT profile information will not be recorded: profile file does not exist.
10-28 12:55:52.233 18556 18556 W m.facebook.orc: JIT profile information will not be recorded: profile file does not exist.
10-28 12:55:52.235   620   620 I Layer   : id=205043 removeFromCurrentState Splash Screen com.example.lunchtray$_1348#0 (182)
10-28 12:55:52.235   620   620 I Layer   : id=205042 removeFromCurrentState dfda363 Splash Screen com.example.lunchtray#0 (182)
10-28 12:55:52.235   620   620 I Layer   : id=205055 removeFromCurrentState Surface(name=dfda363 Splash Screen com.example.lunchtray)/@0x8f3d224 - animation-leash of window_animation#0 (182)
10-28 12:55:52.235   620   620 I SurfaceFlinger: id=205042 Removed dfda363 Splash Screen com.example.lunchtray#0 (182)
10-28 12:55:52.235   620   620 I SurfaceFlinger: id=205043 Removed Splash Screen com.example.lunchtray$_1348#0 (182)
10-28 12:55:52.235   620   620 I SurfaceFlinger: id=205055 Removed Surface(name=dfda363 Splash Screen com.example.lunchtray)/@0x8f3d224 - animation-leash of window_animation#0 (182)
10-28 12:55:52.236   620   620 I Layer   : id=205055 Destroyed Surface(name=dfda363 Splash Screen com.example.lunchtray)/@0x8f3d224 - animation-leash of window_animation#0
10-28 12:55:52.236   620   620 I Layer   : id=205042 Destroyed dfda363 Splash Screen com.example.lunchtray#0
10-28 12:55:52.237   620   620 I Layer   : id=205043 Destroyed Splash Screen com.example.lunchtray$_1348#0
10-28 12:55:52.239   620   620 D SurfaceFlinger: Display 0 HWC layers:
10-28 12:55:52.239   620   620 D SurfaceFlinger:      CLIENT | 0x7843da8ad0 | 0100 | RGBx_8888    |  589.0    0.0 1651.0 2240.0 |    0    0 1080 2280 | Wallpaper BBQ wrapper#0
10-28 12:55:52.239   620   620 D SurfaceFlinger:      CLIENT |              | 0000 |  Unknown  |    0.0    0.0    0.0    0.0 |    0    0 1080 2280 | OneUiHome-BlurLayer#0 (backgroundBlurRadius)
10-28 12:55:52.239   620   620 D SurfaceFlinger:      DEVICE | 0x7843db1f50 | 0100 | RGBA_8888    |    0.0    0.0 1080.0 2280.0 |    0    0 1080 2280 | com.sec.android.app.launcher/com.sec[...]activities.LauncherActivity$_26660#0
10-28 12:55:52.239   620   620 D SurfaceFlinger:      DEVICE | 0x7843dba9b0 | 0102 | RGBA_8888    |    0.0    0.0 1080.0 2280.0 |   11   23 1069 2257 | com.example.lunchtray/com.example.lunchtray.MainActivity$_17800#0
10-28 12:55:52.239   620   620 D SurfaceFlinger:      DEVICE | 0x7843db3a50 | 0100 | RGBA_8888    |    0.0    0.0 1080.0  112.0 |    0    0 1080  112 | StatusBar$_1348#0
10-28 12:55:52.239   620   620 D SurfaceFlinger:      DEVICE | 0x7843dbc6f0 | 0100 | RGBA_8888    |    0.0    0.0   67.0  416.0 |    0  814   67 1230 | com.samsung.android.app.cocktailbars[...]arservice.CocktailBarService$_8198#0
10-28 12:55:52.239   620   620 D SurfaceFlinger:      DEVICE | 0x7843dafd90 | 0100 | RGBA_8888    |    0.0    0.0 1080.0  126.
10-28 12:55:52.239   620   620 D SurfaceFlinger: 0 |    0 2154 1080 2280 | NavigationBar0$_1348#0
10-28 12:55:52.239   620   620 D SurfaceFlinger:
10-28 12:55:52.255   566 18540 I HYPER-HAL: [RequestManager.cpp]releaseLocked(): Released ID : 486623
10-28 12:55:52.268 18556 18556 V GraphicsEnvironment: ANGLE Developer option for 'com.facebook.orca' set to: 'default'
10-28 12:55:52.268 18556 18556 V GraphicsEnvironment: App is not on the allowlist for updatable production driver.
10-28 12:55:52.274 18556 18556 D NetworkSecurityConfig: Using Network Security Config from resource (name removed) debugBuild: false
10-28 12:55:52.295 18556 18556 D NetworkSecurityConfig: Using Network Security Config from resource (name removed) debugBuild: false
10-28 12:55:52.327 18556 18576 W CrashLoopRemedyLog: unable to delete remedy log, instaCrash: false
10-28 12:55:52.327 18556 18576 W CrashLoopRemedyLog: unable to delete remedy log, instaCrash: true
10-28 12:55:52.338  8198  8198 I Utils   : isCurrentUser current = 0, ownerId = 0
10-28 12:55:52.338  8198  8198 I TrayVisibilityController: getComputedTrayVisible : keyguardState = 1
10-28 12:55:52.338  8198  8198 I TrayVisibilityController: updateTrayVisible: State=1 visible=1 mCurrentVisible=1 specificMode=0
10-28 12:55:52.338  8198  8198 I TrayStateController: onNotifyUpdateTray: state=0
10-28 12:55:52.361 18556 18576 W MessengerLacrimaConfig: MessengerLacrimaConfig.earlyInit
10-28 12:55:52.387 26660 26660 I ViewRootImpl@623994e[LauncherActivity]: handleAppVisibility mAppVisible=true visible=false
10-28 12:55:52.387  1348  3762 D WallpaperService: dispatchAppVisibility onVisibilityChanged(): false
10-28 12:55:52.387  1348  1348 D WallpaperService: reportVisibility onVisibilityChanged visible: false
10-28 12:55:52.387  1348  1535 I ImageWallpaper:  onVisibilityChanged false , 0
10-28 12:55:52.388   620   620 D SurfaceFlinger: Display 0 HWC layers:
10-28 12:55:52.388   620   620 D SurfaceFlinger:      DEVICE | 0x7843dba9b0 | 0102 | RGBA_8888    |    0.0    0.0 1080.0 2280.0 |    0    0 1080 2280 | com.example.lunchtray/com.example.lunchtray.MainActivity$_17800#0
10-28 12:55:52.388   620   620 D SurfaceFlinger:      DEVICE | 0x7843db3a50 | 0100 | RGBA_8888    |    0.0    0.0 1080.0  112.0 |    0    0 1080  112 | StatusBar$_1348#0
10-28 12:55:52.388   620   620 D SurfaceFlinger:      DEVICE | 0x7843dbc6f0 | 0100 | RGBA_8888    |    0.0    0.0   67.0  416.0 |    0  814   67 1230 | com.samsung.android.app.cocktailbars[...]arservice.CocktailBarService$_8198#0
10-28 12:55:52.388   620   620 D SurfaceFlinger:      DEVICE | 0x7843dafd90 | 0100 | RGBA_8888    |    0.0    0.0 1080.0  126.0 |    0 2154 1080 2280 | NavigationBar0$_1348#0
10-28 12:55:52.388   620   620 D SurfaceFlinger:
10-28 12:55:52.398   566 18555 I HYPER-HAL: [RequestManager.cpp]releaseLocked(): Released ID : 473870
10-28 12:55:52.399   954  1244 D SemCellularStateManager: onSignalStrengthsChanged: mCellularSignalLevel=3
10-28 12:55:52.399 17800 17800 D LifecycleMonitor: Lifecycle status change: androidx.test.core.app.InstrumentationActivityInvoker$BootstrapActivity@8ccc6ef in: STOPPED
10-28 12:55:52.399 17800 17800 V ActivityScenario: Activity lifecycle changed event received but ignored because the intent does not match. startActivityIntent=Intent { act=android.intent.action.MAIN cat=[android.intent.category.LAUNCHER] cmp=com.example.lunchtray/androidx.fragment.app.testing.FragmentScenario$EmptyFragmentActivity (has extras) }, activity.getIntent()=Intent { act=android.intent.action.MAIN cat=[android.intent.category.LAUNCHER] flg=0x10008000 cmp=com.example.lunchtray/androidx.test.core.app.InstrumentationActivityInvoker$BootstrapActivity (has extras) }, activity=androidx.test.core.app.InstrumentationActivityInvoker$BootstrapActivity@8ccc6ef
10-28 12:55:52.400 17800 17800 V ActivityScenario: Activity lifecycle changed event received but ignored because the intent does not match. startActivityIntent=Intent { act=android.intent.action.MAIN cat=[android.intent.category.LAUNCHER] cmp=com.example.lunchtray/androidx.fragment.app.testing.FragmentScenario$EmptyFragmentActivity (has extras) }, activity.getIntent()=Intent { act=android.intent.action.MAIN cat=[android.intent.category.LAUNCHER] flg=0x10008000 cmp=com.example.lunchtray/androidx.test.core.app.InstrumentationActivityInvoker$BootstrapActivity (has extras) }, activity=androidx.test.core.app.InstrumentationActivityInvoker$BootstrapActivity@8ccc6ef
10-28 12:55:52.400  1348  1502 D MobileStatusTracker(0/1): onSignalStrengthsChanged signalStrength=SignalStrength:{mCdma=Invalid,mGsm=Invalid,mWcdma=Invalid,mTdscdma=Invalid,mLte=CellSignalStrengthLte: rssi=-103 rsrp=-103 rsrq=-17 rssnr=-8 cqiTableIndex=2147483647 cqi=4 ta=2147483647 level=3 parametersUseForLevel=0,mNr=Invalid,SignalBarInfo{ lteLevel=2 },rat=14,primary=CellSignalStrengthLte} level=2
10-28 12:55:52.400 17800 17800 V ActivityScenario: Activity lifecycle changed event received but ignored because the intent does not match. startActivityIntent=Intent { act=android.intent.action.MAIN cat=[android.intent.category.LAUNCHER] cmp=com.example.lunchtray/androidx.fragment.app.testing.FragmentScenario$EmptyFragmentActivity (has extras) }, activity.getIntent()=Intent { act=android.intent.action.MAIN cat=[android.intent.category.LAUNCHER] flg=0x10008000 cmp=com.example.lunchtray/androidx.test.core.app.InstrumentationActivityInvoker$BootstrapActivity (has extras) }, activity=androidx.test.core.app.InstrumentationActivityInvoker$BootstrapActivity@8ccc6ef
10-28 12:55:52.400  1348  1502 D CscParser: OMC path : /product/omc/SEE/conf/customer.xml
10-28 12:55:52.400 17800 17800 V ActivityScenario: Activity lifecycle changed event received but ignored because the intent does not match. startActivityIntent=Intent { act=android.intent.action.MAIN cat=[android.intent.category.LAUNCHER] cmp=com.example.lunchtray/androidx.fragment.app.testing.FragmentScenario$EmptyFragmentActivity (has extras) }, activity.getIntent()=Intent { act=android.intent.action.MAIN cat=[android.intent.category.LAUNCHER] flg=0x10008000 cmp=com.example.lunchtray/androidx.test.core.app.InstrumentationActivityInvoker$BootstrapActivity (has extras) }, activity=androidx.test.core.app.InstrumentationActivityInvoker$BootstrapActivity@8ccc6ef
10-28 12:55:52.400  1348  1502 I CscParser: getCustomerPath : omc customer file can read
10-28 12:55:52.400  1348  1502 E CscParser: update(): xml file exist
10-28 12:55:52.400 17800 17800 V ActivityScenario: Activity lifecycle changed event received but ignored because the intent does not match. startActivityIntent=Intent { act=android.intent.action.MAIN cat=[android.intent.category.LAUNCHER] cmp=com.example.lunchtray/.MainActivity }, activity.getIntent()=Intent { act=android.intent.action.MAIN cat=[android.intent.category.LAUNCHER] flg=0x10008000 cmp=com.example.lunchtray/androidx.test.core.app.InstrumentationActivityInvoker$BootstrapActivity (has extras) }, activity=androidx.test.core.app.InstrumentationActivityInvoker$BootstrapActivity@8ccc6ef
10-28 12:55:52.400 17800 17800 V ActivityScenario: Activity lifecycle changed event received but ignored because the intent does not match. startActivityIntent=Intent { act=android.intent.action.MAIN cat=[android.intent.category.LAUNCHER] cmp=com.example.lunchtray/.MainActivity }, activity.getIntent()=Intent { act=android.intent.action.MAIN cat=[android.intent.category.LAUNCHER] flg=0x10008000 cmp=com.example.lunchtray/androidx.test.core.app.InstrumentationActivityInvoker$BootstrapActivity (has extras) }, activity=androidx.test.core.app.InstrumentationActivityInvoker$BootstrapActivity@8ccc6ef
10-28 12:55:52.400 17800 17800 V ActivityScenario: Activity lifecycle changed event received but ignored because the intent does not match. startActivityIntent=Intent { act=android.intent.action.MAIN cat=[android.intent.category.LAUNCHER] cmp=com.example.lunchtray/.MainActivity }, activity.getIntent()=Intent { act=android.intent.action.MAIN cat=[android.intent.category.LAUNCHER] flg=0x10008000 cmp=com.example.lunchtray/androidx.test.core.app.InstrumentationActivityInvoker$BootstrapActivity (has extras) }, activity=androidx.test.core.app.InstrumentationActivityInvoker$BootstrapActivity@8ccc6ef
10-28 12:55:52.400 17800 17800 V ActivityScenario: Activity lifecycle changed event received but ignored because the intent does not match. startActivityIntent=Intent { act=android.intent.action.MAIN cat=[android.intent.category.LAUNCHER] cmp=com.example.lunchtray/.MainActivity }, activity.getIntent()=Intent { act=android.intent.action.MAIN cat=[android.intent.category.LAUNCHER] flg=0x10008000 cmp=com.example.lunchtray/androidx.test.core.app.InstrumentationActivityInvoker$BootstrapActivity (has extras) }, activity=androidx.test.core.app.InstrumentationActivityInvoker$BootstrapActivity@8ccc6ef
10-28 12:55:52.400 17800 17800 V ActivityScenario: Activity lifecycle changed event received but ignored because the intent does not match. startActivityIntent=Intent { act=android.intent.action.MAIN cat=[android.intent.category.LAUNCHER] cmp=com.example.lunchtray/.MainActivity }, activity.getIntent()=Intent { act=android.intent.action.MAIN cat=[android.intent.category.LAUNCHER] flg=0x10008000 cmp=com.example.lunchtray/androidx.test.core.app.InstrumentationActivityInvoker$BootstrapActivity (has extras) }, activity=androidx.test.core.app.InstrumentationActivityInvoker$BootstrapActivity@8ccc6ef
10-28 12:55:52.402   620   620 I Layer   : id=205045 removeFromCurrentState Surface(name=Task=1)/@0x4cdbfdb - animation-leash of app_transition#0 (179)
10-28 12:55:52.402   620   620 I Layer   : id=205046 removeFromCurrentState Surface(name=Task=30470)/@0x347545 - animation-leash of app_transition#0 (179)
10-28 12:55:52.403   954  1024 I libprocessgroup: Successfully killed process cgroup uid 10814 pid 18463 in 0ms
10-28 12:55:52.403   620   620 I SurfaceFlinger: id=205046 Removed Surface(name=Task=30470)/@0x347545 - animation-leash of app_transition#0 (179)
10-28 12:55:52.403   620   620 I SurfaceFlinger: id=205045 Removed Surface(name=Task=1)/@0x4cdbfdb - animation-leash of app_transition#0 (179)
10-28 12:55:52.403   620   620 I Layer   : id=205045 Destroyed Surface(name=Task=1)/@0x4cdbfdb - animation-leash of app_transition#0
10-28 12:55:52.403   620   620 I Layer   : id=205046 Destroyed Surface(name=Task=30470)/@0x347545 - animation-leash of app_transition#0
10-28 12:55:52.406  1348  1502 D NetworkController: SignalStrength from intent slotId=0
10-28 12:55:52.408   954  3956 V WindowManager: Relayout Window{4ad90e6 u0 com.sec.android.app.launcher/com.sec.android.app.launcher.activities.LauncherActivity}: viewVisibility=8 req=1080x2280 d0
10-28 12:55:52.409   954  3956 V WindowManager: Relayout hash=4ad90e6, pid=26660: mAttrs={(0,0)(fillxfill) sim={adjust=nothing} layoutInDisplayCutoutMode=shortEdges ty=BASE_APPLICATION fmt=TRANSPARENT wanim=0x10302f2
10-28 12:55:52.409   954  3956 V WindowManager:   fl=81910100
10-28 12:55:52.409   954  3956 V WindowManager:   pfl=1e020040
10-28 12:55:52.409   954  3956 V WindowManager:   vsysui=1700
10-28 12:55:52.409   954  3956 V WindowManager:   bhv=SHOW_TRANSIENT_BARS_BY_SWIPE
10-28 12:55:52.409   954  3956 V WindowManager:   fitSides= naviIconColor=0}
10-28 12:55:52.410 26660 26660 I ViewRootImpl@623994e[LauncherActivity]: Relayout returned: old=(0,0,1080,2280) new=(0,0,1080,2280) req=(1080,2280)8 dur=2 res=0x5 s={false 0} ch=true fn=25
10-28 12:55:52.410 26660 26660 I ViewRootImpl@623994e[LauncherActivity]: stopped(true) old=false
10-28 12:55:52.411 26660 26660 I BaseActivity: removeActivityFlags, flags : 17
10-28 12:55:52.411 26660 26660 W LauncherAppWidgetHost: setShouldListenFlag, mFlags:7 flag:start on:false isFront:false
10-28 12:55:52.411 26660 26792 I IMM_LC  : hsifw() - flags=0, caller=android.view.inputmethod.InputMethodManager.hideSoftInputFromWindow:1846 android.view.inputmethod.InputMethodManager.hideSoftInputFromWindow:1815 com.android.launcher3.util.UiThreadHelper$UiCallbacks.handleMessage:103 android.os.Handler.dispatchMessage:102 android.os.Looper.loopOnce:226
10-28 12:55:52.411 26660 26792 I IMM_LC  : hideSoftInputFromWindow - mService.hideSoftInput
10-28 12:55:52.411   954  3956 I AppWidgetServiceImpl: stopListening callbacks : null
10-28 12:55:52.411 26660 26660 W LauncherAppWidgetHost: stopListening, mFlags:2 isFront:false
10-28 12:55:52.411 26660 26660 W Launcher.NotificationListener: removeNotificationsChangedListener
10-28 12:55:52.411 26660 26660 I BadgeCountUpdaterImpl: onNotificationsChangedDisConnected
10-28 12:55:52.411 26660 26660 I Launcher.NotificationListener: unregisterObserver, this is not notificationService!!
10-28 12:55:52.411 26660 26792 I LiveIconUpdateEventHandler: LiveIcon onStop
10-28 12:55:52.412 26660 26792 I LiveIconUpdateEventHandler: cancelMinuteChangeAlarm
10-28 12:55:52.413 26660 26792 I LiveIconUpdateEventHandler: cancelDateChangeAlarm
10-28 12:55:52.413 26660 26792 I LiveIconUpdateEventHandler: unregisterReceiver
10-28 12:55:52.419   620   620 D Layer   : setBackgroundBlurRadius ## OneUiHome-BlurLayer#0, backgroundBlurRadius=0
10-28 12:55:52.419   620   620 I SurfaceFlinger: id=205033 Removed OneUiHome-BlurLayer#0 (177)
10-28 12:55:52.434 17800 17800 I ViewInteraction: Performing 'single click' action on view view.getId() is <2131230844/com.example.lunchtray:id/cauliflower>
10-28 12:55:52.435   511   511 E audit   : type=1400 audit(1666954552.429:342445): avc:  denied  { read } for  pid=18556 comm="EnsureDelegate" name="zoneinfo" dev="proc" ino=4026531860 scontext=u:r:untrusted_app:s0:c24,c259,c512,c768 tcontext=u:object_r:proc_zoneinfo:s0 tclass=file permissive=0 SEPF_SM-G973F_12_0001 audit_filtered
10-28 12:55:52.435   511   511 E audit   : type=1300 audit(1666954552.429:342445): arch=c00000b7 syscall=56 success=no exit=-13 a0=ffffff9c a1=767d25ff90 a2=0 a3=0 items=0 ppid=531 pid=18556 auid=4294967295 uid=10792 gid=10792 euid=10792 suid=10792 fsuid=10792 egid=10792 sgid=10792 fsgid=10792 tty=(none) ses=4294967295 comm="EnsureDelegate" exe="/system/bin/app_process64" subj=u:r:untrusted_app:s0:c24,c259,c512,c768 key=(null)
10-28 12:55:52.435   511   511 E audit   : type=1327 audit(1666954552.429:342445): proctitle="com.facebook.orca"
10-28 12:55:52.435   954  3956 D InputDispatcher: Inject motion (17800): action=0x0, time=851601230000000, f=0x0, d=0
10-28 12:55:52.435   954  1162 I InputDispatcher: Delivering touch to (1348): action: 0x4, f=0x0, d=0, 'be23078', t=0
10-28 12:55:52.436   954  1162 I InputDispatcher: Delivering touch to (17800): action: 0x0, f=0x0, d=0, '6a291ec', t=0
10-28 12:55:52.436   620   620 I Layer   : id=205030 removeFromCurrentState com.sec.android.app.launcher/com.sec.android.app.launcher.activities.LauncherActivity$_26660#0 (177)
10-28 12:55:52.436   620   620 I Layer   : id=205033 removeFromCurrentState OneUiHome-BlurLayer#0 (177)
10-28 12:55:52.436  3825  3825 I SemDvfsHyPerManager: acquire hyper - BaseTABoost/3825@21, type = 1090523139
10-28 12:55:52.436  3825  3825 I SemDvfsHyPerManager: acquire hyper - BaseTAToouchBoost/3825@23, type = 1090523139
10-28 12:55:52.436   620   620 I SurfaceFlinger: id=205030 Removed com.sec.android.app.launcher/com.sec.android.app.launcher.activities.LauncherActivity$_26660#0 (177)
10-28 12:55:52.437 17800 17800 I ViewRootImpl@5875ca1[MainActivity]: ViewPostIme pointer 0
10-28 12:55:52.437   566   611 I HYPER-HAL: [RequestManager.cpp]acquire(): Acquired ID : 7397802  [3825 / 21]    HINT :      list : [TABoost / 5]
10-28 12:55:52.437   566   611 I HYPER-HAL: [RequestManager.cpp]acquire(): Acquired ID : 7405499  [3825 / 23]    HINT :      list : [TABoost / 20] [TIMEOUT / 1500]
10-28 12:55:52.437   620   620 I Layer   : id=205030 Destroyed com.sec.android.app.launcher/com.sec.android.app.launcher.activities.LauncherActivity$_26660#0
10-28 12:55:52.437   620   620 I Layer   : id=205033 Destroyed OneUiHome-BlurLayer#0
10-28 12:55:52.439 18556 18576 W lacrima : Start JavaAppDeathCrashDetector... X.0Uq
10-28 12:55:52.444 18556 18576 W lacrima : Sending pending reports
10-28 12:55:52.456 18556 18576 W MessengerLacrimaConfig: MessengerLacrimaConfig.earlyNativeInit
10-28 12:55:52.467   511   511 E audit   : type=1400 audit(1666954552.461:342446): avc:  granted  { execute } for  pid=18556 comm="Lacrima_startup" path="/data/data/com.facebook.orca/lib-compressed/libbreakpad.so" dev="sda31" ino=3283522 scontext=u:r:untrusted_app:s0:c24,c259,c512,c768 tcontext=u:object_r:app_data_file:s0:c24,c259,c512,c768 tclass=file SEPF_SM-G973F_12_0001 audit_filtered
10-28 12:55:52.467   511   511 E audit   : type=1300 audit(1666954552.461:342446): arch=c00000b7 syscall=222 success=yes exit=508125405184 a0=764ea26000 a1=18b80 a2=5 a3=12 items=0 ppid=531 pid=18556 auid=4294967295 uid=10792 gid=10792 euid=10792 suid=10792 fsuid=10792 egid=10792 sgid=10792 fsgid=10792 tty=(none) ses=4294967295 comm="Lacrima_startup" exe="/system/bin/app_process64" subj=u:r:untrusted_app:s0:c24,c259,c512,c768 key=(null)
10-28 12:55:52.467   511   511 E audit   : type=1327 audit(1666954552.461:342446): proctitle="com.facebook.orca"
10-28 12:55:52.471   531   531 I Zygote  : Process 18463 exited due to signal 9 (Killed)
10-28 12:55:52.472   954  1253 D SemNscXgbMsL1: Probability - Cloud gaming: [0.22131166]
10-28 12:55:52.472   954  1253 D SemNscXgbMsL1: Probability - Real time: [0.09194271]
10-28 12:55:52.472   954  1253 D SemNscXgbMsL1: Probability - Non real time: [0.89349824]
10-28 12:55:52.472   954  1253 D SemNscXgbMsL1: 1 sample inference time: 0.550077 msecs
10-28 12:55:52.473  1341  1341 D HidDeviceService: handleMessage(): msg.what=8
10-28 12:55:52.473   954  1253 D SemNscXgbL2Rt: L2 RT 1 sample inference time: 0.559231 msecs
10-28 12:55:52.473   954  3956 D ConnectivityService: ConnectivityService NetworkRequestInfo binderDied(uid/pid:10814/18463, android.os.BinderProxy@13f5677)
10-28 12:55:52.473   954  1253 D SemNscXgbL2Nrt: L2 NRT 1 sample inference time: 0.524192 msecs
10-28 12:55:52.473   954  1197 D ConnectivityService: releasing NetworkRequest [ REQUEST id=38336, [ Capabilities: INTERNET&NOT_RESTRICTED&TRUSTED&NOT_VCN_MANAGED Uid: 10814 RequestorUid: 10814 RequestorPkg: org.telegram.messenger] ] (release request)
10-28 12:55:52.473   954  1197 D ConnectivityService:  Removing from current network [245 WIFI], leaving 173 requests.
10-28 12:55:52.474   954  2750 D PkgPredictorService-IpmNapPreloadController: app:0_&_org.telegram.messenger die, remove from <launchTime:2022-10-28 12:55:51 hour:12 day:6 previous:[com.example.lunchtray, com.example.lunchtray, com.example.lunchtray] running:com.example.lunchtray/com.example.lunchtray.MainActivity apkVersion:1.0 userId:0 screenOrientation:1 wifi:3 bt:12 predictTime:0 launching Time:132 predicted:false prediction:[0_&_org.telegram.messenger, 0_&_com.facebook.orca, 0_&_com.instagram.android] preloaded:false preloading:[0_&_org.telegram.messenger, 0_&_com.facebook.orca]>
10-28 12:55:52.477   954  3936 D InputDispatcher: Inject motion (17800): action=0x1, time=851601272000000, f=0x0, d=0
10-28 12:55:52.478   954  1162 I InputDispatcher: Delivering touch to (17800): action: 0x1, f=0x0, d=0, '6a291ec', t=1
10-28 12:55:52.478 17800 17800 I ViewRootImpl@5875ca1[MainActivity]: ViewPostIme pointer 1
10-28 12:55:52.488 18556 18586 D fb-distract: Distracting /apex/com.android.runtime/lib64/bionic/libc.so!kill (0x0x7963158fe0) with /data/data/com.facebook.orca/lib-compressed/libappstatelogger2.so!<unknown> (0x0x764e94ec8c)
10-28 12:55:52.489 18556 18586 D fb-distract: Distracting /apex/com.android.runtime/lib64/bionic/libc.so!raise (0x0x79631178a8) with /data/data/com.facebook.orca/lib-compressed/libappstatelogger2.so!<unknown> (0x0x764e94eccc)
10-28 12:55:52.489 18556 18586 D fb-distract: Distracting /apex/com.android.runtime/lib64/bionic/libc.so!pthread_kill (0x0x796316e680) with /data/data/com.facebook.orca/lib-compressed/libappstatelogger2.so!<unknown> (0x0x764e94ed24)
10-28 12:55:52.489 18556 18586 D fb-distract: Distracting /apex/com.android.runtime/lib64/bionic/libc.so!killpg (0x0x7963113e78) with /data/data/com.facebook.orca/lib-compressed/libappstatelogger2.so!<unknown> (0x0x764e94ed58)
