10-28 12:55:59.504 17800 17800 V ActivityScenario: Activity lifecycle changed event received but ignored because the intent does not match. startActivityIntent=Intent { act=android.intent.action.MAIN cat=[android.intent.category.LAUNCHER] cmp=com.example.lunchtray/androidx.fragment.app.testing.FragmentScenario$EmptyFragmentActivity (has extras) }, activity.getIntent()=Intent { act=android.intent.action.MAIN cat=[android.intent.category.LAUNCHER] flg=0x10008000 cmp=com.example.lunchtray/androidx.test.core.app.InstrumentationActivityInvoker$BootstrapActivity (has extras) }, activity=androidx.test.core.app.InstrumentationActivityInvoker$BootstrapActivity@3f25735
10-28 12:55:59.504 17800 17800 V ActivityScenario: Activity lifecycle changed event received but ignored because the intent does not match. startActivityIntent=Intent { act=android.intent.action.MAIN cat=[android.intent.category.LAUNCHER] cmp=com.example.lunchtray/.MainActivity }, activity.getIntent()=Intent { act=android.intent.action.MAIN cat=[android.intent.category.LAUNCHER] flg=0x10008000 cmp=com.example.lunchtray/androidx.test.core.app.InstrumentationActivityInvoker$BootstrapActivity (has extras) }, activity=androidx.test.core.app.InstrumentationActivityInvoker$BootstrapActivity@3f25735
10-28 12:55:59.504 17800 17800 V ActivityScenario: Activity lifecycle changed event received but ignored because the intent does not match. startActivityIntent=Intent { act=android.intent.action.MAIN cat=[android.intent.category.LAUNCHER] cmp=com.example.lunchtray/.MainActivity }, activity.getIntent()=Intent { act=android.intent.action.MAIN cat=[android.intent.category.LAUNCHER] flg=0x10008000 cmp=com.example.lunchtray/androidx.test.core.app.InstrumentationActivityInvoker$BootstrapActivity (has extras) }, activity=androidx.test.core.app.InstrumentationActivityInvoker$BootstrapActivity@3f25735
10-28 12:55:59.504 17800 17800 V ActivityScenario: Activity lifecycle changed event received but ignored because the intent does not match. startActivityIntent=Intent { act=android.intent.action.MAIN cat=[android.intent.category.LAUNCHER] cmp=com.example.lunchtray/.MainActivity }, activity.getIntent()=Intent { act=android.intent.action.MAIN cat=[android.intent.category.LAUNCHER] flg=0x10008000 cmp=com.example.lunchtray/androidx.test.core.app.InstrumentationActivityInvoker$BootstrapActivity (has extras) }, activity=androidx.test.core.app.InstrumentationActivityInvoker$BootstrapActivity@3f25735
10-28 12:55:59.504 17800 17800 V ActivityScenario: Activity lifecycle changed event received but ignored because the intent does not match. startActivityIntent=Intent { act=android.intent.action.MAIN cat=[android.intent.category.LAUNCHER] cmp=com.example.lunchtray/.MainActivity }, activity.getIntent()=Intent { act=android.intent.action.MAIN cat=[android.intent.category.LAUNCHER] flg=0x10008000 cmp=com.example.lunchtray/androidx.test.core.app.InstrumentationActivityInvoker$BootstrapActivity (has extras) }, activity=androidx.test.core.app.InstrumentationActivityInvoker$BootstrapActivity@3f25735
10-28 12:55:59.504 17800 17800 V ActivityScenario: Activity lifecycle changed event received but ignored because the intent does not match. startActivityIntent=Intent { act=android.intent.action.MAIN cat=[android.intent.category.LAUNCHER] cmp=com.example.lunchtray/.MainActivity }, activity.getIntent()=Intent { act=android.intent.action.MAIN cat=[android.intent.category.LAUNCHER] flg=0x10008000 cmp=com.example.lunchtray/androidx.test.core.app.InstrumentationActivityInvoker$BootstrapActivity (has extras) }, activity=androidx.test.core.app.InstrumentationActivityInvoker$BootstrapActivity@3f25735
10-28 12:55:59.504 17800 17800 V ActivityScenario: Activity lifecycle changed event received but ignored because the intent does not match. startActivityIntent=Intent { act=android.intent.action.MAIN cat=[android.intent.category.LAUNCHER] cmp=com.example.lunchtray/androidx.fragment.app.testing.FragmentScenario$EmptyFragmentActivity (has extras) }, activity.getIntent()=Intent { act=android.intent.action.MAIN cat=[android.intent.category.LAUNCHER] flg=0x10008000 cmp=com.example.lunchtray/androidx.test.core.app.InstrumentationActivityInvoker$BootstrapActivity (has extras) }, activity=androidx.test.core.app.InstrumentationActivityInvoker$BootstrapActivity@3f25735
10-28 12:55:59.504 17800 17800 V ActivityScenario: Activity lifecycle changed event received but ignored because the intent does not match. startActivityIntent=Intent { act=android.intent.action.MAIN cat=[android.intent.category.LAUNCHER] cmp=com.example.lunchtray/.MainActivity }, activity.getIntent()=Intent { act=android.intent.action.MAIN cat=[android.intent.category.LAUNCHER] flg=0x10008000 cmp=com.example.lunchtray/androidx.test.core.app.InstrumentationActivityInvoker$BootstrapActivity (has extras) }, activity=androidx.test.core.app.InstrumentationActivityInvoker$BootstrapActivity@3f25735
10-28 12:55:59.513   954   971 I system_server: NativeAlloc concurrent copying GC freed 439772(19MB) AllocSpace objects, 32(672KB) LOS objects, 17% free, 115MB/139MB, paused 177us,247us total 303.557ms
10-28 12:55:59.515   954  1253 D SemNscXgbMsL1: Probability - Cloud gaming: [0.054484986]
10-28 12:55:59.515   954  1253 D SemNscXgbMsL1: Probability - Real time: [0.0035159546]
10-28 12:55:59.515   954  1253 D SemNscXgbMsL1: Probability - Non real time: [0.9914882]
10-28 12:55:59.515   954  1253 D SemNscXgbMsL1: 1 sample inference time: 0.264307 msecs
10-28 12:55:59.516   954  1253 D SemNscXgbL2Rt: L2 RT 1 sample inference time: 0.333692 msecs
10-28 12:55:59.516   954  1253 D SemNscXgbL2Nrt: L2 NRT 1 sample inference time: 0.291154 msecs
10-28 12:55:59.516   954  1844 D InputDispatcher: Focused application set to (0): 8aa4d19
10-28 12:55:59.520   954   973 W System  : A resource failed to call release.
10-28 12:55:59.520   954   973 W System  : A resource failed to call close.
10-28 12:55:59.522   954   973 W System  : A resource failed to call release.
10-28 12:55:59.522   620   643 I SurfaceFlinger: id=205091 Removed Task=30472#0 (178)
10-28 12:55:59.522   954   973 W System  : A resource failed to call close.
10-28 12:55:59.523   954   973 W System  : A resource failed to call release.
10-28 12:55:59.523   620   643 I SurfaceFlinger: id=205066 Removed Task=30471#0 (178)
10-28 12:55:59.523   954   973 W System  : A resource failed to call close.
10-28 12:55:59.524   954   973 W System  : A resource failed to call release.
10-28 12:55:59.524   620   643 I SurfaceFlinger: id=205040 Removed Task=30470#0 (178)
10-28 12:55:59.524   954   973 W System  : A resource failed to call close.
10-28 12:55:59.524   954   973 W System  : A resource failed to call close.
10-28 12:55:59.525   954   973 W System  : A resource failed to call close.
10-28 12:55:59.526   954  1015 I SemPersonaManager: SecureFolder personaId = 150
10-28 12:55:59.530   620   620 I Layer   : id=205066 Destroyed Task=30471#0
10-28 12:55:59.530   620   620 I Layer   : id=205040 Destroyed Task=30470#0
10-28 12:55:59.530   620   620 I Layer   : id=205091 Destroyed Task=30472#0
10-28 12:55:59.531   954  1015 D EnterpriseDeviceManagerService: isMdmAdminPresentInternal() : MDM Admin Found - com.samsung.knox.securefolder
10-28 12:55:59.532 17800 17800 D LifecycleMonitor: Lifecycle status change: com.example.lunchtray.MainActivity@29f9415 in: PRE_ON_CREATE
10-28 12:55:59.532 17800 17800 V ActivityScenario: Activity lifecycle changed event received but ignored because the intent does not match. startActivityIntent=Intent { act=android.intent.action.MAIN cat=[android.intent.category.LAUNCHER] cmp=com.example.lunchtray/androidx.fragment.app.testing.FragmentScenario$EmptyFragmentActivity (has extras) }, activity.getIntent()=Intent { act=android.intent.action.MAIN cat=[android.intent.category.LAUNCHER] cmp=com.example.lunchtray/.MainActivity }, activity=com.example.lunchtray.MainActivity@29f9415
10-28 12:55:59.532 17800 17800 V ActivityScenario: Activity lifecycle changed event received but ignored because the intent does not match. startActivityIntent=Intent { act=android.intent.action.MAIN cat=[android.intent.category.LAUNCHER] cmp=com.example.lunchtray/androidx.fragment.app.testing.FragmentScenario$EmptyFragmentActivity (has extras) }, activity.getIntent()=Intent { act=android.intent.action.MAIN cat=[android.intent.category.LAUNCHER] cmp=com.example.lunchtray/.MainActivity }, activity=com.example.lunchtray.MainActivity@29f9415
10-28 12:55:59.533 17800 17800 V ActivityScenario: Activity lifecycle changed event received but ignored because the intent does not match. startActivityIntent=Intent { act=android.intent.action.MAIN cat=[android.intent.category.LAUNCHER] cmp=com.example.lunchtray/androidx.fragment.app.testing.FragmentScenario$EmptyFragmentActivity (has extras) }, activity.getIntent()=Intent { act=android.intent.action.MAIN cat=[android.intent.category.LAUNCHER] cmp=com.example.lunchtray/.MainActivity }, activity=com.example.lunchtray.MainActivity@29f9415
10-28 12:55:59.533 17800 17800 V ActivityScenario: Activity lifecycle changed event received but ignored because the intent does not match. startActivityIntent=Intent { act=android.intent.action.MAIN cat=[android.intent.category.LAUNCHER] cmp=com.example.lunchtray/androidx.fragment.app.testing.FragmentScenario$EmptyFragmentActivity (has extras) }, activity.getIntent()=Intent { act=android.intent.action.MAIN cat=[android.intent.category.LAUNCHER] cmp=com.example.lunchtray/.MainActivity }, activity=com.example.lunchtray.MainActivity@29f9415
10-28 12:55:59.533 17800 17800 V ActivityScenario: Activity lifecycle changed event received but ignored because the reported transition was not ON_CREATE while the last known transition was DESTROYED
10-28 12:55:59.533 17800 17800 V ActivityScenario: Activity lifecycle changed event received but ignored because the reported transition was not ON_CREATE while the last known transition was DESTROYED
10-28 12:55:59.533 17800 17800 V ActivityScenario: Activity lifecycle changed event received but ignored because the reported transition was not ON_CREATE while the last known transition was DESTROYED
10-28 12:55:59.533 17800 17800 V ActivityScenario: Activity lifecycle changed event received but ignored because the reported transition was not ON_CREATE while the last known transition was DESTROYED
10-28 12:55:59.533 17800 17800 V ActivityScenario: Activity lifecycle changed event received but ignored because the reported transition was not ON_CREATE while the last known transition was DESTROYED
10-28 12:55:59.533 17800 17800 V ActivityScenario: Activity lifecycle changed event received but ignored because the intent does not match. startActivityIntent=Intent { act=android.intent.action.MAIN cat=[android.intent.category.LAUNCHER] cmp=com.example.lunchtray/androidx.fragment.app.testing.FragmentScenario$EmptyFragmentActivity (has extras) }, activity.getIntent()=Intent { act=android.intent.action.MAIN cat=[android.intent.category.LAUNCHER] cmp=com.example.lunchtray/.MainActivity }, activity=com.example.lunchtray.MainActivity@29f9415
10-28 12:55:59.533 17800 17800 V ActivityScenario: Activity lifecycle changed event received but ignored because the reported transition was not ON_CREATE while the last known transition was PRE_ON_CREATE
10-28 12:55:59.534  8198  8198 I Utils   : HomePackage : com.sec.android.app.launcher, resumePackageName : com.example.lunchtray
10-28 12:55:59.545 17800 17800 I DecorView: [INFO] isPopOver=false, config=true
10-28 12:55:59.545 17800 17800 I DecorView: updateCaptionType >> DecorView@d6e7956[], isFloating=false, isApplication=true, hasWindowControllerCallback=true, hasWindowDecorCaption=false
10-28 12:55:59.545 17800 17800 D DecorView: setCaptionType = 0, this = DecorView@d6e7956[]
10-28 12:55:59.546 17800 17800 I DecorView: getCurrentDensityDpi: from real metrics. densityDpi=420 msg=resources_loaded
10-28 12:55:59.547 26660 26793 I BadgeCountUpdaterImpl: reload badge with refresh
10-28 12:55:59.549  1341  1341 D HidDeviceService: handleMessage(): msg.what=8
10-28 12:55:59.552  2308 13564 I BadgeProvider: query, [selection] : null
10-28 12:55:59.554 26660 26793 I BadgeCache: failed to query cursor is null
10-28 12:55:59.554 26660 26793 I BadgeCache: reloadBadge size : 0
10-28 12:55:59.554 26660 26660 I BadgeCountUpdaterImpl: refresh badge 0
10-28 12:55:59.554 26660 26660 I FolderIconView: applyDotState FolderInfo : Samsung display : 1 count : 0
10-28 12:55:59.555 26660 26660 I FolderIconView: applyDotState FolderInfo : Google display : 1 count : 0
10-28 12:55:59.555 26660 26660 I FolderIconView: applyDotState FolderInfo : Microsoft aplikacije display : 1 count : 0
10-28 12:55:59.555 26660 26660 I FolderIconView: applyDotState FolderInfo : Misc display : 1 count : 0
10-28 12:55:59.555 17800 17800 D LifecycleMonitor: Lifecycle status change: com.example.lunchtray.MainActivity@29f9415 in: CREATED
10-28 12:55:59.555 17800 17800 V ActivityScenario: Activity lifecycle changed event received but ignored because the intent does not match. startActivityIntent=Intent { act=android.intent.action.MAIN cat=[android.intent.category.LAUNCHER] cmp=com.example.lunchtray/androidx.fragment.app.testing.FragmentScenario$EmptyFragmentActivity (has extras) }, activity.getIntent()=Intent { act=android.intent.action.MAIN cat=[android.intent.category.LAUNCHER] cmp=com.example.lunchtray/.MainActivity }, activity=com.example.lunchtray.MainActivity@29f9415
10-28 12:55:59.555 17800 17800 V ActivityScenario: Activity lifecycle changed event received but ignored because the intent does not match. startActivityIntent=Intent { act=android.intent.action.MAIN cat=[android.intent.category.LAUNCHER] cmp=com.example.lunchtray/androidx.fragment.app.testing.FragmentScenario$EmptyFragmentActivity (has extras) }, activity.getIntent()=Intent { act=android.intent.action.MAIN cat=[android.intent.category.LAUNCHER] cmp=com.example.lunchtray/.MainActivity }, activity=com.example.lunchtray.MainActivity@29f9415
10-28 12:55:59.555 17800 17800 V ActivityScenario: Activity lifecycle changed event received but ignored because the intent does not match. startActivityIntent=Intent { act=android.intent.action.MAIN cat=[android.intent.category.LAUNCHER] cmp=com.example.lunchtray/androidx.fragment.app.testing.FragmentScenario$EmptyFragmentActivity (has extras) }, activity.getIntent()=Intent { act=android.intent.action.MAIN cat=[android.intent.category.LAUNCHER] cmp=com.example.lunchtray/.MainActivity }, activity=com.example.lunchtray.MainActivity@29f9415
10-28 12:55:59.555 17800 17800 V ActivityScenario: Activity lifecycle changed event received but ignored because the intent does not match. startActivityIntent=Intent { act=android.intent.action.MAIN cat=[android.intent.category.LAUNCHER] cmp=com.example.lunchtray/androidx.fragment.app.testing.FragmentScenario$EmptyFragmentActivity (has extras) }, activity.getIntent()=Intent { act=android.intent.action.MAIN cat=[android.intent.category.LAUNCHER] cmp=com.example.lunchtray/.MainActivity }, activity=com.example.lunchtray.MainActivity@29f9415
10-28 12:55:59.555 17800 17800 V ActivityScenario: Update currentActivityStage to CREATED, currentActivity=com.example.lunchtray.MainActivity@29f9415
10-28 12:55:59.555 17800 17800 V ActivityScenario: Update currentActivityStage to CREATED, currentActivity=com.example.lunchtray.MainActivity@29f9415
10-28 12:55:59.555 17800 17800 V ActivityScenario: Update currentActivityStage to CREATED, currentActivity=com.example.lunchtray.MainActivity@29f9415
10-28 12:55:59.555 17800 17800 V ActivityScenario: Update currentActivityStage to CREATED, currentActivity=com.example.lunchtray.MainActivity@29f9415
10-28 12:55:59.555 17800 17800 V ActivityScenario: Update currentActivityStage to CREATED, currentActivity=com.example.lunchtray.MainActivity@29f9415
10-28 12:55:59.555 17800 17800 V ActivityScenario: Activity lifecycle changed event received but ignored because the intent does not match. startActivityIntent=Intent { act=android.intent.action.MAIN cat=[android.intent.category.LAUNCHER] cmp=com.example.lunchtray/androidx.fragment.app.testing.FragmentScenario$EmptyFragmentActivity (has extras) }, activity.getIntent()=Intent { act=android.intent.action.MAIN cat=[android.intent.category.LAUNCHER] cmp=com.example.lunchtray/.MainActivity }, activity=com.example.lunchtray.MainActivity@29f9415
10-28 12:55:59.555 17800 17800 V ActivityScenario: Update currentActivityStage to CREATED, currentActivity=com.example.lunchtray.MainActivity@29f9415
10-28 12:55:59.563 17800 17800 D LifecycleMonitor: Lifecycle status change: com.example.lunchtray.MainActivity@29f9415 in: STARTED
10-28 12:55:59.563 17800 17800 V ActivityScenario: Activity lifecycle changed event received but ignored because the intent does not match. startActivityIntent=Intent { act=android.intent.action.MAIN cat=[android.intent.category.LAUNCHER] cmp=com.example.lunchtray/androidx.fragment.app.testing.FragmentScenario$EmptyFragmentActivity (has extras) }, activity.getIntent()=Intent { act=android.intent.action.MAIN cat=[android.intent.category.LAUNCHER] cmp=com.example.lunchtray/.MainActivity }, activity=com.example.lunchtray.MainActivity@29f9415
10-28 12:55:59.563 17800 17800 V ActivityScenario: Activity lifecycle changed event received but ignored because the intent does not match. startActivityIntent=Intent { act=android.intent.action.MAIN cat=[android.intent.category.LAUNCHER] cmp=com.example.lunchtray/androidx.fragment.app.testing.FragmentScenario$EmptyFragmentActivity (has extras) }, activity.getIntent()=Intent { act=android.intent.action.MAIN cat=[android.intent.category.LAUNCHER] cmp=com.example.lunchtray/.MainActivity }, activity=com.example.lunchtray.MainActivity@29f9415
10-28 12:55:59.563 17800 17800 V ActivityScenario: Activity lifecycle changed event received but ignored because the intent does not match. startActivityIntent=Intent { act=android.intent.action.MAIN cat=[android.intent.category.LAUNCHER] cmp=com.example.lunchtray/androidx.fragment.app.testing.FragmentScenario$EmptyFragmentActivity (has extras) }, activity.getIntent()=Intent { act=android.intent.action.MAIN cat=[android.intent.category.LAUNCHER] cmp=com.example.lunchtray/.MainActivity }, activity=com.example.lunchtray.MainActivity@29f9415
10-28 12:55:59.563 17800 17800 V ActivityScenario: Activity lifecycle changed event received but ignored because the intent does not match. startActivityIntent=Intent { act=android.intent.action.MAIN cat=[android.intent.category.LAUNCHER] cmp=com.example.lunchtray/androidx.fragment.app.testing.FragmentScenario$EmptyFragmentActivity (has extras) }, activity.getIntent()=Intent { act=android.intent.action.MAIN cat=[android.intent.category.LAUNCHER] cmp=com.example.lunchtray/.MainActivity }, activity=com.example.lunchtray.MainActivity@29f9415
10-28 12:55:59.563 17800 17800 V ActivityScenario: Update currentActivityStage to STARTED, currentActivity=com.example.lunchtray.MainActivity@29f9415
10-28 12:55:59.563 17800 17800 V ActivityScenario: Update currentActivityStage to STARTED, currentActivity=com.example.lunchtray.MainActivity@29f9415
10-28 12:55:59.563 17800 17800 V ActivityScenario: Update currentActivityStage to STARTED, currentActivity=com.example.lunchtray.MainActivity@29f9415
10-28 12:55:59.563 17800 17800 V ActivityScenario: Update currentActivityStage to STARTED, currentActivity=com.example.lunchtray.MainActivity@29f9415
10-28 12:55:59.563 17800 17800 V ActivityScenario: Update currentActivityStage to STARTED, currentActivity=com.example.lunchtray.MainActivity@29f9415
10-28 12:55:59.564 17800 17800 V ActivityScenario: Activity lifecycle changed event received but ignored because the intent does not match. startActivityIntent=Intent { act=android.intent.action.MAIN cat=[android.intent.category.LAUNCHER] cmp=com.example.lunchtray/androidx.fragment.app.testing.FragmentScenario$EmptyFragmentActivity (has extras) }, activity.getIntent()=Intent { act=android.intent.action.MAIN cat=[android.intent.category.LAUNCHER] cmp=com.example.lunchtray/.MainActivity }, activity=com.example.lunchtray.MainActivity@29f9415
10-28 12:55:59.564 17800 17800 V ActivityScenario: Update currentActivityStage to STARTED, currentActivity=com.example.lunchtray.MainActivity@29f9415
10-28 12:55:59.564 17800 17800 D LifecycleMonitor: Lifecycle status change: com.example.lunchtray.MainActivity@29f9415 in: RESUMED
10-28 12:55:59.564 17800 17800 V ActivityScenario: Activity lifecycle changed event received but ignored because the intent does not match. startActivityIntent=Intent { act=android.intent.action.MAIN cat=[android.intent.category.LAUNCHER] cmp=com.example.lunchtray/androidx.fragment.app.testing.FragmentScenario$EmptyFragmentActivity (has extras) }, activity.getIntent()=Intent { act=android.intent.action.MAIN cat=[android.intent.category.LAUNCHER] cmp=com.example.lunchtray/.MainActivity }, activity=com.example.lunchtray.MainActivity@29f9415
10-28 12:55:59.564 17800 17800 V ActivityScenario: Activity lifecycle changed event received but ignored because the intent does not match. startActivityIntent=Intent { act=android.intent.action.MAIN cat=[android.intent.category.LAUNCHER] cmp=com.example.lunchtray/androidx.fragment.app.testing.FragmentScenario$EmptyFragmentActivity (has extras) }, activity.getIntent()=Intent { act=android.intent.action.MAIN cat=[android.intent.category.LAUNCHER] cmp=com.example.lunchtray/.MainActivity }, activity=com.example.lunchtray.MainActivity@29f9415
10-28 12:55:59.564 26660 26660 I BadgeRenderer: Invalid count : 0
10-28 12:55:59.564 17800 17800 V ActivityScenario: Activity lifecycle changed event received but ignored because the intent does not match. startActivityIntent=Intent { act=android.intent.action.MAIN cat=[android.intent.category.LAUNCHER] cmp=com.example.lunchtray/androidx.fragment.app.testing.FragmentScenario$EmptyFragmentActivity (has extras) }, activity.getIntent()=Intent { act=android.intent.action.MAIN cat=[android.intent.category.LAUNCHER] cmp=com.example.lunchtray/.MainActivity }, activity=com.example.lunchtray.MainActivity@29f9415
10-28 12:55:59.565 17800 17800 V ActivityScenario: Activity lifecycle changed event received but ignored because the intent does not match. startActivityIntent=Intent { act=android.intent.action.MAIN cat=[android.intent.category.LAUNCHER] cmp=com.example.lunchtray/androidx.fragment.app.testing.FragmentScenario$EmptyFragmentActivity (has extras) }, activity.getIntent()=Intent { act=android.intent.action.MAIN cat=[android.intent.category.LAUNCHER] cmp=com.example.lunchtray/.MainActivity }, activity=com.example.lunchtray.MainActivity@29f9415
10-28 12:55:59.565 26660 26660 I BadgeRenderer: Invalid count : 0
10-28 12:55:59.565 17800 17800 V ActivityScenario: Update currentActivityStage to RESUMED, currentActivity=com.example.lunchtray.MainActivity@29f9415
10-28 12:55:59.565 26660 26660 I BadgeRenderer: Invalid count : 0
10-28 12:55:59.565 17800 17800 V ActivityScenario: Update currentActivityStage to RESUMED, currentActivity=com.example.lunchtray.MainActivity@29f9415
10-28 12:55:59.565 17800 17800 V ActivityScenario: Update currentActivityStage to RESUMED, currentActivity=com.example.lunchtray.MainActivity@29f9415
10-28 12:55:59.565 26660 26660 I BadgeRenderer: Invalid count : 0
10-28 12:55:59.565 17800 17800 V ActivityScenario: Update currentActivityStage to RESUMED, currentActivity=com.example.lunchtray.MainActivity@29f9415
10-28 12:55:59.565 17800 17800 V ActivityScenario: Update currentActivityStage to RESUMED, currentActivity=com.example.lunchtray.MainActivity@29f9415
10-28 12:55:59.565 17800 17800 V ActivityScenario: Activity lifecycle changed event received but ignored because the intent does not match. startActivityIntent=Intent { act=android.intent.action.MAIN cat=[android.intent.category.LAUNCHER] cmp=com.example.lunchtray/androidx.fragment.app.testing.FragmentScenario$EmptyFragmentActivity (has extras) }, activity.getIntent()=Intent { act=android.intent.action.MAIN cat=[android.intent.category.LAUNCHER] cmp=com.example.lunchtray/.MainActivity }, activity=com.example.lunchtray.MainActivity@29f9415
10-28 12:55:59.565 17800 17800 V ActivityScenario: Update currentActivityStage to RESUMED, currentActivity=com.example.lunchtray.MainActivity@29f9415
10-28 12:55:59.569   954  2772 D InputTransport: Input channel constructed: '9c3c37f', fd=1241
10-28 12:55:59.569   954  2772 D InputTransport: Input channel constructed: '9c3c37f', fd=1246
10-28 12:55:59.569   954  2772 D InputTransport: Input channel constructed: '9c3c37f', fd=1267
10-28 12:55:59.569   620  3677 I SurfaceFlinger: id=205152 createSurf (0x0),-1 flag=80004, 9c3c37f com.example.lunchtray/com.example.lunchtray.MainActivity#0
10-28 12:55:59.570   954  2772 D InputTransport: Input channel destroyed: '9c3c37f', fd=1267
10-28 12:55:59.571 17800 17800 I ViewRootImpl@e3730aa[MainActivity]: setView = com.android.internal.policy.DecorView@d6e7956 TM=true
10-28 12:55:59.572   954  1054 D AnalyticsContainerHandler: handleMessage : { when=0 what=1 target=com.android.server.knox.KnoxAnalyticsContainer$AnalyticsHandler }
10-28 12:55:59.584   954  2772 V WindowManager: Relayout Window{9c3c37f u0 com.example.lunchtray/com.example.lunchtray.MainActivity}: viewVisibility=0 req=1080x2280 d0
10-28 12:55:59.585   620  3677 I SurfaceFlinger: id=205153 createSurf (1x1),-3 flag=40004, com.example.lunchtray/com.example.lunchtray.MainActivity$_17800#0
10-28 12:55:59.587   620  3677 I SurfaceFlinger: id=205154 createSurf (0x0),-1 flag=24000, Surface(name=2fa8401 StatusBar)/@0xf000e26 - animation-leash of insets_animation#0
10-28 12:55:59.587   620  3677 I SurfaceFlinger: id=205155 createSurf (0x0),-1 flag=24000, Surface(name=be23078 NavigationBar0)/@0x50010bd - animation-leash of insets_animation#0
10-28 12:55:59.588   954  2772 V WindowManager: Relayout hash=9c3c37f, pid=17800: mAttrs={(0,0)(fillxfill) sim={adjust=pan forwardNavigation} ty=BASE_APPLICATION wanim=0x1030303
10-28 12:55:59.588   954  2772 V WindowManager:   fl=81810100
10-28 12:55:59.588   954  2772 V WindowManager:   pfl=12020040
10-28 12:55:59.588   954  2772 V WindowManager:   apr=LIGHT_NAVIGATION_BARS
10-28 12:55:59.588   954  2772 V WindowManager:   bhv=DEFAULT
10-28 12:55:59.588   954  2772 V WindowManager:   fitSides= naviIconColor=0
10-28 12:55:59.588   954  2772 V WindowManager:   sfl=100000}
10-28 12:55:59.590 17800 17800 I ViewRootImpl@e3730aa[MainActivity]: Relayout returned: old=(0,0,1080,2280) new=(0,0,1080,2280) req=(1080,2280)0 dur=5 res=0x7 s={true 515080419504} ch=true fn=-1
10-28 12:55:59.591 17800 17884 D OpenGLRenderer: eglCreateWindowSurface
10-28 12:55:59.593 17800 17800 I ViewRootImpl@e3730aa[MainActivity]: [DP] dp(1) 1 android.view.ViewRootImpl.reportNextDraw:11420 android.view.ViewRootImpl.performTraversals:4193 android.view.ViewRootImpl.doTraversal:2919
10-28 12:55:59.600 17800 17800 I ViewRootImpl@e3730aa[MainActivity]: [DP] pdf(0) 1 android.view.ViewRootImpl.lambda$addFrameCompleteCallbackIfNeeded$3$ViewRootImpl:4995 android.view.ViewRootImpl$$ExternalSyntheticLambda16.run:6 android.os.Handler.handleCallback:938
10-28 12:55:59.600 17800 17800 I ViewRootImpl@e3730aa[MainActivity]: [DP] rdf()
10-28 12:55:59.600 17800 17800 D ViewRootImpl@e3730aa[MainActivity]: reportDrawFinished (fn: -1)
10-28 12:55:59.603   620  3677 I SurfaceFlinger: id=205156 createSurf (0x0),-1 flag=24000, Surface(name=9c3c37f com.example.lunchtray/com.example.lunchtray.MainActivity)/@0x71c6c11 - animation-leash of starting_reveal#0
10-28 12:55:59.604 17800 17800 D InsetsSourceConsumer: ensureControlAlpha: for ITYPE_NAVIGATION_BAR on com.example.lunchtray/com.example.lunchtray.MainActivity
10-28 12:55:59.605   954  1012 I PkgPredictorService-SecIpmManagerServiceImpl: reportToNAP uid:10998 com.example.lunchtray/com.example.lunchtray.MainActivity thisTime:238
10-28 12:55:59.605 17800 17800 D InsetsSourceConsumer: ensureControlAlpha: for ITYPE_STATUS_BAR on com.example.lunchtray/com.example.lunchtray.MainActivity
10-28 12:55:59.605   954  1012 I ActivityTaskManager: Displayed com.example.lunchtray/.MainActivity: +238ms
10-28 12:55:59.605   954  2750 I PkgPredictorService-NapClassifier: it's ready to run
10-28 12:55:59.606 17800 17800 D RootViewPicker: Root not ready - waiting: 10ms for one to appear.
10-28 12:55:59.607  2946  2946 E pageboostd: Received HALT command code 2
10-28 12:55:59.607   954  2772 I SemDvfsHyPerManager: acquire hyper - AMS_RESUME_TAIL/954@19, type = -999
10-28 12:55:59.607   954  2772 I SemDvfsHyPerManager: acquire hyper - AMS_ACT_LAZY/954@20, type = -999
10-28 12:55:59.607   566   611 I HYPER-HAL: [RequestManager.cpp]acquire(): Acquired ID : 473870  [954 / 19]    HINT : AMS_RESUME_TAIL    list :
10-28 12:55:59.608   529   535 E statsd  : Predicate 5980654721335871649 dropping data for dimension key (10)0x2010101->10998[I] (10)0x30000->*launch*[S]
10-28 12:55:59.608   566   611 I HYPER-HAL: [RequestManager.cpp]releaseLocked(): Released ID : 475821
10-28 12:55:59.608   529   535 E statsd  : Predicate -7037417284711607308 dropping data for dimension key (10)0x2010101->10998[I] (10)0x30000->*launch*[S]
10-28 12:55:59.613   620   620 I Layer   : id=205149 removeFromCurrentState Surface(name=2fa8401 StatusBar)/@0xf000e26 - animation-leash of insets_animation#1 (180)
10-28 12:55:59.613   620   620 I Layer   : id=205150 removeFromCurrentState Surface(name=be23078 NavigationBar0)/@0x50010bd - animation-leash of insets_animation#1 (180)
10-28 12:55:59.614   620   620 I SurfaceFlinger: id=205149 Removed Surface(name=2fa8401 StatusBar)/@0xf000e26 - animation-leash of insets_animation#1 (180)
10-28 12:55:59.614   620   620 I SurfaceFlinger: id=205150 Removed Surface(name=be23078 NavigationBar0)/@0x50010bd - animation-leash of insets_animation#1 (180)
10-28 12:55:59.614   620   620 I Layer   : id=205149 Destroyed Surface(name=2fa8401 StatusBar)/@0xf000e26 - animation-leash of insets_animation#1
10-28 12:55:59.614   620   620 I Layer   : id=205150 Destroyed Surface(name=be23078 NavigationBar0)/@0x50010bd - animation-leash of insets_animation#1
10-28 12:55:59.615   954  1844 D InputDispatcher: Focus entered window (0): 9c3c37f com.example.lunchtray/com.example.lunchtray.MainActivity
10-28 12:55:59.615 17800 17800 I ViewRootImpl@e3730aa[MainActivity]: MSG_WINDOW_FOCUS_CHANGED 1 1
10-28 12:55:59.615  1348  2147 I ViewRootImpl@fed002d[lunchtray]: mWNT: t = android.view.SurfaceControl$Transaction@85f934f fN = 2 android.view.SyncRtSurfaceTransactionApplier.applyTransaction:94 android.view.SyncRtSurfaceTransactionApplier.lambda$scheduleApply$0$SyncRtSurfaceTransactionApplier:71 android.view.SyncRtSurfaceTransactionApplier$$ExternalSyntheticLambda0.onFrameDraw:4
10-28 12:55:59.615  1348  2147 I ViewRootImpl@fed002d[lunchtray]: mWNT: merge t to BBQ
10-28 12:55:59.615  1348  2147 I ViewRootImpl@fed002d[lunchtray]: mWNT: t = android.view.SurfaceControl$Transaction@dadfadc fN = 2 android.view.SyncRtSurfaceTransactionApplier.applyTransaction:94 android.view.SyncRtSurfaceTransactionApplier.lambda$scheduleApply$0$SyncRtSurfaceTransactionApplier:71 android.view.SyncRtSurfaceTransactionApplier$$ExternalSyntheticLambda0.onFrameDraw:4
10-28 12:55:59.615  1348  2147 I ViewRootImpl@fed002d[lunchtray]: mWNT: merge t to BBQ
10-28 12:55:59.616 17800 17800 D InputMethodManager: startInputInner - Id : 0
10-28 12:55:59.616 17800 17800 I InputMethodManager: startInputInner - mService.startInputOrWindowGainedFocus
10-28 12:55:59.617   954  1844 D InputMethodManagerService: DESKTOP MODE! : 2
10-28 12:55:59.617   954  1844 D InputMethodManagerService: NOT IN KNOX DESKTOP MODE!
10-28 12:55:59.617   954  1844 V InputMethodManagerService: getDisplayIdOfInputMethodWindowToBeAdded : 0
10-28 12:55:59.617   954  1844 D InputMethodManagerService: checkDisplayOfStartInputAndUpdateKeyboard display Id 0last 0
10-28 12:55:59.617   954  1844 D InputTransport: Input channel constructed: 'ClientS', fd=1267
10-28 12:55:59.617   954  1844 D InputTransport: Input channel destroyed: 'ClientS', fd=1267
10-28 12:55:59.619 26660 26700 I RecentModel: onTaskStackChangedBackground
10-28 12:55:59.620   620   620 D SurfaceFlinger: Display 0 HWC layers:
10-28 12:55:59.620   620   620 D SurfaceFlinger:      CLIENT | 0x7843da8ad0 | 0100 | RGBx_8888    |  589.0    0.0 1651.0 2240.0 |    0    0 1080 2280 | Wallpaper BBQ wrapper#0
10-28 12:55:59.620   620   620 D SurfaceFlinger:      CLIENT |              | 0000 |  Unknown  |    0.0    0.0    0.0    0.0 |    0    0 1080 2280 | OneUiHome-BlurLayer#0 (backgroundBlurRadius)
10-28 12:55:59.620   620   620 D SurfaceFlinger:      DEVICE | 0x7843dab110 | 0100 | RGBA_8888    |    0.0    0.0 1080.0 2280.0 |    0    0 1080 2280 | com.sec.android.app.launcher/com.sec[...]activities.LauncherActivity$_26660#0
10-28 12:55:59.620   620   620 D SurfaceFlinger:      DEVICE | 0x7843d996b0 | 0102 | RGBA_8888    |    0.0    0.0 1080.0 2280.0 |   14   30 1066 2250 | com.example.lunchtray/com.example.lunchtray.MainActivity$_17800#0
10-28 12:55:59.620   620   620 D SurfaceFlinger:      DEVICE | 0x7843dbff30 | 0100 | RGBA_8888    |    0.0    0.0 1080.0 2280.0 |   14   30 1066 2250 | Splash Screen com.example.lunchtray$_1348#0
10-28 12:55:59.620   620   620 D SurfaceFlinger:      DEVICE | 0x7843dbca50 | 0100 | RGBA_8888    |    0.0    0.0 1080.0  112.0 |    0    0 1080  112 | StatusBar$_1348#0
10-28 12:55:59.620   620   620 D SurfaceFlinger:      DEVICE | 0x7843dbc6f0 | 0100 | RGBA_8888    |    0.0    0.0   67.0  416.0 |    0  814   67 1230 | com.sams
10-28 12:55:59.620   620   620 D SurfaceFlinger: ung.android.app.cocktailbars[...]arservice.CocktailBarService$_8198#0
10-28 12:55:59.620   620   620 D SurfaceFlinger:      DEVICE | 0x7843dafd90 | 0100 | RGBA_8888    |    0.0    0.0 1080.0  126.0 |    0 2154 1080 2280 | NavigationBar0$_1348#0
10-28 12:55:59.620   620   620 D SurfaceFlinger:
10-28 12:55:59.620 19204 19204 D InputMethodService: checkDisplayOfStartInputAndUpdateKeyboard display Id 0last 0
10-28 12:55:59.621 26660 26700 I RecentTasksList: getTaskKeys, numTasks :3 callback : com.android.quickstep.-$$Lambda$RecentsModel$k1Mm-BV64Bc89eJHYugywZmW_Js@505cfa9
10-28 12:55:59.621   620  3677 I SurfaceFlinger: id=205157 createSurf (0x0),-1 flag=24004, Surface(name=2188bee InputMethod)/@0xe151908 - animation-leash of insets_animation#1
10-28 12:55:59.622  3825  4192 I SemDvfsHyPerManager: acquire hyper - BaseTABoost/3825@21, type = 1090523139
10-28 12:55:59.622  3825  4192 I SemDvfsHyPerManager: acquire hyper - BaseTAToouchBoost/3825@23, type = 1090523139
10-28 12:55:59.623 26660 26792 I RecentTasksList: loadTasksInBackground() task id : 30394
10-28 12:55:59.623 26660 26792 I RecentTasksList: loadTasksInBackground() task id : 30298
10-28 12:55:59.623 26660 26792 I RecentTasksList: loadTasksInBackground() task id : 30474
10-28 12:55:59.624   566   611 I HYPER-HAL: [RequestManager.cpp]acquire(): Acquired ID : 7397802  [3825 / 21]    HINT :      list : [TABoost / 5]
10-28 12:55:59.625   566   611 I HYPER-HAL: [RequestManager.cpp]acquire(): Acquired ID : 7405499  [3825 / 23]    HINT :      list : [TABoost / 20] [TIMEOUT / 1500]
10-28 12:55:59.630   620   620 I Layer   : id=205141 removeFromCurrentState Surface(name=2188bee InputMethod)/@0xe151908 - animation-leash of insets_animation#0 (179)
10-28 12:55:59.631   620   620 I SurfaceFlinger: id=205141 Removed Surface(name=2188bee InputMethod)/@0xe151908 - animation-leash of insets_animation#0 (179)
10-28 12:55:59.631   620   620 I Layer   : id=205141 Destroyed Surface(name=2188bee InputMethod)/@0xe151908 - animation-leash of insets_animation#0
10-28 12:55:59.632   531   531 D Zygote  : Forked child process 19056
10-28 12:55:59.634  1348  2148 I ViewRootImpl@fed002d[lunchtray]: mWNT: t = android.view.SurfaceControl$Transaction@7ab07e5 fN = 3 android.view.SyncRtSurfaceTransactionApplier.applyTransaction:94 android.view.SyncRtSurfaceTransactionApplier.lambda$scheduleApply$0$SyncRtSurfaceTransactionApplier:71 android.view.SyncRtSurfaceTransactionApplier$$ExternalSyntheticLambda0.onFrameDraw:4
10-28 12:55:59.634  1348  2148 I ViewRootImpl@fed002d[lunchtray]: mWNT: merge t to BBQ
10-28 12:55:59.634   954  3923 D InputMethodManagerServicePhysicalKey: isConnectedDexOnPC false
10-28 12:55:59.634   954  3923 D InputMethodManagerService: isImeSwitcherDisabledPackage : false
10-28 12:55:59.635 17800 17800 I ViewInteraction: Performing 'single click' action on view view.getId() is <2131231207/com.example.lunchtray:id/start_order_btn>
10-28 12:55:59.637   954  1844 D InputDispatcher: Inject motion (17800): action=0x0, time=851608431000000, f=0x0, d=0
10-28 12:55:59.637   954  1162 I InputDispatcher: Delivering touch to (1348): action: 0x4, f=0x0, d=0, 'be23078', t=0
10-28 12:55:59.637   954  1162 I InputDispatcher: Delivering touch to (17800): action: 0x0, f=0x0, d=0, '9c3c37f', t=0 +(-11,-76)*1.02
10-28 12:55:59.638  3825  3825 I SemDvfsHyPerManager: acquire hyper - BaseTABoost/3825@21, type = 1090523139
10-28 12:55:59.638  3825  3825 I SemDvfsHyPerManager: acquire hyper - BaseTAToouchBoost/3825@23, type = 1090523139
10-28 12:55:59.638 17800 17800 I ViewRootImpl@e3730aa[MainActivity]: ViewPostIme pointer 0
10-28 12:55:59.638   566   611 I HYPER-HAL: [RequestManager.cpp]acquire(): Acquired ID : 7397802  [3825 / 21]    HINT :      list : [TABoost / 5]
10-28 12:55:59.638   566   611 I HYPER-HAL: [RequestManager.cpp]acquire(): Acquired ID : 7405499  [3825 / 23]    HINT :      list : [TABoost / 20] [TIMEOUT / 1500]
10-28 12:55:59.646   566 19010 I HYPER-HAL: [RequestManager.cpp]releaseLocked(): Released ID : 486623
10-28 12:55:59.646 19056 19056 E m.facebook.orc: Not starting debugger since process cannot load the jdwp agent.
10-28 12:55:59.649  1348  2147 I ViewRootImpl@fed002d[lunchtray]: mWNT: t = android.view.SurfaceControl$Transaction@5852ba fN = 4 android.view.SyncRtSurfaceTransactionApplier.applyTransaction:94 android.view.SyncRtSurfaceTransactionApplier.lambda$scheduleApply$0$SyncRtSurfaceTransactionApplier:71 android.view.SyncRtSurfaceTransactionApplier$$ExternalSyntheticLambda0.onFrameDraw:4
10-28 12:55:59.649  1348  2147 I ViewRootImpl@fed002d[lunchtray]: mWNT: merge t to BBQ
10-28 12:55:59.650 19056 19056 E USNET   : USNET: appName: com.facebook.orca
10-28 12:55:59.650 19204 19204 E FullInputEventModel: onStartInput event aborted: al1: could not obtain extracted text (class al1)
10-28 12:55:59.651 19056 19056 D ProcessState: Binder ioctl to enable oneway spam detection failed: Invalid argument
10-28 12:55:59.655 19056 19056 D ActivityThread: setConscryptValidator
10-28 12:55:59.656 19056 19056 D ActivityThread: setConscryptValidator - put
10-28 12:55:59.663  1341  1341 D HidDeviceService: handleMessage(): msg.what=8
10-28 12:55:59.665  1348  1537 D OpenGLRenderer: setSurface called with nullptr
10-28 12:55:59.665  1348  1537 D OpenGLRenderer: setSurface() destroyed EGLSurface
10-28 12:55:59.665  1348  1537 D OpenGLRenderer: destroyEglSurface
10-28 12:55:59.667 19056 19056 D CompatibilityChangeReporter: Compat change id reported: 171979766; UID 10792; state: ENABLED
10-28 12:55:59.668   954  3923 V WindowManager: Relayout Window{7c53e39 u0 Splash Screen com.example.lunchtray}: viewVisibility=8 req=1080x2280 d0
10-28 12:55:59.668   620   810 I SurfaceFlinger: id=205158 createSurf (0x0),-1 flag=24000, Surface(name=7c53e39 Splash Screen com.example.lunchtray)/@0xe56a1de - animation-leash of window_animation#0
10-28 12:55:59.670   954  3923 V WindowManager: Relayout hash=7c53e39, pid=1348: mAttrs={(0,0)(fillxfill) sim={adjust=pan} ty=APPLICATION_STARTING fmt=TRANSLUCENT wanim=0x1030001
10-28 12:55:59.670   954  3923 V WindowManager:   fl=81030118
10-28 12:55:59.670   954  3923 V WindowManager:   pfl=36000010
10-28 12:55:59.670   954  3923 V WindowManager:   bhv=DEFAULT
10-28 12:55:59.670   954  3923 V WindowManager:   fitSides= naviIconColor=0}
10-28 12:55:59.671  1348  1474 I ViewRootImpl@fed002d[lunchtray]: Relayout returned: old=(0,0,1080,2280) new=(0,0,1080,2280) req=(1080,2280)8 dur=4 res=0x5 s={false 0} ch=true fn=5
10-28 12:55:59.671  1348  1474 I ViewRootImpl@fed002d[lunchtray]: dispatchDetachedFromWindow
10-28 12:55:59.671   954  3923 D InputTransport: Input channel destroyed: '7c53e39', fd=1480
10-28 12:55:59.671   954  3923 W InputManager-JNI: Input channel object '7c53e39 Splash Screen com.example.lunchtray (client)' was disposed without first being removed with the input manager!
10-28 12:55:59.671   954  3923 D InputTransport: Input channel destroyed: '7c53e39', fd=1492
10-28 12:55:59.672  1348  1474 D InputTransport: Input channel destroyed: '7c53e39', fd=204
10-28 12:55:59.678   954  3923 D InputDispatcher: Inject motion (17800): action=0x1, time=851608473000000, f=0x0, d=0
10-28 12:55:59.678   954  1162 I InputDispatcher: Delivering touch to (17800): action: 0x1, f=0x0, d=0, '9c3c37f', t=1 +(-6,-16)*1.01
10-28 12:55:59.678 17800 17800 I ViewRootImpl@e3730aa[MainActivity]: ViewPostIme pointer 1
10-28 12:55:59.680   620   620 I Layer   : id=205156 removeFromCurrentState Surface(name=9c3c37f com.example.lunchtray/com.example.lunchtray.MainActivity)/@0x71c6c11 - animation-leash of starting_reveal#0 (179)
10-28 12:55:59.687 17800 17800 D ScrollView: initGoToTop
10-28 12:55:59.712   954  1115 I SensorService: [REARLIGHT] lux value : 82, code value : 0
10-28 12:55:59.723   954  3923 V WindowManager: Relayout Window{9c3c37f u0 com.example.lunchtray/com.example.lunchtray.MainActivity}: viewVisibility=0 req=1080x2280 d0
10-28 12:55:59.724   954  3923 V WindowManager: Relayout hash=9c3c37f, pid=17800: mAttrs={(0,0)(fillxfill) sim={adjust=resize} ty=BASE_APPLICATION wanim=0x1030303
10-28 12:55:59.724   954  3923 V WindowManager:   fl=81810100
10-28 12:55:59.724   954  3923 V WindowManager:   pfl=12020040
10-28 12:55:59.724   954  3923 V WindowManager:   apr=LIGHT_NAVIGATION_BARS
10-28 12:55:59.724   954  3923 V WindowManager:   bhv=DEFAULT
10-28 12:55:59.724   954  3923 V WindowManager:   fitSides= naviIconColor=0
10-28 12:55:59.724   954  3923 V WindowManager:   sfl=100000}
10-28 12:55:59.726 17800 17800 I ViewRootImpl@e3730aa[MainActivity]: Relayout returned: old=(0,0,1080,2280) new=(0,0,1080,2280) req=(1080,2280)0 dur=2 res=0x1 s={true 515080419504} ch=false fn=8
10-28 12:55:59.726 17800 17800 D ScrollView:  onsize change changed
10-28 12:55:59.733  1348  1348 D NavigationBar: onSystemBarAttributesChanged() -  displayId:0, appearance:16 (APPEARANCE_LIGHT_NAVIGATION_BARS ), navbarColorManagedByIme:false
10-28 12:55:59.733  1348  1348 V Navbar.Store: handleEvent [EventType] GET_BOOL_REGION_SAMPLING_ENABLED [Module] LightBarController  KEYS_DEFAULT=false
10-28 12:55:59.733  1348  1348 V Navbar.Store: --[Band]COLOR_PACK_GET_REGION_SAMPLING_ENABLED
10-28 12:55:59.733  1348  1348 V Navbar.Store: ----getValue(BOOL_REGION_SAMPLING_ENABLED)=false
10-28 12:55:59.736 19056 19056 W m.facebook.orc: Entry not found
10-28 12:55:59.737 19056 19056 W m.facebook.orc: Entry not found
10-28 12:55:59.742 19056 19056 W m.facebook.orc: JIT profile information will not be recorded: profile file does not exist.
10-28 12:55:59.742 19056 19056 W m.facebook.orc: JIT profile information will not be recorded: profile file does not exist.
10-28 12:55:59.747   620   620 I Layer   : id=205146 removeFromCurrentState Splash Screen com.example.lunchtray$_1348#0 (179)
10-28 12:55:59.747   620   620 I Layer   : id=205145 removeFromCurrentState 7c53e39 Splash Screen com.example.lunchtray#0 (179)
10-28 12:55:59.747   620   620 I Layer   : id=205158 removeFromCurrentState Surface(name=7c53e39 Splash Screen com.example.lunchtray)/@0xe56a1de - animation-leash of window_animation#0 (179)
10-28 12:55:59.748   620   620 I SurfaceFlinger: id=205145 Removed 7c53e39 Splash Screen com.example.lunchtray#0 (179)
10-28 12:55:59.748   620   620 I SurfaceFlinger: id=205146 Removed Splash Screen com.example.lunchtray$_1348#0 (179)
10-28 12:55:59.748   620   620 I SurfaceFlinger: id=205158 Removed Surface(name=7c53e39 Splash Screen com.example.lunchtray)/@0xe56a1de - animation-leash of window_animation#0 (179)
10-28 12:55:59.748   620   620 I Layer   : id=205158 Destroyed Surface(name=7c53e39 Splash Screen com.example.lunchtray)/@0xe56a1de - animation-leash of window_animation#0
10-28 12:55:59.748   620   620 I Layer   : id=205145 Destroyed 7c53e39 Splash Screen com.example.lunchtray#0
10-28 12:55:59.749   954  1024 I libprocessgroup: Successfully killed process cgroup uid 10814 pid 18961 in 5ms
10-28 12:55:59.750   620   620 I Layer   : id=205146 Destroyed Splash Screen com.example.lunchtray$_1348#0
10-28 12:55:59.751   620   620 D SurfaceFlinger: Display 0 HWC layers:
10-28 12:55:59.751   620   620 D SurfaceFlinger:      CLIENT | 0x7843da8ad0 | 0100 | RGBx_8888    |  589.0    0.0 1651.0 2240.0 |    0    0 1080 2280 | Wallpaper BBQ wrapper#0
10-28 12:55:59.751   620   620 D SurfaceFlinger:      CLIENT |              | 0000 |  Unknown  |    0.0    0.0    0.0    0.0 |    0    0 1080 2280 | OneUiHome-BlurLayer#0 (backgroundBlurRadius)
10-28 12:55:59.751   620   620 D SurfaceFlinger:      DEVICE | 0x7843dab110 | 0100 | RGBA_8888    |    0.0    0.0 1080.0 2280.0 |    0    0 1080 2280 | com.sec.android.app.launcher/com.sec[...]activities.LauncherActivity$_26660#0
10-28 12:55:59.751   620   620 D SurfaceFlinger:      DEVICE | 0x7843dc0710 | 0102 | RGBA_8888    |    0.0    0.0 1080.0 2280.0 |    1    2 1079 2278 | com.example.lunchtray/com.example.lunchtray.MainActivity$_17800#0
10-28 12:55:59.751   620   620 D SurfaceFlinger:      DEVICE | 0x7843dbca50 | 0100 | RGBA_8888    |    0.0    0.0 1080.0  112.0 |    0    0 1080  112 | StatusBar$_1348#0
10-28 12:55:59.751   620   620 D SurfaceFlinger:      DEVICE | 0x7843dbc6f0 | 0100 | RGBA_8888    |    0.0    0.0   67.0  416.0 |    0  814   67 1230 | com.samsung.android.app.cocktailbars[...]arservice.CocktailBarService$_8198#0
10-28 12:55:59.751   620   620 D SurfaceFlinger:      DEVICE | 0x7843dafd90 | 0100 | RGBA_8888    |    0.0    0.0 1080.0  126.
10-28 12:55:59.751   620   620 D SurfaceFlinger: 0 |    0 2154 1080 2280 | NavigationBar0$_1348#0
10-28 12:55:59.751   620   620 D SurfaceFlinger:
10-28 12:55:59.754  3892  3892 I SCS@AiSearch user 0: (ObserverWorker::AOSP_MP) [main] entering in startWork():
10-28 12:55:59.754  3892  3892 I SCS@AiSearch user 0: (BaseCollector::AOSP_MP) [main] entering in onChange():
10-28 12:55:59.755  3892  4748 I SCS@AiSearch user 0: (BaseCollector::AOSP_MP) [pool-13-thread-1] entering in collectChanges():
10-28 12:55:59.758   954  2772 D PackageManager: setEnabledSetting : userId = 0 packageName = com.samsung.android.scs cmp = androidx.work.impl.background.systemalarm.RescheduleReceiver newState = 1 callingPackage = 10347/com.samsung.android.scs
10-28 12:55:59.764 19056 19056 V GraphicsEnvironment: ANGLE Developer option for 'com.facebook.orca' set to: 'default'
10-28 12:55:59.764 19056 19056 V GraphicsEnvironment: App is not on the allowlist for updatable production driver.
10-28 12:55:59.767 19056 19056 D NetworkSecurityConfig: Using Network Security Config from resource (name removed) debugBuild: false
10-28 12:55:59.782 26660 26660 I ViewRootImpl@623994e[LauncherActivity]: handleAppVisibility mAppVisible=true visible=false
10-28 12:55:59.783  1348  1489 D WallpaperService: dispatchAppVisibility onVisibilityChanged(): false
10-28 12:55:59.783   620   620 D SurfaceFlinger: Display 0 HWC layers:
10-28 12:55:59.783   620   620 D SurfaceFlinger:      DEVICE | 0x7843da6a30 | 0102 | RGBA_8888    |    0.0    0.0 1080.0 2280.0 |    0    0 1080 2280 | com.example.lunchtray/com.example.lunchtray.MainActivity$_17800#0
10-28 12:55:59.783   620   620 D SurfaceFlinger:      DEVICE | 0x7843dbca50 | 0100 | RGBA_8888    |    0.0    0.0 1080.0  112.0 |    0    0 1080  112 | StatusBar$_1348#0
10-28 12:55:59.783   620   620 D SurfaceFlinger:      DEVICE | 0x7843dbc6f0 | 0100 | RGBA_8888    |    0.0    0.0   67.0  416.0 |    0  814   67 1230 | com.samsung.android.app.cocktailbars[...]arservice.CocktailBarService$_8198#0
10-28 12:55:59.783   620   620 D SurfaceFlinger:      DEVICE | 0x7843db1bf0 | 0100 | RGBA_8888    |    0.0    0.0 1080.0  126.0 |    0 2154 1080 2280 | NavigationBar0$_1348#0
10-28 12:55:59.783   620   620 D SurfaceFlinger:
10-28 12:55:59.784  1348  1348 D WallpaperService: reportVisibility onVisibilityChanged visible: false
10-28 12:55:59.785  1348  1535 I ImageWallpaper:  onVisibilityChanged false , 0
10-28 12:55:59.788 17800 17800 D LifecycleMonitor: Lifecycle status change: androidx.test.core.app.InstrumentationActivityInvoker$BootstrapActivity@3f25735 in: STOPPED
10-28 12:55:59.788 17800 17800 V ActivityScenario: Activity lifecycle changed event received but ignored because the intent does not match. startActivityIntent=Intent { act=android.intent.action.MAIN cat=[android.intent.category.LAUNCHER] cmp=com.example.lunchtray/androidx.fragment.app.testing.FragmentScenario$EmptyFragmentActivity (has extras) }, activity.getIntent()=Intent { act=android.intent.action.MAIN cat=[android.intent.category.LAUNCHER] flg=0x10008000 cmp=com.example.lunchtray/androidx.test.core.app.InstrumentationActivityInvoker$BootstrapActivity (has extras) }, activity=androidx.test.core.app.InstrumentationActivityInvoker$BootstrapActivity@3f25735
10-28 12:55:59.788 17800 17800 V ActivityScenario: Activity lifecycle changed event received but ignored because the intent does not match. startActivityIntent=Intent { act=android.intent.action.MAIN cat=[android.intent.category.LAUNCHER] cmp=com.example.lunchtray/androidx.fragment.app.testing.FragmentScenario$EmptyFragmentActivity (has extras) }, activity.getIntent()=Intent { act=android.intent.action.MAIN cat=[android.intent.category.LAUNCHER] flg=0x10008000 cmp=com.example.lunchtray/androidx.test.core.app.InstrumentationActivityInvoker$BootstrapActivity (has extras) }, activity=androidx.test.core.app.InstrumentationActivityInvoker$BootstrapActivity@3f25735
