10-28 12:55:59.788 17800 17800 V ActivityScenario: Activity lifecycle changed event received but ignored because the intent does not match. startActivityIntent=Intent { act=android.intent.action.MAIN cat=[android.intent.category.LAUNCHER] cmp=com.example.lunchtray/androidx.fragment.app.testing.FragmentScenario$EmptyFragmentActivity (has extras) }, activity.getIntent()=Intent { act=android.intent.action.MAIN cat=[android.intent.category.LAUNCHER] flg=0x10008000 cmp=com.example.lunchtray/androidx.test.core.app.InstrumentationActivityInvoker$BootstrapActivity (has extras) }, activity=androidx.test.core.app.InstrumentationActivityInvoker$BootstrapActivity@3f25735
10-28 12:55:59.788 17800 17800 V ActivityScenario: Activity lifecycle changed event received but ignored because the intent does not match. startActivityIntent=Intent { act=android.intent.action.MAIN cat=[android.intent.category.LAUNCHER] cmp=com.example.lunchtray/androidx.fragment.app.testing.FragmentScenario$EmptyFragmentActivity (has extras) }, activity.getIntent()=Intent { act=android.intent.action.MAIN cat=[android.intent.category.LAUNCHER] flg=0x10008000 cmp=com.example.lunchtray/androidx.test.core.app.InstrumentationActivityInvoker$BootstrapActivity (has extras) }, activity=androidx.test.core.app.InstrumentationActivityInvoker$BootstrapActivity@3f25735
10-28 12:55:59.788 17800 17800 V ActivityScenario: Activity lifecycle changed event received but ignored because the intent does not match. startActivityIntent=Intent { act=android.intent.action.MAIN cat=[android.intent.category.LAUNCHER] cmp=com.example.lunchtray/.MainActivity }, activity.getIntent()=Intent { act=android.intent.action.MAIN cat=[android.intent.category.LAUNCHER] flg=0x10008000 cmp=com.example.lunchtray/androidx.test.core.app.InstrumentationActivityInvoker$BootstrapActivity (has extras) }, activity=androidx.test.core.app.InstrumentationActivityInvoker$BootstrapActivity@3f25735
10-28 12:55:59.788 17800 17800 V ActivityScenario: Activity lifecycle changed event received but ignored because the intent does not match. startActivityIntent=Intent { act=android.intent.action.MAIN cat=[android.intent.category.LAUNCHER] cmp=com.example.lunchtray/.MainActivity }, activity.getIntent()=Intent { act=android.intent.action.MAIN cat=[android.intent.category.LAUNCHER] flg=0x10008000 cmp=com.example.lunchtray/androidx.test.core.app.InstrumentationActivityInvoker$BootstrapActivity (has extras) }, activity=androidx.test.core.app.InstrumentationActivityInvoker$BootstrapActivity@3f25735
10-28 12:55:59.789 17800 17800 V ActivityScenario: Activity lifecycle changed event received but ignored because the intent does not match. startActivityIntent=Intent { act=android.intent.action.MAIN cat=[android.intent.category.LAUNCHER] cmp=com.example.lunchtray/.MainActivity }, activity.getIntent()=Intent { act=android.intent.action.MAIN cat=[android.intent.category.LAUNCHER] flg=0x10008000 cmp=com.example.lunchtray/androidx.test.core.app.InstrumentationActivityInvoker$BootstrapActivity (has extras) }, activity=androidx.test.core.app.InstrumentationActivityInvoker$BootstrapActivity@3f25735
10-28 12:55:59.789 17800 17800 V ActivityScenario: Activity lifecycle changed event received but ignored because the intent does not match. startActivityIntent=Intent { act=android.intent.action.MAIN cat=[android.intent.category.LAUNCHER] cmp=com.example.lunchtray/.MainActivity }, activity.getIntent()=Intent { act=android.intent.action.MAIN cat=[android.intent.category.LAUNCHER] flg=0x10008000 cmp=com.example.lunchtray/androidx.test.core.app.InstrumentationActivityInvoker$BootstrapActivity (has extras) }, activity=androidx.test.core.app.InstrumentationActivityInvoker$BootstrapActivity@3f25735
10-28 12:55:59.789 17800 17800 V ActivityScenario: Activity lifecycle changed event received but ignored because the intent does not match. startActivityIntent=Intent { act=android.intent.action.MAIN cat=[android.intent.category.LAUNCHER] cmp=com.example.lunchtray/.MainActivity }, activity.getIntent()=Intent { act=android.intent.action.MAIN cat=[android.intent.category.LAUNCHER] flg=0x10008000 cmp=com.example.lunchtray/androidx.test.core.app.InstrumentationActivityInvoker$BootstrapActivity (has extras) }, activity=androidx.test.core.app.InstrumentationActivityInvoker$BootstrapActivity@3f25735
10-28 12:55:59.789 17800 17800 V ActivityScenario: Activity lifecycle changed event received but ignored because the intent does not match. startActivityIntent=Intent { act=android.intent.action.MAIN cat=[android.intent.category.LAUNCHER] cmp=com.example.lunchtray/androidx.fragment.app.testing.FragmentScenario$EmptyFragmentActivity (has extras) }, activity.getIntent()=Intent { act=android.intent.action.MAIN cat=[android.intent.category.LAUNCHER] flg=0x10008000 cmp=com.example.lunchtray/androidx.test.core.app.InstrumentationActivityInvoker$BootstrapActivity (has extras) }, activity=androidx.test.core.app.InstrumentationActivityInvoker$BootstrapActivity@3f25735
10-28 12:55:59.789 17800 17800 V ActivityScenario: Activity lifecycle changed event received but ignored because the intent does not match. startActivityIntent=Intent { act=android.intent.action.MAIN cat=[android.intent.category.LAUNCHER] cmp=com.example.lunchtray/.MainActivity }, activity.getIntent()=Intent { act=android.intent.action.MAIN cat=[android.intent.category.LAUNCHER] flg=0x10008000 cmp=com.example.lunchtray/androidx.test.core.app.InstrumentationActivityInvoker$BootstrapActivity (has extras) }, activity=androidx.test.core.app.InstrumentationActivityInvoker$BootstrapActivity@3f25735
10-28 12:55:59.797   620   620 I Layer   : id=205147 removeFromCurrentState Surface(name=Task=1)/@0x4cdbfdb - animation-leash of app_transition#0 (176)
10-28 12:55:59.797   620   620 I Layer   : id=205148 removeFromCurrentState Surface(name=Task=30474)/@0x9527a9 - animation-leash of app_transition#0 (176)
10-28 12:55:59.798   620   620 I SurfaceFlinger: id=205148 Removed Surface(name=Task=30474)/@0x9527a9 - animation-leash of app_transition#0 (176)
10-28 12:55:59.798   620   620 I SurfaceFlinger: id=205147 Removed Surface(name=Task=1)/@0x4cdbfdb - animation-leash of app_transition#0 (176)
10-28 12:55:59.798   620   620 I Layer   : id=205147 Destroyed Surface(name=Task=1)/@0x4cdbfdb - animation-leash of app_transition#0
10-28 12:55:59.798   620   620 I Layer   : id=205148 Destroyed Surface(name=Task=30474)/@0x9527a9 - animation-leash of app_transition#0
10-28 12:55:59.798  3892  4748 I SCS@AiSearch user 0: (BaseCollector::AOSP_MP) fetchInternal values : maxSyncId: 26647 indexCount: 2021 sourceCount: 2021
10-28 12:55:59.800   954  2772 V WindowManager: Relayout Window{4ad90e6 u0 com.sec.android.app.launcher/com.sec.android.app.launcher.activities.LauncherActivity}: viewVisibility=8 req=1080x2280 d0
10-28 12:55:59.802   954  2772 V WindowManager: Relayout hash=4ad90e6, pid=26660: mAttrs={(0,0)(fillxfill) sim={adjust=nothing} layoutInDisplayCutoutMode=shortEdges ty=BASE_APPLICATION fmt=TRANSPARENT wanim=0x10302f2
10-28 12:55:59.802   954  2772 V WindowManager:   fl=81910100
10-28 12:55:59.802   954  2772 V WindowManager:   pfl=1e020040
10-28 12:55:59.802   954  2772 V WindowManager:   vsysui=1700
10-28 12:55:59.802   954  2772 V WindowManager:   bhv=SHOW_TRANSIENT_BARS_BY_SWIPE
10-28 12:55:59.802   954  2772 V WindowManager:   fitSides= naviIconColor=0}
10-28 12:55:59.803 26660 26660 I ViewRootImpl@623994e[LauncherActivity]: Relayout returned: old=(0,0,1080,2280) new=(0,0,1080,2280) req=(1080,2280)8 dur=3 res=0x5 s={false 0} ch=true fn=27
10-28 12:55:59.804 26660 26660 I ViewRootImpl@623994e[LauncherActivity]: stopped(true) old=false
10-28 12:55:59.804 26660 26660 I BaseActivity: removeActivityFlags, flags : 17
10-28 12:55:59.804 26660 26660 W LauncherAppWidgetHost: setShouldListenFlag, mFlags:7 flag:start on:false isFront:false
10-28 12:55:59.804 26660 26792 I IMM_LC  : hsifw() - flags=0, caller=android.view.inputmethod.InputMethodManager.hideSoftInputFromWindow:1846 android.view.inputmethod.InputMethodManager.hideSoftInputFromWindow:1815 com.android.launcher3.util.UiThreadHelper$UiCallbacks.handleMessage:103 android.os.Handler.dispatchMessage:102 android.os.Looper.loopOnce:226
10-28 12:55:59.804 26660 26792 I IMM_LC  : hideSoftInputFromWindow - mService.hideSoftInput
10-28 12:55:59.805   954  3923 I AppWidgetServiceImpl: stopListening callbacks : null
10-28 12:55:59.805 26660 26660 W LauncherAppWidgetHost: stopListening, mFlags:2 isFront:false
10-28 12:55:59.805 26660 26660 W Launcher.NotificationListener: removeNotificationsChangedListener
10-28 12:55:59.805 26660 26660 I BadgeCountUpdaterImpl: onNotificationsChangedDisConnected
10-28 12:55:59.805 26660 26660 I Launcher.NotificationListener: unregisterObserver, this is not notificationService!!
10-28 12:55:59.805 26660 26792 I LiveIconUpdateEventHandler: LiveIcon onStop
10-28 12:55:59.805 26660 26792 I LiveIconUpdateEventHandler: cancelMinuteChangeAlarm
10-28 12:55:59.806 26660 26792 I LiveIconUpdateEventHandler: cancelDateChangeAlarm
10-28 12:55:59.806 26660 26792 I LiveIconUpdateEventHandler: unregisterReceiver
10-28 12:55:59.809 19056 19056 D NetworkSecurityConfig: Using Network Security Config from resource (name removed) debugBuild: false
10-28 12:55:59.814   620   620 D Layer   : setBackgroundBlurRadius ## OneUiHome-BlurLayer#0, backgroundBlurRadius=0
10-28 12:55:59.815   620   620 I SurfaceFlinger: id=205136 Removed OneUiHome-BlurLayer#0 (174)
10-28 12:55:59.815   954  1844 D ConnectivityService: ConnectivityService NetworkRequestInfo binderDied(uid/pid:10814/18961, android.os.BinderProxy@9894662)
10-28 12:55:59.815   620  2722 D NativeSemDvfsManager: acquire:: timeout = 2000 mIsAcquired = 1  mTagName : SurfaceFlinger
10-28 12:55:59.816   566   611 I HYPER-HAL: [RequestManager.cpp]acquire(): Acquired ID : 1314010  [620 / 1000]    HINT : SF_GPU_MINLOCK    list : [TIMEOUT / 2000]
10-28 12:55:59.816   954  1197 D ConnectivityService: releasing NetworkRequest [ REQUEST id=38340, [ Capabilities: INTERNET&NOT_RESTRICTED&TRUSTED&NOT_VCN_MANAGED Uid: 10814 RequestorUid: 10814 RequestorPkg: org.telegram.messenger] ] (release request)
10-28 12:55:59.816   954  1197 D ConnectivityService:  Removing from current network [245 WIFI], leaving 173 requests.
10-28 12:55:59.817   620  2722 E NativeCustomFrequencyManager: [NativeCFMS] BpCustomFrequencyManager::acquire()
10-28 12:55:59.818   531   531 I Zygote  : Process 18961 exited due to signal 9 (Killed)
10-28 12:55:59.819  1341  1341 D HidDeviceService: handleMessage(): msg.what=8
10-28 12:55:59.820   954  2750 D PkgPredictorService-IpmNapPreloadController: app:0_&_org.telegram.messenger die, remove from <launchTime:2022-10-28 12:55:59 hour:12 day:6 previous:[com.example.lunchtray, com.example.lunchtray, com.example.lunchtray] running:com.example.lunchtray/com.example.lunchtray.MainActivity apkVersion:1.0 userId:0 screenOrientation:1 wifi:3 bt:12 predictTime:1 launching Time:238 predicted:false prediction:[0_&_org.telegram.messenger, 0_&_com.facebook.orca, 0_&_com.instagram.android] preloaded:false preloading:[0_&_org.telegram.messenger, 0_&_com.facebook.orca]>
10-28 12:55:59.831   620   620 I Layer   : id=205133 removeFromCurrentState com.sec.android.app.launcher/com.sec.android.app.launcher.activities.LauncherActivity$_26660#0 (174)
10-28 12:55:59.831   620   620 I Layer   : id=205136 removeFromCurrentState OneUiHome-BlurLayer#0 (174)
10-28 12:55:59.831   620   620 I SurfaceFlinger: id=205133 Removed com.sec.android.app.launcher/com.sec.android.app.launcher.activities.LauncherActivity$_26660#0 (174)
10-28 12:55:59.831   620   620 I Layer   : id=205133 Destroyed com.sec.android.app.launcher/com.sec.android.app.launcher.activities.LauncherActivity$_26660#0
10-28 12:55:59.831   620   620 I Layer   : id=205136 Destroyed OneUiHome-BlurLayer#0
10-28 12:55:59.833  3892  4748 I SCS@AiSearch user 0: (IndexManager) [pool-13-thread-1] entering in addIndex():
10-28 12:55:59.834  3892  4748 I SCS@AiSearch user 0: (BaseCollector::AOSP_MP) fetch: fetching took  58 ms
10-28 12:55:59.834  3892  4748 I SCS@AiSearch user 0: (BaseCollector::AOSP_MP) fetchChanges: applied 0 items
10-28 12:55:59.834  3892  4748 I SCS@AiSearch user 0: (BaseCollector::AOSP_MP) Collect finished. Result: true
10-28 12:55:59.834  8198  8198 I Utils   : isCurrentUser current = 0, ownerId = 0
10-28 12:55:59.834  8198  8198 I TrayVisibilityController: getComputedTrayVisible : keyguardState = 1
10-28 12:55:59.834  8198  8198 I TrayVisibilityController: updateTrayVisible: State=1 visible=1 mCurrentVisible=1 specificMode=0
10-28 12:55:59.834  8198  8198 I TrayStateController: onNotifyUpdateTray: state=0
10-28 12:55:59.834  3892  4748 I SCS@AiSearch user 0: (BaseCollector::DOCUMENTS) ObserverWorker run immediately with unique work name: DOCUMENTS
10-28 12:55:59.835  3892  4748 I SCS@AiSearch user 0: (BaseCollector::AOSP_MP) enqueue ObserverWorker name: com.sec.android.app.myfiles, policy: APPEND_OR_REPLACE
10-28 12:55:59.835  3892  3955 I WM-WorkerWrapper: Worker result SUCCESS for Work [ id=8cc133d7-7948-4614-928f-28cf97078c6b, tags={ com.sec.android.app.myfiles, com.samsung.android.scs.ai.search.data.collector.ObserverWorker } ]
10-28 12:55:59.844   954  2451 D PackageManager: setEnabledSetting : userId = 0 packageName = com.samsung.android.scs cmp = androidx.work.impl.background.systemalarm.RescheduleReceiver newState = 1 callingPackage = 10347/com.samsung.android.scs
10-28 12:55:59.854 19056 19082 W CrashLoopRemedyLog: unable to delete remedy log, instaCrash: false
10-28 12:55:59.855 19056 19082 W CrashLoopRemedyLog: unable to delete remedy log, instaCrash: true
10-28 12:55:59.866 19056 19082 W MessengerLacrimaConfig: MessengerLacrimaConfig.earlyInit
10-28 12:55:59.874   954  3923 D PackageManager: setEnabledSetting : userId = 0 packageName = com.samsung.android.scs cmp = androidx.work.impl.background.systemalarm.RescheduleReceiver newState = 1 callingPackage = 10347/com.samsung.android.scs
10-28 12:55:59.890   511   511 E audit   : type=1400 audit(1666954559.885:342521): avc:  denied  { read } for  pid=19056 comm="EnsureDelegate" name="zoneinfo" dev="proc" ino=4026531860 scontext=u:r:untrusted_app:s0:c24,c259,c512,c768 tcontext=u:object_r:proc_zoneinfo:s0 tclass=file permissive=0 SEPF_SM-G973F_12_0001 audit_filtered
10-28 12:55:59.891   511   511 E audit   : type=1300 audit(1666954559.885:342521): arch=c00000b7 syscall=56 success=no exit=-13 a0=ffffff9c a1=767d259510 a2=0 a3=0 items=0 ppid=531 pid=19056 auid=4294967295 uid=10792 gid=10792 euid=10792 suid=10792 fsuid=10792 egid=10792 sgid=10792 fsgid=10792 tty=(none) ses=4294967295 comm="EnsureDelegate" exe="/system/bin/app_process64" subj=u:r:untrusted_app:s0:c24,c259,c512,c768 key=(null)
10-28 12:55:59.891   511   511 E audit   : type=1327 audit(1666954559.885:342521): proctitle="com.facebook.orca"
10-28 12:55:59.892 19056 19082 W lacrima : Start JavaAppDeathCrashDetector... X.0Uq
10-28 12:55:59.893  3892  3892 I SCS@AiSearch user 0: (ObserverWorker::DOCUMENTS) [main] entering in startWork():
10-28 12:55:59.894  3892  3892 I SCS@AiSearch user 0: (BaseCollector::DOCUMENTS) [main] entering in onChange():
10-28 12:55:59.895  3892  3961 I SCS@AiSearch user 0: (BaseCollector::DOCUMENTS) [pool-8-thread-1] entering in collectChanges():
10-28 12:55:59.895  3892  3961 E SCS@AiSearch user 0: (BaseCollector::DOCUMENTS) canSkipCurrentList:
10-28 12:55:59.896  3892  3961 I SCS@AiSearch user 0: (BaseCollector::DOCUMENTS) fetch: fetching took  1 ms
10-28 12:55:59.896  3892  3961 I SCS@AiSearch user 0: (BaseCollector::DOCUMENTS) fetchChanges: applied 0 items
10-28 12:55:59.896  3892  3961 I SCS@AiSearch user 0: (BaseCollector::DOCUMENTS) Collect finished. Result: true
10-28 12:55:59.897 19056 19082 W lacrima : Sending pending reports
10-28 12:55:59.898   954  1401 D PackageManager: setEnabledSetting : userId = 0 packageName = com.samsung.android.scs cmp = androidx.work.impl.background.systemalarm.RescheduleReceiver newState = 1 callingPackage = 10347/com.samsung.android.scs
10-28 12:55:59.904  3892  3935 I WM-WorkerWrapper: Worker result SUCCESS for Work [ id=f3569467-b470-472c-a972-a8265eead25c, tags={ com.samsung.android.scs.documents, com.samsung.android.scs.ai.search.data.collector.ObserverWorker } ]
10-28 12:55:59.907 19056 19082 W MessengerLacrimaConfig: MessengerLacrimaConfig.earlyNativeInit
10-28 12:55:59.908   566 19055 I HYPER-HAL: [RequestManager.cpp]releaseLocked(): Released ID : 473870
10-28 12:55:59.927   511   511 E audit   : type=1400 audit(1666954559.921:342522): avc:  granted  { execute } for  pid=19056 comm="EnsureDelegate" path="/data/data/com.facebook.orca/lib-compressed/libbreakpad.so" dev="sda31" ino=3283522 scontext=u:r:untrusted_app:s0:c24,c259,c512,c768 tcontext=u:object_r:app_data_file:s0:c24,c259,c512,c768 tclass=file SEPF_SM-G973F_12_0001 audit_filtered
10-28 12:55:59.927   511   511 E audit   : type=1300 audit(1666954559.921:342522): arch=c00000b7 syscall=222 success=yes exit=508124311552 a0=764e91b000 a1=18b80 a2=5 a3=12 items=0 ppid=531 pid=19056 auid=4294967295 uid=10792 gid=10792 euid=10792 suid=10792 fsuid=10792 egid=10792 sgid=10792 fsgid=10792 tty=(none) ses=4294967295 comm="EnsureDelegate" exe="/system/bin/app_process64" subj=u:r:untrusted_app:s0:c24,c259,c512,c768 key=(null)
10-28 12:55:59.945 19056 19091 D fb-distract: Distracting /apex/com.android.runtime/lib64/bionic/libc.so!kill (0x0x7963158fe0) with /data/data/com.facebook.orca/lib-compressed/libappstatelogger2.so!<unknown> (0x0x764eb77c8c)
10-28 12:55:59.945 19056 19091 D fb-distract: Distracting /apex/com.android.runtime/lib64/bionic/libc.so!raise (0x0x79631178a8) with /data/data/com.facebook.orca/lib-compressed/libappstatelogger2.so!<unknown> (0x0x764eb77ccc)
10-28 12:55:59.945 19056 19091 D fb-distract: Distracting /apex/com.android.runtime/lib64/bionic/libc.so!pthread_kill (0x0x796316e680) with /data/data/com.facebook.orca/lib-compressed/libappstatelogger2.so!<unknown> (0x0x764eb77d24)
10-28 12:55:59.945 19056 19091 D fb-distract: Distracting /apex/com.android.runtime/lib64/bionic/libc.so!killpg (0x0x7963113e78) with /data/data/com.facebook.orca/lib-compressed/libappstatelogger2.so!<unknown> (0x0x764eb77d58)
10-28 12:55:59.945 19056 19091 D fb-distract: Distracting /apex/com.android.runtime/lib64/bionic/libc.so!tgkill (0x0x7963159000) with /data/data/com.facebook.orca/lib-compressed/libappstatelogger2.so!<unknown> (0x0x764eb77dc0)
10-28 12:55:59.945 19056 19091 D fb-distract: Distracting /apex/com.android.runtime/lib64/bionic/libc.so!_Exit (0x0x796315a4c0) with /data/data/com.facebook.orca/lib-compressed/libappstatelogger2.so!<unknown> (0x0x764eb77dfc)
10-28 12:55:59.948 19056 19091 W lacrima : The minidump file is empty!
10-28 12:55:59.951 19056 19091 W lacrima : Start AnrAppDeathDetector... X.0JR
10-28 12:55:59.951 17800 17800 I ViewInteraction: Performing 'single click' action on view view.getId() is <2131230844/com.example.lunchtray:id/cauliflower>
10-28 12:55:59.952   954  3923 D InputDispatcher: Inject motion (17800): action=0x0, time=851608747000000, f=0x0, d=0
10-28 12:55:59.953   954  1162 I InputDispatcher: Delivering touch to (1348): action: 0x4, f=0x0, d=0, 'be23078', t=0
10-28 12:55:59.953   954  1162 I InputDispatcher: Delivering touch to (17800): action: 0x0, f=0x0, d=0, '9c3c37f', t=0
10-28 12:55:59.953  3825  3825 I SemDvfsHyPerManager: acquire hyper - BaseTABoost/3825@21, type = 1090523139
10-28 12:55:59.953 17800 17800 I ViewRootImpl@e3730aa[MainActivity]: ViewPostIme pointer 0
10-28 12:55:59.953  3825  3825 I SemDvfsHyPerManager: acquire hyper - BaseTAToouchBoost/3825@23, type = 1090523139
10-28 12:55:59.954   566   611 I HYPER-HAL: [RequestManager.cpp]acquire(): Acquired ID : 7397802  [3825 / 21]    HINT :      list : [TABoost / 5]
10-28 12:55:59.954   566   611 I HYPER-HAL: [RequestManager.cpp]acquire(): Acquired ID : 7405499  [3825 / 23]    HINT :      list : [TABoost / 20] [TIMEOUT / 1500]
10-28 12:55:59.967 19056 19082 W DexLibLoader: disabling background optimization
10-28 12:55:59.974 19056 19082 W dalvik-internals: sigaction64 succeeded
10-28 12:55:59.975 19056 19082 D dalvik-internals: SuspendAndroid11: Found all symbols
10-28 12:55:59.976 19056 19082 D dalvik-internals: SuspendAndroid11: Suspending threads.
10-28 12:55:59.976 19056 19082 D dalvik-internals: SuspendAndroid11: Resuming threads.
10-28 12:55:59.976 19056 19082 W dalvik-internals: ignoring failure to find _ZN3art12FaultManager35EnsureArtActionInFrontOfSignalChainEv: could not hook _ZN3art12FaultManager35EnsureArtActionInFrontOfSignalChainEv
10-28 12:55:59.977 19056 19082 D fb-distract: Distracting /apex/com.android.art/lib64/libsigchain.so!signal (0x0x795d5b4838) with /data/data/com.facebook.orca/lib-compressed/libdexload.so!<unknown> (0x0x75d9f11ee4)
10-28 12:55:59.977 19056 19082 V dalvik-internals: hooked signal using trap ()
10-28 12:55:59.977 19056 19082 D fb-distract: Distracting /apex/com.android.art/lib64/libsigchain.so!sigaction (0x0x795d5b4548) with /data/data/com.facebook.orca/lib-compressed/libdexload.so!<unknown> (0x0x75d9f12060)
10-28 12:55:59.977 19056 19082 V dalvik-internals: hooked sigaction using trap ()
10-28 12:55:59.977 19056 19082 D dalvik-internals: SuspendAndroid11: Found all symbols
10-28 12:55:59.977 19056 19082 D dalvik-internals: SuspendAndroid11: Suspending threads.
10-28 12:55:59.978 19056 19082 V dalvik-internals: Hooking function _ZN3art11annotations16GetLineNumFromPCEPKNS_7DexFileEPNS_9ArtMethodEj
10-28 12:55:59.978 19056 19082 D fb-distract: Distracting /apex/com.android.art/lib64/libart.so!_ZN3art11annotations16GetLineNumFromPCEPKNS_7DexFileEPNS_9ArtMethodEj (0x0x766bcfea20) with /data/data/com.facebook.orca/lib-compressed/libdexload.so!<unknown> (0x0x75d9f12750)
10-28 12:55:59.979 19056 19082 V dalvik-internals: hooked _ZN3art11annotations16GetLineNumFromPCEPKNS_7DexFileEPNS_9ArtMethodEj using jump ()
10-28 12:55:59.979 19056 19082 D dalvik-internals: SuspendAndroid11: Resuming threads.
10-28 12:55:59.982 19056 19082 W MultiDexClassLoader: unable to use native MDCL: falling back to Java impl
10-28 12:55:59.982 19056 19082 W MultiDexClassLoader: java.lang.Exception: MDCLAN bailing: Failed to start last time
10-28 12:55:59.982 19056 19082 W MultiDexClassLoader: 	at com.facebook.common.dextricks.MultiDexClassLoaderArtNative.maybeBail(:66)
10-28 12:55:59.982 19056 19082 W MultiDexClassLoader: 	at com.facebook.common.dextricks.MultiDexClassLoaderArtNative.<init>(:6)
10-28 12:55:59.982 19056 19082 W MultiDexClassLoader: 	at com.facebook.common.dextricks.MultiDexClassLoader.createMultiDexClassLoader(:56)
10-28 12:55:59.982 19056 19082 W MultiDexClassLoader: 	at com.facebook.common.dextricks.MultiDexClassLoader.install(:93)
10-28 12:55:59.982 19056 19082 W MultiDexClassLoader: 	at com.facebook.common.dextricks.DexStore.loadDexFiles(:89)
10-28 12:55:59.982 19056 19082 W MultiDexClassLoader: 	at com.facebook.common.dextricks.DexStore.loadAllImpl(:638)
10-28 12:55:59.982 19056 19082 W MultiDexClassLoader: 	at com.facebook.common.dextricks.DexStore.loadAll(:1)
10-28 12:55:59.982 19056 19082 W MultiDexClassLoader: 	at com.facebook.common.dextricks.DexLibLoader.loadAllImpl(:142)
10-28 12:55:59.982 19056 19082 W MultiDexClassLoader: 	at com.facebook.common.dextricks.DexLibLoader.loadAll(:9)
10-28 12:55:59.982 19056 19082 W MultiDexClassLoader: 	at com.facebook.common.dextricks.DexLibLoader.loadAll(:268435460)
10-28 12:55:59.982 19056 19082 W MultiDexClassLoader: 	at X.0Qu.ANr(:1271)
10-28 12:55:59.982 19056 19082 W MultiDexClassLoader: 	at X.0Rb.run(:2)
10-28 12:55:59.984 19056 19082 W DexLibLoader: Comparing new 1666949910392 to old 1666949910392
10-28 12:55:59.986 19056 19091 W MessengerLacrimaConfig: MessengerLacrimaConfig.laterInit
10-28 12:55:59.992   954  3923 D InputDispatcher: Inject motion (17800): action=0x1, time=851608787000000, f=0x0, d=0
10-28 12:55:59.993   954  1162 I InputDispatcher: Delivering touch to (17800): action: 0x1, f=0x0, d=0, '9c3c37f', t=1
10-28 12:55:59.993 17800 17800 I ViewRootImpl@e3730aa[MainActivity]: ViewPostIme pointer 1
10-28 12:56:00.001  1348  1960 D QSClockBellTower: onReceive(android.intent.action.TIME_TICK) mTimeZoneString:null
10-28 12:56:00.002  1348  1348 D KeyguardUpdateMonitor: received broadcast android.intent.action.TIME_TICK
10-28 12:56:00.003  1348  1348 D QSClockBellTower: He is ready to ring the bell. (((QSClockBellSound - TimeText:12:56, TimeContentDescription:12:56, DateText:Fri, October 28, ShortDateText:Fri, Oct 28, Demofalse)))
10-28 12:56:00.003 19056 19091 W lacrima : Start AnrDetector... com.facebook.acra.anr.multisignal.MultiSignalANRDetector
10-28 12:56:00.003 19056 19091 W MultiSignalANRDetectorLacrima: Starting
10-28 12:56:00.003 19056 19091 W ProcessAnrErrorMonitor: startMonitoring with delay: 0
10-28 12:56:00.004  1348  1348 D QSClockHomeIndicatorView: Home Indicator status_bar_clock notifyTimeChanged(QSClockBellSound - TimeText:12:56, TimeContentDescription:12:56, DateText:Fri, October 28, ShortDateText:Fri, Oct 28, Demofalse) ClockVisibleByPolicy:true, ClockVisibleByUser:true, visible?true, parent:android.widget.LinearLayout{9d29706 V.E...... ......ID 0,0-97,88 #7f0b0472 app:id/left_clock_container}
10-28 12:56:00.004  1348  1348 D QSClockBellTower: Everyone heard the bell. run(currentTime:1666954560002,   getTime():Fri Oct 28 12:56:00 GMT+02:00 2022,   getTimeZone():libcore.util.ZoneInfo[mDstSavings=3600000,mUseDst=true,mDelegate=[id="Europe/Belgrade",mRawOffset=3600000,mEarliestRawOffset=4920000,transitions=121]])
10-28 12:56:00.004  1348  1348 D KeyguardUpdateMonitor: handleTimeUpdate
10-28 12:56:00.004  1348  1348 D FaceWidgetPagesController: onTimeChanged()
10-28 12:56:00.004 19056 19083 W ComponentDiscovery: Class com.google.firebase.dynamicloading.DynamicLoadingRegistrar is not an found.
10-28 12:56:00.017   954  1253 D SemNscXgbMsL1: Probability - Cloud gaming: [0.026405118]
10-28 12:56:00.017   954  1253 D SemNscXgbMsL1: Probability - Real time: [0.012172791]
10-28 12:56:00.017   954  1253 D SemNscXgbMsL1: Probability - Non real time: [0.9944792]
10-28 12:56:00.017   954  1253 D SemNscXgbMsL1: 1 sample inference time: 0.255077 msecs
10-28 12:56:00.017   954  1253 D SemNscXgbL2Rt: L2 RT 1 sample inference time: 0.305692 msecs
10-28 12:56:00.018   954  1253 D SemNscXgbL2Nrt: L2 NRT 1 sample inference time: 0.261731 msecs
10-28 12:56:00.018  1348  1348 D QS      : setQSExpansion 0.0 -113.924995
10-28 12:56:00.019  1348  1348 D QS      : setQSExpansion 0.0 -113.924995
10-28 12:56:00.019  1348  1348 V SecQSFragmentAnimatorBase: setQsExpansionPosition 0.0
10-28 12:56:00.019  1348  1348 V QsExpandAnimator: setQsExpansionPosition 0.0 0
10-28 12:56:00.019 19056 19101 W ProcessAnrErrorMonitor: Starting process monitor checks for process 'com.facebook.orca'
10-28 12:56:00.019  1348  1348 D QS      : setQSExpansion 0.0 -113.924995
10-28 12:56:00.020 19056 19101 W MultiSignalANRDetectorLacrima: Started monitoring
10-28 12:56:00.020  1348  1348 D IndicatorGardenInputProperty: updateRotation() prv:-1 >> new:0
10-28 12:56:00.020  1348  1348 D DeviceState: getDeviceResolutionPixelSize - currentDensity = 420 deviceDensity = 420 initialDisplaySizeFactor = 1440 currentDisplaySizeFactor = 1080 initialDisplayDensity = 560 proportionalDensity = 420 proportionalPixel = 66
10-28 12:56:00.020  1348  1348 D DeviceState: getDeviceResolutionPixelSize - currentDensity = 420 deviceDensity = 420 initialDisplaySizeFactor = 1440 currentDisplaySizeFactor = 1080 initialDisplayDensity = 560 proportionalDensity = 420 proportionalPixel = 27
10-28 12:56:00.020  1348  1348 D DeviceState: getDeviceResolutionPixelSize - currentDensity = 420 deviceDensity = 420 initialDisplaySizeFactor = 1440 currentDisplaySizeFactor = 1080 initialDisplayDensity = 560 proportionalDensity = 420 proportionalPixel = 24
10-28 12:56:00.021  1348  1348 V QsExpandAnimator: updateAnimators
10-28 12:56:00.021  1348  1348 V QsExpandAnimator: clearAnimationState
10-28 12:56:00.022  1348  1348 V QsExpandAnimator: setQsExpansionPosition 0.0 0
10-28 12:56:00.032   620   620 I SurfaceFlinger: SFWD update time=851608827066833
10-28 12:56:00.048 19056 19091 D fb-distract: Distracting /apex/com.android.runtime/lib64/bionic/libc.so!abort (0x0x796310a2b8) with /data/data/com.facebook.orca/lib-compressed/libreliabilitymerged.so!<unknown> (0x0x764fc3087c)
10-28 12:56:00.048 19056 19100 W SigquitDetectorLacrima: nativeInit
10-28 12:56:00.051 19056 19091 D fb-distract: Distracting /system/lib64/liblog.so!__android_log_assert (0x0x7970ab4d08) with /data/data/com.facebook.orca/lib-compressed/libreliabilitymerged.so!<unknown> (0x0x764fc30728)
10-28 12:56:00.055 19056 19091 D fb-distract: Distracting /apex/com.android.runtime/lib64/bionic/libc.so!android_set_abort_message (0x0x7963105c80) with /data/data/com.facebook.orca/lib-compressed/libreliabilitymerged.so!<unknown> (0x0x764fc30490)
10-28 12:56:00.076 19056 19056 E libprocessgroup: set_timerslack_ns write failed: Operation not permitted
10-28 12:56:00.085 19056 19091 W msgr.NightwatchConfig: saveExitStatus true, useMmap true, monitorResources true, tickInfo 0, detectLmkd false, needNightWatch true
10-28 12:56:00.091 19056 19091 D Nightwatch: Got fb jni native method for com/facebook/errorreporting/nightwatch/Nightwatch$NightwatchNative.nRecordDataInNightWatch (JI)I with native method: recordDataInNightWatch (0x7649c6ef1c). try use crit jni: no try use fast jni: no Used crit: no Used fast: no Used norm: yes crit jni supported: yes fast jni supported: no config is fast: no config is crit: no
10-28 12:56:00.091 19056 19091 D Nightwatch: Got fb jni native method for com/facebook/errorreporting/nightwatch/Nightwatch$NightwatchNative.nRecordTickInNightWatch (JJJJ)I with native method: recordTickInNightWatch (0x7649c6ef18). try use crit jni: no try use fast jni: no Used crit: no Used fast: no Used norm: yes crit jni supported: yes fast jni supported: no config is fast: no config is crit: no
10-28 12:56:00.091 19056 19091 D Nightwatch: Got fb jni native method for com/facebook/errorreporting/nightwatch/Nightwatch$NightwatchNative.nSaveResourceData ()Z with native method: saveResourceData (0x7649c6ef00). try use crit jni: no try use fast jni: no Used crit: no Used fast: no Used norm: yes crit jni supported: yes fast jni supported: no config is fast: no config is crit: no
10-28 12:56:00.091 19056 19091 D _FB_    : Registering method com/facebook/errorreporting/nightwatch/Nightwatch$NightwatchNative.nRecordDataInNightWatch (JI)I with native method: recordDataInNightWatch (0x7649c6ef1c)
10-28 12:56:00.091 19056 19091 D _FB_    : Succeeded registering method com/facebook/errorreporting/nightwatch/Nightwatch$NightwatchNative.nRecordDataInNightWatch (JI)I with native method: recordDataInNightWatch (0x7649c6ef1c)
10-28 12:56:00.091 19056 19091 D _FB_    : Registering method com/facebook/errorreporting/nightwatch/Nightwatch$NightwatchNative.nRecordTickInNightWatch (JJJJ)I with native method: recordTickInNightWatch (0x7649c6ef18)
10-28 12:56:00.091 19056 19091 D _FB_    : Succeeded registering method com/facebook/errorreporting/nightwatch/Nightwatch$NightwatchNative.nRecordTickInNightWatch (JJJJ)I with native method: recordTickInNightWatch (0x7649c6ef18)
10-28 12:56:00.091 19056 19091 D _FB_    : Registering method com/facebook/errorreporting/nightwatch/Nightwatch$NightwatchNative.nSaveResourceData ()Z with native method: saveResourceData (0x7649c6ef00)
10-28 12:56:00.091 19056 19091 D _FB_    : Succeeded registering method com/facebook/errorreporting/nightwatch/Nightwatch$NightwatchNative.nSaveResourceData ()Z with native method: saveResourceData (0x7649c6ef00)
10-28 12:56:00.092 19056 19091 D Nightwatch: Starting NightWatch. Using fast [yes] or critical [yes] native methods
10-28 12:56:00.092 19056 19091 D Nightwatch: NightWatch using: Binary path: /data/app/~~gGKxs4-vdAFYFZZ0Fk4dug==/com.facebook.orca-YrzPqbUUeHsoJUQxcYcCTg==/lib/arm64/libwatcher_binary.so log path: /data/data/com.facebook.orca/app_errorreporting/sess__000001207-1666954559865-3417465d-d73f-f088-6b47-bb9a036f9329/nightwatch.txt
10-28 12:56:00.092 19056 19091 D Nightwatch: Got fb jni native method for com/facebook/errorreporting/nightwatch/NightwatchOreo.nRecordDataInNightWatch (IIJI)I with native method: recordDataInNightWatch_64_type_adaptor__ ::adaptor_func (0x7649c6ef3c). try use crit jni: yes try use fast jni: no Used crit: yes Used fast: no Used norm: no crit jni supported: yes fast jni supported: no config is fast: no config is crit: yes
10-28 12:56:00.092 19056 19091 D Nightwatch: Got fb jni native method for com/facebook/errorreporting/nightwatch/NightwatchOreo.nRecordTickInNightWatch (IIJJJJ)I with native method: recordTickInNightWatch_64_type_adaptor__ ::adaptor_func (0x7649c6ef38). try use crit jni: yes try use fast jni: no Used crit: yes Used fast: no Used norm: no crit jni supported: yes fast jni supported: no config is fast: no config is crit: yes
10-28 12:56:00.092 19056 19091 D Nightwatch: Got fb jni native method for com/facebook/errorreporting/nightwatch/NightwatchOreo.nSaveResourceData (II)Z with native method: saveResourceData_64_type_adaptor__ ::adaptor_func (0x7649c6ef20). try use crit jni: yes try use fast jni: no Used crit: yes Used fast: no Used norm: no crit jni supported: yes fast jni supported: no config is fast: no config is crit: yes
10-28 12:56:00.092 19056 19091 D _FB_    : Registering method com/facebook/errorreporting/nightwatch/NightwatchOreo.nRecordDataInNightWatch (IIJI)I with native method: recordDataInNightWatch_64_type_adaptor__ ::adaptor_func (0x7649c6ef3c)
10-28 12:56:00.092 19056 19091 D _FB_    : Succeeded registering method com/facebook/errorreporting/nightwatch/NightwatchOreo.nRecordDataInNightWatch (IIJI)I with native method: recordDataInNightWatch_64_type_adaptor__ ::adaptor_func (0x7649c6ef3c)
10-28 12:56:00.092 19056 19091 D _FB_    : Registering method com/facebook/errorreporting/nightwatch/NightwatchOreo.nRecordTickInNightWatch (IIJJJJ)I with native method: recordTickInNightWatch_64_type_adaptor__ ::adaptor_func (0x7649c6ef38)
10-28 12:56:00.092 19056 19091 D _FB_    : Succeeded registering method com/facebook/errorreporting/nightwatch/NightwatchOreo.nRecordTickInNightWatch (IIJJJJ)I with native method: recordTickInNightWatch_64_type_adaptor__ ::adaptor_func (0x7649c6ef38)
10-28 12:56:00.092 19056 19091 D _FB_    : Registering method com/facebook/errorreporting/nightwatch/NightwatchOreo.nSaveResourceData (II)Z with native method: saveResourceData_64_type_adaptor__ ::adaptor_func (0x7649c6ef20)
10-28 12:56:00.092 19056 19091 D _FB_    : Succeeded registering method com/facebook/errorreporting/nightwatch/NightwatchOreo.nSaveResourceData (II)Z with native method: saveResourceData_64_type_adaptor__ ::adaptor_func (0x7649c6ef20)
10-28 12:56:00.095 19056 19091 I nightwatch-lib: watcher succeeded mmap /data/data/com.facebook.orca/app_errorreporting/sess__000001207-1666954559865-3417465d-d73f-f088-6b47-bb9a036f9329/nightwatch.txt.subsecond
10-28 12:56:00.096 19056 19091 I nightwatch-lib: watcher succeeded mmap /data/data/com.facebook.orca/app_errorreporting/sess__000001207-1666954559865-3417465d-d73f-f088-6b47-bb9a036f9329/nightwatch.txt.second
10-28 12:56:00.097 19056 19056 W msgr.OnApplicationInitInvoker: Ignored missing AppInit dependency: 38:Fb4aUIQREnvironment
10-28 12:56:00.097 19056 19056 W msgr.OnApplicationInitInvoker: Ignored missing AppInit dependency: 131:NetworkEagerInit
10-28 12:56:00.097 19056 19056 W msgr.OnApplicationInitInvoker: Ignored missing AppInit dependency: 139:PreloadWordmark
10-28 12:56:00.098 19056 19091 I nightwatch-lib: watcher succeeded mmap /data/data/com.facebook.orca/app_errorreporting/sess__000001207-1666954559865-3417465d-d73f-f088-6b47-bb9a036f9329/nightwatch.txt
10-28 12:56:00.098 19056 19091 D nightwatch-fd: Attempting to open file /proc/self/oom_adj
10-28 12:56:00.099 19056 19091 D nightwatch-fd: Opened file /proc/self/oom_adj (91)
10-28 12:56:00.099 19056 19091 D nightwatch-fd: Attempting to open file /proc/self/oom_score_adj
10-28 12:56:00.099 19056 19091 D nightwatch-fd: Opened file /proc/self/oom_score_adj (92)
10-28 12:56:00.102 19056 19091 I nightwatch-target: created thread to monitor process resources
10-28 12:56:00.110 19056 19111 W Profilo/TraceControl: START PROFILO_TRACEID: HJ9NcT8yOhx
10-28 12:56:00.112 19056 19120 D nightwatch-fd: Attempting to open file /proc/self/oom_score
10-28 12:56:00.114 19056 19120 D nightwatch-fd: Opened file /proc/self/oom_score (96)
10-28 12:56:00.117 19056 19120 I nightwatch-target: monitor resources interval 20 ms
10-28 12:56:00.118 19056 19120 E nightwatch-target: /proc/zoneinfo open: errno=13
10-28 12:56:00.119 19056 19120 E nightwatch-target: sysmeminfo parse failed
10-28 12:56:00.147 19056 19120 E nightwatch-target: /proc/zoneinfo open: errno=13
10-28 12:56:00.147 19056 19120 E nightwatch-target: sysmeminfo parse failed
10-28 12:56:00.150 19056 19121 I nightwatch-target: waiting on child pid 19125
10-28 12:56:00.177 19125 19125 I nightwatch-watcher: I have arisen! pid: 19125
10-28 12:56:00.177 19125 19125 I nightwatch-lib: watcher succeeded mmap /data/data/com.facebook.orca/app_errorreporting/sess__000001207-1666954559865-3417465d-d73f-f088-6b47-bb9a036f9329/nightwatch.txt
10-28 12:56:00.178 19125 19125 I nightwatch-watcher: attached to tid 19121 in pid 19056, ptrace_ret: 0
10-28 12:56:00.178 19125 19125 D nightwatch-fd: Attempting to open file /proc/19056/oom_adj
10-28 12:56:00.178 19125 19125 D nightwatch-fd: Opened file /proc/19056/oom_adj (5)
10-28 12:56:00.178 19125 19125 D nightwatch-fd: Attempting to open file /proc/19056/oom_score_adj
10-28 12:56:00.178 19125 19125 D nightwatch-fd: Opened file /proc/19056/oom_score_adj (6)
10-28 12:56:00.178 19125 19125 I nightwatch-watcher: target tid 19121 stopped with signal 19. continuing and delivering signal 0
10-28 12:56:00.223 19056 19056 W msgr.QuickPerformanceLoggerModule: Providing QPL...
10-28 12:56:00.245 19056 19056 W msgr.SadDataOverlayUtils: No data to parse in MC.android_internal_sad_data_overlay.thresholds
10-28 12:56:00.251 17800 17800 I ViewInteraction: Performing 'single click' action on view view.getId() is <2131231080/com.example.lunchtray:id/next_button>
10-28 12:56:00.254   954  1401 D InputDispatcher: Inject motion (17800): action=0x0, time=851609048000000, f=0x0, d=0
10-28 12:56:00.254   954  1162 I InputDispatcher: Delivering touch to (1348): action: 0x4, f=0x0, d=0, 'be23078', t=0
10-28 12:56:00.254   954  1162 I InputDispatcher: Delivering touch to (17800): action: 0x0, f=0x0, d=0, '9c3c37f', t=0
10-28 12:56:00.255  3825  3825 I SemDvfsHyPerManager: acquire hyper - BaseTABoost/3825@21, type = 1090523139
10-28 12:56:00.255  3825  3825 I SemDvfsHyPerManager: acquire hyper - BaseTAToouchBoost/3825@23, type = 1090523139
10-28 12:56:00.255 17800 17800 I ViewRootImpl@e3730aa[MainActivity]: ViewPostIme pointer 0
10-28 12:56:00.257   566   611 I HYPER-HAL: [RequestManager.cpp]acquire(): Acquired ID : 7397802  [3825 / 21]    HINT :      list : [TABoost / 5]
10-28 12:56:00.257   566   611 I HYPER-HAL: [RequestManager.cpp]acquire(): Acquired ID : 7405499  [3825 / 23]    HINT :      list : [TABoost / 20] [TIMEOUT / 1500]
10-28 12:56:00.267  8198  8421 I AppsEdge.Badge: getBadgeIconType 0
10-28 12:56:00.269  2308 13564 I BadgeProvider: query, [selection] : null
10-28 12:56:00.289   954  1259 D SemWifiSwitchForIndividualAppsService: isPackageException - result:3, com.example.lunchtray
10-28 12:56:00.295   954  1401 D InputDispatcher: Inject motion (17800): action=0x1, time=851609089000000, f=0x0, d=0
10-28 12:56:00.295   954  1162 I InputDispatcher: Delivering touch to (17800): action: 0x1, f=0x0, d=0, '9c3c37f', t=1
10-28 12:56:00.295 17800 17800 I ViewRootImpl@e3730aa[MainActivity]: ViewPostIme pointer 1
10-28 12:56:00.305 19056 19115 W msgr.EndToEndAnalyticsEventListener: WRITE_ANALYTICS_TO_LOGCAT = null, EndToEnd.isRunningEndToEndTest() = false
10-28 12:56:00.309 17800 17800 D ScrollView: initGoToTop
10-28 12:56:00.315 19056 19119 E FeatureUtil: filePath /product/omc/SEE/system/customer_carrier_feature.json carrierGroup SEE canonicalId -1
10-28 12:56:00.316 19056 19119 D SemCarrierFeature: update carrier default features : 0
10-28 12:56:00.316 19056 19119 D SemCarrierFeature: update carrier features : 0:30581
10-28 12:56:00.316 19056 19119 E FeatureUtil: filePath /product/omc/SEE/system/customer_carrier_feature.json carrierGroup SEE canonicalId 30581
10-28 12:56:00.317 19056 19119 E FeatureUtil: filePath /product/omc/SEE/system/customer_carrier_feature.json carrierGroup SEE canonicalId -1
10-28 12:56:00.319 19056 19119 D SemCarrierFeature: update carrier default features : 1
10-28 12:56:00.319 19056 19119 D SemCarrierFeature: update carrier features : 1:-1
10-28 12:56:00.319 19056 19119 E FeatureUtil: filePath /product/omc/SEE/system/customer_carrier_feature.json carrierGroup SEE canonicalId -1
10-28 12:56:00.320 19056 19111 W msgr.FrscLanguagePackLoader: Loading FRSC strings for locale (en)
10-28 12:56:00.322 19056 19115 W msgr.AppStateLoggerCore: Application needs to be registered before setting app state manager bridge
10-28 12:56:00.333 19056 19056 W msgr.QuickPerformanceLoggerModule: Provided QPL: 192876326
10-28 12:56:00.343 17800 17800 D ScrollView:  onsize change changed
10-28 12:56:00.353 19056 19145 W msgr.FrscLanguagePackLoader: FRSC English strings buffer size - (limit : 395272, capacity : 395272)
10-28 12:56:00.357 19056 19138 W m.facebook.orc: Accessing hidden method Lcom/samsung/android/os/SemPerfManager;->onScrollEvent(Z)V (blocked, reflection, denied)
10-28 12:56:00.388   566 18956 I HYPER-HAL: [RequestManager.cpp]releaseLocked(): Released ID : 472896
10-28 12:56:00.439 19056 19091 W msgr.crashloop: CrashLoopDetector... start
10-28 12:56:00.486 19056 19098 D fb-distract: Distracting /apex/com.android.art/lib64/libart.so!_ZN3art13SignalCatcher6OutputERKNSt3__112basic_stringIcNS1_11char_traitsIcEENS1_9allocatorIcEEEE (0x0x766c056590) with /data/data/com.facebook.orca/lib-compressed/libsigquit.so!<unknown> (0x0x7649cb8f24)
10-28 12:56:00.520   954  1253 D SemNscXgbMsL1: Probability - Cloud gaming: [0.054481488]
10-28 12:56:00.520   954  1253 D SemNscXgbMsL1: Probability - Real time: [0.032798678]
10-28 12:56:00.521   954  1253 D SemNscXgbMsL1: Probability - Non real time: [0.9882852]
10-28 12:56:00.521   954  1253 D SemNscXgbMsL1: 1 sample inference time: 1.848346 msecs
10-28 12:56:00.523   954  1253 D SemNscXgbL2Rt: L2 RT 1 sample inference time: 1.810231 msecs
10-28 12:56:00.525   954  1253 D SemNscXgbL2Nrt: L2 NRT 1 sample inference time: 1.4895 msecs
10-28 12:56:00.561 19056 19139 W m.facebook.orc: JNI RegisterNativeMethods: attempt to register 0 native methods for com.facebook.msys.mci.EventLoggingData
10-28 12:56:00.566 19056 19139 W msgr.ZoneModule: Policy Zone is disabled. No-op Zone is returned
10-28 12:56:00.579 17800 17800 I ViewInteraction: Performing 'single click' action on view view.getId() is <2131231137/com.example.lunchtray:id/salad>
10-28 12:56:00.585   954  1401 D InputDispatcher: Inject motion (17800): action=0x0, time=851609377000000, f=0x0, d=0
10-28 12:56:00.586   954  1162 I InputDispatcher: Delivering touch to (1348): action: 0x4, f=0x0, d=0, 'be23078', t=0
10-28 12:56:00.586   954  1162 I InputDispatcher: Delivering touch to (17800): action: 0x0, f=0x0, d=0, '9c3c37f', t=0
10-28 12:56:00.588 17800 17800 I ViewRootImpl@e3730aa[MainActivity]: ViewPostIme pointer 0
10-28 12:56:00.589  3825  3825 I SemDvfsHyPerManager: acquire hyper - BaseTABoost/3825@21, type = 1090523139
10-28 12:56:00.589  3825  3825 I SemDvfsHyPerManager: acquire hyper - BaseTAToouchBoost/3825@23, type = 1090523139
10-28 12:56:00.589   566   611 I HYPER-HAL: [RequestManager.cpp]acquire(): Acquired ID : 7397802  [3825 / 21]    HINT :      list : [TABoost / 5]
10-28 12:56:00.589   566   611 I HYPER-HAL: [RequestManager.cpp]acquire(): Acquired ID : 7405499  [3825 / 23]    HINT :      list : [TABoost / 20] [TIMEOUT / 1500]
10-28 12:56:00.627   954  1401 D InputDispatcher: Inject motion (17800): action=0x1, time=851609420000000, f=0x0, d=0
10-28 12:56:00.627   954  1162 I InputDispatcher: Delivering touch to (17800): action: 0x1, f=0x0, d=0, '9c3c37f', t=1
10-28 12:56:00.629 17800 17800 I ViewRootImpl@e3730aa[MainActivity]: ViewPostIme pointer 1
10-28 12:56:00.812 19056 19139 E libprocessgroup: set_timerslack_ns write failed: Operation not permitted
10-28 12:56:00.872   566 18952 I HYPER-HAL: [RequestManager.cpp]releaseLocked(): Released ID : 7370894
10-28 12:56:00.891 17800 17800 I ViewInteraction: Performing 'single click' action on view view.getId() is <2131231080/com.example.lunchtray:id/next_button>
10-28 12:56:00.895   954  1401 D InputDispatcher: Inject motion (17800): action=0x0, time=851609688000000, f=0x0, d=0
10-28 12:56:00.895   954  1162 I InputDispatcher: Delivering touch to (1348): action: 0x4, f=0x0, d=0, 'be23078', t=0
10-28 12:56:00.895   954  1162 I InputDispatcher: Delivering touch to (17800): action: 0x0, f=0x0, d=0, '9c3c37f', t=0
10-28 12:56:00.896 17800 17800 I ViewRootImpl@e3730aa[MainActivity]: ViewPostIme pointer 0
10-28 12:56:00.897  3825  3825 I SemDvfsHyPerManager: acquire hyper - BaseTABoost/3825@21, type = 1090523139
10-28 12:56:00.897  3825  3825 I SemDvfsHyPerManager: acquire hyper - BaseTAToouchBoost/3825@23, type = 1090523139
10-28 12:56:00.898   566   611 I HYPER-HAL: [RequestManager.cpp]acquire(): Acquired ID : 7397802  [3825 / 21]    HINT :      list : [TABoost / 5]
10-28 12:56:00.898   566   611 I HYPER-HAL: [RequestManager.cpp]acquire(): Acquired ID : 7405499  [3825 / 23]    HINT :      list : [TABoost / 20] [TIMEOUT / 1500]
10-28 12:56:00.903 26660 26792 I QuickstepModelDelegate: Widget predictions updated
10-28 12:56:00.916 26660 26793 I WidgetsPredictionUpdateTask: execute(), info: PendingAddWidgetInfo(id=-1 type=WIDGET container=# com.android.launcher3.logger.LauncherAtom$ContainerInfo@7ba6f targetComponent=ComponentInfo{com.sec.android.app.clockpackage/com.sec.android.widgetapp.digitalclock.DigitalClockWidgetProvider} screen=-1 cell(-1,-1) span(2,1) minSpan(2,1) rank=0 rankOfList=-1 user=UserHandle{0} title=null hidden=0 screenType=0 componentName=ComponentInfo{com.sec.android.app.clockpackage/com.sec.android.widgetapp.digitalclock.DigitalClockWidgetProvider}), info: PendingAddWidgetInfo(id=-1 type=WIDGET container=# com.android.launcher3.logger.LauncherAtom$ContainerInfo@7ba6f targetComponent=ComponentInfo{com.google.android.gm/com.google.android.gm.widget.GmailWidgetProvider} screen=-1 cell(-1,-1) span(3,2) minSpan(2,2) rank=0 rankOfList=-1 user=UserHandle{0} title=null hidden=0 screenType=0 componentName=ComponentInfo{com.google.android.gm/com.google.android.gm.widget.GmailWidgetProvider}), info: PendingAddWidgetInfo(id=-1 type=WIDGET container=# com.android.launcher3.logger.LauncherAtom$ContainerInfo@7ba6f targetComponent=ComponentInfo{org.telegram.messenger/org.telegram.messenger.ContactsWidgetProvider} screen=-1 cell(-1,-1) span(2,2) minSpan(2,1) rank=0 rankOfList=-1 user=UserHandle{0} title=null hidden=0 screenType=0 componentName=ComponentInfo{org.telegram.messenger/org.telegram.messenger.ContactsWidgetProvider}), info: PendingAddWidgetInfo(id=-1 type=WIDGET container=# com.android.launcher3.logger.LauncherAtom$ContainerInfo@7ba6f targetComponent=ComponentInfo{deezer.android.app/com.deezer.android.appwidget.ShortcutFlowAppWidgetProvider} screen=-1 cell(-1,-1) span(1,1) minSpan(1,1) rank=0 rankOfList=-1 user=UserHandle{0} title=null hidden=0 screenType=0 componentName=ComponentInfo{deezer.android.app/com.deezer.android.appwidget.ShortcutFlowAppWidgetProvider}), info: PendingAddWidgetInfo(id=-1 type=WIDGET container=# com.android.launcher3.logger.LauncherAtom$ContainerInfo@7ba6f targetComponent=ComponentInfo{com.android.chrome/org.chromium.chrome.browser.searchwidget.SearchWidgetProvider} screen=-1 cell(-1,-1) span(3,1) minSpan(3,1) rank=0 rankOfList=-1 user=UserHandle{0} title=null hidden=0 screenType=0 componentName=ComponentInfo{com.android.chrome/org.chromium.chrome.browser.searchwidget.SearchWidgetProvider}), info: PendingAddWidgetInfo(id=-1 type=WIDGET container=# com.android.launcher3.logger.LauncherAtom$ContainerInfo@7ba6f targetComponent=ComponentInfo{com.google.android.apps.maps/com.google.android.apps.gmm.widget.traffic.TrafficWidgetProvider} screen=-1 cell(-1,-1) span(3,2) minSpan(2,2) rank=0 rankOfList=-1 user=UserHandle{0} title=null hidden=0 screenType=0 componentName=ComponentInfo{com.google.android.apps.maps/com.google.android.apps.gmm.widget.traffic.TrafficWidgetProvider}), info: PendingAddWidgetInfo(id=-1 type=WIDGET container=# com.android.launcher3.logger.LauncherAtom$ContainerInfo@7ba6f targetComponent=ComponentInfo{com.trello/com.trello.widget.MyCardsWidgetProvider} screen=-1 cell(-1,-1) span(3,3) minSpan(3,2) rank=0 rankOfList=-1 user=UserHandle{0} title=null hidden=0 screenType=0 componentName=ComponentInfo{com.trello/com.trello.widget.MyCardsWidgetProvider}), info: PendingAddWidgetInfo(id=-1 type=WIDGET container=# com.android.launcher3.logger.LauncherAtom$ContainerInfo@7ba6f targetComponent=ComponentInfo{hr.asseco.android.jimba.mUCI.rs/hr.asseco.android.muci.ui.appwidget.FastCheckWidget} screen=-1 cell(-1,-1) span(4,2) minSpan(4,2) rank=0 rankOfList=-1 user=UserHandle{0} title=null hidden=0 screenType=0 componentName=ComponentInfo{hr.asseco.android.jimba.mUCI.rs/hr.asseco.android.muci.ui.appwidget.FastCheckWidget}), info: PendingAddWidgetInfo(id=-1 type=WIDGET container=# com.android.launcher3.logger.LauncherAtom$ContainerInfo@7ba6f targetComponent=ComponentInfo{com.whatsapp/com.whatsapp.appwidget.WidgetProvider} screen=-1 cell(-1,-1) span(4,2) minSpan(1,1) rank=0 rankOfList=-1 user=UserHandle{0} title=null hidden=0 screenType=0 componentName=ComponentInfo{com.whatsapp/com.whatsapp.appwidge
