10-26 10:07:35.250   954  3912 D InputDispatcher: Focus request (0): 2e829 com.example.dogglers/com.example.dogglers.VerticalListActivity but waiting because NOT_VISIBLE
10-26 10:07:35.260 18320 18320 I ViewRootImpl@e77660a[VerticalListActivity]: [DP] pdf(0) 1 android.view.ViewRootImpl.lambda$addFrameCompleteCallbackIfNeeded$3$ViewRootImpl:4995 android.view.ViewRootImpl$$ExternalSyntheticLambda16.run:6 android.os.Handler.handleCallback:938
10-26 10:07:35.260 18320 18320 I ViewRootImpl@e77660a[VerticalListActivity]: [DP] rdf()
10-26 10:07:35.260 18320 18320 D ViewRootImpl@e77660a[VerticalListActivity]: reportDrawFinished (fn: -1)
10-26 10:07:35.261   620   643 I SurfaceFlinger: id=190047 Removed Surface(name=be23078 NavigationBar0)/@0x50010bd - animation-leash of insets_animation#0 (187)
10-26 10:07:35.261   620   643 I SurfaceFlinger: id=190046 Removed Surface(name=2fa8401 StatusBar)/@0xf000e26 - animation-leash of insets_animation#0 (187)
10-26 10:07:35.261 18320 18320 D InsetsSourceConsumer: ensureControlAlpha: for ITYPE_NAVIGATION_BAR on com.example.dogglers/com.example.dogglers.MainActivity
10-26 10:07:35.262 18320 18320 D InsetsSourceConsumer: ensureControlAlpha: for ITYPE_STATUS_BAR on com.example.dogglers/com.example.dogglers.MainActivity
10-26 10:07:35.262 18320 18320 I ViewRootImpl@8c23d6d[MainActivity]: MSG_WINDOW_FOCUS_CHANGED 0 1
10-26 10:07:35.264   620   642 I SurfaceFlinger: id=190060 createSurf (0x0),-1 flag=24000, Surface(name=ActivityRecord{aa37fd9 u0 com.example.dogglers/.MainActivity t30232})/@0xe4cca4e - animation-leash of app_transition#0
10-26 10:07:35.266   620   642 I SurfaceFlinger: id=190061 createSurf (0x0),-1 flag=20004, Dim Layer for - ActivityRecord{aa37fd9 u0 com.example.dogglers/.MainActivity t30232} - animating-dim#0
10-26 10:07:35.266   620   620 I Layer   : id=190047 Destroyed Surface(name=be23078 NavigationBar0)/@0x50010bd - animation-leash of insets_animation#0
10-26 10:07:35.267   620   620 I Layer   : id=190046 Destroyed Surface(name=2fa8401 StatusBar)/@0xf000e26 - animation-leash of insets_animation#0
10-26 10:07:35.269   620   643 I SurfaceFlinger: id=190062 createSurf (0x0),-1 flag=24000, Surface(name=Dim Layer for - ActivityRecord{aa37fd9 u0 com.example.dogglers/.MainActivity t30232} - animating-dim)/@0x7a3f774 - animation-leash of dimmer#0
10-26 10:07:35.270   620   643 I SurfaceFlinger: id=190063 createSurf (0x0),-1 flag=80004, Surface(name=ActivityRecord{aa37fd9 u0 com.example.dogglers/.MainActivity t30232})/@0xe4cca4e - animation-bounds#0
10-26 10:07:35.271 18320 18320 D InsetsSourceConsumer: ensureControlAlpha: for ITYPE_NAVIGATION_BAR on com.example.dogglers/com.example.dogglers.VerticalListActivity
10-26 10:07:35.272 18320 18320 D InsetsSourceConsumer: ensureControlAlpha: for ITYPE_STATUS_BAR on com.example.dogglers/com.example.dogglers.VerticalListActivity
10-26 10:07:35.273   620   642 I SurfaceFlinger: id=190055 Removed Surface(name=be23078 NavigationBar0)/@0x50010bd - animation-leash of insets_animation#0 (189)
10-26 10:07:35.273   620  2717 I SurfaceFlinger: id=190054 Removed Surface(name=2fa8401 StatusBar)/@0xf000e26 - animation-leash of insets_animation#0 (189)
10-26 10:07:35.273   620  2717 I SurfaceFlinger: id=190064 createSurf (0x0),-1 flag=24004, Surface(name=ActivityRecord{9d81db2 u0 com.example.dogglers/.VerticalListActivity t30232})/@0x8f2c10c - animation-leash of app_transition#0
10-26 10:07:35.274   620  2717 I SurfaceFlinger: id=190065 createSurf (0x0),-1 flag=80004, Surface(name=ActivityRecord{9d81db2 u0 com.example.dogglers/.VerticalListActivity t30232})/@0x8f2c10c - animation-bounds#0
10-26 10:07:35.276   954  1012 I ActivityTaskManager: Displayed com.example.dogglers/.VerticalListActivity: +125ms
10-26 10:07:35.276  2946  2946 E pageboostd: Received HALT command code 2
10-26 10:07:35.277   954  3912 I SemDvfsHyPerManager: acquire hyper - AMS_RESUME_TAIL/954@19, type = -999
10-26 10:07:35.277   954  3912 I SemDvfsHyPerManager: acquire hyper - AMS_ACT_LAZY/954@20, type = -999
10-26 10:07:35.277   566   611 I HYPER-HAL: [RequestManager.cpp]acquire(): Acquired ID : 473870  [954 / 19]    HINT : AMS_RESUME_TAIL    list :
10-26 10:07:35.277   566   611 I HYPER-HAL: [RequestManager.cpp]releaseLocked(): Released ID : 471923
10-26 10:07:35.277   529   535 E statsd  : Predicate 5980654721335871649 dropping data for dimension key (10)0x2010101->10988[I] (10)0x30000->*launch*[S]
10-26 10:07:35.277   529   535 E statsd  : Predicate -7037417284711607308 dropping data for dimension key (10)0x2010101->10988[I] (10)0x30000->*launch*[S]
10-26 10:07:35.278 26660  4472 I RecentModel: onTaskStackChangedBackground
10-26 10:07:35.279 26660  4472 I RecentTasksList: getTaskKeys, numTasks :3 callback : com.android.quickstep.-$$Lambda$RecentsModel$k1Mm-BV64Bc89eJHYugywZmW_Js@7c93b8d
10-26 10:07:35.280 26660 26792 I RecentTasksList: loadTasksInBackground() task id : 30071
10-26 10:07:35.280 26660 26792 I RecentTasksList: loadTasksInBackground() task id : 30058
10-26 10:07:35.280 26660 26792 I RecentTasksList: loadTasksInBackground() task id : 30232
10-26 10:07:35.284   620   620 I Layer   : id=190055 Destroyed Surface(name=be23078 NavigationBar0)/@0x50010bd - animation-leash of insets_animation#0
10-26 10:07:35.284   620   620 I Layer   : id=190054 Destroyed Surface(name=2fa8401 StatusBar)/@0xf000e26 - animation-leash of insets_animation#0
10-26 10:07:35.284   954  1115 I SensorService: [REARLIGHT] lux value : 28, code value : 0
10-26 10:07:35.284   954  3917 D InputDispatcher: Focus entered window (0): 2e829 com.example.dogglers/com.example.dogglers.VerticalListActivity
10-26 10:07:35.285 18320 18320 I ViewRootImpl@e77660a[VerticalListActivity]: MSG_WINDOW_FOCUS_CHANGED 1 1
10-26 10:07:35.287 18320 18320 D InputMethodManager: startInputInner - Id : 0
10-26 10:07:35.287 18320 18320 I InputMethodManager: startInputInner - mService.startInputOrWindowGainedFocus
10-26 10:07:35.288   954  3917 D InputMethodManagerService: DESKTOP MODE! : 2
10-26 10:07:35.288   954  3917 D InputMethodManagerService: NOT IN KNOX DESKTOP MODE!
10-26 10:07:35.288   954  3917 V InputMethodManagerService: getDisplayIdOfInputMethodWindowToBeAdded : 0
10-26 10:07:35.288   954  3917 D InputMethodManagerService: checkDisplayOfStartInputAndUpdateKeyboard display Id 0last 0
10-26 10:07:35.288   954  3917 D InputTransport: Input channel constructed: 'ClientS', fd=1375
10-26 10:07:35.288   954  3917 D InputTransport: Input channel destroyed: 'ClientS', fd=1375
10-26 10:07:35.289 19204 19204 D InputMethodService: checkDisplayOfStartInputAndUpdateKeyboard display Id 0last 0
10-26 10:07:35.289   620   642 I SurfaceFlinger: id=190066 createSurf (0x0),-1 flag=24004, Surface(name=2188bee InputMethod)/@0xe151908 - animation-leash of insets_animation#0
10-26 10:07:35.300   620   620 I Layer   : id=190049 removeFromCurrentState Surface(name=2188bee InputMethod)/@0xe151908 - animation-leash of insets_animation#1 (190)
10-26 10:07:35.301 26660 26660 I ViewRootImpl@623994e[LauncherActivity]: handleAppVisibility mAppVisible=true visible=false
10-26 10:07:35.302   620   643 I SurfaceFlinger: id=190049 Removed Surface(name=2188bee InputMethod)/@0xe151908 - animation-leash of insets_animation#1 (190)
10-26 10:07:35.302  1348  1735 D WallpaperService: dispatchAppVisibility onVisibilityChanged(): false
10-26 10:07:35.302  1348  1348 D WallpaperService: reportVisibility onVisibilityChanged visible: false
10-26 10:07:35.302  1348  1535 I ImageWallpaper:  onVisibilityChanged false , 0
10-26 10:07:35.302   954  3917 D InputMethodManagerServicePhysicalKey: isConnectedDexOnPC false
10-26 10:07:35.304   620   620 D SurfaceFlinger: Display 0 HWC layers:
10-26 10:07:35.304   620   620 D SurfaceFlinger:      CLIENT | 0x7843db7cb0 | 0100 | RGBx_8888    |  589.0    0.0 1651.0 2240.0 |    0    0 1080 2280 | Wallpaper BBQ wrapper#0
10-26 10:07:35.304   620   620 D SurfaceFlinger:      CLIENT |              | 0000 |  Unknown  |    0.0    0.0    0.0    0.0 |    0    0 1080 2280 | OneUiHome-BlurLayer#0 (backgroundBlurRadius)
10-26 10:07:35.304   620   620 D SurfaceFlinger:      DEVICE | 0x7843dbd6b0 | 0100 | RGBA_8888    |    0.0    0.0 1080.0 2280.0 |    0    0 1080 2280 | com.sec.android.app.launcher/com.sec[...]activities.LauncherActivity$_26660#0
10-26 10:07:35.304   620   620 D SurfaceFlinger:      DEVICE | 0x7843dba770 | 0102 | RGBA_8888    |    0.0    7.0 1080.0 2280.0 |    0    0 1080 2272 | com.example.dogglers/com.example.dogglers.MainActivity$_18320#0
10-26 10:07:35.304   620   620 D SurfaceFlinger:      DEVICE | 0x7843da28f0 | 0102 | RGBA_8888    |    0.0    0.0 1080.0 1897.0 |    0  383 1080 2280 | com.example.dogglers/com.example.dogglers.VerticalListActivity$_18320#0
10-26 10:07:35.304   620   620 D SurfaceFlinger:      DEVICE | 0x7843dbb970 | 0100 | RGBA_8888    |    0.0    0.0 1080.0  112.0 |    0    0 1080  112 | StatusBar$_1348#0
10-26 10:07:35.304   620   620 D SurfaceFlinger:      DEVICE | 0x7843daab70 | 0100 | RGBA_8888    |    0.0    0.0   67.0  416.0 |    0
10-26 10:07:35.304   620   620 D SurfaceFlinger:   814   67 1230 | com.samsung.android.app.cocktailbars[...]arservice.CocktailBarService$_8198#0
10-26 10:07:35.304   620   620 D SurfaceFlinger:      DEVICE | 0x7843da89b0 | 0100 | RGBA_8888    |    0.0    0.0 1080.0  126.0 |    0 2154 1080 2280 | NavigationBar0$_1348#0
10-26 10:07:35.304   620   620 D SurfaceFlinger:
10-26 10:07:35.306   954  3917 D InputMethodManagerService: isImeSwitcherDisabledPackage : false
10-26 10:07:35.307 18320 18320 D LifecycleMonitor: Lifecycle status change: androidx.test.core.app.InstrumentationActivityInvoker$BootstrapActivity@1aacee7 in: STOPPED
10-26 10:07:35.308 18320 18320 V ActivityScenario: Activity lifecycle changed event received but ignored because the intent does not match. startActivityIntent=Intent { act=android.intent.action.MAIN cat=[android.intent.category.LAUNCHER] cmp=com.example.dogglers/.MainActivity }, activity.getIntent()=Intent { act=android.intent.action.MAIN cat=[android.intent.category.LAUNCHER] flg=0x10008000 cmp=com.example.dogglers/androidx.test.core.app.InstrumentationActivityInvoker$BootstrapActivity (has extras) }, activity=androidx.test.core.app.InstrumentationActivityInvoker$BootstrapActivity@1aacee7
10-26 10:07:35.308 19204 19204 E FullInputEventModel: onStartInput event aborted: al1: could not obtain extracted text (class al1)
10-26 10:07:35.316   620   620 I Layer   : id=190039 removeFromCurrentState Surface(name=Task=1)/@0x4cdbfdb - animation-leash of app_transition#0 (190)
10-26 10:07:35.317   620   620 I Layer   : id=190040 removeFromCurrentState Surface(name=Task=30232)/@0xdd00425 - animation-leash of app_transition#0 (190)
10-26 10:07:35.317   620   620 I SurfaceFlinger: id=190040 Removed Surface(name=Task=30232)/@0xdd00425 - animation-leash of app_transition#0 (190)
10-26 10:07:35.317   620   620 I SurfaceFlinger: id=190039 Removed Surface(name=Task=1)/@0x4cdbfdb - animation-leash of app_transition#0 (190)
10-26 10:07:35.317   620   620 I Layer   : id=190049 Destroyed Surface(name=2188bee InputMethod)/@0xe151908 - animation-leash of insets_animation#1
10-26 10:07:35.317   620   620 I Layer   : id=190039 Destroyed Surface(name=Task=1)/@0x4cdbfdb - animation-leash of app_transition#0
10-26 10:07:35.317   620   620 I Layer   : id=190040 Destroyed Surface(name=Task=30232)/@0xdd00425 - animation-leash of app_transition#0
10-26 10:07:35.322   620   620 D SurfaceFlinger: Display 0 HWC layers:
10-26 10:07:35.322   620   620 D SurfaceFlinger:      DEVICE | 0x7843db1e30 | 0102 | RGBA_8888    |    0.0   18.0 1080.0 2280.0 |    0    0 1080 2262 | com.example.dogglers/com.example.dogglers.MainActivity$_18320#0
10-26 10:07:35.322   620   620 D SurfaceFlinger:  SOLID_COLOR |              | 0000 |  Unknown  |    0.0    0.0    0.0    0.0 |    0    0 1080 2262 | Dim Layer for - ActivityRecord{aa37f[...]inActivity t30232} - animating-dim#0
10-26 10:07:35.322   620   620 D SurfaceFlinger:      DEVICE | 0x7843dbc030 | 0102 | RGBA_8888    |    0.0    0.0 1080.0 1959.0 |    0  321 1080 2280 | com.example.dogglers/com.example.dogglers.VerticalListActivity$_18320#0
10-26 10:07:35.322   620   620 D SurfaceFlinger:      DEVICE | 0x7843dbb970 | 0100 | RGBA_8888    |    0.0    0.0 1080.0  112.0 |    0    0 1080  112 | StatusBar$_1348#0
10-26 10:07:35.322   620   620 D SurfaceFlinger:      DEVICE | 0x7843daab70 | 0100 | RGBA_8888    |    0.0    0.0   67.0  416.0 |    0  814   67 1230 | com.samsung.android.app.cocktailbars[...]arservice.CocktailBarService$_8198#0
10-26 10:07:35.322   620   620 D SurfaceFlinger:      DEVICE | 0x7843da5dd0 | 0100 | RGBA_8888    |    0.0    0.0 1080.0  126.0 |    0 2154 1080 2280 | NavigationBar0$_1348#0
10-26 10:07:35.322   620   620 D SurfaceFlinger:
10-26 10:07:35.324   954  3937 V WindowManager: Relayout Window{4ad90e6 u0 com.sec.android.app.launcher/com.sec.android.app.launcher.activities.LauncherActivity}: viewVisibility=8 req=1080x2280 d0
10-26 10:07:35.326   954  3937 V WindowManager: Relayout hash=4ad90e6, pid=26660: mAttrs={(0,0)(fillxfill) sim={adjust=nothing} layoutInDisplayCutoutMode=shortEdges ty=BASE_APPLICATION fmt=TRANSPARENT wanim=0x10302f2
10-26 10:07:35.326   954  3937 V WindowManager:   fl=81910100
10-26 10:07:35.326   954  3937 V WindowManager:   pfl=1e020040
10-26 10:07:35.326   954  3937 V WindowManager:   vsysui=1700
10-26 10:07:35.326   954  3937 V WindowManager:   bhv=SHOW_TRANSIENT_BARS_BY_SWIPE
10-26 10:07:35.326   954  3937 V WindowManager:   fitSides= naviIconColor=0}
10-26 10:07:35.327 26660 26660 I ViewRootImpl@623994e[LauncherActivity]: Relayout returned: old=(0,0,1080,2280) new=(0,0,1080,2280) req=(1080,2280)8 dur=2 res=0x5 s={false 0} ch=true fn=25
10-26 10:07:35.327 26660 26660 I ViewRootImpl@623994e[LauncherActivity]: stopped(true) old=false
10-26 10:07:35.327 26660 26660 I BaseActivity: removeActivityFlags, flags : 17
10-26 10:07:35.328 26660 26660 W LauncherAppWidgetHost: setShouldListenFlag, mFlags:7 flag:start on:false isFront:false
10-26 10:07:35.328 26660 26792 I IMM_LC  : hsifw() - flags=0, caller=android.view.inputmethod.InputMethodManager.hideSoftInputFromWindow:1846 android.view.inputmethod.InputMethodManager.hideSoftInputFromWindow:1815 com.android.launcher3.util.UiThreadHelper$UiCallbacks.handleMessage:103 android.os.Handler.dispatchMessage:102 android.os.Looper.loopOnce:226
10-26 10:07:35.328 26660 26792 I IMM_LC  : hideSoftInputFromWindow - mService.hideSoftInput
10-26 10:07:35.328   954  3917 I AppWidgetServiceImpl: stopListening callbacks : null
10-26 10:07:35.328 26660 26660 W LauncherAppWidgetHost: stopListening, mFlags:2 isFront:false
10-26 10:07:35.328 26660 26660 W Launcher.NotificationListener: removeNotificationsChangedListener
10-26 10:07:35.328 26660 26660 I BadgeCountUpdaterImpl: onNotificationsChangedDisConnected
10-26 10:07:35.328 26660 26660 I Launcher.NotificationListener: unregisterObserver, this is not notificationService!!
10-26 10:07:35.328 26660 26792 I LiveIconUpdateEventHandler: LiveIcon onStop
10-26 10:07:35.329 26660 26792 I LiveIconUpdateEventHandler: cancelMinuteChangeAlarm
10-26 10:07:35.330 26660 26792 I LiveIconUpdateEventHandler: cancelDateChangeAlarm
10-26 10:07:35.330 26660 26792 I LiveIconUpdateEventHandler: unregisterReceiver
10-26 10:07:35.333   620   620 D Layer   : setBackgroundBlurRadius ## OneUiHome-BlurLayer#0, backgroundBlurRadius=0
10-26 10:07:35.333   620   620 I SurfaceFlinger: id=190029 Removed OneUiHome-BlurLayer#0 (187)
10-26 10:07:35.350   620   620 I Layer   : id=190026 removeFromCurrentState com.sec.android.app.launcher/com.sec.android.app.launcher.activities.LauncherActivity$_26660#0 (187)
10-26 10:07:35.350   620   620 I Layer   : id=190029 removeFromCurrentState OneUiHome-BlurLayer#0 (187)
10-26 10:07:35.350   620   620 I SurfaceFlinger: id=190026 Removed com.sec.android.app.launcher/com.sec.android.app.launcher.activities.LauncherActivity$_26660#0 (187)
10-26 10:07:35.350   620   620 I Layer   : id=190026 Destroyed com.sec.android.app.launcher/com.sec.android.app.launcher.activities.LauncherActivity$_26660#0
10-26 10:07:35.350   620   620 I Layer   : id=190029 Destroyed OneUiHome-BlurLayer#0
10-26 10:07:35.440   954  1244 D SemCellularStateManager: onSignalStrengthsChanged: mCellularSignalLevel=4
10-26 10:07:35.441  1348  1502 D MobileStatusTracker(0/1): onSignalStrengthsChanged signalStrength=SignalStrength:{mCdma=Invalid,mGsm=Invalid,mWcdma=Invalid,mTdscdma=Invalid,mLte=CellSignalStrengthLte: rssi=-83 rsrp=-83 rsrq=-20 rssnr=-3 cqiTableIndex=2147483647 cqi=7 ta=2147483647 level=4 parametersUseForLevel=0,mNr=Invalid,SignalBarInfo{ lteLevel=4 },rat=14,primary=CellSignalStrengthLte} level=4
10-26 10:07:35.441  1348  1502 D CscParser: OMC path : /product/omc/SEE/conf/customer.xml
10-26 10:07:35.441  1348  1502 I CscParser: getCustomerPath : omc customer file can read
10-26 10:07:35.441  1348  1502 E CscParser: update(): xml file exist
10-26 10:07:35.445  1348  1502 D NetworkController: SignalStrength from intent slotId=0
10-26 10:07:35.468   954  1253 D SemNscXgbMsL1: Probability - Cloud gaming: [0.0063771564]
10-26 10:07:35.468   954  1253 D SemNscXgbMsL1: Probability - Real time: [0.010900708]
10-26 10:07:35.468   954  1253 D SemNscXgbMsL1: Probability - Non real time: [0.9818357]
10-26 10:07:35.468   954  1253 D SemNscXgbMsL1: 1 sample inference time: 0.296884 msecs
10-26 10:07:35.468   954  1253 D SemNscXgbL2Rt: L2 RT 1 sample inference time: 0.391231 msecs
10-26 10:07:35.469   954  1253 D SemNscXgbL2Nrt: L2 NRT 1 sample inference time: 0.369346 msecs
10-26 10:07:35.489  8198  8198 I Utils   : isCurrentUser current = 0, ownerId = 0
10-26 10:07:35.490 18320 18320 I ViewInteraction: Checking 'MatchesViewAssertion{viewMatcher=(view has effective visibility <VISIBLE> and view.getGlobalVisibleRect() to return non-empty rectangle)}' assertion on view view.getId() is <2131231206/com.example.dogglers:id/vertical_recycler_view>
10-26 10:07:35.490  8198  8198 I TrayVisibilityController: getComputedTrayVisible : keyguardState = 1
10-26 10:07:35.490  8198  8198 I TrayVisibilityController: updateTrayVisible: State=1 visible=1 mCurrentVisible=1 specificMode=0
10-26 10:07:35.490  8198  8198 I TrayStateController: onNotifyUpdateTray: state=0
10-26 10:07:35.495   954  3917 I SemDvfsHyPerManager: acquire hyper - AMS_ACT_START/954@17, type = -999
10-26 10:07:35.495   566   611 I HYPER-HAL: [RequestManager.cpp]acquire(): Acquired ID : 471923  [954 / 17]    HINT : AMS_ACT_START    list :
10-26 10:07:35.496   620   643 I SurfaceFlinger: id=190067 createSurf (0x0),-1 flag=80004, ActivityRecord{ff83fd4 u0 com.example.dogglers/androidx.test.core.app.InstrumentationActivityInvoker$EmptyActivity t30232}#0
10-26 10:07:35.498   529   535 E statsd  : Predicate 5980654721335871649 dropping data for dimension key (10)0x2010101->10988[I] (10)0x30000->*launch*[S]
10-26 10:07:35.499   529   535 E statsd  : Predicate -7037417284711607308 dropping data for dimension key (10)0x2010101->10988[I] (10)0x30000->*launch*[S]
10-26 10:07:35.500   954  1015 D PersonaActivityHelper: Activity not in resumed state, do not run immediate lock
10-26 10:07:35.502 18320 18320 D LifecycleMonitor: Lifecycle status change: com.example.dogglers.VerticalListActivity@6fc81e4 in: PAUSED
10-26 10:07:35.502 18320 18320 V ActivityScenario: Activity lifecycle changed event received but ignored because the intent does not match. startActivityIntent=Intent { act=android.intent.action.MAIN cat=[android.intent.category.LAUNCHER] cmp=com.example.dogglers/.MainActivity }, activity.getIntent()=Intent { cmp=com.example.dogglers/.VerticalListActivity }, activity=com.example.dogglers.VerticalListActivity@6fc81e4
10-26 10:07:35.504   954  3912 D InputDispatcher: Focused application set to (0): ff83fd4
10-26 10:07:35.508   954  1015 I SemPersonaManager: SecureFolder personaId = 150
10-26 10:07:35.512   954  1015 D EnterpriseDeviceManagerService: isMdmAdminPresentInternal() : MDM Admin Found - com.samsung.knox.securefolder
10-26 10:07:35.513  8198  8198 I Utils   : HomePackage : com.sec.android.app.launcher, resumePackageName : com.example.dogglers
10-26 10:07:35.513 18320 18320 D LifecycleMonitor: Lifecycle status change: androidx.test.core.app.InstrumentationActivityInvoker$EmptyActivity@37b2240 in: PRE_ON_CREATE
10-26 10:07:35.514 18320 18320 V ActivityScenario: Activity lifecycle changed event received but ignored because the intent does not match. startActivityIntent=Intent { act=android.intent.action.MAIN cat=[android.intent.category.LAUNCHER] cmp=com.example.dogglers/.MainActivity }, activity.getIntent()=Intent { act=android.intent.action.MAIN cat=[android.intent.category.LAUNCHER] flg=0x10000000 cmp=com.example.dogglers/androidx.test.core.app.InstrumentationActivityInvoker$EmptyActivity }, activity=androidx.test.core.app.InstrumentationActivityInvoker$EmptyActivity@37b2240
10-26 10:07:35.521 18320 18320 I DecorView: [INFO] isPopOver=false, config=true
10-26 10:07:35.521 18320 18320 I DecorView: updateCaptionType >> DecorView@77a2be[], isFloating=false, isApplication=true, hasWindowControllerCallback=true, hasWindowDecorCaption=false
10-26 10:07:35.521 18320 18320 D DecorView: setCaptionType = 0, this = DecorView@77a2be[]
10-26 10:07:35.523 18320 18320 I DecorView: getCurrentDensityDpi: from real metrics. densityDpi=420 msg=resources_loaded
10-26 10:07:35.523 18320 18320 D LifecycleMonitor: Lifecycle status change: androidx.test.core.app.InstrumentationActivityInvoker$EmptyActivity@37b2240 in: CREATED
10-26 10:07:35.524 18320 18320 V ActivityScenario: Activity lifecycle changed event received but ignored because the intent does not match. startActivityIntent=Intent { act=android.intent.action.MAIN cat=[android.intent.category.LAUNCHER] cmp=com.example.dogglers/.MainActivity }, activity.getIntent()=Intent { act=android.intent.action.MAIN cat=[android.intent.category.LAUNCHER] flg=0x10000000 cmp=com.example.dogglers/androidx.test.core.app.InstrumentationActivityInvoker$EmptyActivity }, activity=androidx.test.core.app.InstrumentationActivityInvoker$EmptyActivity@37b2240
10-26 10:07:35.524 18320 18320 D LifecycleMonitor: Lifecycle status change: androidx.test.core.app.InstrumentationActivityInvoker$EmptyActivity@37b2240 in: STARTED
10-26 10:07:35.525 18320 18320 V ActivityScenario: Activity lifecycle changed event received but ignored because the intent does not match. startActivityIntent=Intent { act=android.intent.action.MAIN cat=[android.intent.category.LAUNCHER] cmp=com.example.dogglers/.MainActivity }, activity.getIntent()=Intent { act=android.intent.action.MAIN cat=[android.intent.category.LAUNCHER] flg=0x10000000 cmp=com.example.dogglers/androidx.test.core.app.InstrumentationActivityInvoker$EmptyActivity }, activity=androidx.test.core.app.InstrumentationActivityInvoker$EmptyActivity@37b2240
10-26 10:07:35.526 18320 18320 D LifecycleMonitor: Lifecycle status change: androidx.test.core.app.InstrumentationActivityInvoker$EmptyActivity@37b2240 in: RESUMED
10-26 10:07:35.526 18320 18320 V ActivityScenario: Activity lifecycle changed event received but ignored because the intent does not match. startActivityIntent=Intent { act=android.intent.action.MAIN cat=[android.intent.category.LAUNCHER] cmp=com.example.dogglers/.MainActivity }, activity.getIntent()=Intent { act=android.intent.action.MAIN cat=[android.intent.category.LAUNCHER] flg=0x10000000 cmp=com.example.dogglers/androidx.test.core.app.InstrumentationActivityInvoker$EmptyActivity }, activity=androidx.test.core.app.InstrumentationActivityInvoker$EmptyActivity@37b2240
10-26 10:07:35.530   954  3912 D InputTransport: Input channel constructed: 'b5477ca', fd=1382
10-26 10:07:35.530   954  3912 D InputTransport: Input channel constructed: 'b5477ca', fd=1383
10-26 10:07:35.530   954  3912 D InputTransport: Input channel constructed: 'b5477ca', fd=1385
10-26 10:07:35.530   620   643 I SurfaceFlinger: id=190068 createSurf (0x0),-1 flag=80004, b5477ca com.example.dogglers/androidx.test.core.app.InstrumentationActivityInvoker$EmptyActivity#0
10-26 10:07:35.530   954  3912 D InputTransport: Input channel destroyed: 'b5477ca', fd=1385
10-26 10:07:35.532 18320 18320 I ViewRootImpl@37a5f1f[InstrumentationActivityInvoker$EmptyActivity]: setView = com.android.internal.policy.DecorView@77a2be TM=true
10-26 10:07:35.533   954  1054 D AnalyticsContainerHandler: handleMessage : { when=0 what=1 target=com.android.server.knox.KnoxAnalyticsContainer$AnalyticsHandler }
10-26 10:07:35.535   954  3912 D InputDispatcher: Focus left window (0): 2e829 com.example.dogglers/com.example.dogglers.VerticalListActivity
10-26 10:07:35.537   954  3912 V WindowManager: Relayout Window{b5477ca u0 com.example.dogglers/androidx.test.core.app.InstrumentationActivityInvoker$EmptyActivity}: viewVisibility=0 req=1080x2280 d0
10-26 10:07:35.537   620   642 I SurfaceFlinger: id=190069 createSurf (1x1),-3 flag=40004, com.example.dogglers/androidx.test.core.app.InstrumentationActivityInvoker$EmptyActivity$_18320#0
10-26 10:07:35.540   620   642 I SurfaceFlinger: id=190070 createSurf (0x0),-1 flag=24000, Surface(name=2fa8401 StatusBar)/@0xf000e26 - animation-leash of insets_animation#0
10-26 10:07:35.541   620   642 I SurfaceFlinger: id=190071 createSurf (0x0),-1 flag=24000, Surface(name=be23078 NavigationBar0)/@0x50010bd - animation-leash of insets_animation#0
10-26 10:07:35.542   954  3912 V WindowManager: Relayout hash=b5477ca, pid=18320: mAttrs={(0,0)(fillxfill) sim={adjust=pan forwardNavigation} ty=BASE_APPLICATION wanim=0x1030001
10-26 10:07:35.542   954  3912 V WindowManager:   fl=1810100
10-26 10:07:35.542   954  3912 V WindowManager:   pfl=12020040
10-26 10:07:35.542   954  3912 V WindowManager:   apr=LIGHT_NAVIGATION_BARS
10-26 10:07:35.542   954  3912 V WindowManager:   bhv=DEFAULT
10-26 10:07:35.542   954  3912 V WindowManager:   fitSides= naviIconColor=0
10-26 10:07:35.542   954  3912 V WindowManager:   sfl=100000}
10-26 10:07:35.544 18320 18320 I ViewRootImpl@37a5f1f[InstrumentationActivityInvoker$EmptyActivity]: Relayout returned: old=(0,0,1080,2280) new=(0,0,1080,2280) req=(1080,2280)0 dur=6 res=0x7 s={true 515080489264} ch=true fn=-1
10-26 10:07:35.545 18320 18355 D OpenGLRenderer: eglCreateWindowSurface
10-26 10:07:35.546 18320 18320 I ViewRootImpl@37a5f1f[InstrumentationActivityInvoker$EmptyActivity]: [DP] dp(1) 1 android.view.ViewRootImpl.reportNextDraw:11420 android.view.ViewRootImpl.performTraversals:4193 android.view.ViewRootImpl.doTraversal:2919
10-26 10:07:35.552 18320 18320 I ViewRootImpl@37a5f1f[InstrumentationActivityInvoker$EmptyActivity]: [DP] pdf(0) 1 android.view.ViewRootImpl.lambda$addFrameCompleteCallbackIfNeeded$3$ViewRootImpl:4995 android.view.ViewRootImpl$$ExternalSyntheticLambda16.run:6 android.os.Handler.handleCallback:938
10-26 10:07:35.552 18320 18320 I ViewRootImpl@37a5f1f[InstrumentationActivityInvoker$EmptyActivity]: [DP] rdf()
10-26 10:07:35.552 18320 18320 D ViewRootImpl@37a5f1f[InstrumentationActivityInvoker$EmptyActivity]: reportDrawFinished (fn: -1)
10-26 10:07:35.555   954  1012 I ActivityTaskManager: Displayed com.example.dogglers/androidx.test.core.app.InstrumentationActivityInvoker$EmptyActivity: +60ms
10-26 10:07:35.555  2946  2946 E pageboostd: Received HALT command code 2
10-26 10:07:35.557 18320 18320 I ViewRootImpl@e77660a[VerticalListActivity]: MSG_WINDOW_FOCUS_CHANGED 0 1
10-26 10:07:35.558 18320 18320 D InsetsSourceConsumer: ensureControlAlpha: for ITYPE_NAVIGATION_BAR on com.example.dogglers/androidx.test.core.app.InstrumentationActivityInvoker$EmptyActivity
10-26 10:07:35.560 18320 18320 D InsetsSourceConsumer: ensureControlAlpha: for ITYPE_STATUS_BAR on com.example.dogglers/androidx.test.core.app.InstrumentationActivityInvoker$EmptyActivity
10-26 10:07:35.564   620  2717 I SurfaceFlinger: id=190072 createSurf (0x0),-1 flag=80004, ActivityRecord{7165e9 u0 com.example.dogglers/androidx.test.core.app.InstrumentationActivityInvoker$EmptyActivity t30232}#0
10-26 10:07:35.568   620   620 I Layer   : id=190058 removeFromCurrentState Surface(name=2fa8401 StatusBar)/@0xf000e26 - animation-leash of insets_animation#1 (191)
10-26 10:07:35.568   620   620 I Layer   : id=190059 removeFromCurrentState Surface(name=be23078 NavigationBar0)/@0x50010bd - animation-leash of insets_animation#1 (191)
10-26 10:07:35.568   620   620 I SurfaceFlinger: id=190058 Removed Surface(name=2fa8401 StatusBar)/@0xf000e26 - animation-leash of insets_animation#1 (191)
10-26 10:07:35.568   620   620 I SurfaceFlinger: id=190059 Removed Surface(name=be23078 NavigationBar0)/@0x50010bd - animation-leash of insets_animation#1 (191)
10-26 10:07:35.568   620   620 I Layer   : id=190058 Destroyed Surface(name=2fa8401 StatusBar)/@0xf000e26 - animation-leash of insets_animation#1
10-26 10:07:35.568   620   620 I Layer   : id=190059 Destroyed Surface(name=be23078 NavigationBar0)/@0x50010bd - animation-leash of insets_animation#1
10-26 10:07:35.569   954  1015 D PersonaActivityHelper: Activity not in resumed state, do not run immediate lock
10-26 10:07:35.569   954  3937 D InputDispatcher: Focus entered window (0): b5477ca com.example.dogglers/androidx.test.core.app.InstrumentationActivityInvoker$EmptyActivity
10-26 10:07:35.570   954  1016 I SemDvfsHyPerManager: acquire hyper - AMS_RESUME_TAIL/954@19, type = -999
10-26 10:07:35.570   954  1016 I SemDvfsHyPerManager: acquire hyper - AMS_ACT_LAZY/954@20, type = -999
10-26 10:07:35.570   566   611 I HYPER-HAL: [RequestManager.cpp]acquire(): Acquired ID : 473870  [954 / 19]    HINT : AMS_RESUME_TAIL    list :
10-26 10:07:35.571   566   611 I HYPER-HAL: [RequestManager.cpp]releaseLocked(): Released ID : 471923
10-26 10:07:35.575 18320 18320 D LifecycleMonitor: Lifecycle status change: androidx.test.core.app.InstrumentationActivityInvoker$EmptyActivity@37b2240 in: PAUSED
10-26 10:07:35.575 18320 18320 V ActivityScenario: Activity lifecycle changed event received but ignored because the intent does not match. startActivityIntent=Intent { act=android.intent.action.MAIN cat=[android.intent.category.LAUNCHER] cmp=com.example.dogglers/.MainActivity }, activity.getIntent()=Intent { act=android.intent.action.MAIN cat=[android.intent.category.LAUNCHER] flg=0x10000000 cmp=com.example.dogglers/androidx.test.core.app.InstrumentationActivityInvoker$EmptyActivity }, activity=androidx.test.core.app.InstrumentationActivityInvoker$EmptyActivity@37b2240
10-26 10:07:35.576   954  3917 I SemDvfsHyPerManager: acquire hyper - AMS_ACT_RESUME/954@33, type = -999
10-26 10:07:35.576   566   611 I HYPER-HAL: [RequestManager.cpp]acquire(): Acquired ID : 487611  [954 / 33]    HINT : AMS_ACT_RESUME    list :
10-26 10:07:35.578   954  3917 D InputDispatcher: Focused application set to (0): 7165e9
10-26 10:07:35.581   954  1015 I SemPersonaManager: SecureFolder personaId = 150
10-26 10:07:35.585   954  1015 D EnterpriseDeviceManagerService: isMdmAdminPresentInternal() : MDM Admin Found - com.samsung.knox.securefolder
10-26 10:07:35.587  8198  8198 I Utils   : HomePackage : com.sec.android.app.launcher, resumePackageName : com.example.dogglers
10-26 10:07:35.589 18320 18320 D LifecycleMonitor: Lifecycle status change: androidx.test.core.app.InstrumentationActivityInvoker$BootstrapActivity@1aacee7 in: DESTROYED
10-26 10:07:35.590 18320 18320 V ActivityScenario: Activity lifecycle changed event received but ignored because the intent does not match. startActivityIntent=Intent { act=android.intent.action.MAIN cat=[android.intent.category.LAUNCHER] cmp=com.example.dogglers/.MainActivity }, activity.getIntent()=Intent { act=android.intent.action.MAIN cat=[android.intent.category.LAUNCHER] flg=0x10008000 cmp=com.example.dogglers/androidx.test.core.app.InstrumentationActivityInvoker$BootstrapActivity (has extras) }, activity=androidx.test.core.app.InstrumentationActivityInvoker$BootstrapActivity@1aacee7
10-26 10:07:35.590 18320 18320 I ViewRootImpl@37a5f1f[InstrumentationActivityInvoker$EmptyActivity]: MSG_WINDOW_FOCUS_CHANGED 1 1
10-26 10:07:35.591 18320 18320 D InputMethodManager: startInputInner - Id : 0
10-26 10:07:35.591 18320 18320 I InputMethodManager: startInputInner - mService.startInputOrWindowGainedFocus
10-26 10:07:35.592   954  3917 D InputMethodManagerServicePhysicalKey: isConnectedDexOnPC false
10-26 10:07:35.592   954  3917 D InputMethodManagerService: isImeSwitcherDisabledPackage : false
10-26 10:07:35.596 18320 18320 D LifecycleMonitor: Lifecycle status change: androidx.test.core.app.InstrumentationActivityInvoker$EmptyActivity@412f958 in: PRE_ON_CREATE
10-26 10:07:35.597 18320 18320 V ActivityScenario: Activity lifecycle changed event received but ignored because the intent does not match. startActivityIntent=Intent { act=android.intent.action.MAIN cat=[android.intent.category.LAUNCHER] cmp=com.example.dogglers/.MainActivity }, activity.getIntent()=Intent { act=android.intent.action.MAIN cat=[android.intent.category.LAUNCHER] flg=0x10000000 cmp=com.example.dogglers/androidx.test.core.app.InstrumentationActivityInvoker$EmptyActivity }, activity=androidx.test.core.app.InstrumentationActivityInvoker$EmptyActivity@412f958
10-26 10:07:35.600  1341  1497 D BtGatt.GattService: onScanResult to scannerId: 4- eventType=0x1b, addressType=1, address=CD036A_7, primaryPhy=1, secondaryPhy=0, advertisingSid=0xff, txPower=127, rssi=-72, periodicAdvInt=0x0
10-26 10:07:35.601 28904 29311 I NearbyDiscovery: FastPairCache: Not triggering, because RSSI -69 is below the threshold of -58 [CONTEXT service_id=265 ]
10-26 10:07:35.601 18320 18320 I DecorView: [INFO] isPopOver=false, config=true
10-26 10:07:35.601 18320 18320 I DecorView: updateCaptionType >> DecorView@3534b96[], isFloating=false, isApplication=true, hasWindowControllerCallback=true, hasWindowDecorCaption=false
10-26 10:07:35.601 18320 18320 D DecorView: setCaptionType = 0, this = DecorView@3534b96[]
10-26 10:07:35.601   620   620 I Layer   : id=190062 removeFromCurrentState Surface(name=Dim Layer for - ActivityRecord{aa37fd9 u0 com.example.dogglers/.MainActivity t30232} - animating-dim)/@0x7a3f774 - animation-leash of dimmer#0 (189)
10-26 10:07:35.601   620   620 I Layer   : id=190036 removeFromCurrentState ActivityRecord{e5e10f9 u0 com.example.dogglers/androidx.test.core.app.InstrumentationActivityInvoker$BootstrapActivity t30232}#0 (189)
10-26 10:07:35.601   620   620 I SurfaceFlinger: id=190036 Removed ActivityRecord{e5e10f9 u0 com.example.dogglers/androidx.test.core.app.InstrumentationActivityInvoker$BootstrapActivity t30232}#0 (189)
10-26 10:07:35.601   620   620 I SurfaceFlinger: id=190062 Removed Surface(name=Dim Layer for - ActivityRecord{aa37fd9 u0 com.example.dogglers/.MainActivity t30232} - animating-dim)/@0x7a3f774 - animation-leash of dimmer#0 (189)
10-26 10:07:35.601   620   620 I Layer   : id=190062 Destroyed Surface(name=Dim Layer for - ActivityRecord{aa37fd9 u0 com.example.dogglers/.MainActivity t30232} - animating-dim)/@0x7a3f774 - animation-leash of dimmer#0
10-26 10:07:35.602   620   620 I Layer   : id=190036 Destroyed ActivityRecord{e5e10f9 u0 com.example.dogglers/androidx.test.core.app.InstrumentationActivityInvoker$BootstrapActivity t30232}#0
10-26 10:07:35.602 18320 18320 I DecorView: getCurrentDensityDpi: from real metrics. densityDpi=420 msg=resources_loaded
10-26 10:07:35.602   954  3917 D InputDispatcher: Focus left window (0): b5477ca com.example.dogglers/androidx.test.core.app.InstrumentationActivityInvoker$EmptyActivity
10-26 10:07:35.603 18320 18320 D LifecycleMonitor: Lifecycle status change: androidx.test.core.app.InstrumentationActivityInvoker$EmptyActivity@412f958 in: CREATED
10-26 10:07:35.603 18320 18320 V ActivityScenario: Activity lifecycle changed event received but ignored because the intent does not match. startActivityIntent=Intent { act=android.intent.action.MAIN cat=[android.intent.category.LAUNCHER] cmp=com.example.dogglers/.MainActivity }, activity.getIntent()=Intent { act=android.intent.action.MAIN cat=[android.intent.category.LAUNCHER] flg=0x10000000 cmp=com.example.dogglers/androidx.test.core.app.InstrumentationActivityInvoker$EmptyActivity }, activity=androidx.test.core.app.InstrumentationActivityInvoker$EmptyActivity@412f958
10-26 10:07:35.604 18320 18320 D LifecycleMonitor: Lifecycle status change: androidx.test.core.app.InstrumentationActivityInvoker$EmptyActivity@412f958 in: STARTED
10-26 10:07:35.604 18320 18320 V ActivityScenario: Activity lifecycle changed event received but ignored because the intent does not match. startActivityIntent=Intent { act=android.intent.action.MAIN cat=[android.intent.category.LAUNCHER] cmp=com.example.dogglers/.MainActivity }, activity.getIntent()=Intent { act=android.intent.action.MAIN cat=[android.intent.category.LAUNCHER] flg=0x10000000 cmp=com.example.dogglers/androidx.test.core.app.InstrumentationActivityInvoker$EmptyActivity }, activity=androidx.test.core.app.InstrumentationActivityInvoker$EmptyActivity@412f958
10-26 10:07:35.605 18320 18320 D LifecycleMonitor: Lifecycle status change: androidx.test.core.app.InstrumentationActivityInvoker$EmptyActivity@412f958 in: RESUMED
10-26 10:07:35.605 18320 18320 V ActivityScenario: Activity lifecycle changed event received but ignored because the intent does not match. startActivityIntent=Intent { act=android.intent.action.MAIN cat=[android.intent.category.LAUNCHER] cmp=com.example.dogglers/.MainActivity }, activity.getIntent()=Intent { act=android.intent.action.MAIN cat=[android.intent.category.LAUNCHER] flg=0x10000000 cmp=com.example.dogglers/androidx.test.core.app.InstrumentationActivityInvoker$EmptyActivity }, activity=androidx.test.core.app.InstrumentationActivityInvoker$EmptyActivity@412f958
10-26 10:07:35.609   954  3917 D InputTransport: Input channel constructed: '3c26bd2', fd=1391
10-26 10:07:35.609   954  3917 D InputTransport: Input channel constructed: '3c26bd2', fd=1393
10-26 10:07:35.609   954  3917 D InputTransport: Input channel constructed: '3c26bd2', fd=1400
10-26 10:07:35.609   620   642 I SurfaceFlinger: id=190073 createSurf (0x0),-1 flag=80004, 3c26bd2 com.example.dogglers/androidx.test.core.app.InstrumentationActivityInvoker$EmptyActivity#0
10-26 10:07:35.610   954  3917 D InputTransport: Input channel destroyed: '3c26bd2', fd=1400
10-26 10:07:35.611 18320 18320 I ViewRootImpl@7831317[InstrumentationActivityInvoker$EmptyActivity]: setView = com.android.internal.policy.DecorView@3534b96 TM=true
10-26 10:07:35.612   954  1054 D AnalyticsContainerHandler: handleMessage : { when=0 what=1 target=com.android.server.knox.KnoxAnalyticsContainer$AnalyticsHandler }
10-26 10:07:35.621   954  3917 V WindowManager: Relayout Window{3c26bd2 u0 com.example.dogglers/androidx.test.core.app.InstrumentationActivityInvoker$EmptyActivity}: viewVisibility=0 req=1080x2280 d0
10-26 10:07:35.621   620   642 I SurfaceFlinger: id=190074 createSurf (1x1),-3 flag=40004, com.example.dogglers/androidx.test.core.app.InstrumentationActivityInvoker$EmptyActivity$_18320#1
10-26 10:07:35.624   620   642 I SurfaceFlinger: id=190075 createSurf (0x0),-1 flag=24000, Surface(name=2fa8401 StatusBar)/@0xf000e26 - animation-leash of insets_animation#1
10-26 10:07:35.625   620   642 I SurfaceFlinger: id=190076 createSurf (0x0),-1 flag=24000, Surface(name=be23078 NavigationBar0)/@0x50010bd - animation-leash of insets_animation#1
10-26 10:07:35.627   954  3917 V WindowManager: Relayout hash=3c26bd2, pid=18320: mAttrs={(0,0)(fillxfill) sim={adjust=pan forwardNavigation} ty=BASE_APPLICATION wanim=0x1030001
10-26 10:07:35.627   954  3917 V WindowManager:   fl=1810100
10-26 10:07:35.627   954  3917 V WindowManager:   pfl=12020040
10-26 10:07:35.627   954  3917 V WindowManager:   apr=LIGHT_NAVIGATION_BARS
10-26 10:07:35.627   954  3917 V WindowManager:   bhv=DEFAULT
10-26 10:07:35.627   954  3917 V WindowManager:   fitSides= naviIconColor=0
10-26 10:07:35.627   954  3917 V WindowManager:   sfl=100000}
10-26 10:07:35.629 18320 18320 I ViewRootImpl@7831317[InstrumentationActivityInvoker$EmptyActivity]: Relayout returned: old=(0,0,1080,2280) new=(0,0,1080,2280) req=(1080,2280)0 dur=6 res=0x7 s={true 515080497984} ch=true fn=-1
10-26 10:07:35.629 18320 18355 D OpenGLRenderer: eglCreateWindowSurface
10-26 10:07:35.630 18320 18320 I ViewRootImpl@7831317[InstrumentationActivityInvoker$EmptyActivity]: [DP] dp(1) 1 android.view.ViewRootImpl.reportNextDraw:11420 android.view.ViewRootImpl.performTraversals:4193 android.view.ViewRootImpl.doTraversal:2919
10-26 10:07:35.637 18320 18320 I ViewRootImpl@7831317[InstrumentationActivityInvoker$EmptyActivity]: [DP] pdf(0) 1 android.view.ViewRootImpl.lambda$addFrameCompleteCallbackIfNeeded$3$ViewRootImpl:4995 android.view.ViewRootImpl$$ExternalSyntheticLambda16.run:6 android.os.Handler.handleCallback:938
10-26 10:07:35.637 18320 18320 I ViewRootImpl@7831317[InstrumentationActivityInvoker$EmptyActivity]: [DP] rdf()
10-26 10:07:35.637 18320 18320 D ViewRootImpl@7831317[InstrumentationActivityInvoker$EmptyActivity]: reportDrawFinished (fn: -1)
10-26 10:07:35.637 18320 18320 I ViewRootImpl@37a5f1f[InstrumentationActivityInvoker$EmptyActivity]: MSG_WINDOW_FOCUS_CHANGED 0 1
10-26 10:07:35.639   954  1012 I ActivityTaskManager: Displayed com.example.dogglers/androidx.test.core.app.InstrumentationActivityInvoker$EmptyActivity: +75ms
10-26 10:07:35.640  2946  2946 E pageboostd: Received HALT command code 2
10-26 10:07:35.641 18320 18320 D InsetsSourceConsumer: ensureControlAlpha: for ITYPE_NAVIGATION_BAR on com.example.dogglers/androidx.test.core.app.InstrumentationActivityInvoker$EmptyActivity
10-26 10:07:35.642 18320 18320 D InsetsSourceConsumer: ensureControlAlpha: for ITYPE_STATUS_BAR on com.example.dogglers/androidx.test.core.app.InstrumentationActivityInvoker$EmptyActivity
10-26 10:07:35.642 18320 18320 I ViewRootImpl@37a5f1f[InstrumentationActivityInvoker$EmptyActivity]: handleAppVisibility mAppVisible=true visible=false
10-26 10:07:35.651   620   620 I Layer   : id=190070 removeFromCurrentState Surface(name=2fa8401 StatusBar)/@0xf000e26 - animation-leash of insets_animation#0 (191)
10-26 10:07:35.651   620   620 I Layer   : id=190071 removeFromCurrentState Surface(name=be23078 NavigationBar0)/@0x50010bd - animation-leash of insets_animation#0 (191)
10-26 10:07:35.652   620   620 I SurfaceFlinger: id=190070 Removed Surface(name=2fa8401 StatusBar)/@0xf000e26 - animation-leash of insets_animation#0 (191)
10-26 10:07:35.652   620   620 I SurfaceFlinger: id=190071 Removed Surface(name=be23078 NavigationBar0)/@0x50010bd - animation-leash of insets_animation#0 (191)
10-26 10:07:35.652 18320 18355 D OpenGLRenderer: setSurface called with nullptr
10-26 10:07:35.652 18320 18355 D OpenGLRenderer: setSurface() destroyed EGLSurface
10-26 10:07:35.652 18320 18355 D OpenGLRenderer: destroyEglSurface
10-26 10:07:35.652   620   620 I Layer   : id=190070 Destroyed Surface(name=2fa8401 StatusBar)/@0xf000e26 - animation-leash of insets_animation#0
10-26 10:07:35.652   620   620 I Layer   : id=190071 Destroyed Surface(name=be23078 NavigationBar0)/@0x50010bd - animation-leash of insets_animation#0
10-26 10:07:35.652   954  3917 V WindowManager: Relayout Window{b5477ca u0 com.example.dogglers/androidx.test.core.app.InstrumentationActivityInvoker$EmptyActivity}: viewVisibility=8 req=1080x2280 d0
10-26 10:07:35.653   954  3937 D InputDispatcher: Focus entered window (0): 3c26bd2 com.example.dogglers/androidx.test.core.app.InstrumentationActivityInvoker$EmptyActivity
10-26 10:07:35.654   954  3917 V WindowManager: Relayout hash=b5477ca, pid=18320: mAttrs={(0,0)(fillxfill) sim={adjust=pan forwardNavigation} ty=BASE_APPLICATION wanim=0x1030001
10-26 10:07:35.654   954  3917 V WindowManager:   fl=1810100
10-26 10:07:35.654   954  3917 V WindowManager:   pfl=12020040
10-26 10:07:35.654   954  3917 V WindowManager:   apr=LIGHT_NAVIGATION_BARS
10-26 10:07:35.654   954  3917 V WindowManager:   bhv=DEFAULT
10-26 10:07:35.654   954  3917 V WindowManager:   fitSides= naviIconColor=0
10-26 10:07:35.654   954  3917 V WindowManager:   sfl=100000}
10-26 10:07:35.655 18320 18320 I ViewRootImpl@37a5f1f[InstrumentationActivityInvoker$EmptyActivity]: Relayout returned: old=(0,0,1080,2280) new=(0,0,1080,2280) req=(1080,2280)8 dur=3 res=0x5 s={false 0} ch=true fn=2
10-26 10:07:35.656 18320 18320 D LifecycleMonitor: Lifecycle status change: androidx.test.core.app.InstrumentationActivityInvoker$EmptyActivity@412f958 in: PAUSED
10-26 10:07:35.657 18320 18320 V ActivityScenario: Activity lifecycle changed event received but ignored because the intent does not match. startActivityIntent=Intent { act=android.intent.action.MAIN cat=[android.intent.category.LAUNCHER] cmp=com.example.dogglers/.MainActivity }, activity.getIntent()=Intent { act=android.intent.action.MAIN cat=[android.intent.category.LAUNCHER] flg=0x10000000 cmp=com.example.dogglers/androidx.test.core.app.InstrumentationActivityInvoker$EmptyActivity }, activity=androidx.test.core.app.InstrumentationActivityInvoker$EmptyActivity@412f958
10-26 10:07:35.658   954  3917 D InputDispatcher: Focused application set to (0): 9d81db2
10-26 10:07:35.659   620  2717 I SurfaceFlinger: id=190077 createSurf (0x0),-1 flag=24000, Surface(name=2fa8401 StatusBar)/@0xf000e26 - animation-leash of insets_animation#0
10-26 10:07:35.660   620  2717 I SurfaceFlinger: id=190078 createSurf (0x0),-1 flag=24000, Surface(name=be23078 NavigationBar0)/@0x50010bd - animation-leash of insets_animation#0
10-26 10:07:35.666 18320 18320 I ViewRootImpl@7831317[InstrumentationActivityInvoker$EmptyActivity]: MSG_WINDOW_FOCUS_CHANGED 1 1
10-26 10:07:35.667 18320 18320 D InputMethodManager: startInputInner - Id : 0
10-26 10:07:35.667 18320 18320 I InputMethodManager: startInputInner - mService.startInputOrWindowGainedFocus
10-26 10:07:35.667   954  1015 I SemPersonaManager: SecureFolder personaId = 150
10-26 10:07:35.668   954  3917 D InputMethodManagerService: DESKTOP MODE! : 2
10-26 10:07:35.668   954  3917 D InputMethodManagerService: NOT IN KNOX DESKTOP MODE!
10-26 10:07:35.668   954  3917 V InputMethodManagerService: getDisplayIdOfInputMethodWindowToBeAdded : 0
10-26 10:07:35.668   620   620 I Layer   : id=190075 removeFromCurrentState Surface(name=2fa8401 StatusBar)/@0xf000e26 - animation-leash of insets_animation#1 (191)
10-26 10:07:35.668   954  3917 D InputMethodManagerService: checkDisplayOfStartInputAndUpdateKeyboard display Id 0last 0
10-26 10:07:35.668   620   620 I Layer   : id=190076 removeFromCurrentState Surface(name=be23078 NavigationBar0)/@0x50010bd - animation-leash of insets_animation#1 (191)
10-26 10:07:35.668   954  3917 D InputTransport: Input channel constructed: 'ClientS', fd=1410
10-26 10:07:35.668   954  3917 D InputTransport: Input channel destroyed: 'ClientS', fd=1410
10-26 10:07:35.669 18320 18320 I ViewRootImpl@e77660a[VerticalListActivity]: stopped(false) old=false
10-26 10:07:35.669 19204 19204 D InputMethodService: checkDisplayOfStartInputAndUpdateKeyboard display Id 0last 0
10-26 10:07:35.669 18320 18320 D LifecycleMonitor: Lifecycle status change: com.example.dogglers.VerticalListActivity@6fc81e4 in: RESUMED
10-26 10:07:35.669 18320 18320 V ActivityScenario: Activity lifecycle changed event received but ignored because the intent does not match. startActivityIntent=Intent { act=android.intent.action.MAIN cat=[android.intent.category.LAUNCHER] cmp=com.example.dogglers/.MainActivity }, activity.getIntent()=Intent { cmp=com.example.dogglers/.VerticalListActivity }, activity=com.example.dogglers.VerticalListActivity@6fc81e4
10-26 10:07:35.669   954  3912 D InputDispatcher: Focus left window (0): 3c26bd2 com.example.dogglers/androidx.test.core.app.InstrumentationActivityInvoker$EmptyActivity
10-26 10:07:35.670   620   642 I SurfaceFlinger: id=190079 createSurf (0x0),-1 flag=24004, Surface(name=2188bee InputMethod)/@0xe151908 - animation-leash of insets_animation#1
10-26 10:07:35.671   954  1015 D EnterpriseDeviceManagerService: isMdmAdminPresentInternal() : MDM Admin Found - com.samsung.knox.securefolder
10-26 10:07:35.671   620   620 D SurfaceFlinger: Display 0 HWC layers:
10-26 10:07:35.671   620   620 D SurfaceFlinger:      DEVICE | 0x7843d90b30 | 0102 | RGBA_8888    |    0.0    0.0 1080.0 2280.0 |    0    0 1080 2280 | com.example.dogglers/com.example.dogglers.VerticalListActivity$_18320#0
10-26 10:07:35.671   620   620 D SurfaceFlinger:      DEVICE | 0x7843dbb970 | 0100 | RGBA_8888    |    0.0    0.0 1080.0  112.0 |    0    0 1080  112 | StatusBar$_1348#0
10-26 10:07:35.671   620   620 D SurfaceFlinger:      DEVICE | 0x7843daab70 | 0100 | RGBA_8888    |    0.0    0.0   67.0  416.0 |    0  814   67 1230 | com.samsung.android.app.cocktailbars[...]arservice.CocktailBarService$_8198#0
10-26 10:07:35.671   620   620 D SurfaceFlinger:      DEVICE | 0x7843da5dd0 | 0100 | RGBA_8888    |    0.0    0.0 1080.0  126.0 |    0 2154 1080 2280 | NavigationBar0$_1348#0
10-26 10:07:35.671   620   620 D SurfaceFlinger:
10-26 10:07:35.671   620  2717 I SurfaceFlinger: id=190076 Removed Surface(name=be23078 NavigationBar0)/@0x50010bd - animation-leash of insets_animation#1 (192)
10-26 10:07:35.671   620  2717 I SurfaceFlinger: id=190075 Removed Surface(name=2fa8401 StatusBar)/@0xf000e26 - animation-leash of insets_animation#1 (192)
10-26 10:07:35.672 18320 18320 I ViewRootImpl@7831317[InstrumentationActivityInvoker$EmptyActivity]: handleAppVisibility mAppVisible=true visible=false
10-26 10:07:35.672 18320 18320 D InsetsSourceConsumer: ensureControlAlpha: for ITYPE_NAVIGATION_BAR on com.example.dogglers/com.example.dogglers.VerticalListActivity
10-26 10:07:35.672   566   611 I HYPER-HAL: [RequestManager.cpp]releaseLocked(): Released ID : 487611
10-26 10:07:35.672 18320 18320 D InsetsSourceConsumer: ensureControlAlpha: for ITYPE_STATUS_BAR on com.example.dogglers/com.example.dogglers.VerticalListActivity
10-26 10:07:35.673 18320 18320 I ViewRootImpl@7831317[InstrumentationActivityInvoker$EmptyActivity]: stopped(true) old=false
