10-26 10:07:43.066   620   620 I SurfaceFlinger: id=190360 Removed 653c1a8 Splash Screen com.example.dogglers#0 (191)
10-26 10:07:43.067   620   620 I SurfaceFlinger: id=190361 Removed Splash Screen com.example.dogglers$_1348#0 (191)
10-26 10:07:43.067   620   620 I SurfaceFlinger: id=190375 Removed Surface(name=2fa8401 StatusBar)/@0xf000e26 - animation-leash of insets_animation#0 (191)
10-26 10:07:43.067   620   620 I SurfaceFlinger: id=190376 Removed Surface(name=be23078 NavigationBar0)/@0x50010bd - animation-leash of insets_animation#0 (191)
10-26 10:07:43.067   620   620 I SurfaceFlinger: id=190374 Removed Surface(name=653c1a8 Splash Screen com.example.dogglers)/@0xd0d7f8f - animation-leash of window_animation#0 (191)
10-26 10:07:43.067   620   620 I Layer   : id=190374 Destroyed Surface(name=653c1a8 Splash Screen com.example.dogglers)/@0xd0d7f8f - animation-leash of window_animation#0
10-26 10:07:43.067   620   620 I Layer   : id=190360 Destroyed 653c1a8 Splash Screen com.example.dogglers#0
10-26 10:07:43.067   620   620 I Layer   : id=190375 Destroyed Surface(name=2fa8401 StatusBar)/@0xf000e26 - animation-leash of insets_animation#0
10-26 10:07:43.067   620   620 I Layer   : id=190376 Destroyed Surface(name=be23078 NavigationBar0)/@0x50010bd - animation-leash of insets_animation#0
10-26 10:07:43.067   954  3919 D InputDispatcher: Focus entered window (0): 46e35bb com.example.dogglers/androidx.test.core.app.InstrumentationActivityInvoker$EmptyActivity
10-26 10:07:43.068   620   620 I Layer   : id=190361 Destroyed Splash Screen com.example.dogglers$_1348#0
10-26 10:07:43.071 18320 18320 I ViewRootImpl@435dd0[InstrumentationActivityInvoker$EmptyActivity]: MSG_WINDOW_FOCUS_CHANGED 1 1
10-26 10:07:43.072   620   620 D SurfaceFlinger: Display 0 HWC layers:
10-26 10:07:43.072   620   620 D SurfaceFlinger:      CLIENT | 0x7843db7cb0 | 0100 | RGBx_8888    |  589.0    0.0 1651.0 2240.0 |    0    0 1080 2280 | Wallpaper BBQ wrapper#0
10-26 10:07:43.072   620   620 D SurfaceFlinger:      CLIENT |              | 0000 |  Unknown  |    0.0    0.0    0.0    0.0 |    0    0 1080 2280 | OneUiHome-BlurLayer#0 (backgroundBlurRadius)
10-26 10:07:43.072   620   620 D SurfaceFlinger:      DEVICE | 0x7843db46b0 | 0100 | RGBA_8888    |    0.0    0.0 1080.0 2280.0 |    0    0 1080 2280 | com.sec.android.app.launcher/com.sec[...]activities.LauncherActivity$_26660#0
10-26 10:07:43.072   620   620 D SurfaceFlinger:      DEVICE | 0x7843daa6f0 | 0102 | RGBA_8888    |    0.0    0.0 1080.0 2280.0 |    2    5 1078 2275 | com.example.dogglers/androidx.test.c[...]tivityInvoker$EmptyActivity$_18320#0
10-26 10:07:43.072   620   620 D SurfaceFlinger:      DEVICE | 0x7843dbb970 | 0100 | RGBA_8888    |    0.0    0.0 1080.0  112.0 |    0    0 1080  112 | StatusBar$_1348#0
10-26 10:07:43.072   620   620 D SurfaceFlinger:      DEVICE | 0x7843daab70 | 0100 | RGBA_8888    |    0.0    0.0   67.0  416.0 |    0  814   67 1230 | com.samsung.android.app.cocktailbars[...]arservice.CocktailBarService$_8198#0
10-26 10:07:43.072   620   620 D SurfaceFlinger:      DEVICE | 0x7843da89b0 | 0100 | RGBA_8888    |    0.0    0.0
10-26 10:07:43.072   620   620 D SurfaceFlinger: 1080.0  126.0 |    0 2154 1080 2280 | NavigationBar0$_1348#0
10-26 10:07:43.072   620   620 D SurfaceFlinger:
10-26 10:07:43.072 18320 18320 D InputMethodManager: startInputInner - Id : 0
10-26 10:07:43.072 18320 18320 I InputMethodManager: startInputInner - mService.startInputOrWindowGainedFocus
10-26 10:07:43.074   620   642 I SurfaceFlinger: id=190381 createSurf (0x0),-1 flag=80004, ActivityRecord{ebe2e64 u0 com.example.dogglers/androidx.test.core.app.InstrumentationActivityInvoker$EmptyActivity t30240}#0
10-26 10:07:43.079   954  3917 D InputMethodManagerService: DESKTOP MODE! : 2
10-26 10:07:43.079   954  3917 D InputMethodManagerService: NOT IN KNOX DESKTOP MODE!
10-26 10:07:43.079   954  3917 V InputMethodManagerService: getDisplayIdOfInputMethodWindowToBeAdded : 0
10-26 10:07:43.080   954  3917 D InputMethodManagerService: checkDisplayOfStartInputAndUpdateKeyboard display Id 0last 0
10-26 10:07:43.080   954  3917 D InputTransport: Input channel constructed: 'ClientS', fd=1136
10-26 10:07:43.080   954  3917 D InputTransport: Input channel destroyed: 'ClientS', fd=1136
10-26 10:07:43.080 19204 19204 D InputMethodService: checkDisplayOfStartInputAndUpdateKeyboard display Id 0last 0
10-26 10:07:43.081   620   642 I SurfaceFlinger: id=190382 createSurf (0x0),-1 flag=24004, Surface(name=2188bee InputMethod)/@0xe151908 - animation-leash of insets_animation#0
10-26 10:07:43.082 18320 18320 D LifecycleMonitor: Lifecycle status change: androidx.test.core.app.InstrumentationActivityInvoker$EmptyActivity@8ab55cd in: PAUSED
10-26 10:07:43.082 18320 18320 V ActivityScenario: Activity lifecycle changed event received but ignored because the intent does not match. startActivityIntent=Intent { act=android.intent.action.MAIN cat=[android.intent.category.LAUNCHER] cmp=com.example.dogglers/.HorizontalListActivity }, activity.getIntent()=Intent { act=android.intent.action.MAIN cat=[android.intent.category.LAUNCHER] flg=0x10000000 cmp=com.example.dogglers/androidx.test.core.app.InstrumentationActivityInvoker$EmptyActivity }, activity=androidx.test.core.app.InstrumentationActivityInvoker$EmptyActivity@8ab55cd
10-26 10:07:43.086   954  3956 D InputDispatcher: Focused application set to (0): ebe2e64
10-26 10:07:43.090   954  3917 D InputMethodManagerServicePhysicalKey: isConnectedDexOnPC false
10-26 10:07:43.090   954  3917 D InputMethodManagerService: isImeSwitcherDisabledPackage : false
10-26 10:07:43.094   954  1015 I SemPersonaManager: SecureFolder personaId = 150
10-26 10:07:43.095 18320 18320 D LifecycleMonitor: Lifecycle status change: androidx.test.core.app.InstrumentationActivityInvoker$EmptyActivity@fea7185 in: PRE_ON_CREATE
10-26 10:07:43.095 18320 18320 V ActivityScenario: Activity lifecycle changed event received but ignored because the intent does not match. startActivityIntent=Intent { act=android.intent.action.MAIN cat=[android.intent.category.LAUNCHER] cmp=com.example.dogglers/.HorizontalListActivity }, activity.getIntent()=Intent { act=android.intent.action.MAIN cat=[android.intent.category.LAUNCHER] flg=0x10000000 cmp=com.example.dogglers/androidx.test.core.app.InstrumentationActivityInvoker$EmptyActivity }, activity=androidx.test.core.app.InstrumentationActivityInvoker$EmptyActivity@fea7185
10-26 10:07:43.097   954  1015 D EnterpriseDeviceManagerService: isMdmAdminPresentInternal() : MDM Admin Found - com.samsung.knox.securefolder
10-26 10:07:43.099  8198  8198 I Utils   : HomePackage : com.sec.android.app.launcher, resumePackageName : com.example.dogglers
10-26 10:07:43.100   620   620 I Layer   : id=190372 removeFromCurrentState Surface(name=2188bee InputMethod)/@0xe151908 - animation-leash of insets_animation#1 (188)
10-26 10:07:43.100   620   620 I SurfaceFlinger: id=190372 Removed Surface(name=2188bee InputMethod)/@0xe151908 - animation-leash of insets_animation#1 (188)
10-26 10:07:43.100   620   620 I Layer   : id=190372 Destroyed Surface(name=2188bee InputMethod)/@0xe151908 - animation-leash of insets_animation#1
10-26 10:07:43.104 18320 18320 I DecorView: [INFO] isPopOver=false, config=true
10-26 10:07:43.104 18320 18320 I DecorView: updateCaptionType >> DecorView@378a80b[], isFloating=false, isApplication=true, hasWindowControllerCallback=true, hasWindowDecorCaption=false
10-26 10:07:43.104 18320 18320 D DecorView: setCaptionType = 0, this = DecorView@378a80b[]
10-26 10:07:43.106 18320 18320 I DecorView: getCurrentDensityDpi: from real metrics. densityDpi=420 msg=resources_loaded
10-26 10:07:43.107 18320 18320 D LifecycleMonitor: Lifecycle status change: androidx.test.core.app.InstrumentationActivityInvoker$EmptyActivity@fea7185 in: CREATED
10-26 10:07:43.107 18320 18320 V ActivityScenario: Activity lifecycle changed event received but ignored because the intent does not match. startActivityIntent=Intent { act=android.intent.action.MAIN cat=[android.intent.category.LAUNCHER] cmp=com.example.dogglers/.HorizontalListActivity }, activity.getIntent()=Intent { act=android.intent.action.MAIN cat=[android.intent.category.LAUNCHER] flg=0x10000000 cmp=com.example.dogglers/androidx.test.core.app.InstrumentationActivityInvoker$EmptyActivity }, activity=androidx.test.core.app.InstrumentationActivityInvoker$EmptyActivity@fea7185
10-26 10:07:43.108 18320 18320 D LifecycleMonitor: Lifecycle status change: androidx.test.core.app.InstrumentationActivityInvoker$EmptyActivity@fea7185 in: STARTED
10-26 10:07:43.108 18320 18320 V ActivityScenario: Activity lifecycle changed event received but ignored because the intent does not match. startActivityIntent=Intent { act=android.intent.action.MAIN cat=[android.intent.category.LAUNCHER] cmp=com.example.dogglers/.HorizontalListActivity }, activity.getIntent()=Intent { act=android.intent.action.MAIN cat=[android.intent.category.LAUNCHER] flg=0x10000000 cmp=com.example.dogglers/androidx.test.core.app.InstrumentationActivityInvoker$EmptyActivity }, activity=androidx.test.core.app.InstrumentationActivityInvoker$EmptyActivity@fea7185
10-26 10:07:43.110 18320 18320 D LifecycleMonitor: Lifecycle status change: androidx.test.core.app.InstrumentationActivityInvoker$EmptyActivity@fea7185 in: RESUMED
10-26 10:07:43.110 18320 18320 V ActivityScenario: Activity lifecycle changed event received but ignored because the intent does not match. startActivityIntent=Intent { act=android.intent.action.MAIN cat=[android.intent.category.LAUNCHER] cmp=com.example.dogglers/.HorizontalListActivity }, activity.getIntent()=Intent { act=android.intent.action.MAIN cat=[android.intent.category.LAUNCHER] flg=0x10000000 cmp=com.example.dogglers/androidx.test.core.app.InstrumentationActivityInvoker$EmptyActivity }, activity=androidx.test.core.app.InstrumentationActivityInvoker$EmptyActivity@fea7185
10-26 10:07:43.113   954  3956 D InputTransport: Input channel constructed: '7570922', fd=1149
10-26 10:07:43.114   954  3956 D InputTransport: Input channel constructed: '7570922', fd=1169
10-26 10:07:43.114   954  3956 D InputTransport: Input channel constructed: '7570922', fd=1172
10-26 10:07:43.114   620   642 I SurfaceFlinger: id=190383 createSurf (0x0),-1 flag=80004, 7570922 com.example.dogglers/androidx.test.core.app.InstrumentationActivityInvoker$EmptyActivity#0
10-26 10:07:43.114   954  3956 D InputTransport: Input channel destroyed: '7570922', fd=1172
10-26 10:07:43.115 18320 18320 I ViewRootImpl@11516e8[InstrumentationActivityInvoker$EmptyActivity]: setView = com.android.internal.policy.DecorView@378a80b TM=true
10-26 10:07:43.116   954  1054 D AnalyticsContainerHandler: handleMessage : { when=0 what=1 target=com.android.server.knox.KnoxAnalyticsContainer$AnalyticsHandler }
10-26 10:07:43.117   954  3917 D InputDispatcher: Focus left window (0): 46e35bb com.example.dogglers/androidx.test.core.app.InstrumentationActivityInvoker$EmptyActivity
10-26 10:07:43.120   954  3917 V WindowManager: Relayout Window{7570922 u0 com.example.dogglers/androidx.test.core.app.InstrumentationActivityInvoker$EmptyActivity}: viewVisibility=0 req=1080x2280 d0
10-26 10:07:43.120   620  2717 I SurfaceFlinger: id=190384 createSurf (1x1),-3 flag=40004, com.example.dogglers/androidx.test.core.app.InstrumentationActivityInvoker$EmptyActivity$_18320#1
10-26 10:07:43.123   620  2717 I SurfaceFlinger: id=190385 createSurf (0x0),-1 flag=24000, Surface(name=2fa8401 StatusBar)/@0xf000e26 - animation-leash of insets_animation#0
10-26 10:07:43.124   620  2717 I SurfaceFlinger: id=190386 createSurf (0x0),-1 flag=24000, Surface(name=be23078 NavigationBar0)/@0x50010bd - animation-leash of insets_animation#0
10-26 10:07:43.125   954  3917 V WindowManager: Relayout hash=7570922, pid=18320: mAttrs={(0,0)(fillxfill) sim={adjust=pan forwardNavigation} ty=BASE_APPLICATION wanim=0x1030001
10-26 10:07:43.125   954  3917 V WindowManager:   fl=1810100
10-26 10:07:43.125   954  3917 V WindowManager:   pfl=12020040
10-26 10:07:43.125   954  3917 V WindowManager:   apr=LIGHT_NAVIGATION_BARS
10-26 10:07:43.125   954  3917 V WindowManager:   bhv=DEFAULT
10-26 10:07:43.125   954  3917 V WindowManager:   fitSides= naviIconColor=0
10-26 10:07:43.125   954  3917 V WindowManager:   sfl=100000}
10-26 10:07:43.126 18320 18320 I ViewRootImpl@11516e8[InstrumentationActivityInvoker$EmptyActivity]: Relayout returned: old=(0,0,1080,2280) new=(0,0,1080,2280) req=(1080,2280)0 dur=6 res=0x7 s={true 515080637504} ch=true fn=-1
10-26 10:07:43.127 18320 18355 D OpenGLRenderer: eglCreateWindowSurface
10-26 10:07:43.128 18320 18320 I ViewRootImpl@11516e8[InstrumentationActivityInvoker$EmptyActivity]: [DP] dp(1) 1 android.view.ViewRootImpl.reportNextDraw:11420 android.view.ViewRootImpl.performTraversals:4193 android.view.ViewRootImpl.doTraversal:2919
10-26 10:07:43.133 18320 18320 I ViewRootImpl@11516e8[InstrumentationActivityInvoker$EmptyActivity]: [DP] pdf(0) 1 android.view.ViewRootImpl.lambda$addFrameCompleteCallbackIfNeeded$3$ViewRootImpl:4995 android.view.ViewRootImpl$$ExternalSyntheticLambda16.run:6 android.os.Handler.handleCallback:938
10-26 10:07:43.133 18320 18320 I ViewRootImpl@11516e8[InstrumentationActivityInvoker$EmptyActivity]: [DP] rdf()
10-26 10:07:43.133 18320 18320 D ViewRootImpl@11516e8[InstrumentationActivityInvoker$EmptyActivity]: reportDrawFinished (fn: -1)
10-26 10:07:43.136 26660 26660 I ViewRootImpl@623994e[LauncherActivity]: handleAppVisibility mAppVisible=true visible=false
10-26 10:07:43.136   620   620 D SurfaceFlinger: Display 0 HWC layers:
10-26 10:07:43.136   620   620 D SurfaceFlinger:      DEVICE | 0x7843daa6f0 | 0102 | RGBA_8888    |    0.0    0.0 1080.0 2280.0 |    0    0 1080 2280 | com.example.dogglers/androidx.test.c[...]tivityInvoker$EmptyActivity$_18320#0
10-26 10:07:43.136   620   620 D SurfaceFlinger:      DEVICE | 0x7843dbb970 | 0100 | RGBA_8888    |    0.0    0.0 1080.0  112.0 |    0    0 1080  112 | StatusBar$_1348#0
10-26 10:07:43.136   620   620 D SurfaceFlinger:      DEVICE | 0x7843daab70 | 0100 | RGBA_8888    |    0.0    0.0   67.0  416.0 |    0  814   67 1230 | com.samsung.android.app.cocktailbars[...]arservice.CocktailBarService$_8198#0
10-26 10:07:43.136   620   620 D SurfaceFlinger:      DEVICE | 0x7843da5dd0 | 0100 | RGBA_8888    |    0.0    0.0 1080.0  126.0 |    0 2154 1080 2280 | NavigationBar0$_1348#0
10-26 10:07:43.136   620   620 D SurfaceFlinger:
10-26 10:07:43.137  1348  1735 D WallpaperService: dispatchAppVisibility onVisibilityChanged(): false
10-26 10:07:43.137  1348  1348 D WallpaperService: reportVisibility onVisibilityChanged visible: false
10-26 10:07:43.137  1348  1535 I ImageWallpaper:  onVisibilityChanged false , 0
10-26 10:07:43.140   954  1012 I ActivityTaskManager: Displayed com.example.dogglers/androidx.test.core.app.InstrumentationActivityInvoker$EmptyActivity: +68ms
10-26 10:07:43.140   954  1016 I SemDvfsHyPerManager: acquire hyper - AMS_RESUME_TAIL/954@19, type = -999
10-26 10:07:43.140   954  1016 I SemDvfsHyPerManager: acquire hyper - AMS_ACT_LAZY/954@20, type = -999
10-26 10:07:43.140   566   611 I HYPER-HAL: [RequestManager.cpp]acquire(): Acquired ID : 473870  [954 / 19]    HINT : AMS_RESUME_TAIL    list :
10-26 10:07:43.141   566   611 I HYPER-HAL: [RequestManager.cpp]releaseLocked(): Released ID : 471923
10-26 10:07:43.141  2946  2946 E pageboostd: Received HALT command code 2
10-26 10:07:43.142 18320 18320 I ViewRootImpl@435dd0[InstrumentationActivityInvoker$EmptyActivity]: MSG_WINDOW_FOCUS_CHANGED 0 1
10-26 10:07:43.142 19204 19204 E FullInputEventModel: onStartInput event aborted: al1: could not obtain extracted text (class al1)
10-26 10:07:43.142 18320 18320 D InsetsSourceConsumer: ensureControlAlpha: for ITYPE_NAVIGATION_BAR on com.example.dogglers/androidx.test.core.app.InstrumentationActivityInvoker$EmptyActivity
10-26 10:07:43.143 18320 18320 D InsetsSourceConsumer: ensureControlAlpha: for ITYPE_STATUS_BAR on com.example.dogglers/androidx.test.core.app.InstrumentationActivityInvoker$EmptyActivity
10-26 10:07:43.144 18320 18320 I ViewRootImpl@435dd0[InstrumentationActivityInvoker$EmptyActivity]: handleAppVisibility mAppVisible=true visible=false
10-26 10:07:43.144 18320 18320 I ViewRootImpl@435dd0[InstrumentationActivityInvoker$EmptyActivity]: stopped(true) old=false
10-26 10:07:43.144 18320 18320 D LifecycleMonitor: Lifecycle status change: androidx.test.core.app.InstrumentationActivityInvoker$EmptyActivity@8ab55cd in: STOPPED
10-26 10:07:43.144 18320 18320 V ActivityScenario: Activity lifecycle changed event received but ignored because the intent does not match. startActivityIntent=Intent { act=android.intent.action.MAIN cat=[android.intent.category.LAUNCHER] cmp=com.example.dogglers/.HorizontalListActivity }, activity.getIntent()=Intent { act=android.intent.action.MAIN cat=[android.intent.category.LAUNCHER] flg=0x10000000 cmp=com.example.dogglers/androidx.test.core.app.InstrumentationActivityInvoker$EmptyActivity }, activity=androidx.test.core.app.InstrumentationActivityInvoker$EmptyActivity@8ab55cd
10-26 10:07:43.145 18320 18320 I ViewRootImpl@8535ae9[HorizontalListActivity]: stopped(true) old=false
10-26 10:07:43.146 18320 18320 D LifecycleMonitor: Lifecycle status change: com.example.dogglers.HorizontalListActivity@52c384b in: STOPPED
10-26 10:07:43.146 18320 18320 V ActivityScenario: Update currentActivityStage to STOPPED, currentActivity=com.example.dogglers.HorizontalListActivity@52c384b
10-26 10:07:43.146 18320 18320 D LifecycleMonitor: Lifecycle status change: com.example.dogglers.HorizontalListActivity@52c384b in: DESTROYED
10-26 10:07:43.147 18320 18320 V ActivityScenario: Update currentActivityStage to DESTROYED, currentActivity=null
10-26 10:07:43.147 18320 18355 D OpenGLRenderer: setSurface called with nullptr
10-26 10:07:43.147 18320 18355 D OpenGLRenderer: setSurface() destroyed EGLSurface
10-26 10:07:43.147 18320 18355 D OpenGLRenderer: destroyEglSurface
10-26 10:07:43.149 18320 18320 I ViewRootImpl@8535ae9[HorizontalListActivity]: dispatchDetachedFromWindow
10-26 10:07:43.149   954  3917 D InputTransport: Input channel destroyed: 'e136a7f', fd=1446
10-26 10:07:43.149   954  3917 W InputManager-JNI: Input channel object 'e136a7f com.example.dogglers/com.example.dogglers.HorizontalListActivity (client)' was disposed without first being removed with the input manager!
10-26 10:07:43.149   954  3917 D InputTransport: Input channel destroyed: 'e136a7f', fd=1450
10-26 10:07:43.150   620   620 I Layer   : id=190379 removeFromCurrentState Surface(name=2fa8401 StatusBar)/@0xf000e26 - animation-leash of insets_animation#1 (191)
10-26 10:07:43.150   620   620 I Layer   : id=190380 removeFromCurrentState Surface(name=be23078 NavigationBar0)/@0x50010bd - animation-leash of insets_animation#1 (191)
10-26 10:07:43.150   620   620 I Layer   : id=190362 removeFromCurrentState Surface(name=Task=1)/@0x4cdbfdb - animation-leash of app_transition#0 (191)
10-26 10:07:43.150   620   620 I Layer   : id=190363 removeFromCurrentState Surface(name=Task=30240)/@0x6d29497 - animation-leash of app_transition#0 (191)
10-26 10:07:43.151   620   620 I SurfaceFlinger: id=190379 Removed Surface(name=2fa8401 StatusBar)/@0xf000e26 - animation-leash of insets_animation#1 (191)
10-26 10:07:43.151   620   620 I SurfaceFlinger: id=190380 Removed Surface(name=be23078 NavigationBar0)/@0x50010bd - animation-leash of insets_animation#1 (191)
10-26 10:07:43.151   620   620 I SurfaceFlinger: id=190363 Removed Surface(name=Task=30240)/@0x6d29497 - animation-leash of app_transition#0 (191)
10-26 10:07:43.151   620   620 I SurfaceFlinger: id=190362 Removed Surface(name=Task=1)/@0x4cdbfdb - animation-leash of app_transition#0 (191)
10-26 10:07:43.151   620   620 I Layer   : id=190362 Destroyed Surface(name=Task=1)/@0x4cdbfdb - animation-leash of app_transition#0
10-26 10:07:43.151   620   620 I Layer   : id=190363 Destroyed Surface(name=Task=30240)/@0x6d29497 - animation-leash of app_transition#0
10-26 10:07:43.151   620   620 I Layer   : id=190379 Destroyed Surface(name=2fa8401 StatusBar)/@0xf000e26 - animation-leash of insets_animation#1
10-26 10:07:43.151   620   620 I Layer   : id=190380 Destroyed Surface(name=be23078 NavigationBar0)/@0x50010bd - animation-leash of insets_animation#1
10-26 10:07:43.151 18320 18320 D InputTransport: Input channel destroyed: 'e136a7f', fd=97
10-26 10:07:43.152 18320 18320 D LifecycleMonitor: Lifecycle status change: androidx.test.core.app.InstrumentationActivityInvoker$BootstrapActivity@b7e2110 in: STOPPED
10-26 10:07:43.152   954  3937 D InputDispatcher: Focus entered window (0): 7570922 com.example.dogglers/androidx.test.core.app.InstrumentationActivityInvoker$EmptyActivity
10-26 10:07:43.152 18320 18320 V ActivityScenario: Activity lifecycle changed event received but ignored because the intent does not match. startActivityIntent=Intent { act=android.intent.action.MAIN cat=[android.intent.category.LAUNCHER] cmp=com.example.dogglers/.HorizontalListActivity }, activity.getIntent()=Intent { act=android.intent.action.MAIN cat=[android.intent.category.LAUNCHER] flg=0x10008000 cmp=com.example.dogglers/androidx.test.core.app.InstrumentationActivityInvoker$BootstrapActivity (has extras) }, activity=androidx.test.core.app.InstrumentationActivityInvoker$BootstrapActivity@b7e2110
10-26 10:07:43.153 18320 18320 D LifecycleMonitor: Lifecycle status change: androidx.test.core.app.InstrumentationActivityInvoker$BootstrapActivity@b7e2110 in: DESTROYED
10-26 10:07:43.153 18320 18320 V ActivityScenario: Activity lifecycle changed event received but ignored because the intent does not match. startActivityIntent=Intent { act=android.intent.action.MAIN cat=[android.intent.category.LAUNCHER] cmp=com.example.dogglers/.HorizontalListActivity }, activity.getIntent()=Intent { act=android.intent.action.MAIN cat=[android.intent.category.LAUNCHER] flg=0x10008000 cmp=com.example.dogglers/androidx.test.core.app.InstrumentationActivityInvoker$BootstrapActivity (has extras) }, activity=androidx.test.core.app.InstrumentationActivityInvoker$BootstrapActivity@b7e2110
10-26 10:07:43.156   620   620 D SurfaceFlinger: Display 0 HWC layers:
10-26 10:07:43.156   620   620 D SurfaceFlinger:      DEVICE | 0x7843db2190 | 0102 | RGBA_8888    |    0.0    0.0 1080.0 2280.0 |    0    0 1080 2280 | com.example.dogglers/androidx.test.c[...]tivityInvoker$EmptyActivity$_18320#1
10-26 10:07:43.156   620   620 D SurfaceFlinger:      DEVICE | 0x7843dbb970 | 0100 | RGBA_8888    |    0.0    0.0 1080.0  112.0 |    0    0 1080  112 | StatusBar$_1348#0
10-26 10:07:43.156   620   620 D SurfaceFlinger:      DEVICE | 0x7843daab70 | 0100 | RGBA_8888    |    0.0    0.0   67.0  416.0 |    0  814   67 1230 | com.samsung.android.app.cocktailbars[...]arservice.CocktailBarService$_8198#0
10-26 10:07:43.156   620   620 D SurfaceFlinger:      DEVICE | 0x7843db97b0 | 0100 | RGBA_8888    |    0.0    0.0 1080.0  126.0 |    0 2154 1080 2280 | NavigationBar0$_1348#0
10-26 10:07:43.156   620   620 D SurfaceFlinger:
10-26 10:07:43.161   954  3956 V WindowManager: Relayout Window{4ad90e6 u0 com.sec.android.app.launcher/com.sec.android.app.launcher.activities.LauncherActivity}: viewVisibility=8 req=1080x2280 d0
10-26 10:07:43.163   954  3956 V WindowManager: Relayout hash=4ad90e6, pid=26660: mAttrs={(0,0)(fillxfill) sim={adjust=nothing} layoutInDisplayCutoutMode=shortEdges ty=BASE_APPLICATION fmt=TRANSPARENT wanim=0x10302f2
10-26 10:07:43.163   954  3956 V WindowManager:   fl=81910100
10-26 10:07:43.163   954  3956 V WindowManager:   pfl=1e020040
10-26 10:07:43.163   954  3956 V WindowManager:   vsysui=1700
10-26 10:07:43.163   954  3956 V WindowManager:   bhv=SHOW_TRANSIENT_BARS_BY_SWIPE
10-26 10:07:43.163   954  3956 V WindowManager:   fitSides= naviIconColor=0}
10-26 10:07:43.164   954  3917 D InputDispatcher: Focused application set to (0): 7d8cfdc
10-26 10:07:43.164 26660 26660 I ViewRootImpl@623994e[LauncherActivity]: Relayout returned: old=(0,0,1080,2280) new=(0,0,1080,2280) req=(1080,2280)8 dur=4 res=0x5 s={false 0} ch=true fn=24
10-26 10:07:43.164 26660 26660 I ViewRootImpl@623994e[LauncherActivity]: stopped(true) old=false
10-26 10:07:43.165 26660 26660 I BaseActivity: removeActivityFlags, flags : 17
10-26 10:07:43.166 26660 26660 W LauncherAppWidgetHost: setShouldListenFlag, mFlags:7 flag:start on:false isFront:false
10-26 10:07:43.166 26660 26792 I IMM_LC  : hsifw() - flags=0, caller=android.view.inputmethod.InputMethodManager.hideSoftInputFromWindow:1846 android.view.inputmethod.InputMethodManager.hideSoftInputFromWindow:1815 com.android.launcher3.util.UiThreadHelper$UiCallbacks.handleMessage:103 android.os.Handler.dispatchMessage:102 android.os.Looper.loopOnce:226
10-26 10:07:43.166 26660 26792 I IMM_LC  : hideSoftInputFromWindow - mService.hideSoftInput
10-26 10:07:43.166   954  3937 I AppWidgetServiceImpl: stopListening callbacks : null
10-26 10:07:43.166   620   620 I Layer   : id=190368 removeFromCurrentState com.example.dogglers/com.example.dogglers.HorizontalListActivity$_18320#0 (187)
10-26 10:07:43.166   620   620 I Layer   : id=190367 removeFromCurrentState e136a7f com.example.dogglers/com.example.dogglers.HorizontalListActivity#0 (187)
10-26 10:07:43.167   620   620 I Layer   : id=190366 removeFromCurrentState ActivityRecord{73a3eee u0 com.example.dogglers/.HorizontalListActivity t30240}#0 (187)
10-26 10:07:43.167   620   620 I Layer   : id=190359 removeFromCurrentState ActivityRecord{3ce05bc u0 com.example.dogglers/androidx.test.core.app.InstrumentationActivityInvoker$BootstrapActivity t30240}#0 (187)
10-26 10:07:43.167   620   620 D Layer   : setBackgroundBlurRadius ## OneUiHome-BlurLayer#0, backgroundBlurRadius=0
10-26 10:07:43.167   620   620 I SurfaceFlinger: id=190351 Removed OneUiHome-BlurLayer#0 (187)
10-26 10:07:43.167   620   620 I SurfaceFlinger: id=190359 Removed ActivityRecord{3ce05bc u0 com.example.dogglers/androidx.test.core.app.InstrumentationActivityInvoker$BootstrapActivity t30240}#0 (187)
10-26 10:07:43.167   620   620 I SurfaceFlinger: id=190366 Removed ActivityRecord{73a3eee u0 com.example.dogglers/.HorizontalListActivity t30240}#0 (187)
10-26 10:07:43.167   620   620 I SurfaceFlinger: id=190367 Removed e136a7f com.example.dogglers/com.example.dogglers.HorizontalListActivity#0 (187)
10-26 10:07:43.167   620   620 I SurfaceFlinger: id=190368 Removed com.example.dogglers/com.example.dogglers.HorizontalListActivity$_18320#0 (187)
10-26 10:07:43.167   620   620 I Layer   : id=190359 Destroyed ActivityRecord{3ce05bc u0 com.example.dogglers/androidx.test.core.app.InstrumentationActivityInvoker$BootstrapActivity t30240}#0
10-26 10:07:43.167   620   620 I Layer   : id=190366 Destroyed ActivityRecord{73a3eee u0 com.example.dogglers/.HorizontalListActivity t30240}#0
10-26 10:07:43.167   620   620 I Layer   : id=190367 Destroyed e136a7f com.example.dogglers/com.example.dogglers.HorizontalListActivity#0
10-26 10:07:43.167   620   620 I Layer   : id=190368 Destroyed com.example.dogglers/com.example.dogglers.HorizontalListActivity$_18320#0
10-26 10:07:43.169   954  1015 D PersonaActivityHelper: Activity not in resumed state, do not run immediate lock
10-26 10:07:43.170 26660 26660 W LauncherAppWidgetHost: stopListening, mFlags:2 isFront:false
10-26 10:07:43.170 26660 26660 W Launcher.NotificationListener: removeNotificationsChangedListener
10-26 10:07:43.170 26660 26660 I BadgeCountUpdaterImpl: onNotificationsChangedDisConnected
10-26 10:07:43.171 26660 26660 I Launcher.NotificationListener: unregisterObserver, this is not notificationService!!
10-26 10:07:43.171 26660 26792 I LiveIconUpdateEventHandler: LiveIcon onStop
10-26 10:07:43.172 26660 26792 I LiveIconUpdateEventHandler: cancelMinuteChangeAlarm
10-26 10:07:43.172 26660 26792 I LiveIconUpdateEventHandler: cancelDateChangeAlarm
10-26 10:07:43.173 18320 18355 D OpenGLRenderer: setSurface called with nullptr
10-26 10:07:43.173 18320 18355 D OpenGLRenderer: setSurface() destroyed EGLSurface
10-26 10:07:43.173 18320 18355 D OpenGLRenderer: destroyEglSurface
10-26 10:07:43.173 26660 26792 I LiveIconUpdateEventHandler: unregisterReceiver
10-26 10:07:43.174   954  3917 V WindowManager: Relayout Window{46e35bb u0 com.example.dogglers/androidx.test.core.app.InstrumentationActivityInvoker$EmptyActivity}: viewVisibility=8 req=1080x2280 d0
10-26 10:07:43.175   954  3917 V WindowManager: Relayout hash=46e35bb, pid=18320: mAttrs={(0,0)(fillxfill) sim={adjust=pan forwardNavigation} ty=BASE_APPLICATION wanim=0x1030001
10-26 10:07:43.175   954  3917 V WindowManager:   fl=1810100
10-26 10:07:43.175   954  3917 V WindowManager:   pfl=12020040
10-26 10:07:43.175   954  3917 V WindowManager:   apr=LIGHT_NAVIGATION_BARS
10-26 10:07:43.175   954  3917 V WindowManager:   bhv=DEFAULT
10-26 10:07:43.175   954  3917 V WindowManager:   fitSides= naviIconColor=0
10-26 10:07:43.175   954  3917 V WindowManager:   sfl=100000}
10-26 10:07:43.176 18320 18320 I ViewRootImpl@435dd0[InstrumentationActivityInvoker$EmptyActivity]: Relayout returned: old=(0,0,1080,2280) new=(0,0,1080,2280) req=(1080,2280)8 dur=3 res=0x5 s={false 0} ch=false fn=-1
10-26 10:07:43.176 18320 18320 I ViewRootImpl@11516e8[InstrumentationActivityInvoker$EmptyActivity]: MSG_WINDOW_FOCUS_CHANGED 1 1
10-26 10:07:43.177 18320 18320 D InputMethodManager: startInputInner - Id : 0
10-26 10:07:43.177 18320 18320 I InputMethodManager: startInputInner - mService.startInputOrWindowGainedFocus
10-26 10:07:43.177   954  3937 D InputMethodManagerServicePhysicalKey: isConnectedDexOnPC false
10-26 10:07:43.177   954  3937 D InputMethodManagerService: isImeSwitcherDisabledPackage : false
10-26 10:07:43.179 18320 18320 D LifecycleMonitor: Lifecycle status change: androidx.test.core.app.InstrumentationActivityInvoker$EmptyActivity@8ab55cd in: DESTROYED
10-26 10:07:43.179 18320 18320 V ActivityScenario: Activity lifecycle changed event received but ignored because the intent does not match. startActivityIntent=Intent { act=android.intent.action.MAIN cat=[android.intent.category.LAUNCHER] cmp=com.example.dogglers/.HorizontalListActivity }, activity.getIntent()=Intent { act=android.intent.action.MAIN cat=[android.intent.category.LAUNCHER] flg=0x10000000 cmp=com.example.dogglers/androidx.test.core.app.InstrumentationActivityInvoker$EmptyActivity }, activity=androidx.test.core.app.InstrumentationActivityInvoker$EmptyActivity@8ab55cd
10-26 10:07:43.180 18320 18355 D OpenGLRenderer: setSurface called with nullptr
10-26 10:07:43.180 18320 18320 I ViewRootImpl@435dd0[InstrumentationActivityInvoker$EmptyActivity]: dispatchDetachedFromWindow
10-26 10:07:43.180   954  3956 D InputTransport: Input channel destroyed: '46e35bb', fd=954
10-26 10:07:43.180   954  3956 W InputManager-JNI: Input channel object '46e35bb com.example.dogglers/androidx.test.core.app.InstrumentationActivityInvoker$EmptyActivity (client)' was disposed without first being removed with the input manager!
10-26 10:07:43.180   954  3956 D InputTransport: Input channel destroyed: '46e35bb', fd=961
10-26 10:07:43.181   620  3677 I SurfaceFlinger: id=190387 createSurf (0x0),-1 flag=24004, Surface(name=2188bee InputMethod)/@0xe151908 - animation-leash of insets_animation#1
10-26 10:07:43.183   620   620 I Layer   : id=190378 removeFromCurrentState com.example.dogglers/androidx.test.core.app.InstrumentationActivityInvoker$EmptyActivity$_18320#0 (184)
10-26 10:07:43.184   954  3937 D InputDispatcher: Focus left window (0): 7570922 com.example.dogglers/androidx.test.core.app.InstrumentationActivityInvoker$EmptyActivity
10-26 10:07:43.184 18320 18320 D InputTransport: Input channel destroyed: '46e35bb', fd=116
10-26 10:07:43.187 26660 26687 I RecentModel: onTaskStackChangedBackground
10-26 10:07:43.188 18320 18320 D LifecycleMonitor: Lifecycle status change: androidx.test.core.app.InstrumentationActivityInvoker$EmptyActivity@fea7185 in: PAUSED
10-26 10:07:43.188 18320 18320 V ActivityScenario: Activity lifecycle changed event received but ignored because the intent does not match. startActivityIntent=Intent { act=android.intent.action.MAIN cat=[android.intent.category.LAUNCHER] cmp=com.example.dogglers/.HorizontalListActivity }, activity.getIntent()=Intent { act=android.intent.action.MAIN cat=[android.intent.category.LAUNCHER] flg=0x10000000 cmp=com.example.dogglers/androidx.test.core.app.InstrumentationActivityInvoker$EmptyActivity }, activity=androidx.test.core.app.InstrumentationActivityInvoker$EmptyActivity@fea7185
10-26 10:07:43.189   954  3917 I SemDvfsHyPerManager: acquire hyper - AMS_APP_HOME/954@32, type = -999
10-26 10:07:43.189   566   611 I HYPER-HAL: [RequestManager.cpp]acquire(): Acquired ID : 486623  [954 / 32]    HINT : AMS_APP_HOME    list :
10-26 10:07:43.190  3825  3825 I SemDvfsHyPerManager: acquire hyper - APP_START_SHORT/3825@14, type = -999
10-26 10:07:43.190 26660 26660 I ViewRootImpl@623994e[LauncherActivity]: handleAppVisibility mAppVisible=false visible=true
10-26 10:07:43.190   566   611 I HYPER-HAL: [RequestManager.cpp]acquire(): Acquired ID : 7370894  [3825 / 14]    HINT : APP_START    list : [TIMEOUT / 1500]
10-26 10:07:43.192   529   535 E statsd  : Predicate 5980654721335871649 dropping data for dimension key (10)0x2010101->10988[I] (10)0x30000->*launch*[S]
10-26 10:07:43.192   529   535 E statsd  : Predicate -7037417284711607308 dropping data for dimension key (10)0x2010101->10988[I] (10)0x30000->*launch*[S]
10-26 10:07:43.194 18320 18320 I ViewRootImpl@11516e8[InstrumentationActivityInvoker$EmptyActivity]: MSG_WINDOW_FOCUS_CHANGED 0 1
10-26 10:07:43.195 18320 18346 I TestRunner: finished: recycler_view_item_count(com.example.dogglers.HorizontalListTests)
