10-26 10:07:48.406 26660 27021 I ViewRootImpl@623994e[LauncherActivity]: mWNT: t = android.view.SurfaceControl$Transaction@aee7f06 fN = 43 com.android.systemui.shared.system.ViewRootImplCompat.mergeWithNextTransaction:62 com.android.quickstep.util.SurfaceTransactionApplier.lambda$scheduleApply$0$SurfaceTransactionApplier:94 com.android.quickstep.util.-$$Lambda$SurfaceTransactionApplier$Xj9m0ayWHIr2xvQnKB4EJdxg8RU.accept:6
10-26 10:07:48.406 26660 27021 I ViewRootImpl@623994e[LauncherActivity]: mWNT: merge t to BBQ
10-26 10:07:48.423 26660 27022 I ViewRootImpl@623994e[LauncherActivity]: mWNT: t = android.view.SurfaceControl$Transaction@6e419c7 fN = 44 com.android.systemui.shared.system.ViewRootImplCompat.mergeWithNextTransaction:62 com.android.quickstep.util.SurfaceTransactionApplier.lambda$scheduleApply$0$SurfaceTransactionApplier:94 com.android.quickstep.util.-$$Lambda$SurfaceTransactionApplier$Xj9m0ayWHIr2xvQnKB4EJdxg8RU.accept:6
10-26 10:07:48.423 26660 27022 I ViewRootImpl@623994e[LauncherActivity]: mWNT: merge t to BBQ
10-26 10:07:48.440 26660 27021 I ViewRootImpl@623994e[LauncherActivity]: mWNT: t = android.view.SurfaceControl$Transaction@5e3cbf4 fN = 45 com.android.systemui.shared.system.ViewRootImplCompat.mergeWithNextTransaction:62 com.android.quickstep.util.SurfaceTransactionApplier.lambda$scheduleApply$0$SurfaceTransactionApplier:94 com.android.quickstep.util.-$$Lambda$SurfaceTransactionApplier$Xj9m0ayWHIr2xvQnKB4EJdxg8RU.accept:6
10-26 10:07:48.440 26660 27021 I ViewRootImpl@623994e[LauncherActivity]: mWNT: merge t to BBQ
10-26 10:07:48.456 26660 27022 I ViewRootImpl@623994e[LauncherActivity]: mWNT: t = android.view.SurfaceControl$Transaction@cda5f1d fN = 46 com.android.systemui.shared.system.ViewRootImplCompat.mergeWithNextTransaction:62 com.android.quickstep.util.SurfaceTransactionApplier.lambda$scheduleApply$0$SurfaceTransactionApplier:94 com.android.quickstep.util.-$$Lambda$SurfaceTransactionApplier$Xj9m0ayWHIr2xvQnKB4EJdxg8RU.accept:6
10-26 10:07:48.456 26660 27022 I ViewRootImpl@623994e[LauncherActivity]: mWNT: merge t to BBQ
10-26 10:07:48.473 26660 26660 W AppTransitionAnimatorImpl: onAnimationEnd - APP OUT, Execution time for each frame : Start-(1)-0-(0)-0-(11)-0-(17)-1-(15)-0-(17)-0-(16)-1-(16)-0-(17)-0-(17)-0-(17)-0-(16)-0-(17)-0-(17)-0-(17)-0-(16)-0-(17)-0-(17)-0-(16)-1-(16)-0-(17)-0-(17)-0-(17)-0-End
10-26 10:07:48.473 26660 26660 I AppTransitionAnimatorImpl: resetContentView
10-26 10:07:48.473 26660 27021 I ViewRootImpl@623994e[LauncherActivity]: mWNT: t = android.view.SurfaceControl$Transaction@f638592 fN = 47 com.android.systemui.shared.system.ViewRootImplCompat.mergeWithNextTransaction:62 com.android.quickstep.util.SurfaceTransactionApplier.lambda$scheduleApply$0$SurfaceTransactionApplier:94 com.android.quickstep.util.-$$Lambda$SurfaceTransactionApplier$Xj9m0ayWHIr2xvQnKB4EJdxg8RU.accept:6
10-26 10:07:48.473 26660 27021 I ViewRootImpl@623994e[LauncherActivity]: mWNT: merge t to BBQ
10-26 10:07:48.474 26660 26660 W Launcher: onEnterAnimationComplete
10-26 10:07:48.475 18320 18320 I ViewRootImpl@926fd50[InstrumentationActivityInvoker$EmptyActivity]: handleAppVisibility mAppVisible=true visible=false
10-26 10:07:48.489   620   620 I Layer   : id=190574 removeFromCurrentState Surface(name=Task=30245)/@0x571c698 - animation-leash of app_transition#1 (183)
10-26 10:07:48.489   620   620 I Layer   : id=190575 removeFromCurrentState Surface(name=Task=1)/@0x4cdbfdb - animation-leash of app_transition#1 (183)
10-26 10:07:48.490 18320 18355 D OpenGLRenderer: setSurface called with nullptr
10-26 10:07:48.490 18320 18355 D OpenGLRenderer: setSurface() destroyed EGLSurface
10-26 10:07:48.490 18320 18355 D OpenGLRenderer: destroyEglSurface
10-26 10:07:48.491   954  3919 V WindowManager: Relayout Window{affea07 u0 com.example.dogglers/androidx.test.core.app.InstrumentationActivityInvoker$EmptyActivity}: viewVisibility=8 req=1080x2280 d0
10-26 10:07:48.492   954  3919 V WindowManager: Relayout hash=affea07, pid=18320: mAttrs={(0,0)(fillxfill) sim={adjust=pan forwardNavigation} ty=BASE_APPLICATION wanim=0x1030001
10-26 10:07:48.492   954  3919 V WindowManager:   fl=1810100
10-26 10:07:48.492   954  3919 V WindowManager:   pfl=12020040
10-26 10:07:48.492   954  3919 V WindowManager:   apr=LIGHT_NAVIGATION_BARS
10-26 10:07:48.492   954  3919 V WindowManager:   bhv=DEFAULT
10-26 10:07:48.492   954  3919 V WindowManager:   fitSides= naviIconColor=0
10-26 10:07:48.492   954  3919 V WindowManager:   sfl=100000}
10-26 10:07:48.493 18320 18320 I ViewRootImpl@926fd50[InstrumentationActivityInvoker$EmptyActivity]: Relayout returned: old=(0,0,1080,2280) new=(0,0,1080,2280) req=(1080,2280)8 dur=2 res=0x5 s={false 0} ch=true fn=2
10-26 10:07:48.493 18320 18320 I ViewRootImpl@926fd50[InstrumentationActivityInvoker$EmptyActivity]: stopped(true) old=false
10-26 10:07:48.493 18320 18320 D LifecycleMonitor: Lifecycle status change: androidx.test.core.app.InstrumentationActivityInvoker$EmptyActivity@6bba74d in: STOPPED
10-26 10:07:48.493 18320 18320 V ActivityScenario: Activity lifecycle changed event received but ignored because the intent does not match. startActivityIntent=Intent { act=android.intent.action.MAIN cat=[android.intent.category.LAUNCHER] cmp=com.example.dogglers/.VerticalListActivity }, activity.getIntent()=Intent { act=android.intent.action.MAIN cat=[android.intent.category.LAUNCHER] flg=0x10000000 cmp=com.example.dogglers/androidx.test.core.app.InstrumentationActivityInvoker$EmptyActivity }, activity=androidx.test.core.app.InstrumentationActivityInvoker$EmptyActivity@6bba74d
10-26 10:07:48.494 18320 18320 D LifecycleMonitor: Lifecycle status change: androidx.test.core.app.InstrumentationActivityInvoker$EmptyActivity@6bba74d in: DESTROYED
10-26 10:07:48.494 18320 18320 V ActivityScenario: Activity lifecycle changed event received but ignored because the intent does not match. startActivityIntent=Intent { act=android.intent.action.MAIN cat=[android.intent.category.LAUNCHER] cmp=com.example.dogglers/.VerticalListActivity }, activity.getIntent()=Intent { act=android.intent.action.MAIN cat=[android.intent.category.LAUNCHER] flg=0x10000000 cmp=com.example.dogglers/androidx.test.core.app.InstrumentationActivityInvoker$EmptyActivity }, activity=androidx.test.core.app.InstrumentationActivityInvoker$EmptyActivity@6bba74d
10-26 10:07:48.495 18320 18355 D OpenGLRenderer: setSurface called with nullptr
10-26 10:07:48.495 18320 18320 I ViewRootImpl@926fd50[InstrumentationActivityInvoker$EmptyActivity]: dispatchDetachedFromWindow
10-26 10:07:48.495   954  3919 D InputTransport: Input channel destroyed: 'affea07', fd=1313
10-26 10:07:48.495   954  3919 W InputManager-JNI: Input channel object 'affea07 com.example.dogglers/androidx.test.core.app.InstrumentationActivityInvoker$EmptyActivity (client)' was disposed without first being removed with the input manager!
10-26 10:07:48.495   954  3919 D InputTransport: Input channel destroyed: 'affea07', fd=1315
10-26 10:07:48.497 18320 18320 D InputTransport: Input channel destroyed: 'affea07', fd=136
10-26 10:07:48.498 18320 18320 I ViewRootImpl@2ef7f38[InstrumentationActivityInvoker$EmptyActivity]: stopped(true) old=false
10-26 10:07:48.499 18320 18320 D LifecycleMonitor: Lifecycle status change: androidx.test.core.app.InstrumentationActivityInvoker$EmptyActivity@ebdba95 in: STOPPED
10-26 10:07:48.499 18320 18320 V ActivityScenario: Activity lifecycle changed event received but ignored because the intent does not match. startActivityIntent=Intent { act=android.intent.action.MAIN cat=[android.intent.category.LAUNCHER] cmp=com.example.dogglers/.VerticalListActivity }, activity.getIntent()=Intent { act=android.intent.action.MAIN cat=[android.intent.category.LAUNCHER] flg=0x10000000 cmp=com.example.dogglers/androidx.test.core.app.InstrumentationActivityInvoker$EmptyActivity }, activity=androidx.test.core.app.InstrumentationActivityInvoker$EmptyActivity@ebdba95
10-26 10:07:48.500 18320 18320 D LifecycleMonitor: Lifecycle status change: androidx.test.core.app.InstrumentationActivityInvoker$EmptyActivity@ebdba95 in: DESTROYED
10-26 10:07:48.500 18320 18320 V ActivityScenario: Activity lifecycle changed event received but ignored because the intent does not match. startActivityIntent=Intent { act=android.intent.action.MAIN cat=[android.intent.category.LAUNCHER] cmp=com.example.dogglers/.VerticalListActivity }, activity.getIntent()=Intent { act=android.intent.action.MAIN cat=[android.intent.category.LAUNCHER] flg=0x10000000 cmp=com.example.dogglers/androidx.test.core.app.InstrumentationActivityInvoker$EmptyActivity }, activity=androidx.test.core.app.InstrumentationActivityInvoker$EmptyActivity@ebdba95
10-26 10:07:48.500 18320 18355 D OpenGLRenderer: setSurface called with nullptr
10-26 10:07:48.500 18320 18355 D OpenGLRenderer: setSurface() destroyed EGLSurface
10-26 10:07:48.500 18320 18355 D OpenGLRenderer: destroyEglSurface
10-26 10:07:48.501 18320 18320 I ViewRootImpl@2ef7f38[InstrumentationActivityInvoker$EmptyActivity]: dispatchDetachedFromWindow
10-26 10:07:48.501   954  3919 D InputTransport: Input channel destroyed: '8cfd46c', fd=1282
10-26 10:07:48.501   954  3919 W InputManager-JNI: Input channel object '8cfd46c com.example.dogglers/androidx.test.core.app.InstrumentationActivityInvoker$EmptyActivity (client)' was disposed without first being removed with the input manager!
10-26 10:07:48.501   954  3919 D InputTransport: Input channel destroyed: '8cfd46c', fd=1283
10-26 10:07:48.505 18320 18320 D InputTransport: Input channel destroyed: '8cfd46c', fd=117
10-26 10:07:48.506   620   620 I Layer   : id=190576 removeFromCurrentState Surface(name=WallpaperWindowToken{811eee0 token=android.os.Binder@7a05c9d})/@0xd37415d - animation-leash of window_animation#0 (183)
10-26 10:07:48.506   620   620 I Layer   : id=190571 removeFromCurrentState com.example.dogglers/androidx.test.core.app.InstrumentationActivityInvoker$EmptyActivity$_18320#1 (183)
10-26 10:07:48.506   620   620 I Layer   : id=190570 removeFromCurrentState affea07 com.example.dogglers/androidx.test.core.app.InstrumentationActivityInvoker$EmptyActivity#0 (183)
10-26 10:07:48.506   620   620 I Layer   : id=190566 removeFromCurrentState com.example.dogglers/androidx.test.core.app.InstrumentationActivityInvoker$EmptyActivity$_18320#0 (183)
10-26 10:07:48.506   620   620 I Layer   : id=190569 removeFromCurrentState ActivityRecord{29e28e9 u0 com.example.dogglers/androidx.test.core.app.InstrumentationActivityInvoker$EmptyActivity t30245}#0 (183)
10-26 10:07:48.506   620   620 I Layer   : id=190565 removeFromCurrentState 8cfd46c com.example.dogglers/androidx.test.core.app.InstrumentationActivityInvoker$EmptyActivity#0 (183)
10-26 10:07:48.506   620   620 I SurfaceFlinger: id=190569 Removed ActivityRecord{29e28e9 u0 com.example.dogglers/androidx.test.core.app.InstrumentationActivityInvoker$EmptyActivity t30245}#0 (183)
10-26 10:07:48.506   620   620 I SurfaceFlinger: id=190565 Removed 8cfd46c com.example.dogglers/androidx.test.core.app.InstrumentationActivityInvoker$EmptyActivity#0 (183)
10-26 10:07:48.506   620   620 I SurfaceFlinger: id=190570 Removed affea07 com.example.dogglers/androidx.test.core.app.InstrumentationActivityInvoker$EmptyActivity#0 (183)
10-26 10:07:48.506   620   620 I SurfaceFlinger: id=190566 Removed com.example.dogglers/androidx.test.core.app.InstrumentationActivityInvoker$EmptyActivity$_18320#0 (183)
10-26 10:07:48.506   620   620 I SurfaceFlinger: id=190571 Removed com.example.dogglers/androidx.test.core.app.InstrumentationActivityInvoker$EmptyActivity$_18320#1 (183)
10-26 10:07:48.507   620   620 I Layer   : id=190565 Destroyed 8cfd46c com.example.dogglers/androidx.test.core.app.InstrumentationActivityInvoker$EmptyActivity#0
10-26 10:07:48.507 18320 18320 I ViewRootImpl@e2417e7[VerticalListActivity]: stopped(true) old=false
10-26 10:07:48.507   620   620 I Layer   : id=190566 Destroyed com.example.dogglers/androidx.test.core.app.InstrumentationActivityInvoker$EmptyActivity$_18320#0
10-26 10:07:48.507   620   620 I Layer   : id=190569 Destroyed ActivityRecord{29e28e9 u0 com.example.dogglers/androidx.test.core.app.InstrumentationActivityInvoker$EmptyActivity t30245}#0
10-26 10:07:48.507   620   620 I Layer   : id=190570 Destroyed affea07 com.example.dogglers/androidx.test.core.app.InstrumentationActivityInvoker$EmptyActivity#0
10-26 10:07:48.507   620   620 I Layer   : id=190571 Destroyed com.example.dogglers/androidx.test.core.app.InstrumentationActivityInvoker$EmptyActivity$_18320#1
10-26 10:07:48.508 18320 18320 D LifecycleMonitor: Lifecycle status change: com.example.dogglers.VerticalListActivity@3b63e59 in: STOPPED
10-26 10:07:48.508 18320 18320 V ActivityScenario: Update currentActivityStage to STOPPED, currentActivity=com.example.dogglers.VerticalListActivity@3b63e59
10-26 10:07:48.508   954  3919 D InputDispatcher: Focus entered window (0): 4ad90e6 com.sec.android.app.launcher/com.sec.android.app.launcher.activities.LauncherActivity
10-26 10:07:48.509 26660 26660 I ViewRootImpl@623994e[LauncherActivity]: MSG_WINDOW_FOCUS_CHANGED 1 1
10-26 10:07:48.509 26660 26660 I BaseActivity: addActivityFlags, flags : 8
10-26 10:07:48.509 18320 18320 D LifecycleMonitor: Lifecycle status change: com.example.dogglers.VerticalListActivity@3b63e59 in: DESTROYED
10-26 10:07:48.509 18320 18320 V ActivityScenario: Update currentActivityStage to DESTROYED, currentActivity=null
10-26 10:07:48.509 18320 18346 I TestRunner: finished: vertical_scroll_content_at_last_position(com.example.dogglers.VerticalListTests)
