10-26 10:07:49.960   954  3917 D InputTransport: Input channel constructed: 'b7758c4', fd=1413
10-26 10:07:49.960   954  3917 D InputTransport: Input channel constructed: 'b7758c4', fd=1418
10-26 10:07:49.960   954  3917 D InputTransport: Input channel constructed: 'b7758c4', fd=1419
10-26 10:07:49.960   620   810 I SurfaceFlinger: id=190637 createSurf (0x0),-1 flag=80004, b7758c4 com.example.dogglers/androidx.test.core.app.InstrumentationActivityInvoker$EmptyActivity#0
10-26 10:07:49.961   954  3917 D InputTransport: Input channel destroyed: 'b7758c4', fd=1419
10-26 10:07:49.962 18320 18320 I ViewRootImpl@6226fb9[InstrumentationActivityInvoker$EmptyActivity]: setView = com.android.internal.policy.DecorView@f4d8d80 TM=true
10-26 10:07:49.963   954  3937 D InputDispatcher: Focus left window (0): 3545f1b com.example.dogglers/com.example.dogglers.VerticalListActivity
10-26 10:07:49.964   954  1054 D AnalyticsContainerHandler: handleMessage : { when=0 what=1 target=com.android.server.knox.KnoxAnalyticsContainer$AnalyticsHandler }
10-26 10:07:49.964   954  3917 V WindowManager: Relayout Window{b7758c4 u0 com.example.dogglers/androidx.test.core.app.InstrumentationActivityInvoker$EmptyActivity}: viewVisibility=0 req=1080x2280 d0
10-26 10:07:49.965   620   810 I SurfaceFlinger: id=190638 createSurf (1x1),-3 flag=40004, com.example.dogglers/androidx.test.core.app.InstrumentationActivityInvoker$EmptyActivity$_18320#0
10-26 10:07:49.968   620   810 I SurfaceFlinger: id=190639 createSurf (0x0),-1 flag=24000, Surface(name=2fa8401 StatusBar)/@0xf000e26 - animation-leash of insets_animation#1
10-26 10:07:49.969   620   810 I SurfaceFlinger: id=190640 createSurf (0x0),-1 flag=24000, Surface(name=be23078 NavigationBar0)/@0x50010bd - animation-leash of insets_animation#1
10-26 10:07:49.970   954  3917 V WindowManager: Relayout hash=b7758c4, pid=18320: mAttrs={(0,0)(fillxfill) sim={adjust=pan forwardNavigation} ty=BASE_APPLICATION wanim=0x1030001
10-26 10:07:49.970   954  3917 V WindowManager:   fl=1810100
10-26 10:07:49.970   954  3917 V WindowManager:   pfl=12020040
10-26 10:07:49.970   954  3917 V WindowManager:   apr=LIGHT_NAVIGATION_BARS
10-26 10:07:49.970   954  3917 V WindowManager:   bhv=DEFAULT
10-26 10:07:49.970   954  3917 V WindowManager:   fitSides= naviIconColor=0
10-26 10:07:49.970   954  3917 V WindowManager:   sfl=100000}
10-26 10:07:49.972 18320 18320 I ViewRootImpl@6226fb9[InstrumentationActivityInvoker$EmptyActivity]: Relayout returned: old=(0,0,1080,2280) new=(0,0,1080,2280) req=(1080,2280)0 dur=7 res=0x7 s={true 515080349744} ch=true fn=-1
10-26 10:07:49.973 18320 18355 D OpenGLRenderer: eglCreateWindowSurface
10-26 10:07:49.973 18320 18320 I ViewRootImpl@6226fb9[InstrumentationActivityInvoker$EmptyActivity]: [DP] dp(1) 1 android.view.ViewRootImpl.reportNextDraw:11420 android.view.ViewRootImpl.performTraversals:4193 android.view.ViewRootImpl.doTraversal:2919
10-26 10:07:49.979 18320 18320 I ViewRootImpl@6226fb9[InstrumentationActivityInvoker$EmptyActivity]: [DP] pdf(0) 1 android.view.ViewRootImpl.lambda$addFrameCompleteCallbackIfNeeded$3$ViewRootImpl:4995 android.view.ViewRootImpl$$ExternalSyntheticLambda16.run:6 android.os.Handler.handleCallback:938
10-26 10:07:49.979 18320 18320 I ViewRootImpl@6226fb9[InstrumentationActivityInvoker$EmptyActivity]: [DP] rdf()
10-26 10:07:49.979 18320 18320 D ViewRootImpl@6226fb9[InstrumentationActivityInvoker$EmptyActivity]: reportDrawFinished (fn: -1)
10-26 10:07:49.981   954  1012 I ActivityTaskManager: Displayed com.example.dogglers/androidx.test.core.app.InstrumentationActivityInvoker$EmptyActivity: +48ms
10-26 10:07:49.982  2946  2946 E pageboostd: Received HALT command code 2
10-26 10:07:49.986 18320 18320 I ViewRootImpl@12e78bc[VerticalListActivity]: MSG_WINDOW_FOCUS_CHANGED 0 1
10-26 10:07:49.987 18320 18320 D InsetsSourceConsumer: ensureControlAlpha: for ITYPE_NAVIGATION_BAR on com.example.dogglers/androidx.test.core.app.InstrumentationActivityInvoker$EmptyActivity
10-26 10:07:49.988 18320 18320 D InsetsSourceConsumer: ensureControlAlpha: for ITYPE_STATUS_BAR on com.example.dogglers/androidx.test.core.app.InstrumentationActivityInvoker$EmptyActivity
10-26 10:07:49.991   954  3937 I SemDvfsHyPerManager: acquire hyper - AMS_RESUME_TAIL/954@19, type = -999
10-26 10:07:49.991   954  3937 I SemDvfsHyPerManager: acquire hyper - AMS_ACT_LAZY/954@20, type = -999
10-26 10:07:49.991   566   611 I HYPER-HAL: [RequestManager.cpp]acquire(): Acquired ID : 473870  [954 / 19]    HINT : AMS_RESUME_TAIL    list :
10-26 10:07:49.991   566   611 I HYPER-HAL: [RequestManager.cpp]releaseLocked(): Released ID : 471923
10-26 10:07:49.992   529   535 E statsd  : Predicate 5980654721335871649 dropping data for dimension key (10)0x2010101->10988[I] (10)0x30000->*launch*[S]
10-26 10:07:49.992   529   535 E statsd  : Predicate -7037417284711607308 dropping data for dimension key (10)0x2010101->10988[I] (10)0x30000->*launch*[S]
10-26 10:07:49.995   954  3957 I SemDvfsHyPerManager: acquire hyper - AMS_ACT_START/954@17, type = -999
10-26 10:07:49.995   566   611 I HYPER-HAL: [RequestManager.cpp]acquire(): Acquired ID : 471923  [954 / 17]    HINT : AMS_ACT_START    list :
10-26 10:07:49.996   620   810 I SurfaceFlinger: id=190641 createSurf (0x0),-1 flag=80004, ActivityRecord{7c0f03a u0 com.example.dogglers/androidx.test.core.app.InstrumentationActivityInvoker$EmptyActivity t30247}#0
10-26 10:07:49.996   620   620 I Layer   : id=190631 removeFromCurrentState Surface(name=2fa8401 StatusBar)/@0xf000e26 - animation-leash of insets_animation#0 (192)
10-26 10:07:49.997   620   620 I Layer   : id=190632 removeFromCurrentState Surface(name=be23078 NavigationBar0)/@0x50010bd - animation-leash of insets_animation#0 (192)
10-26 10:07:49.997   620   620 I SurfaceFlinger: id=190631 Removed Surface(name=2fa8401 StatusBar)/@0xf000e26 - animation-leash of insets_animation#0 (192)
10-26 10:07:49.997   620   620 I SurfaceFlinger: id=190632 Removed Surface(name=be23078 NavigationBar0)/@0x50010bd - animation-leash of insets_animation#0 (192)
10-26 10:07:49.997   620   620 I Layer   : id=190631 Destroyed Surface(name=2fa8401 StatusBar)/@0xf000e26 - animation-leash of insets_animation#0
10-26 10:07:49.997   620   620 I Layer   : id=190632 Destroyed Surface(name=be23078 NavigationBar0)/@0x50010bd - animation-leash of insets_animation#0
10-26 10:07:49.999   954  3923 D InputDispatcher: Focus entered window (0): b7758c4 com.example.dogglers/androidx.test.core.app.InstrumentationActivityInvoker$EmptyActivity
10-26 10:07:49.999   529   535 E statsd  : Predicate 5980654721335871649 dropping data for dimension key (10)0x2010101->10988[I] (10)0x30000->*launch*[S]
10-26 10:07:49.999   529   535 E statsd  : Predicate -7037417284711607308 dropping data for dimension key (10)0x2010101->10988[I] (10)0x30000->*launch*[S]
10-26 10:07:50.001  1348  1371 D WallpaperService: dispatchAppVisibility onVisibilityChanged(): false
10-26 10:07:50.001 26660 26660 I ViewRootImpl@623994e[LauncherActivity]: handleAppVisibility mAppVisible=true visible=false
10-26 10:07:50.001  1348  1348 D WallpaperService: reportVisibility onVisibilityChanged visible: false
10-26 10:07:50.001  1348  1535 I ImageWallpaper:  onVisibilityChanged false , 0
10-26 10:07:50.002 18320 18320 D LifecycleMonitor: Lifecycle status change: androidx.test.core.app.InstrumentationActivityInvoker$EmptyActivity@c1699e4 in: PAUSED
10-26 10:07:50.002 18320 18320 V ActivityScenario: Activity lifecycle changed event received but ignored because the intent does not match. startActivityIntent=Intent { act=android.intent.action.MAIN cat=[android.intent.category.LAUNCHER] cmp=com.example.dogglers/.VerticalListActivity }, activity.getIntent()=Intent { act=android.intent.action.MAIN cat=[android.intent.category.LAUNCHER] flg=0x10000000 cmp=com.example.dogglers/androidx.test.core.app.InstrumentationActivityInvoker$EmptyActivity }, activity=androidx.test.core.app.InstrumentationActivityInvoker$EmptyActivity@c1699e4
10-26 10:07:50.002   954  1016 I SemDvfsHyPerManager: acquire hyper - AMS_RESUME_TAIL/954@19, type = -999
10-26 10:07:50.002   954  1016 I SemDvfsHyPerManager: acquire hyper - AMS_ACT_LAZY/954@20, type = -999
10-26 10:07:50.002   566   611 I HYPER-HAL: [RequestManager.cpp]acquire(): Acquired ID : 473870  [954 / 19]    HINT : AMS_RESUME_TAIL    list :
10-26 10:07:50.003   566   611 I HYPER-HAL: [RequestManager.cpp]releaseLocked(): Released ID : 471923
10-26 10:07:50.003   954  3937 I SemDvfsHyPerManager: acquire hyper - AMS_ACT_RESUME/954@33, type = -999
10-26 10:07:50.003   566   611 I HYPER-HAL: [RequestManager.cpp]acquire(): Acquired ID : 487611  [954 / 33]    HINT : AMS_ACT_RESUME    list :
10-26 10:07:50.003   620   620 D SurfaceFlinger: Display 0 HWC layers:
10-26 10:07:50.003   620   620 D SurfaceFlinger:      DEVICE | 0x7843db8130 | 0102 | RGBA_8888    |    0.0    0.0 1080.0 2280.0 |    0    0 1080 2280 | com.example.dogglers/androidx.test.c[...]tivityInvoker$EmptyActivity$_18320#0
10-26 10:07:50.003   620   620 D SurfaceFlinger:      DEVICE | 0x7843da26b0 | 0100 | RGBA_8888    |    0.0    0.0 1080.0  112.0 |    0    0 1080  112 | StatusBar$_1348#0
10-26 10:07:50.003   620   620 D SurfaceFlinger:      DEVICE | 0x7843daab70 | 0100 | RGBA_8888    |    0.0    0.0   67.0  416.0 |    0  814   67 1230 | com.samsung.android.app.cocktailbars[...]arservice.CocktailBarService$_8198#0
10-26 10:07:50.003   620   620 D SurfaceFlinger:      DEVICE | 0x7843da5dd0 | 0100 | RGBA_8888    |    0.0    0.0 1080.0  126.0 |    0 2154 1080 2280 | NavigationBar0$_1348#0
10-26 10:07:50.003   620   620 D SurfaceFlinger:
10-26 10:07:50.005   954  3937 D InputDispatcher: Focused application set to (0): 7c0f03a
10-26 10:07:50.008 18320 18320 I ViewRootImpl@6226fb9[InstrumentationActivityInvoker$EmptyActivity]: MSG_WINDOW_FOCUS_CHANGED 1 1
10-26 10:07:50.009 18320 18320 D InputMethodManager: startInputInner - Id : 0
10-26 10:07:50.009 18320 18320 I InputMethodManager: startInputInner - mService.startInputOrWindowGainedFocus
10-26 10:07:50.009   954  3937 D InputMethodManagerServicePhysicalKey: isConnectedDexOnPC false
10-26 10:07:50.010   954  3937 D InputMethodManagerService: isImeSwitcherDisabledPackage : false
10-26 10:07:50.012   954  1015 I SemPersonaManager: SecureFolder personaId = 150
10-26 10:07:50.012   620   620 I Layer   : id=190624 removeFromCurrentState Surface(name=Task=1)/@0x4cdbfdb - animation-leash of app_transition#0 (190)
10-26 10:07:50.012   620   620 I Layer   : id=190625 removeFromCurrentState Surface(name=Task=30247)/@0x7899fe9 - animation-leash of app_transition#0 (190)
10-26 10:07:50.013   620   620 I SurfaceFlinger: id=190625 Removed Surface(name=Task=30247)/@0x7899fe9 - animation-leash of app_transition#0 (190)
10-26 10:07:50.013   620   620 I SurfaceFlinger: id=190624 Removed Surface(name=Task=1)/@0x4cdbfdb - animation-leash of app_transition#0 (190)
10-26 10:07:50.013   620   620 I Layer   : id=190624 Destroyed Surface(name=Task=1)/@0x4cdbfdb - animation-leash of app_transition#0
10-26 10:07:50.013   620   620 I Layer   : id=190625 Destroyed Surface(name=Task=30247)/@0x7899fe9 - animation-leash of app_transition#0
10-26 10:07:50.015 18320 18320 D LifecycleMonitor: Lifecycle status change: androidx.test.core.app.InstrumentationActivityInvoker$EmptyActivity@9a43e0a in: PRE_ON_CREATE
10-26 10:07:50.015 18320 18320 V ActivityScenario: Activity lifecycle changed event received but ignored because the intent does not match. startActivityIntent=Intent { act=android.intent.action.MAIN cat=[android.intent.category.LAUNCHER] cmp=com.example.dogglers/.VerticalListActivity }, activity.getIntent()=Intent { act=android.intent.action.MAIN cat=[android.intent.category.LAUNCHER] flg=0x10000000 cmp=com.example.dogglers/androidx.test.core.app.InstrumentationActivityInvoker$EmptyActivity }, activity=androidx.test.core.app.InstrumentationActivityInvoker$EmptyActivity@9a43e0a
10-26 10:07:50.017   954  3937 V WindowManager: Relayout Window{4ad90e6 u0 com.sec.android.app.launcher/com.sec.android.app.launcher.activities.LauncherActivity}: viewVisibility=8 req=1080x2280 d0
10-26 10:07:50.017   954  1015 D EnterpriseDeviceManagerService: isMdmAdminPresentInternal() : MDM Admin Found - com.samsung.knox.securefolder
10-26 10:07:50.019   954  3937 V WindowManager: Relayout hash=4ad90e6, pid=26660: mAttrs={(0,0)(fillxfill) sim={adjust=nothing} layoutInDisplayCutoutMode=shortEdges ty=BASE_APPLICATION fmt=TRANSPARENT wanim=0x10302f2
10-26 10:07:50.019   954  3937 V WindowManager:   fl=81910100
10-26 10:07:50.019   954  3937 V WindowManager:   pfl=1e020040
10-26 10:07:50.019   954  3937 V WindowManager:   vsysui=1700
10-26 10:07:50.019   954  3937 V WindowManager:   bhv=SHOW_TRANSIENT_BARS_BY_SWIPE
10-26 10:07:50.019   954  3937 V WindowManager:   fitSides= naviIconColor=0}
10-26 10:07:50.020 26660 26660 I ViewRootImpl@623994e[LauncherActivity]: Relayout returned: old=(0,0,1080,2280) new=(0,0,1080,2280) req=(1080,2280)8 dur=2 res=0x5 s={false 0} ch=true fn=26
10-26 10:07:50.020 26660 26660 I ViewRootImpl@623994e[LauncherActivity]: stopped(true) old=false
10-26 10:07:50.021 26660 26660 I BaseActivity: removeActivityFlags, flags : 17
10-26 10:07:50.021 26660 26660 W LauncherAppWidgetHost: setShouldListenFlag, mFlags:7 flag:start on:false isFront:false
10-26 10:07:50.021   954  3923 I AppWidgetServiceImpl: stopListening callbacks : null
10-26 10:07:50.021 26660 26792 I IMM_LC  : hsifw() - flags=0, caller=android.view.inputmethod.InputMethodManager.hideSoftInputFromWindow:1846 android.view.inputmethod.InputMethodManager.hideSoftInputFromWindow:1815 com.android.launcher3.util.UiThreadHelper$UiCallbacks.handleMessage:103 android.os.Handler.dispatchMessage:102 android.os.Looper.loopOnce:226
10-26 10:07:50.021 26660 26792 I IMM_LC  : hideSoftInputFromWindow - mService.hideSoftInput
10-26 10:07:50.021 26660 26660 W LauncherAppWidgetHost: stopListening, mFlags:2 isFront:false
10-26 10:07:50.021 26660 26660 W Launcher.NotificationListener: removeNotificationsChangedListener
10-26 10:07:50.021 26660 26660 I BadgeCountUpdaterImpl: onNotificationsChangedDisConnected
10-26 10:07:50.021 26660 26660 I Launcher.NotificationListener: unregisterObserver, this is not notificationService!!
10-26 10:07:50.021  8198  8198 I Utils   : HomePackage : com.sec.android.app.launcher, resumePackageName : com.example.dogglers
10-26 10:07:50.021 26660 26792 I LiveIconUpdateEventHandler: LiveIcon onStop
10-26 10:07:50.022 26660 26792 I LiveIconUpdateEventHandler: cancelMinuteChangeAlarm
10-26 10:07:50.023 26660 26792 I LiveIconUpdateEventHandler: cancelDateChangeAlarm
10-26 10:07:50.026 26660 26792 I LiveIconUpdateEventHandler: unregisterReceiver
10-26 10:07:50.026 18320 18320 I DecorView: [INFO] isPopOver=false, config=true
10-26 10:07:50.026 18320 18320 I DecorView: updateCaptionType >> DecorView@bdf8c98[], isFloating=false, isApplication=true, hasWindowControllerCallback=true, hasWindowDecorCaption=false
10-26 10:07:50.027 18320 18320 D DecorView: setCaptionType = 0, this = DecorView@bdf8c98[]
10-26 10:07:50.028 18320 18320 I DecorView: getCurrentDensityDpi: from real metrics. densityDpi=420 msg=resources_loaded
10-26 10:07:50.028 18320 18320 D LifecycleMonitor: Lifecycle status change: androidx.test.core.app.InstrumentationActivityInvoker$EmptyActivity@9a43e0a in: CREATED
10-26 10:07:50.028 18320 18320 V ActivityScenario: Activity lifecycle changed event received but ignored because the intent does not match. startActivityIntent=Intent { act=android.intent.action.MAIN cat=[android.intent.category.LAUNCHER] cmp=com.example.dogglers/.VerticalListActivity }, activity.getIntent()=Intent { act=android.intent.action.MAIN cat=[android.intent.category.LAUNCHER] flg=0x10000000 cmp=com.example.dogglers/androidx.test.core.app.InstrumentationActivityInvoker$EmptyActivity }, activity=androidx.test.core.app.InstrumentationActivityInvoker$EmptyActivity@9a43e0a
10-26 10:07:50.029 18320 18320 D LifecycleMonitor: Lifecycle status change: androidx.test.core.app.InstrumentationActivityInvoker$EmptyActivity@9a43e0a in: STARTED
10-26 10:07:50.029 18320 18320 V ActivityScenario: Activity lifecycle changed event received but ignored because the intent does not match. startActivityIntent=Intent { act=android.intent.action.MAIN cat=[android.intent.category.LAUNCHER] cmp=com.example.dogglers/.VerticalListActivity }, activity.getIntent()=Intent { act=android.intent.action.MAIN cat=[android.intent.category.LAUNCHER] flg=0x10000000 cmp=com.example.dogglers/androidx.test.core.app.InstrumentationActivityInvoker$EmptyActivity }, activity=androidx.test.core.app.InstrumentationActivityInvoker$EmptyActivity@9a43e0a
10-26 10:07:50.029   620   620 D Layer   : setBackgroundBlurRadius ## OneUiHome-BlurLayer#0, backgroundBlurRadius=0
10-26 10:07:50.029   620   620 I SurfaceFlinger: id=190613 Removed OneUiHome-BlurLayer#0 (188)
10-26 10:07:50.030 18320 18320 D LifecycleMonitor: Lifecycle status change: androidx.test.core.app.InstrumentationActivityInvoker$EmptyActivity@9a43e0a in: RESUMED
10-26 10:07:50.030 18320 18320 V ActivityScenario: Activity lifecycle changed event received but ignored because the intent does not match. startActivityIntent=Intent { act=android.intent.action.MAIN cat=[android.intent.category.LAUNCHER] cmp=com.example.dogglers/.VerticalListActivity }, activity.getIntent()=Intent { act=android.intent.action.MAIN cat=[android.intent.category.LAUNCHER] flg=0x10000000 cmp=com.example.dogglers/androidx.test.core.app.InstrumentationActivityInvoker$EmptyActivity }, activity=androidx.test.core.app.InstrumentationActivityInvoker$EmptyActivity@9a43e0a
10-26 10:07:50.030   954  3937 D InputDispatcher: Focus left window (0): b7758c4 com.example.dogglers/androidx.test.core.app.InstrumentationActivityInvoker$EmptyActivity
10-26 10:07:50.035   954  3923 D InputTransport: Input channel constructed: '98c1edb', fd=1424
10-26 10:07:50.035   954  3923 D InputTransport: Input channel constructed: '98c1edb', fd=1428
10-26 10:07:50.035   954  3923 D InputTransport: Input channel constructed: '98c1edb', fd=1436
10-26 10:07:50.035   620   810 I SurfaceFlinger: id=190642 createSurf (0x0),-1 flag=80004, 98c1edb com.example.dogglers/androidx.test.core.app.InstrumentationActivityInvoker$EmptyActivity#0
10-26 10:07:50.036   954  3923 D InputTransport: Input channel destroyed: '98c1edb', fd=1436
10-26 10:07:50.037 18320 18320 I ViewRootImpl@955cf1[InstrumentationActivityInvoker$EmptyActivity]: setView = com.android.internal.policy.DecorView@bdf8c98 TM=true
10-26 10:07:50.038   954  1054 D AnalyticsContainerHandler: handleMessage : { when=0 what=1 target=com.android.server.knox.KnoxAnalyticsContainer$AnalyticsHandler }
10-26 10:07:50.038 18320 18320 I ViewRootImpl@12e78bc[VerticalListActivity]: stopped(true) old=false
10-26 10:07:50.039 18320 18320 D LifecycleMonitor: Lifecycle status change: com.example.dogglers.VerticalListActivity@cb77606 in: STOPPED
10-26 10:07:50.039 18320 18320 V ActivityScenario: Update currentActivityStage to STOPPED, currentActivity=com.example.dogglers.VerticalListActivity@cb77606
10-26 10:07:50.040 18320 18320 D LifecycleMonitor: Lifecycle status change: com.example.dogglers.VerticalListActivity@cb77606 in: DESTROYED
10-26 10:07:50.040 18320 18320 V ActivityScenario: Update currentActivityStage to DESTROYED, currentActivity=null
10-26 10:07:50.041 18320 18355 D OpenGLRenderer: setSurface called with nullptr
10-26 10:07:50.041 18320 18355 D OpenGLRenderer: setSurface() destroyed EGLSurface
10-26 10:07:50.041 18320 18355 D OpenGLRenderer: destroyEglSurface
10-26 10:07:50.042 18320 18320 I ViewRootImpl@12e78bc[VerticalListActivity]: dispatchDetachedFromWindow
10-26 10:07:50.042   954  3923 D InputTransport: Input channel destroyed: '3545f1b', fd=1379
10-26 10:07:50.042   954  3923 W InputManager-JNI: Input channel object '3545f1b com.example.dogglers/com.example.dogglers.VerticalListActivity (client)' was disposed without first being removed with the input manager!
10-26 10:07:50.042   954  3923 D InputTransport: Input channel destroyed: '3545f1b', fd=1410
10-26 10:07:50.043   620   810 I SurfaceFlinger: id=190643 createSurf (0x0),-1 flag=24004, Surface(name=2188bee InputMethod)/@0xe151908 - animation-leash of insets_animation#1
10-26 10:07:50.045 18320 18320 D InputTransport: Input channel destroyed: '3545f1b', fd=89
10-26 10:07:50.046   620   620 I Layer   : id=190610 removeFromCurrentState com.sec.android.app.launcher/com.sec.android.app.launcher.activities.LauncherActivity$_26660#0 (190)
10-26 10:07:50.046   620   620 I Layer   : id=190613 removeFromCurrentState OneUiHome-BlurLayer#0 (190)
10-26 10:07:50.046   620   620 I Layer   : id=190630 removeFromCurrentState com.example.dogglers/com.example.dogglers.VerticalListActivity$_18320#0 (190)
10-26 10:07:50.046   620   620 I Layer   : id=190629 removeFromCurrentState 3545f1b com.example.dogglers/com.example.dogglers.VerticalListActivity#0 (190)
10-26 10:07:50.046   620   620 I Layer   : id=190634 removeFromCurrentState Surface(name=2188bee InputMethod)/@0xe151908 - animation-leash of insets_animation#0 (190)
10-26 10:07:50.046   620   620 I SurfaceFlinger: id=190629 Removed 3545f1b com.example.dogglers/com.example.dogglers.VerticalListActivity#0 (190)
10-26 10:07:50.046   620   620 I SurfaceFlinger: id=190634 Removed Surface(name=2188bee InputMethod)/@0xe151908 - animation-leash of insets_animation#0 (190)
10-26 10:07:50.046   620   620 I SurfaceFlinger: id=190630 Removed com.example.dogglers/com.example.dogglers.VerticalListActivity$_18320#0 (190)
10-26 10:07:50.046   620   620 I SurfaceFlinger: id=190610 Removed com.sec.android.app.launcher/com.sec.android.app.launcher.activities.LauncherActivity$_26660#0 (190)
10-26 10:07:50.046   620   620 I Layer   : id=190610 Destroyed com.sec.android.app.launcher/com.sec.android.app.launcher.activities.LauncherActivity$_26660#0
10-26 10:07:50.046   620   620 I Layer   : id=190613 Destroyed OneUiHome-BlurLayer#0
10-26 10:07:50.047   620   620 I Layer   : id=190629 Destroyed 3545f1b com.example.dogglers/com.example.dogglers.VerticalListActivity#0
10-26 10:07:50.047   620   620 I Layer   : id=190630 Destroyed com.example.dogglers/com.example.dogglers.VerticalListActivity$_18320#0
10-26 10:07:50.047   620   620 I Layer   : id=190634 Destroyed Surface(name=2188bee InputMethod)/@0xe151908 - animation-leash of insets_animation#0
10-26 10:07:50.048 18320 18320 D LifecycleMonitor: Lifecycle status change: androidx.test.core.app.InstrumentationActivityInvoker$BootstrapActivity@e2cacf in: STOPPED
10-26 10:07:50.048 18320 18320 V ActivityScenario: Activity lifecycle changed event received but ignored because the intent does not match. startActivityIntent=Intent { act=android.intent.action.MAIN cat=[android.intent.category.LAUNCHER] cmp=com.example.dogglers/.VerticalListActivity }, activity.getIntent()=Intent { act=android.intent.action.MAIN cat=[android.intent.category.LAUNCHER] flg=0x10008000 cmp=com.example.dogglers/androidx.test.core.app.InstrumentationActivityInvoker$BootstrapActivity (has extras) }, activity=androidx.test.core.app.InstrumentationActivityInvoker$BootstrapActivity@e2cacf
10-26 10:07:50.049 18320 18320 D LifecycleMonitor: Lifecycle status change: androidx.test.core.app.InstrumentationActivityInvoker$BootstrapActivity@e2cacf in: DESTROYED
10-26 10:07:50.049 18320 18320 V ActivityScenario: Activity lifecycle changed event received but ignored because the intent does not match. startActivityIntent=Intent { act=android.intent.action.MAIN cat=[android.intent.category.LAUNCHER] cmp=com.example.dogglers/.VerticalListActivity }, activity.getIntent()=Intent { act=android.intent.action.MAIN cat=[android.intent.category.LAUNCHER] flg=0x10008000 cmp=com.example.dogglers/androidx.test.core.app.InstrumentationActivityInvoker$BootstrapActivity (has extras) }, activity=androidx.test.core.app.InstrumentationActivityInvoker$BootstrapActivity@e2cacf
10-26 10:07:50.052   954  3937 V WindowManager: Relayout Window{98c1edb u0 com.example.dogglers/androidx.test.core.app.InstrumentationActivityInvoker$EmptyActivity}: viewVisibility=0 req=1080x2280 d0
10-26 10:07:50.052   620   810 I SurfaceFlinger: id=190644 createSurf (1080x2280),-3 flag=40004, com.example.dogglers/androidx.test.core.app.InstrumentationActivityInvoker$EmptyActivity$_18320#1
10-26 10:07:50.055   620   810 I SurfaceFlinger: id=190645 createSurf (0x0),-1 flag=24000, Surface(name=2fa8401 StatusBar)/@0xf000e26 - animation-leash of insets_animation#0
10-26 10:07:50.056   620   810 I SurfaceFlinger: id=190646 createSurf (0x0),-1 flag=24000, Surface(name=be23078 NavigationBar0)/@0x50010bd - animation-leash of insets_animation#0
10-26 10:07:50.057   954  3937 V WindowManager: Relayout hash=98c1edb, pid=18320: mAttrs={(0,0)(fillxfill) sim={adjust=pan forwardNavigation} ty=BASE_APPLICATION wanim=0x1030001
10-26 10:07:50.057   954  3937 V WindowManager:   fl=1810100
10-26 10:07:50.057   954  3937 V WindowManager:   pfl=12020040
10-26 10:07:50.057   954  3937 V WindowManager:   apr=LIGHT_NAVIGATION_BARS
10-26 10:07:50.057   954  3937 V WindowManager:   bhv=DEFAULT
10-26 10:07:50.057   954  3937 V WindowManager:   fitSides= naviIconColor=0
10-26 10:07:50.057   954  3937 V WindowManager:   sfl=100000}
10-26 10:07:50.060 18320 18320 I ViewRootImpl@955cf1[InstrumentationActivityInvoker$EmptyActivity]: Relayout returned: old=(0,0,1080,2280) new=(0,0,1080,2280) req=(1080,2280)0 dur=8 res=0x7 s={true 515080410784} ch=true fn=-1
10-26 10:07:50.060 18320 18355 D OpenGLRenderer: eglCreateWindowSurface
10-26 10:07:50.061 18320 18320 I ViewRootImpl@955cf1[InstrumentationActivityInvoker$EmptyActivity]: [DP] dp(1) 1 android.view.ViewRootImpl.reportNextDraw:11420 android.view.ViewRootImpl.performTraversals:4193 android.view.ViewRootImpl.doTraversal:2919
10-26 10:07:50.063   620   620 I Layer   : id=190628 removeFromCurrentState ActivityRecord{1730d88 u0 com.example.dogglers/.VerticalListActivity t30247}#0 (188)
10-26 10:07:50.063   620   620 I Layer   : id=190621 removeFromCurrentState ActivityRecord{f609e6 u0 com.example.dogglers/androidx.test.core.app.InstrumentationActivityInvoker$BootstrapActivity t30247}#0 (188)
10-26 10:07:50.063   620   620 I SurfaceFlinger: id=190621 Removed ActivityRecord{f609e6 u0 com.example.dogglers/androidx.test.core.app.InstrumentationActivityInvoker$BootstrapActivity t30247}#0 (188)
10-26 10:07:50.063   620   620 I SurfaceFlinger: id=190628 Removed ActivityRecord{1730d88 u0 com.example.dogglers/.VerticalListActivity t30247}#0 (188)
10-26 10:07:50.063   620   620 I Layer   : id=190621 Destroyed ActivityRecord{f609e6 u0 com.example.dogglers/androidx.test.core.app.InstrumentationActivityInvoker$BootstrapActivity t30247}#0
10-26 10:07:50.063   620   620 I Layer   : id=190628 Destroyed ActivityRecord{1730d88 u0 com.example.dogglers/.VerticalListActivity t30247}#0
10-26 10:07:50.068 18320 18320 I ViewRootImpl@955cf1[InstrumentationActivityInvoker$EmptyActivity]: [DP] pdf(0) 1 android.view.ViewRootImpl.lambda$addFrameCompleteCallbackIfNeeded$3$ViewRootImpl:4995 android.view.ViewRootImpl$$ExternalSyntheticLambda16.run:6 android.os.Handler.handleCallback:938
10-26 10:07:50.068 18320 18320 I ViewRootImpl@955cf1[InstrumentationActivityInvoker$EmptyActivity]: [DP] rdf()
10-26 10:07:50.068 18320 18320 D ViewRootImpl@955cf1[InstrumentationActivityInvoker$EmptyActivity]: reportDrawFinished (fn: -1)
10-26 10:07:50.068 18320 18320 I ViewRootImpl@6226fb9[InstrumentationActivityInvoker$EmptyActivity]: MSG_WINDOW_FOCUS_CHANGED 0 1
10-26 10:07:50.069 18320 18320 D InsetsSourceConsumer: ensureControlAlpha: for ITYPE_NAVIGATION_BAR on com.example.dogglers/androidx.test.core.app.InstrumentationActivityInvoker$EmptyActivity
10-26 10:07:50.069 18320 18320 D InsetsSourceConsumer: ensureControlAlpha: for ITYPE_STATUS_BAR on com.example.dogglers/androidx.test.core.app.InstrumentationActivityInvoker$EmptyActivity
10-26 10:07:50.070   954  1012 I ActivityTaskManager: Displayed com.example.dogglers/androidx.test.core.app.InstrumentationActivityInvoker$EmptyActivity: +75ms
10-26 10:07:50.071   566   611 I HYPER-HAL: [RequestManager.cpp]releaseLocked(): Released ID : 487611
10-26 10:07:50.071  2946  2946 E pageboostd: Received HALT command code 2
10-26 10:07:50.074   529   535 E statsd  : Predicate 5980654721335871649 dropping data for dimension key (10)0x2010101->10988[I] (10)0x30000->*launch*[S]
10-26 10:07:50.074   529   535 E statsd  : Predicate -7037417284711607308 dropping data for dimension key (10)0x2010101->10988[I] (10)0x30000->*launch*[S]
10-26 10:07:50.076   954  3957 D InputDispatcher: Focused application set to (0): 7d8cfdc
10-26 10:07:50.079   529   535 E statsd  : Predicate 5980654721335871649 dropping data for dimension key (10)0x2010101->10988[I] (10)0x30000->*launch*[S]
10-26 10:07:50.079   620   620 I Layer   : id=190639 removeFromCurrentState Surface(name=2fa8401 StatusBar)/@0xf000e26 - animation-leash of insets_animation#1 (186)
10-26 10:07:50.080   529   535 E statsd  : Predicate -7037417284711607308 dropping data for dimension key (10)0x2010101->10988[I] (10)0x30000->*launch*[S]
10-26 10:07:50.080   620   620 I Layer   : id=190640 removeFromCurrentState Surface(name=be23078 NavigationBar0)/@0x50010bd - animation-leash of insets_animation#1 (186)
10-26 10:07:50.080   620   620 I SurfaceFlinger: id=190639 Removed Surface(name=2fa8401 StatusBar)/@0xf000e26 - animation-leash of insets_animation#1 (186)
10-26 10:07:50.080   620   620 I SurfaceFlinger: id=190640 Removed Surface(name=be23078 NavigationBar0)/@0x50010bd - animation-leash of insets_animation#1 (186)
10-26 10:07:50.080 18320 18320 I ViewRootImpl@6226fb9[InstrumentationActivityInvoker$EmptyActivity]: handleAppVisibility mAppVisible=true visible=false
10-26 10:07:50.081   620   620 I Layer   : id=190639 Destroyed Surface(name=2fa8401 StatusBar)/@0xf000e26 - animation-leash of insets_animation#1
10-26 10:07:50.082   620   620 I Layer   : id=190640 Destroyed Surface(name=be23078 NavigationBar0)/@0x50010bd - animation-leash of insets_animation#1
10-26 10:07:50.082   954  3937 D InputDispatcher: Focus entered window (0): 98c1edb com.example.dogglers/androidx.test.core.app.InstrumentationActivityInvoker$EmptyActivity
10-26 10:07:50.083   954  1015 D PersonaActivityHelper: Activity not in resumed state, do not run immediate lock
10-26 10:07:50.084 18320 18320 I ViewRootImpl@6226fb9[InstrumentationActivityInvoker$EmptyActivity]: stopped(true) old=false
10-26 10:07:50.085 18320 18320 D LifecycleMonitor: Lifecycle status change: androidx.test.core.app.InstrumentationActivityInvoker$EmptyActivity@c1699e4 in: STOPPED
10-26 10:07:50.085 18320 18320 V ActivityScenario: Activity lifecycle changed event received but ignored because the intent does not match. startActivityIntent=Intent { act=android.intent.action.MAIN cat=[android.intent.category.LAUNCHER] cmp=com.example.dogglers/.VerticalListActivity }, activity.getIntent()=Intent { act=android.intent.action.MAIN cat=[android.intent.category.LAUNCHER] flg=0x10000000 cmp=com.example.dogglers/androidx.test.core.app.InstrumentationActivityInvoker$EmptyActivity }, activity=androidx.test.core.app.InstrumentationActivityInvoker$EmptyActivity@c1699e4
10-26 10:07:50.085 18320 18320 D LifecycleMonitor: Lifecycle status change: androidx.test.core.app.InstrumentationActivityInvoker$EmptyActivity@c1699e4 in: DESTROYED
10-26 10:07:50.086 18320 18320 V ActivityScenario: Activity lifecycle changed event received but ignored because the intent does not match. startActivityIntent=Intent { act=android.intent.action.MAIN cat=[android.intent.category.LAUNCHER] cmp=com.example.dogglers/.VerticalListActivity }, activity.getIntent()=Intent { act=android.intent.action.MAIN cat=[android.intent.category.LAUNCHER] flg=0x10000000 cmp=com.example.dogglers/androidx.test.core.app.InstrumentationActivityInvoker$EmptyActivity }, activity=androidx.test.core.app.InstrumentationActivityInvoker$EmptyActivity@c1699e4
10-26 10:07:50.086   620   620 D SurfaceFlinger: Display 0 HWC layers:
10-26 10:07:50.086   620   620 D SurfaceFlinger:      DEVICE | 0x7843d8f4b0 | 0102 | RGBA_8888    |    0.0    0.0 1080.0 2280.0 |    0    0 1080 2280 | com.example.dogglers/androidx.test.c[...]tivityInvoker$EmptyActivity$_18320#1
10-26 10:07:50.086   620   620 D SurfaceFlinger:      DEVICE | 0x7843da26b0 | 0100 | RGBA_8888    |    0.0    0.0 1080.0  112.0 |    0    0 1080  112 | StatusBar$_1348#0
10-26 10:07:50.086   620   620 D SurfaceFlinger:      DEVICE | 0x7843daab70 | 0100 | RGBA_8888    |    0.0    0.0   67.0  416.0 |    0  814   67 1230 | com.samsung.android.app.cocktailbars[...]arservice.CocktailBarService$_8198#0
10-26 10:07:50.086   620   620 D SurfaceFlinger:      DEVICE | 0x7843da89b0 | 0100 | RGBA_8888    |    0.0    0.0 1080.0  126.0 |    0 2154 1080 2280 | NavigationBar0$_1348#0
10-26 10:07:50.086   620   620 D SurfaceFlinger:
10-26 10:07:50.086 18320 18355 D OpenGLRenderer: setSurface called with nullptr
10-26 10:07:50.086 18320 18355 D OpenGLRenderer: setSurface() destroyed EGLSurface
10-26 10:07:50.086 18320 18355 D OpenGLRenderer: destroyEglSurface
10-26 10:07:50.087 18320 18320 I ViewRootImpl@6226fb9[InstrumentationActivityInvoker$EmptyActivity]: dispatchDetachedFromWindow
10-26 10:07:50.087   954  3957 D InputTransport: Input channel destroyed: 'b7758c4', fd=1413
10-26 10:07:50.087   954  3957 W InputManager-JNI: Input channel object 'b7758c4 com.example.dogglers/androidx.test.core.app.InstrumentationActivityInvoker$EmptyActivity (client)' was disposed without first being removed with the input manager!
10-26 10:07:50.087   954  3957 D InputTransport: Input channel destroyed: 'b7758c4', fd=1418
10-26 10:07:50.089 18320 18320 D InputTransport: Input channel destroyed: 'b7758c4', fd=117
10-26 10:07:50.092 18320 18320 D LifecycleMonitor: Lifecycle status change: androidx.test.core.app.InstrumentationActivityInvoker$EmptyActivity@9a43e0a in: PAUSED
10-26 10:07:50.092 18320 18320 V ActivityScenario: Activity lifecycle changed event received but ignored because the intent does not match. startActivityIntent=Intent { act=android.intent.action.MAIN cat=[android.intent.category.LAUNCHER] cmp=com.example.dogglers/.VerticalListActivity }, activity.getIntent()=Intent { act=android.intent.action.MAIN cat=[android.intent.category.LAUNCHER] flg=0x10000000 cmp=com.example.dogglers/androidx.test.core.app.InstrumentationActivityInvoker$EmptyActivity }, activity=androidx.test.core.app.InstrumentationActivityInvoker$EmptyActivity@9a43e0a
10-26 10:07:50.093   954  3937 I SemDvfsHyPerManager: acquire hyper - AMS_APP_HOME/954@32, type = -999
10-26 10:07:50.093   566   611 I HYPER-HAL: [RequestManager.cpp]acquire(): Acquired ID : 486623  [954 / 32]    HINT : AMS_APP_HOME    list :
10-26 10:07:50.094  3825  3825 I SemDvfsHyPerManager: acquire hyper - APP_START_SHORT/3825@14, type = -999
10-26 10:07:50.094   566   611 I HYPER-HAL: [RequestManager.cpp]acquire(): Acquired ID : 7370894  [3825 / 14]    HINT : APP_START    list : [TIMEOUT / 1500]
10-26 10:07:50.094 26660 26660 I ViewRootImpl@623994e[LauncherActivity]: handleAppVisibility mAppVisible=false visible=true
10-26 10:07:50.095   529   535 E statsd  : Predicate 5980654721335871649 dropping data for dimension key (10)0x2010101->10988[I] (10)0x30000->*launch*[S]
10-26 10:07:50.095   529   535 E statsd  : Predicate -7037417284711607308 dropping data for dimension key (10)0x2010101->10988[I] (10)0x30000->*launch*[S]
10-26 10:07:50.096   620   620 I Layer   : id=190638 removeFromCurrentState com.example.dogglers/androidx.test.core.app.InstrumentationActivityInvoker$EmptyActivity$_18320#0 (184)
10-26 10:07:50.096   620   620 I Layer   : id=190637 removeFromCurrentState b7758c4 com.example.dogglers/androidx.test.core.app.InstrumentationActivityInvoker$EmptyActivity#0 (184)
10-26 10:07:50.096   620   620 I SurfaceFlinger: id=190637 Removed b7758c4 com.example.dogglers/androidx.test.core.app.InstrumentationActivityInvoker$EmptyActivity#0 (184)
10-26 10:07:50.096   620   620 I SurfaceFlinger: id=190638 Removed com.example.dogglers/androidx.test.core.app.InstrumentationActivityInvoker$EmptyActivity$_18320#0 (184)
10-26 10:07:50.097   620   620 I Layer   : id=190637 Destroyed b7758c4 com.example.dogglers/androidx.test.core.app.InstrumentationActivityInvoker$EmptyActivity#0
10-26 10:07:50.097   620   620 I Layer   : id=190638 Destroyed com.example.dogglers/androidx.test.core.app.InstrumentationActivityInvoker$EmptyActivity$_18320#0
10-26 10:07:50.097   954  3957 D InputDispatcher: Focus left window (0): 98c1edb com.example.dogglers/androidx.test.core.app.InstrumentationActivityInvoker$EmptyActivity
10-26 10:07:50.099 18320 18320 I ViewRootImpl@955cf1[InstrumentationActivityInvoker$EmptyActivity]: MSG_WINDOW_FOCUS_CHANGED 0 1
10-26 10:07:50.099 18320 18320 I ViewRootImpl@955cf1[InstrumentationActivityInvoker$EmptyActivity]: MSG_WINDOW_FOCUS_CHANGED 0 1
10-26 10:07:50.099   954  3937 V WindowManager: Relayout Window{4ad90e6 u0 com.sec.android.app.launcher/com.sec.android.app.launcher.activities.LauncherActivity}: viewVisibility=4 req=1080x2280 d0
10-26 10:07:50.099 18320 18346 I TestRunner: finished: vertical_scroll_content_at_first_position(com.example.dogglers.VerticalListTests)
