10-26 10:07:34.902 18320 18346 I TestRunner: started: clicking_vertical_list_button_displays_vertical_list(com.example.dogglers.ButtonTests)
10-26 10:07:34.908 18320 18346 W Settings: Setting always_finish_activities has moved from android.provider.Settings.System to android.provider.Settings.Global, returning read-only value.
10-26 10:07:34.911   954  2013 I SemDvfsHyPerManager: acquire hyper - AMS_APP_SWITCH/954@21, type = -999
10-26 10:07:34.912   566   611 I HYPER-HAL: [RequestManager.cpp]acquire(): Acquired ID : 475821  [954 / 21]    HINT : AMS_APP_SWITCH    list :
10-26 10:07:34.912  3825  3825 I SemDvfsHyPerManager: acquire hyper - APP_START_SHORT/3825@14, type = -999
10-26 10:07:34.913   566   611 I HYPER-HAL: [RequestManager.cpp]acquire(): Acquired ID : 7370894  [3825 / 14]    HINT : APP_START    list : [TIMEOUT / 1500]
10-26 10:07:34.911   954  2771 D PkgPredictorService-IpmAdcpController: create a new DexPreloadTask pkg:com.example.dogglers  path:/data/app/~~gQVUXpdHkoIHdAz2oCmlZw==/com.example.dogglers-aSa4fDUpcm4-U0kwu-wmsA==
10-26 10:07:34.913   620  2717 I SurfaceFlinger: id=190035 createSurf (0x0),-1 flag=24004, Task=30232#0
10-26 10:07:34.915   620  3677 I SurfaceFlinger: id=190036 createSurf (0x0),-1 flag=80004, ActivityRecord{e5e10f9 u0 com.example.dogglers/androidx.test.core.app.InstrumentationActivityInvoker$BootstrapActivity t30232}#0
10-26 10:07:34.917   529   535 E statsd  : Predicate 5980654721335871649 dropping data for dimension key (10)0x2010101->10988[I] (10)0x30000->*launch*[S]
10-26 10:07:34.918   529   535 E statsd  : Predicate -7037417284711607308 dropping data for dimension key (10)0x2010101->10988[I] (10)0x30000->*launch*[S]
10-26 10:07:34.919   954  3937 I SemDvfsHyPerManager: acquire hyper - AMS_APP_LAUNCH/954@18, type = -999
10-26 10:07:34.920   566   611 I HYPER-HAL: [RequestManager.cpp]acquire(): Acquired ID : 472896  [954 / 18]    HINT : AMS_APP_LAUNCH    list :
10-26 10:07:34.921  3825  3825 I SemDvfsHyPerManager: acquire hyper - APP_START/3825@15, type = -999
10-26 10:07:34.921   566   611 I HYPER-HAL: [RequestManager.cpp]acquire(): Acquired ID : 7374735  [3825 / 15]    HINT : APP_START    list :
10-26 10:07:34.921 26660 26660 I BaseActivity: removeActivityFlags, flags : 16
10-26 10:07:34.921 26660 26660 I BaseActivity: removeActivityFlags, flags : 6
10-26 10:07:34.921 26660 26660 I DragController: endDrag
10-26 10:07:34.921 26660 26660 W LauncherAppWidgetHost: setShouldListenFlag, mFlags:15 flag:resume on:false isFront:false
10-26 10:07:34.922 26660 26660 I DecorView: notifyKeepScreenOnChanged: keepScreenOn=false
10-26 10:07:34.922   954  3937 D InputTransport: Input channel constructed: '8e5c3b5', fd=1292
10-26 10:07:34.922   954  3937 D InputTransport: Input channel constructed: '8e5c3b5', fd=1315
10-26 10:07:34.922   954  3937 D InputTransport: Input channel constructed: '8e5c3b5', fd=1322
10-26 10:07:34.922 26660 26660 I SPayUpdater: updateSpayHandler launcher activity is paused false
10-26 10:07:34.922 26660 26660 I BlurOperator: progress = 1.0, mBlurProgress = 1.0, forced = true, mForced = false
10-26 10:07:34.922 26660 26660 I BlurOperator: mSetTime = 1666771653480, currentTimeMs = 1666771654922
10-26 10:07:34.922 26660 26660 I BlurOperator: blurAmount = 0.125, mBgBlurAmount = 0.125, show = true, mPreBlur = 0.125, mDuration = 1
10-26 10:07:34.923   620  3677 I SurfaceFlinger: id=190037 createSurf (0x0),-1 flag=80004, 8e5c3b5 Splash Screen com.example.dogglers#0
10-26 10:07:34.924   954  3937 D InputTransport: Input channel destroyed: '8e5c3b5', fd=1322
10-26 10:07:34.924  1348  1474 I ViewRootImpl@78da415[dogglers]: setView = android.widget.FrameLayout@e996b8 TM=true
10-26 10:07:34.926   954  3912 D InputDispatcher: Focused application set to (0): e5e10f9
10-26 10:07:34.932   954  3919 V WindowManager: Relayout Window{4ad90e6 u0 com.sec.android.app.launcher/com.sec.android.app.launcher.activities.LauncherActivity}: viewVisibility=0 req=1080x2280 d0
10-26 10:07:34.933   954  3919 V WindowManager: Relayout hash=4ad90e6, pid=26660: mAttrs={(0,0)(fillxfill) sim={adjust=nothing} layoutInDisplayCutoutMode=shortEdges ty=BASE_APPLICATION fmt=TRANSPARENT wanim=0x10302f2
10-26 10:07:34.933   954  3919 V WindowManager:   fl=81910100
10-26 10:07:34.933   954  3919 V WindowManager:   pfl=1e020040
10-26 10:07:34.933   954  3919 V WindowManager:   vsysui=1700
10-26 10:07:34.933   954  3919 V WindowManager:   bhv=SHOW_TRANSIENT_BARS_BY_SWIPE
10-26 10:07:34.933   954  3919 V WindowManager:   fitSides= naviIconColor=0}
10-26 10:07:34.933   954  3917 V WindowManager: Relayout Window{8e5c3b5 u0 Splash Screen com.example.dogglers}: viewVisibility=0 req=1080x2280 d0
10-26 10:07:34.934   620  2717 I SurfaceFlinger: id=190038 createSurf (1080x2280),-3 flag=40004, Splash Screen com.example.dogglers$_1348#0
10-26 10:07:34.934 26660 26660 I ViewRootImpl@623994e[LauncherActivity]: Relayout returned: old=(0,0,1080,2280) new=(0,0,1080,2280) req=(1080,2280)0 dur=3 res=0x1 s={true 515082128624} ch=false fn=24
10-26 10:07:34.937   954  3917 V WindowManager: Relayout hash=8e5c3b5, pid=1348: mAttrs={(0,0)(fillxfill) sim={adjust=pan} ty=APPLICATION_STARTING fmt=TRANSLUCENT wanim=0x1030001
10-26 10:07:34.937   954  3917 V WindowManager:   fl=81030118
10-26 10:07:34.937   954  3917 V WindowManager:   pfl=36000010
10-26 10:07:34.937   954  3917 V WindowManager:   bhv=DEFAULT
10-26 10:07:34.937   954  3917 V WindowManager:   fitSides= naviIconColor=0}
10-26 10:07:34.938  1348  1474 I ViewRootImpl@78da415[dogglers]: Relayout returned: old=(0,0,1080,2280) new=(0,0,1080,2280) req=(1080,2280)0 dur=5 res=0x7 s={true 515082878544} ch=true fn=-1
10-26 10:07:34.938  1348  1537 D OpenGLRenderer: eglCreateWindowSurface
10-26 10:07:34.939  1348  1474 I ViewRootImpl@78da415[dogglers]: [DP] dp(1) 0 android.view.ViewRootImpl.reportNextDraw:11420 android.view.ViewRootImpl.performTraversals:4193 android.view.ViewRootImpl.doTraversal:2919
10-26 10:07:34.941   954  1015 I SemPersonaManager: SecureFolder personaId = 150
10-26 10:07:34.943 18320 18320 D LifecycleMonitor: Lifecycle status change: androidx.test.core.app.InstrumentationActivityInvoker$BootstrapActivity@1aacee7 in: PRE_ON_CREATE
10-26 10:07:34.944 18320 18320 V ActivityScenario: Activity lifecycle changed event received but ignored because the intent does not match. startActivityIntent=Intent { act=android.intent.action.MAIN cat=[android.intent.category.LAUNCHER] cmp=com.example.dogglers/.MainActivity }, activity.getIntent()=Intent { act=android.intent.action.MAIN cat=[android.intent.category.LAUNCHER] flg=0x10008000 cmp=com.example.dogglers/androidx.test.core.app.InstrumentationActivityInvoker$BootstrapActivity (has extras) }, activity=androidx.test.core.app.InstrumentationActivityInvoker$BootstrapActivity@1aacee7
10-26 10:07:34.944 30071 30318 I Rubin   : [1169] LoggingEventHelper.notifyUpdatedWithValue(LoggingEventHelper.java:58) : Notify AppUsageLogger's database is updated.
10-26 10:07:34.945  1348  1474 I ViewRootImpl@78da415[dogglers]: [DP] pdf(0) 0 android.view.ViewRootImpl.lambda$addFrameCompleteCallbackIfNeeded$3$ViewRootImpl:4995 android.view.ViewRootImpl$$ExternalSyntheticLambda16.run:6 android.os.Handler.handleCallback:938
10-26 10:07:34.945  1348  1474 I ViewRootImpl@78da415[dogglers]: [DP] rdf()
10-26 10:07:34.946  1348  1474 D ViewRootImpl@78da415[dogglers]: reportDrawFinished (fn: -1)
10-26 10:07:34.947  1348  1348 D FullscreenTaskListener: Fullscreen Task Appeared: #30232, caller=com.android.wm.shell.ShellTaskOrganizer.onTaskAppeared:387 com.android.wm.shell.ShellTaskOrganizer.onTaskAppeared:376 android.window.TaskOrganizer$1.lambda$onTaskAppeared$4$TaskOrganizer$1:297
10-26 10:07:34.948   620  3677 I SurfaceFlinger: id=190039 createSurf (0x0),-1 flag=24000, Surface(name=Task=1)/@0x4cdbfdb - animation-leash of app_transition#0
10-26 10:07:34.948 30071 30318 I Rubin   : [1169] ExercisingWithCmhMonitor.isSatisfiedByCmh(ExercisingWithCmhMonitor.java:121) : isSatisfiedByCmh is false
10-26 10:07:34.949   954  3937 D InputDispatcher: Focus left window (0): 4ad90e6 com.sec.android.app.launcher/com.sec.android.app.launcher.activities.LauncherActivity
10-26 10:07:34.950 26660 26660 I ViewRootImpl@623994e[LauncherActivity]: MSG_WINDOW_FOCUS_CHANGED 0 1
10-26 10:07:34.950 26660 26660 I BaseActivity: removeActivityFlags, flags : 8
10-26 10:07:34.952   620  3677 I SurfaceFlinger: id=190040 createSurf (0x0),-1 flag=24004, Surface(name=Task=30232)/@0xdd00425 - animation-leash of app_transition#0
10-26 10:07:34.952   954  1015 D EnterpriseDeviceManagerService: isMdmAdminPresentInternal() : MDM Admin Found - com.samsung.knox.securefolder
10-26 10:07:34.955   620  3677 I SurfaceFlinger: id=190041 createSurf (0x0),-1 flag=24000, Surface(name=2fa8401 StatusBar)/@0xf000e26 - animation-leash of insets_animation#1
10-26 10:07:34.957   620  3677 I SurfaceFlinger: id=190042 createSurf (0x0),-1 flag=24000, Surface(name=be23078 NavigationBar0)/@0x50010bd - animation-leash of insets_animation#1
10-26 10:07:34.959  1348  1474 D InsetsSourceConsumer: ensureControlAlpha: for ITYPE_NAVIGATION_BAR on Splash Screen com.example.dogglers
10-26 10:07:34.959  1348  1474 D InsetsSourceConsumer: ensureControlAlpha: for ITYPE_STATUS_BAR on Splash Screen com.example.dogglers
10-26 10:07:34.959 26660  4472 I TouchInteractionService: onSystemUiStateChanged, stateFlags : 131072
10-26 10:07:34.961  8198  8198 I Utils   : HomePackage : com.sec.android.app.launcher, resumePackageName : com.example.dogglers
10-26 10:07:34.965   954  1253 D SemNscXgbMsL1: Probability - Cloud gaming: [0.007398569]
10-26 10:07:34.965   620   620 I Layer   : id=190027 removeFromCurrentState Surface(name=2fa8401 StatusBar)/@0xf000e26 - animation-leash of insets_animation#0 (180)
10-26 10:07:34.966   954  1253 D SemNscXgbMsL1: Probability - Real time: [0.013576907]
10-26 10:07:34.966   954  1253 D SemNscXgbMsL1: Probability - Non real time: [0.9841314]
10-26 10:07:34.966   954  1253 D SemNscXgbMsL1: 1 sample inference time: 0.283153 msecs
10-26 10:07:34.966   620   620 I Layer   : id=190028 removeFromCurrentState Surface(name=be23078 NavigationBar0)/@0x50010bd - animation-leash of insets_animation#0 (180)
10-26 10:07:34.966 26660 26660 I BadgeRenderer: Invalid count : 0
10-26 10:07:34.966   954  1253 D SemNscXgbL2Rt: L2 RT 1 sample inference time: 0.429885 msecs
10-26 10:07:34.966 26660 26660 I BadgeRenderer: Invalid count : 0
10-26 10:07:34.967   954  1253 D SemNscXgbL2Nrt: L2 NRT 1 sample inference time: 0.403423 msecs
10-26 10:07:34.968 26660 26660 I TouchInteractionService: onSystemUiFlagsChanged, userUnlocked
10-26 10:07:34.968   620  2717 I SurfaceFlinger: id=190028 Removed Surface(name=be23078 NavigationBar0)/@0x50010bd - animation-leash of insets_animation#0 (180)
10-26 10:07:34.968   620  2717 I SurfaceFlinger: id=190027 Removed Surface(name=2fa8401 StatusBar)/@0xf000e26 - animation-leash of insets_animation#0 (180)
10-26 10:07:34.969 18320 18320 I DecorView: [INFO] isPopOver=false, config=true
10-26 10:07:34.969 18320 18320 I DecorView: updateCaptionType >> DecorView@f8fe93d[], isFloating=false, isApplication=true, hasWindowControllerCallback=true, hasWindowDecorCaption=false
10-26 10:07:34.969 18320 18320 D DecorView: setCaptionType = 0, this = DecorView@f8fe93d[]
10-26 10:07:34.972 18320 18320 I DecorView: getCurrentDensityDpi: from real metrics. densityDpi=420 msg=resources_loaded
10-26 10:07:34.973 18320 18320 D LifecycleMonitor: Lifecycle status change: androidx.test.core.app.InstrumentationActivityInvoker$BootstrapActivity@1aacee7 in: CREATED
10-26 10:07:34.974 18320 18320 V ActivityScenario: Activity lifecycle changed event received but ignored because the intent does not match. startActivityIntent=Intent { act=android.intent.action.MAIN cat=[android.intent.category.LAUNCHER] cmp=com.example.dogglers/.MainActivity }, activity.getIntent()=Intent { act=android.intent.action.MAIN cat=[android.intent.category.LAUNCHER] flg=0x10008000 cmp=com.example.dogglers/androidx.test.core.app.InstrumentationActivityInvoker$BootstrapActivity (has extras) }, activity=androidx.test.core.app.InstrumentationActivityInvoker$BootstrapActivity@1aacee7
10-26 10:07:34.974  1341  1497 D BtGatt.GattService: onScanResult to scannerId: 4- eventType=0x1b, addressType=1, address=CD036A_7, primaryPhy=1, secondaryPhy=0, advertisingSid=0xff, txPower=127, rssi=-79, periodicAdvInt=0x0
10-26 10:07:34.974 28904 29311 I NearbyDiscovery: FastPairCache: Not triggering, because RSSI -76 is below the threshold of -58 [CONTEXT service_id=265 ]
10-26 10:07:34.975 18320 18320 D LifecycleMonitor: Lifecycle status change: androidx.test.core.app.InstrumentationActivityInvoker$BootstrapActivity@1aacee7 in: STARTED
10-26 10:07:34.975 18320 18320 V ActivityScenario: Activity lifecycle changed event received but ignored because the intent does not match. startActivityIntent=Intent { act=android.intent.action.MAIN cat=[android.intent.category.LAUNCHER] cmp=com.example.dogglers/.MainActivity }, activity.getIntent()=Intent { act=android.intent.action.MAIN cat=[android.intent.category.LAUNCHER] flg=0x10008000 cmp=com.example.dogglers/androidx.test.core.app.InstrumentationActivityInvoker$BootstrapActivity (has extras) }, activity=androidx.test.core.app.InstrumentationActivityInvoker$BootstrapActivity@1aacee7
10-26 10:07:34.978   620  2717 I SurfaceFlinger: id=190043 createSurf (0x0),-1 flag=80004, ActivityRecord{aa37fd9 u0 com.example.dogglers/.MainActivity t30232}#0
10-26 10:07:34.982  1348  5738 I ViewRootImpl@78da415[dogglers]: Resizing android.view.ViewRootImpl@9b16c91: frame=[0,0][1080,2280] reportDraw=false forceLayout=false backDropFrame=Rect(0, 0 - 1080, 2280)
10-26 10:07:34.982 18320 18320 D LifecycleMonitor: Lifecycle status change: androidx.test.core.app.InstrumentationActivityInvoker$BootstrapActivity@1aacee7 in: RESUMED
10-26 10:07:34.982   620   620 I Layer   : id=190027 Destroyed Surface(name=2fa8401 StatusBar)/@0xf000e26 - animation-leash of insets_animation#0
10-26 10:07:34.982   620   620 I Layer   : id=190028 Destroyed Surface(name=be23078 NavigationBar0)/@0x50010bd - animation-leash of insets_animation#0
10-26 10:07:34.982  1348  1474 I ViewRootImpl@78da415[dogglers]: handleResized, msg = 4 frames=ClientWindowFrames{frame=[0,0][1080,2280] display=[0,0][1080,2280] backdrop=[0,0][1080,2280]} forceNextWindowRelayout=false displayId=0 frameChanged=false backdropFrameChanged=false configChanged=false displayChanged=false mNextDrawUseBlastSync=false mergedConfiguration={mGlobalConfig={1.1 220mcc1mnc [en_US,sr_RS] ldltr sw411dp w411dp h777dp 420dpi nrml long port finger -keyb/v/h -nav/h winConfig={ mBounds=Rect(0, 0 - 1080, 2280) mAppBounds=Rect(0, 112 - 1080, 2154) mMaxBounds=Rect(0, 0 - 1080, 2280) mWindowingMode=fullscreen mDisplayWindowingMode=fullscreen mActivityType=undefined mAlwaysOnTop=undefined mRotation=ROTATION_0 mPopOver=undefined mFreeformTaskPinningState=undefined} s.10103 fontWeightAdjustment=0 ff=0 bf=0 bts=0 desktop/d dm/n ?dc ?dcui ?dcaf enb/d themeSeq=0} mOverrideConfig={1.1 220mcc1mnc [en_US,sr_RS] ldltr sw411dp w411dp h777dp 420dpi nrml long port finger -keyb/v/h -nav/h winConfig={ mBounds=Rect(0, 0 - 1080, 2280) mAppBounds=Rect(0, 112 - 1080, 2154) mMaxBounds=Rect(0, 0 - 1080, 2280) mWindowingMode=fullscreen mDisplayWindowingMode=fullscreen mActivityType=standard mAlwaysOnTop=undefined mRotation=ROTATION_0 mPopOver=off mFreeformTaskPinningState=unpinned} s.1 fontWeightAdjustment=0 ff=0 bf=0 bts=0 desktop/d dm/n dc/d ?dcui ?dcaf enb/d themeSeq=0}}
10-26 10:07:34.982 18320 18320 V ActivityScenario: Activity lifecycle changed event received but ignored because the intent does not match. startActivityIntent=Intent { act=android.intent.action.MAIN cat=[android.intent.category.LAUNCHER] cmp=com.example.dogglers/.MainActivity }, activity.getIntent()=Intent { act=android.intent.action.MAIN cat=[android.intent.category.LAUNCHER] flg=0x10008000 cmp=com.example.dogglers/androidx.test.core.app.InstrumentationActivityInvoker$BootstrapActivity (has extras) }, activity=androidx.test.core.app.InstrumentationActivityInvoker$BootstrapActivity@1aacee7
10-26 10:07:34.983   954  1015 D PersonaActivityHelper: Activity not in resumed state, do not run immediate lock
10-26 10:07:34.985 18320 18320 D LifecycleMonitor: Lifecycle status change: androidx.test.core.app.InstrumentationActivityInvoker$BootstrapActivity@1aacee7 in: PAUSED
10-26 10:07:34.985 18320 18320 V ActivityScenario: Activity lifecycle changed event received but ignored because the intent does not match. startActivityIntent=Intent { act=android.intent.action.MAIN cat=[android.intent.category.LAUNCHER] cmp=com.example.dogglers/.MainActivity }, activity.getIntent()=Intent { act=android.intent.action.MAIN cat=[android.intent.category.LAUNCHER] flg=0x10008000 cmp=com.example.dogglers/androidx.test.core.app.InstrumentationActivityInvoker$BootstrapActivity (has extras) }, activity=androidx.test.core.app.InstrumentationActivityInvoker$BootstrapActivity@1aacee7
10-26 10:07:34.986   620   620 D SurfaceFlinger: Display 0 HWC layers:
10-26 10:07:34.986   620   620 D SurfaceFlinger:      CLIENT | 0x7843db7cb0 | 0100 | RGBx_8888    |  589.0    0.0 1651.0 2240.0 |    0    0 1080 2280 | Wallpaper BBQ wrapper#0
10-26 10:07:34.986   620   620 D SurfaceFlinger:      CLIENT |              | 0000 |  Unknown  |    0.0    0.0    0.0    0.0 |    0    0 1080 2280 | OneUiHome-BlurLayer#0 (backgroundBlurRadius)
10-26 10:07:34.986   620   620 D SurfaceFlinger:      DEVICE | 0x7843dbd6b0 | 0100 | RGBA_8888    |    0.0    0.0 1080.0 2280.0 |    0    0 1080 2280 | com.sec.android.app.launcher/com.sec[...]activities.LauncherActivity$_26660#0
10-26 10:07:34.986   620   620 D SurfaceFlinger:      DEVICE | 0x7843dbec10 | 0100 | RGBA_8888    |    0.0    0.0 1080.0 2280.0 |   76  159 1004 2121 | Splash Screen com.example.dogglers$_1348#0
10-26 10:07:34.986   620   620 D SurfaceFlinger:      DEVICE | 0x7843dbb970 | 0100 | RGBA_8888    |    0.0    0.0 1080.0  112.0 |    0    0 1080  112 | StatusBar$_1348#0
10-26 10:07:34.986   620   620 D SurfaceFlinger:      DEVICE | 0x7843daab70 | 0100 | RGBA_8888    |    0.0    0.0   67.0  416.0 |    0  814   67 1230 | com.samsung.android.app.cocktailbars[...]arservice.CocktailBarService$_8198#0
10-26 10:07:34.986   620   620 D SurfaceFlinger:      DEVICE | 0x7843da5dd0 | 0100 | RGBA_8888    |    0.0    0.0 1080.0  126.0 |    0 2154 1080 2280
10-26 10:07:34.986   620   620 D SurfaceFlinger:  | NavigationBar0$_1348#0
10-26 10:07:34.986   620   620 D SurfaceFlinger:
10-26 10:07:34.987   954  3937 D InputDispatcher: Focused application set to (0): aa37fd9
10-26 10:07:34.990   954  1015 I SemPersonaManager: SecureFolder personaId = 150
10-26 10:07:34.994   954  1015 D EnterpriseDeviceManagerService: isMdmAdminPresentInternal() : MDM Admin Found - com.samsung.knox.securefolder
10-26 10:07:34.995 18320 18320 D LifecycleMonitor: Lifecycle status change: com.example.dogglers.MainActivity@aeb527e in: PRE_ON_CREATE
10-26 10:07:34.995 18320 18320 V ActivityScenario: Activity lifecycle changed event received but ignored because the reported transition was not ON_CREATE while the last known transition was PRE_ON_CREATE
10-26 10:07:34.997  8198  8198 I Utils   : HomePackage : com.sec.android.app.launcher, resumePackageName : com.example.dogglers
10-26 10:07:35.015 18320 18320 I DecorView: [INFO] isPopOver=false, config=true
10-26 10:07:35.015 18320 18320 I DecorView: updateCaptionType >> DecorView@d6f9afd[], isFloating=false, isApplication=true, hasWindowControllerCallback=true, hasWindowDecorCaption=false
10-26 10:07:35.015 18320 18320 D DecorView: setCaptionType = 0, this = DecorView@d6f9afd[]
10-26 10:07:35.016 18320 18320 I DecorView: getCurrentDensityDpi: from real metrics. densityDpi=420 msg=resources_loaded
10-26 10:07:35.024 18320 18320 D LifecycleMonitor: Lifecycle status change: com.example.dogglers.MainActivity@aeb527e in: CREATED
10-26 10:07:35.024 18320 18320 V ActivityScenario: Update currentActivityStage to CREATED, currentActivity=com.example.dogglers.MainActivity@aeb527e
10-26 10:07:35.025 18320 18320 D LifecycleMonitor: Lifecycle status change: com.example.dogglers.MainActivity@aeb527e in: STARTED
10-26 10:07:35.025 18320 18320 V ActivityScenario: Update currentActivityStage to STARTED, currentActivity=com.example.dogglers.MainActivity@aeb527e
10-26 10:07:35.026 18320 18320 D LifecycleMonitor: Lifecycle status change: com.example.dogglers.MainActivity@aeb527e in: RESUMED
10-26 10:07:35.026 18320 18320 V ActivityScenario: Update currentActivityStage to RESUMED, currentActivity=com.example.dogglers.MainActivity@aeb527e
10-26 10:07:35.029   954  3937 D InputTransport: Input channel constructed: 'e079077', fd=1361
10-26 10:07:35.029   954  3937 D InputTransport: Input channel constructed: 'e079077', fd=1367
10-26 10:07:35.029   954  3937 D InputTransport: Input channel constructed: 'e079077', fd=1368
10-26 10:07:35.030   620  2717 I SurfaceFlinger: id=190044 createSurf (0x0),-1 flag=80004, e079077 com.example.dogglers/com.example.dogglers.MainActivity#0
10-26 10:07:35.031   954  3937 D InputTransport: Input channel destroyed: 'e079077', fd=1368
10-26 10:07:35.032 18320 18320 I ViewRootImpl@8c23d6d[MainActivity]: setView = com.android.internal.policy.DecorView@d6f9afd TM=true
10-26 10:07:35.033   954  1054 D AnalyticsContainerHandler: handleMessage : { when=0 what=1 target=com.android.server.knox.KnoxAnalyticsContainer$AnalyticsHandler }
10-26 10:07:35.041   954  3937 V WindowManager: Relayout Window{e079077 u0 com.example.dogglers/com.example.dogglers.MainActivity}: viewVisibility=0 req=1080x2280 d0
10-26 10:07:35.042   620  2717 I SurfaceFlinger: id=190045 createSurf (1x1),-3 flag=40004, com.example.dogglers/com.example.dogglers.MainActivity$_18320#0
10-26 10:07:35.044   620  2717 I SurfaceFlinger: id=190046 createSurf (0x0),-1 flag=24000, Surface(name=2fa8401 StatusBar)/@0xf000e26 - animation-leash of insets_animation#0
10-26 10:07:35.045   620  2717 I SurfaceFlinger: id=190047 createSurf (0x0),-1 flag=24000, Surface(name=be23078 NavigationBar0)/@0x50010bd - animation-leash of insets_animation#0
10-26 10:07:35.046   954  3937 V WindowManager: Relayout hash=e079077, pid=18320: mAttrs={(0,0)(fillxfill) sim={adjust=pan forwardNavigation} ty=BASE_APPLICATION wanim=0x1030303
10-26 10:07:35.046   954  3937 V WindowManager:   fl=81810100
10-26 10:07:35.046   954  3937 V WindowManager:   pfl=12020040
10-26 10:07:35.046   954  3937 V WindowManager:   apr=LIGHT_NAVIGATION_BARS
10-26 10:07:35.046   954  3937 V WindowManager:   bhv=DEFAULT
10-26 10:07:35.046   954  3937 V WindowManager:   fitSides= naviIconColor=0
10-26 10:07:35.046   954  3937 V WindowManager:   sfl=100000}
10-26 10:07:35.048 18320 18320 I ViewRootImpl@8c23d6d[MainActivity]: Relayout returned: old=(0,0,1080,2280) new=(0,0,1080,2280) req=(1080,2280)0 dur=6 res=0x7 s={true 515080384624} ch=true fn=-1
10-26 10:07:35.048 18320 18355 D OpenGLRenderer: eglCreateWindowSurface
10-26 10:07:35.051 18320 18320 I ViewRootImpl@8c23d6d[MainActivity]: [DP] dp(1) 1 android.view.ViewRootImpl.reportNextDraw:11420 android.view.ViewRootImpl.performTraversals:4193 android.view.ViewRootImpl.doTraversal:2919
10-26 10:07:35.062 18320 18320 I ViewRootImpl@8c23d6d[MainActivity]: [DP] pdf(0) 1 android.view.ViewRootImpl.lambda$addFrameCompleteCallbackIfNeeded$3$ViewRootImpl:4995 android.view.ViewRootImpl$$ExternalSyntheticLambda16.run:6 android.os.Handler.handleCallback:938
10-26 10:07:35.062 18320 18320 I ViewRootImpl@8c23d6d[MainActivity]: [DP] rdf()
10-26 10:07:35.062 18320 18320 D ViewRootImpl@8c23d6d[MainActivity]: reportDrawFinished (fn: -1)
10-26 10:07:35.064   620   810 I SurfaceFlinger: id=190048 createSurf (0x0),-1 flag=24000, Surface(name=e079077 com.example.dogglers/com.example.dogglers.MainActivity)/@0x4d71149 - animation-leash of starting_reveal#0
10-26 10:07:35.065   620   620 I Layer   : id=190041 removeFromCurrentState Surface(name=2fa8401 StatusBar)/@0xf000e26 - animation-leash of insets_animation#1 (184)
10-26 10:07:35.065   620   620 I Layer   : id=190042 removeFromCurrentState Surface(name=be23078 NavigationBar0)/@0x50010bd - animation-leash of insets_animation#1 (184)
10-26 10:07:35.066   620   620 I SurfaceFlinger: id=190041 Removed Surface(name=2fa8401 StatusBar)/@0xf000e26 - animation-leash of insets_animation#1 (184)
10-26 10:07:35.066   620   620 I SurfaceFlinger: id=190042 Removed Surface(name=be23078 NavigationBar0)/@0x50010bd - animation-leash of insets_animation#1 (184)
10-26 10:07:35.066   954  1012 I PkgPredictorService-SecIpmManagerServiceImpl: reportToNAP uid:10988 com.example.dogglers/com.example.dogglers.MainActivity thisTime:154
10-26 10:07:35.066   620   620 I Layer   : id=190041 Destroyed Surface(name=2fa8401 StatusBar)/@0xf000e26 - animation-leash of insets_animation#1
10-26 10:07:35.066   620   620 I Layer   : id=190042 Destroyed Surface(name=be23078 NavigationBar0)/@0x50010bd - animation-leash of insets_animation#1
10-26 10:07:35.066   954  2750 I PkgPredictorService-NapClassifier: it's ready to run
10-26 10:07:35.067   954  1012 I ActivityTaskManager: Displayed com.example.dogglers/.MainActivity: +154ms
10-26 10:07:35.067 18320 18320 D InsetsSourceConsumer: ensureControlAlpha: for ITYPE_NAVIGATION_BAR on com.example.dogglers/com.example.dogglers.MainActivity
10-26 10:07:35.068   954  3917 D InputDispatcher: Focus request (0): e079077 com.example.dogglers/com.example.dogglers.MainActivity but waiting because NOT_VISIBLE
10-26 10:07:35.068 18320 18320 D InsetsSourceConsumer: ensureControlAlpha: for ITYPE_STATUS_BAR on com.example.dogglers/com.example.dogglers.MainActivity
10-26 10:07:35.068  2946  2946 E pageboostd: Received HALT command code 2
10-26 10:07:35.070 18320 18320 D RootViewPicker: Root not ready - waiting: 10ms for one to appear.
10-26 10:07:35.070   954  3912 I SemDvfsHyPerManager: acquire hyper - AMS_RESUME_TAIL/954@19, type = -999
10-26 10:07:35.071   954  3912 I SemDvfsHyPerManager: acquire hyper - AMS_ACT_LAZY/954@20, type = -999
10-26 10:07:35.071   566   611 I HYPER-HAL: [RequestManager.cpp]acquire(): Acquired ID : 473870  [954 / 19]    HINT : AMS_RESUME_TAIL    list :
10-26 10:07:35.072   566   611 I HYPER-HAL: [RequestManager.cpp]releaseLocked(): Released ID : 475821
10-26 10:07:35.072   529   535 E statsd  : Predicate 5980654721335871649 dropping data for dimension key (10)0x2010101->10988[I] (10)0x30000->*launch*[S]
10-26 10:07:35.072   529   535 E statsd  : Predicate -7037417284711607308 dropping data for dimension key (10)0x2010101->10988[I] (10)0x30000->*launch*[S]
10-26 10:07:35.080 18320 18320 D RootViewPicker: Root not ready - waiting: 25ms for one to appear.
10-26 10:07:35.083  1348  2148 I ViewRootImpl@78da415[dogglers]: mWNT: t = android.view.SurfaceControl$Transaction@eb2d7f7 fN = 2 android.view.SyncRtSurfaceTransactionApplier.applyTransaction:94 android.view.SyncRtSurfaceTransactionApplier.lambda$scheduleApply$0$SyncRtSurfaceTransactionApplier:71 android.view.SyncRtSurfaceTransactionApplier$$ExternalSyntheticLambda0.onFrameDraw:4
10-26 10:07:35.083  1348  2148 I ViewRootImpl@78da415[dogglers]: mWNT: merge t to BBQ
10-26 10:07:35.083   954  3912 D InputDispatcher: Focus entered window (0): e079077 com.example.dogglers/com.example.dogglers.MainActivity
10-26 10:07:35.083  1348  2148 I ViewRootImpl@78da415[dogglers]: mWNT: t = android.view.SurfaceControl$Transaction@ffd6664 fN = 2 android.view.SyncRtSurfaceTransactionApplier.applyTransaction:94 android.view.SyncRtSurfaceTransactionApplier.lambda$scheduleApply$0$SyncRtSurfaceTransactionApplier:71 android.view.SyncRtSurfaceTransactionApplier$$ExternalSyntheticLambda0.onFrameDraw:4
10-26 10:07:35.083  1348  2148 I ViewRootImpl@78da415[dogglers]: mWNT: merge t to BBQ
10-26 10:07:35.083 18320 18320 I ViewRootImpl@8c23d6d[MainActivity]: MSG_WINDOW_FOCUS_CHANGED 1 1
10-26 10:07:35.085 18320 18320 D InputMethodManager: startInputInner - Id : 0
10-26 10:07:35.085 18320 18320 I InputMethodManager: startInputInner - mService.startInputOrWindowGainedFocus
10-26 10:07:35.085   954  3912 D InputMethodManagerService: DESKTOP MODE! : 2
10-26 10:07:35.085   954  3912 D InputMethodManagerService: NOT IN KNOX DESKTOP MODE!
10-26 10:07:35.085   954  3912 V InputMethodManagerService: getDisplayIdOfInputMethodWindowToBeAdded : 0
10-26 10:07:35.086   954  3912 D InputMethodManagerService: checkDisplayOfStartInputAndUpdateKeyboard display Id 0last 0
10-26 10:07:35.086   954  3912 D InputTransport: Input channel constructed: 'ClientS', fd=1368
10-26 10:07:35.086   954  3912 D InputTransport: Input channel destroyed: 'ClientS', fd=1368
10-26 10:07:35.088   620   620 D SurfaceFlinger: Display 0 HWC layers:
10-26 10:07:35.088   620   620 D SurfaceFlinger:      CLIENT | 0x7843db7cb0 | 0100 | RGBx_8888    |  589.0    0.0 1651.0 2240.0 |    0    0 1080 2280 | Wallpaper BBQ wrapper#0
10-26 10:07:35.088   620   620 D SurfaceFlinger:      CLIENT |              | 0000 |  Unknown  |    0.0    0.0    0.0    0.0 |    0    0 1080 2280 | OneUiHome-BlurLayer#0 (backgroundBlurRadius)
10-26 10:07:35.088   620   620 D SurfaceFlinger:      DEVICE | 0x7843dbd6b0 | 0100 | RGBA_8888    |    0.0    0.0 1080.0 2280.0 |    0    0 1080 2280 | com.sec.android.app.launcher/com.sec[...]activities.LauncherActivity$_26660#0
10-26 10:07:35.088   620   620 D SurfaceFlinger:      DEVICE | 0x7843dba770 | 0102 | RGBA_8888    |    0.0    0.0 1080.0 2280.0 |   27   57 1053 2223 | com.example.dogglers/com.example.dogglers.MainActivity$_18320#0
10-26 10:07:35.088   620   620 D SurfaceFlinger:      DEVICE | 0x7843dbec10 | 0100 | RGBA_8888    |    0.0    0.0 1080.0 2280.0 |   27   57 1053 2223 | Splash Screen com.example.dogglers$_1348#0
10-26 10:07:35.088   620   620 D SurfaceFlinger:      DEVICE | 0x7843dbb970 | 0100 | RGBA_8888    |    0.0    0.0 1080.0  112.0 |    0    0 1080  112 | StatusBar$_1348#0
10-26 10:07:35.088   620   620 D SurfaceFlinger:      DEVICE | 0x7843daab70 | 0100 | RGBA_8888    |    0.0    0.0   67.0  416.0 |    0  814   67 1230 | com.samsung
10-26 10:07:35.088   620   620 D SurfaceFlinger: .android.app.cocktailbars[...]arservice.CocktailBarService$_8198#0
10-26 10:07:35.088   620   620 D SurfaceFlinger:      DEVICE | 0x7843da5dd0 | 0100 | RGBA_8888    |    0.0    0.0 1080.0  126.0 |    0 2154 1080 2280 | NavigationBar0$_1348#0
10-26 10:07:35.088   620   620 D SurfaceFlinger:
10-26 10:07:35.088 19204 19204 D InputMethodService: checkDisplayOfStartInputAndUpdateKeyboard display Id 0last 0
10-26 10:07:35.089   620   810 I SurfaceFlinger: id=190049 createSurf (0x0),-1 flag=24004, Surface(name=2188bee InputMethod)/@0xe151908 - animation-leash of insets_animation#1
10-26 10:07:35.091 26660  4472 I RecentModel: onTaskStackChangedBackground
10-26 10:07:35.091 26660  4472 I RecentTasksList: getTaskKeys, numTasks :3 callback : com.android.quickstep.-$$Lambda$RecentsModel$k1Mm-BV64Bc89eJHYugywZmW_Js@76b9424
10-26 10:07:35.092 26660 26792 I RecentTasksList: loadTasksInBackground() task id : 30071
10-26 10:07:35.092 26660 26792 I RecentTasksList: loadTasksInBackground() task id : 30058
10-26 10:07:35.092 26660 26792 I RecentTasksList: loadTasksInBackground() task id : 30232
10-26 10:07:35.092  3825  4192 I SemDvfsHyPerManager: acquire hyper - BaseTABoost/3825@21, type = 1090523139
10-26 10:07:35.092  3825  4192 I SemDvfsHyPerManager: acquire hyper - BaseTAToouchBoost/3825@23, type = 1090523139
10-26 10:07:35.094   566   611 I HYPER-HAL: [RequestManager.cpp]acquire(): Acquired ID : 7397802  [3825 / 21]    HINT :      list : [TABoost / 5]
10-26 10:07:35.094   566   611 I HYPER-HAL: [RequestManager.cpp]acquire(): Acquired ID : 7405499  [3825 / 23]    HINT :      list : [TABoost / 20] [TIMEOUT / 1500]
10-26 10:07:35.099   620   620 I Layer   : id=190033 removeFromCurrentState Surface(name=2188bee InputMethod)/@0xe151908 - animation-leash of insets_animation#0 (183)
10-26 10:07:35.099   620   620 I SurfaceFlinger: id=190033 Removed Surface(name=2188bee InputMethod)/@0xe151908 - animation-leash of insets_animation#0 (183)
10-26 10:07:35.099  1348  2147 I ViewRootImpl@78da415[dogglers]: mWNT: t = android.view.SurfaceControl$Transaction@96f40cd fN = 3 android.view.SyncRtSurfaceTransactionApplier.applyTransaction:94 android.view.SyncRtSurfaceTransactionApplier.lambda$scheduleApply$0$SyncRtSurfaceTransactionApplier:71 android.view.SyncRtSurfaceTransactionApplier$$ExternalSyntheticLambda0.onFrameDraw:4
10-26 10:07:35.099  1348  2147 I ViewRootImpl@78da415[dogglers]: mWNT: merge t to BBQ
10-26 10:07:35.100   620   620 I Layer   : id=190033 Destroyed Surface(name=2188bee InputMethod)/@0xe151908 - animation-leash of insets_animation#0
10-26 10:07:35.103   954  3917 D InputMethodManagerServicePhysicalKey: isConnectedDexOnPC false
10-26 10:07:35.103   954  3917 D InputMethodManagerService: isImeSwitcherDisabledPackage : false
10-26 10:07:35.105 19204 19204 E FullInputEventModel: onStartInput event aborted: al1: could not obtain extracted text (class al1)
10-26 10:07:35.106 18320 18320 I ViewInteraction: Performing 'single click' action on view view.getId() is <2131231204/com.example.dogglers:id/vertical_btn>
10-26 10:07:35.107   954  3917 D InputDispatcher: Inject motion (18320): action=0x0, time=779250040000000, f=0x0, d=0
10-26 10:07:35.108   954  1162 I InputDispatcher: Delivering touch to (1348): action: 0x4, f=0x0, d=0, 'be23078', t=0
10-26 10:07:35.108   954  1162 I InputDispatcher: Delivering touch to (18320): action: 0x0, f=0x0, d=0, 'e079077', t=0 +(-22,-100)*1.04
10-26 10:07:35.108  3825  3825 I SemDvfsHyPerManager: acquire hyper - BaseTABoost/3825@21, type = 1090523139
10-26 10:07:35.108  3825  3825 I SemDvfsHyPerManager: acquire hyper - BaseTAToouchBoost/3825@23, type = 1090523139
10-26 10:07:35.108 18320 18320 I ViewRootImpl@8c23d6d[MainActivity]: ViewPostIme pointer 0
10-26 10:07:35.108   566   611 I HYPER-HAL: [RequestManager.cpp]acquire(): Acquired ID : 7397802  [3825 / 21]    HINT :      list : [TABoost / 5]
10-26 10:07:35.108   566   611 I HYPER-HAL: [RequestManager.cpp]acquire(): Acquired ID : 7405499  [3825 / 23]    HINT :      list : [TABoost / 20] [TIMEOUT / 1500]
10-26 10:07:35.116  1348  2148 I ViewRootImpl@78da415[dogglers]: mWNT: t = android.view.SurfaceControl$Transaction@5ab3d82 fN = 4 android.view.SyncRtSurfaceTransactionApplier.applyTransaction:94 android.view.SyncRtSurfaceTransactionApplier.lambda$scheduleApply$0$SyncRtSurfaceTransactionApplier:71 android.view.SyncRtSurfaceTransactionApplier$$ExternalSyntheticLambda0.onFrameDraw:4
10-26 10:07:35.116  1348  2148 I ViewRootImpl@78da415[dogglers]: mWNT: merge t to BBQ
10-26 10:07:35.133  1348  1537 D OpenGLRenderer: setSurface called with nullptr
10-26 10:07:35.133  1348  1537 D OpenGLRenderer: setSurface() destroyed EGLSurface
10-26 10:07:35.133  1348  1537 D OpenGLRenderer: destroyEglSurface
10-26 10:07:35.135   954  3917 V WindowManager: Relayout Window{8e5c3b5 u0 Splash Screen com.example.dogglers}: viewVisibility=8 req=1080x2280 d0
10-26 10:07:35.135   620  3677 I SurfaceFlinger: id=190050 createSurf (0x0),-1 flag=24000, Surface(name=8e5c3b5 Splash Screen com.example.dogglers)/@0x367bd9e - animation-leash of window_animation#0
10-26 10:07:35.138   954  3917 V WindowManager: Relayout hash=8e5c3b5, pid=1348: mAttrs={(0,0)(fillxfill) sim={adjust=pan} ty=APPLICATION_STARTING fmt=TRANSLUCENT wanim=0x1030001
10-26 10:07:35.138   954  3917 V WindowManager:   fl=81030118
10-26 10:07:35.138   954  3917 V WindowManager:   pfl=36000010
10-26 10:07:35.138   954  3917 V WindowManager:   bhv=DEFAULT
10-26 10:07:35.138   954  3917 V WindowManager:   fitSides= naviIconColor=0}
10-26 10:07:35.138  1348  1474 I ViewRootImpl@78da415[dogglers]: Relayout returned: old=(0,0,1080,2280) new=(0,0,1080,2280) req=(1080,2280)8 dur=4 res=0x5 s={false 0} ch=true fn=5
10-26 10:07:35.138  1348  1474 I ViewRootImpl@78da415[dogglers]: dispatchDetachedFromWindow
10-26 10:07:35.138   954  3917 D InputTransport: Input channel destroyed: '8e5c3b5', fd=1292
10-26 10:07:35.139   954  3917 W InputManager-JNI: Input channel object '8e5c3b5 Splash Screen com.example.dogglers (client)' was disposed without first being removed with the input manager!
10-26 10:07:35.139   954  3917 D InputTransport: Input channel destroyed: '8e5c3b5', fd=1315
10-26 10:07:35.140  1348  1474 D InputTransport: Input channel destroyed: '8e5c3b5', fd=212
10-26 10:07:35.147   954  3917 D InputDispatcher: Inject motion (18320): action=0x1, time=779250080000000, f=0x0, d=0
10-26 10:07:35.147   954  1162 I InputDispatcher: Delivering touch to (18320): action: 0x1, f=0x0, d=0, 'e079077', t=1 +(-14,-33)*1.03
10-26 10:07:35.148 18320 18320 I ViewRootImpl@8c23d6d[MainActivity]: ViewPostIme pointer 1
10-26 10:07:35.149   620   620 I Layer   : id=190048 removeFromCurrentState Surface(name=e079077 com.example.dogglers/com.example.dogglers.MainActivity)/@0x4d71149 - animation-leash of starting_reveal#0 (183)
10-26 10:07:35.151   954  3917 I SemDvfsHyPerManager: acquire hyper - AMS_ACT_START/954@17, type = -999
10-26 10:07:35.152   566   611 I HYPER-HAL: [RequestManager.cpp]acquire(): Acquired ID : 471923  [954 / 17]    HINT : AMS_ACT_START    list :
10-26 10:07:35.153   620  3677 I SurfaceFlinger: id=190051 createSurf (0x0),-1 flag=80004, ActivityRecord{9d81db2 u0 com.example.dogglers/.VerticalListActivity t30232}#0
10-26 10:07:35.156   529   535 E statsd  : Predicate 5980654721335871649 dropping data for dimension key (10)0x2010101->10988[I] (10)0x30000->*launch*[S]
10-26 10:07:35.157   529   535 E statsd  : Predicate -7037417284711607308 dropping data for dimension key (10)0x2010101->10988[I] (10)0x30000->*launch*[S]
10-26 10:07:35.157   954  1015 D PersonaActivityHelper: Activity not in resumed state, do not run immediate lock
10-26 10:07:35.161 18320 18320 D LifecycleMonitor: Lifecycle status change: com.example.dogglers.MainActivity@aeb527e in: PAUSED
10-26 10:07:35.162 18320 18320 V ActivityScenario: Update currentActivityStage to PAUSED, currentActivity=com.example.dogglers.MainActivity@aeb527e
10-26 10:07:35.166   954  3917 D InputDispatcher: Focused application set to (0): 9d81db2
10-26 10:07:35.167   620  2717 I SurfaceFlinger: id=190052 createSurf (0x0),-1 flag=24000, Surface(name=2fa8401 StatusBar)/@0xf000e26 - animation-leash of insets_animation#1
10-26 10:07:35.169   620  2717 I SurfaceFlinger: id=190053 createSurf (0x0),-1 flag=24000, Surface(name=be23078 NavigationBar0)/@0x50010bd - animation-leash of insets_animation#1
10-26 10:07:35.175   954  1015 I SemPersonaManager: SecureFolder personaId = 150
10-26 10:07:35.179 18320 18320 D LifecycleMonitor: Lifecycle status change: com.example.dogglers.VerticalListActivity@6fc81e4 in: PRE_ON_CREATE
10-26 10:07:35.179 18320 18320 V ActivityScenario: Activity lifecycle changed event received but ignored because the intent does not match. startActivityIntent=Intent { act=android.intent.action.MAIN cat=[android.intent.category.LAUNCHER] cmp=com.example.dogglers/.MainActivity }, activity.getIntent()=Intent { cmp=com.example.dogglers/.VerticalListActivity }, activity=com.example.dogglers.VerticalListActivity@6fc81e4
10-26 10:07:35.183   620   620 I Layer   : id=190046 removeFromCurrentState Surface(name=2fa8401 StatusBar)/@0xf000e26 - animation-leash of insets_animation#0 (186)
10-26 10:07:35.183   620   620 I Layer   : id=190047 removeFromCurrentState Surface(name=be23078 NavigationBar0)/@0x50010bd - animation-leash of insets_animation#0 (186)
10-26 10:07:35.184   954  1015 D EnterpriseDeviceManagerService: isMdmAdminPresentInternal() : MDM Admin Found - com.samsung.knox.securefolder
10-26 10:07:35.185 18320 18320 I DecorView: [INFO] isPopOver=false, config=true
10-26 10:07:35.185 18320 18320 I DecorView: updateCaptionType >> DecorView@a71a205[], isFloating=false, isApplication=true, hasWindowControllerCallback=true, hasWindowDecorCaption=false
10-26 10:07:35.185 18320 18320 D DecorView: setCaptionType = 0, this = DecorView@a71a205[]
10-26 10:07:35.186 18320 18320 I DecorView: getCurrentDensityDpi: from real metrics. densityDpi=420 msg=resources_loaded
10-26 10:07:35.189  8198  8198 I Utils   : HomePackage : com.sec.android.app.launcher, resumePackageName : com.example.dogglers
10-26 10:07:35.194 18320 18320 D LifecycleMonitor: Lifecycle status change: com.example.dogglers.VerticalListActivity@6fc81e4 in: CREATED
10-26 10:07:35.195 18320 18320 V ActivityScenario: Activity lifecycle changed event received but ignored because the intent does not match. startActivityIntent=Intent { act=android.intent.action.MAIN cat=[android.intent.category.LAUNCHER] cmp=com.example.dogglers/.MainActivity }, activity.getIntent()=Intent { cmp=com.example.dogglers/.VerticalListActivity }, activity=com.example.dogglers.VerticalListActivity@6fc81e4
10-26 10:07:35.196 18320 18320 D LifecycleMonitor: Lifecycle status change: com.example.dogglers.VerticalListActivity@6fc81e4 in: STARTED
10-26 10:07:35.196 18320 18320 V ActivityScenario: Activity lifecycle changed event received but ignored because the intent does not match. startActivityIntent=Intent { act=android.intent.action.MAIN cat=[android.intent.category.LAUNCHER] cmp=com.example.dogglers/.MainActivity }, activity.getIntent()=Intent { cmp=com.example.dogglers/.VerticalListActivity }, activity=com.example.dogglers.VerticalListActivity@6fc81e4
10-26 10:07:35.196 18320 18320 D LifecycleMonitor: Lifecycle status change: com.example.dogglers.VerticalListActivity@6fc81e4 in: RESUMED
10-26 10:07:35.197 18320 18320 V ActivityScenario: Activity lifecycle changed event received but ignored because the intent does not match. startActivityIntent=Intent { act=android.intent.action.MAIN cat=[android.intent.category.LAUNCHER] cmp=com.example.dogglers/.MainActivity }, activity.getIntent()=Intent { cmp=com.example.dogglers/.VerticalListActivity }, activity=com.example.dogglers.VerticalListActivity@6fc81e4
10-26 10:07:35.200   954  3917 D InputDispatcher: Focus left window (0): e079077 com.example.dogglers/com.example.dogglers.MainActivity
10-26 10:07:35.202   620  3677 I SurfaceFlinger: id=190054 createSurf (0x0),-1 flag=24000, Surface(name=2fa8401 StatusBar)/@0xf000e26 - animation-leash of insets_animation#0
10-26 10:07:35.204   620   810 I SurfaceFlinger: id=190055 createSurf (0x0),-1 flag=24000, Surface(name=be23078 NavigationBar0)/@0x50010bd - animation-leash of insets_animation#0
10-26 10:07:35.205  1348  1348 D NavigationBar: onSystemBarAttributesChanged() -  displayId:0, appearance:16 (APPEARANCE_LIGHT_NAVIGATION_BARS ), navbarColorManagedByIme:false
10-26 10:07:35.205  1348  1348 V Navbar.Store: handleEvent [EventType] GET_BOOL_REGION_SAMPLING_ENABLED [Module] LightBarController  KEYS_DEFAULT=false
10-26 10:07:35.205  1348  1348 V Navbar.Store: --[Band]COLOR_PACK_GET_REGION_SAMPLING_ENABLED
10-26 10:07:35.205  1348  1348 V Navbar.Store: ----getValue(BOOL_REGION_SAMPLING_ENABLED)=false
10-26 10:07:35.206   954  3917 D InputTransport: Input channel constructed: '2e829 c', fd=1368
10-26 10:07:35.206   954  3917 D InputTransport: Input channel constructed: '2e829 c', fd=1371
10-26 10:07:35.206   954  3917 D InputTransport: Input channel constructed: '2e829 c', fd=1375
10-26 10:07:35.206   566 18442 I HYPER-HAL: [RequestManager.cpp]releaseLocked(): Released ID : 486623
10-26 10:07:35.207   620   643 I SurfaceFlinger: id=190056 createSurf (0x0),-1 flag=80004, 2e829 com.example.dogglers/com.example.dogglers.VerticalListActivity#0
10-26 10:07:35.207   954  3917 D InputTransport: Input channel destroyed: '2e829 c', fd=1375
10-26 10:07:35.208 18320 18320 I ViewRootImpl@e77660a[VerticalListActivity]: setView = com.android.internal.policy.DecorView@a71a205 TM=true
10-26 10:07:35.209   954  1054 D AnalyticsContainerHandler: handleMessage : { when=0 what=1 target=com.android.server.knox.KnoxAnalyticsContainer$AnalyticsHandler }
10-26 10:07:35.214   954  3917 V WindowManager: Relayout Window{2e829 u0 com.example.dogglers/com.example.dogglers.VerticalListActivity}: viewVisibility=0 req=1080x2280 d0
10-26 10:07:35.214   620   643 I SurfaceFlinger: id=190057 createSurf (1x1),-3 flag=40004, com.example.dogglers/com.example.dogglers.VerticalListActivity$_18320#0
10-26 10:07:35.216   620   620 I Layer   : id=190038 removeFromCurrentState Splash Screen com.example.dogglers$_1348#0 (190)
10-26 10:07:35.216   620   620 I Layer   : id=190037 removeFromCurrentState 8e5c3b5 Splash Screen com.example.dogglers#0 (190)
10-26 10:07:35.216   620   620 I Layer   : id=190050 removeFromCurrentState Surface(name=8e5c3b5 Splash Screen com.example.dogglers)/@0x367bd9e - animation-leash of window_animation#0 (190)
10-26 10:07:35.216   620   620 I Layer   : id=190052 removeFromCurrentState Surface(name=2fa8401 StatusBar)/@0xf000e26 - animation-leash of insets_animation#1 (190)
10-26 10:07:35.216   620   620 I Layer   : id=190053 removeFromCurrentState Surface(name=be23078 NavigationBar0)/@0x50010bd - animation-leash of insets_animation#1 (190)
10-26 10:07:35.216   620   620 I SurfaceFlinger: id=190037 Removed 8e5c3b5 Splash Screen com.example.dogglers#0 (190)
10-26 10:07:35.216   620   620 I SurfaceFlinger: id=190052 Removed Surface(name=2fa8401 StatusBar)/@0xf000e26 - animation-leash of insets_animation#1 (190)
10-26 10:07:35.216   620   620 I SurfaceFlinger: id=190053 Removed Surface(name=be23078 NavigationBar0)/@0x50010bd - animation-leash of insets_animation#1 (190)
10-26 10:07:35.216   620   620 I SurfaceFlinger: id=190038 Removed Splash Screen com.example.dogglers$_1348#0 (190)
10-26 10:07:35.216   620   620 I SurfaceFlinger: id=190050 Removed Surface(name=8e5c3b5 Splash Screen com.example.dogglers)/@0x367bd9e - animation-leash of window_animation#0 (190)
10-26 10:07:35.217   620   620 I Layer   : id=190050 Destroyed Surface(name=8e5c3b5 Splash Screen com.example.dogglers)/@0x367bd9e - animation-leash of window_animation#0
10-26 10:07:35.217   620   620 I Layer   : id=190037 Destroyed 8e5c3b5 Splash Screen com.example.dogglers#0
10-26 10:07:35.217   620   620 I Layer   : id=190052 Destroyed Surface(name=2fa8401 StatusBar)/@0xf000e26 - animation-leash of insets_animation#1
10-26 10:07:35.217   620   620 I Layer   : id=190053 Destroyed Surface(name=be23078 NavigationBar0)/@0x50010bd - animation-leash of insets_animation#1
10-26 10:07:35.218   620   643 I SurfaceFlinger: id=190058 createSurf (0x0),-1 flag=24000, Surface(name=2fa8401 StatusBar)/@0xf000e26 - animation-leash of insets_animation#1
10-26 10:07:35.218   620   620 I Layer   : id=190038 Destroyed Splash Screen com.example.dogglers$_1348#0
10-26 10:07:35.219   620   642 I SurfaceFlinger: id=190059 createSurf (0x0),-1 flag=24000, Surface(name=be23078 NavigationBar0)/@0x50010bd - animation-leash of insets_animation#1
10-26 10:07:35.220   954  3917 V WindowManager: Relayout hash=2e829, pid=18320: mAttrs={(0,0)(fillxfill) sim={adjust=resize forwardNavigation} ty=BASE_APPLICATION wanim=0x1030303
10-26 10:07:35.220   954  3917 V WindowManager:   fl=81810100
10-26 10:07:35.220   954  3917 V WindowManager:   pfl=12020040
10-26 10:07:35.220   954  3917 V WindowManager:   apr=LIGHT_NAVIGATION_BARS
10-26 10:07:35.220   954  3917 V WindowManager:   bhv=DEFAULT
10-26 10:07:35.220   954  3917 V WindowManager:   fitSides= naviIconColor=0
10-26 10:07:35.220   954  3917 V WindowManager:   sfl=100000}
10-26 10:07:35.220   620   620 D SurfaceFlinger: Display 0 HWC layers:
10-26 10:07:35.220   620   620 D SurfaceFlinger:      CLIENT | 0x7843db7cb0 | 0100 | RGBx_8888    |  589.0    0.0 1651.0 2240.0 |    0    0 1080 2280 | Wallpaper BBQ wrapper#0
10-26 10:07:35.220   620   620 D SurfaceFlinger:      CLIENT |              | 0000 |  Unknown  |    0.0    0.0    0.0    0.0 |    0    0 1080 2280 | OneUiHome-BlurLayer#0 (backgroundBlurRadius)
10-26 10:07:35.220   620   620 D SurfaceFlinger:      DEVICE | 0x7843dbd6b0 | 0100 | RGBA_8888    |    0.0    0.0 1080.0 2280.0 |    0    0 1080 2280 | com.sec.android.app.launcher/com.sec[...]activities.LauncherActivity$_26660#0
10-26 10:07:35.220   620   620 D SurfaceFlinger:      DEVICE | 0x7843db1e30 | 0102 | RGBA_8888    |    0.0    0.0 1080.0 2280.0 |    3    7 1077 2273 | com.example.dogglers/com.example.dogglers.MainActivity$_18320#0
10-26 10:07:35.220   620   620 D SurfaceFlinger:      DEVICE | 0x7843dbb970 | 0100 | RGBA_8888    |    0.0    0.0 1080.0  112.0 |    0    0 1080  112 | StatusBar$_1348#0
10-26 10:07:35.220   620   620 D SurfaceFlinger:      DEVICE | 0x7843daab70 | 0100 | RGBA_8888    |    0.0    0.0   67.0  416.0 |    0  814   67 1230 | com.samsung.android.app.cocktailbars[...]arservice.CocktailBarService$_8198#0
10-26 10:07:35.220   620   620 D SurfaceFlinger:      DEVICE | 0x7843da5dd0 | 0100 | RGBA_8888    |    0.0    0.0 1080.0  126.0
10-26 10:07:35.220   620   620 D SurfaceFlinger: |    0 2154 1080 2280 | NavigationBar0$_1348#0
10-26 10:07:35.220   620   620 D SurfaceFlinger:
10-26 10:07:35.221 18320 18320 I ViewRootImpl@e77660a[VerticalListActivity]: Relayout returned: old=(0,0,1080,2280) new=(0,0,1080,2280) req=(1080,2280)0 dur=7 res=0x7 s={true 515080463104} ch=true fn=-1
10-26 10:07:35.222 18320 18355 D OpenGLRenderer: eglCreateWindowSurface
10-26 10:07:35.223 18320 18320 E VIEW TYPE: 0
10-26 10:07:35.232 18320 18320 E VIEW TYPE: 0
10-26 10:07:35.233   620   620 I Layer   : id=190054 removeFromCurrentState Surface(name=2fa8401 StatusBar)/@0xf000e26 - animation-leash of insets_animation#0 (187)
10-26 10:07:35.233   620   620 I Layer   : id=190055 removeFromCurrentState Surface(name=be23078 NavigationBar0)/@0x50010bd - animation-leash of insets_animation#0 (187)
10-26 10:07:35.240 18320 18320 E VIEW TYPE: 0
10-26 10:07:35.249 18320 18320 I ViewRootImpl@e77660a[VerticalListActivity]: [DP] dp(1) 1 android.view.ViewRootImpl.reportNextDraw:11420 android.view.ViewRootImpl.performTraversals:4193 android.view.ViewRootImpl.doTraversal:2919
