10-26 10:07:36.488   620   620 I SurfaceFlinger: id=190110 Removed Surface(name=c8df2af Splash Screen com.example.dogglers)/@0x1e9e997 - animation-leash of window_animation#0 (192)
10-26 10:07:36.489   620   620 I Layer   : id=190110 Destroyed Surface(name=c8df2af Splash Screen com.example.dogglers)/@0x1e9e997 - animation-leash of window_animation#0
10-26 10:07:36.489   620   620 I Layer   : id=190094 Destroyed c8df2af Splash Screen com.example.dogglers#0
10-26 10:07:36.489   954  2449 D InputDispatcher: Focus entered window (0): 5ee8557 com.example.dogglers/androidx.test.core.app.InstrumentationActivityInvoker$EmptyActivity
10-26 10:07:36.491   620   620 I Layer   : id=190095 Destroyed Splash Screen com.example.dogglers$_1348#0
10-26 10:07:36.493   620   620 D SurfaceFlinger: Display 0 HWC layers:
10-26 10:07:36.493   620   620 D SurfaceFlinger:      CLIENT | 0x7843db7cb0 | 0100 | RGBx_8888    |  589.0    0.0 1651.0 2240.0 |    0    0 1080 2280 | Wallpaper BBQ wrapper#0
10-26 10:07:36.493   620   620 D SurfaceFlinger:      CLIENT |              | 0000 |  Unknown  |    0.0    0.0    0.0    0.0 |    0    0 1080 2280 | OneUiHome-BlurLayer#0 (backgroundBlurRadius)
10-26 10:07:36.493   620   620 D SurfaceFlinger:      DEVICE | 0x7843daa4b0 | 0100 | RGBA_8888    |    0.0    0.0 1080.0 2280.0 |    0    0 1080 2280 | com.sec.android.app.launcher/com.sec[...]activities.LauncherActivity$_26660#0
10-26 10:07:36.493   620   620 D SurfaceFlinger:      DEVICE | 0x7843db8130 | 0102 | RGBA_8888    |    0.0    0.0 1080.0 2280.0 |    5   10 1075 2270 | com.example.dogglers/androidx.test.c[...]tivityInvoker$EmptyActivity$_18320#0
10-26 10:07:36.493   620   620 D SurfaceFlinger:      DEVICE | 0x7843dbb970 | 0100 | RGBA_8888    |    0.0    0.0 1080.0  112.0 |    0    0 1080  112 | StatusBar$_1348#0
10-26 10:07:36.493   620   620 D SurfaceFlinger:      DEVICE | 0x7843daab70 | 0100 | RGBA_8888    |    0.0    0.0   67.0  416.0 |    0  814   67 1230 | com.samsung.android.app.cocktailbars[...]arservice.CocktailBarService$_8198#0
10-26 10:07:36.493   620   620 D SurfaceFlinger:      DEVICE | 0x7843da5dd0 | 0100 | RGBA_8888    |    0.0    0.0
10-26 10:07:36.494   620   620 D SurfaceFlinger: 1080.0  126.0 |    0 2154 1080 2280 | NavigationBar0$_1348#0
10-26 10:07:36.494   620   620 D SurfaceFlinger:
10-26 10:07:36.495 18320 18320 I ViewRootImpl@5d6e69f[InstrumentationActivityInvoker$EmptyActivity]: MSG_WINDOW_FOCUS_CHANGED 1 1
10-26 10:07:36.495   954  2449 I SemDvfsHyPerManager: acquire hyper - AMS_ACT_START/954@17, type = -999
10-26 10:07:36.496 18320 18320 D InputMethodManager: startInputInner - Id : 0
10-26 10:07:36.496 18320 18320 I InputMethodManager: startInputInner - mService.startInputOrWindowGainedFocus
10-26 10:07:36.496   566   611 I HYPER-HAL: [RequestManager.cpp]acquire(): Acquired ID : 471923  [954 / 17]    HINT : AMS_ACT_START    list :
10-26 10:07:36.496   620   810 I SurfaceFlinger: id=190115 createSurf (0x0),-1 flag=80004, ActivityRecord{da99a6b u0 com.example.dogglers/androidx.test.core.app.InstrumentationActivityInvoker$EmptyActivity t30233}#0
10-26 10:07:36.499   529   535 E statsd  : Predicate 5980654721335871649 dropping data for dimension key (10)0x2010101->10988[I] (10)0x30000->*launch*[S]
10-26 10:07:36.500   529   535 E statsd  : Predicate -7037417284711607308 dropping data for dimension key (10)0x2010101->10988[I] (10)0x30000->*launch*[S]
10-26 10:07:36.501   954  3919 D InputMethodManagerService: DESKTOP MODE! : 2
10-26 10:07:36.501   954  3919 D InputMethodManagerService: NOT IN KNOX DESKTOP MODE!
10-26 10:07:36.501   954  3919 V InputMethodManagerService: getDisplayIdOfInputMethodWindowToBeAdded : 0
10-26 10:07:36.501   954  3919 D InputMethodManagerService: checkDisplayOfStartInputAndUpdateKeyboard display Id 0last 0
10-26 10:07:36.501   954  3919 D InputTransport: Input channel constructed: 'ClientS', fd=1425
10-26 10:07:36.501   954  3919 D InputTransport: Input channel destroyed: 'ClientS', fd=1425
10-26 10:07:36.502 19204 19204 D InputMethodService: checkDisplayOfStartInputAndUpdateKeyboard display Id 0last 0
10-26 10:07:36.502   620   810 I SurfaceFlinger: id=190116 createSurf (0x0),-1 flag=24004, Surface(name=2188bee InputMethod)/@0xe151908 - animation-leash of insets_animation#1
10-26 10:07:36.505   620   620 I Layer   : id=190106 removeFromCurrentState Surface(name=2188bee InputMethod)/@0xe151908 - animation-leash of insets_animation#0 (191)
10-26 10:07:36.508 18320 18320 D LifecycleMonitor: Lifecycle status change: androidx.test.core.app.InstrumentationActivityInvoker$EmptyActivity@219bbc0 in: PAUSED
10-26 10:07:36.509 18320 18320 V ActivityScenario: Activity lifecycle changed event received but ignored because the intent does not match. startActivityIntent=Intent { act=android.intent.action.MAIN cat=[android.intent.category.LAUNCHER] cmp=com.example.dogglers/.MainActivity }, activity.getIntent()=Intent { act=android.intent.action.MAIN cat=[android.intent.category.LAUNCHER] flg=0x10000000 cmp=com.example.dogglers/androidx.test.core.app.InstrumentationActivityInvoker$EmptyActivity }, activity=androidx.test.core.app.InstrumentationActivityInvoker$EmptyActivity@219bbc0
10-26 10:07:36.509   954  1015 D PersonaActivityHelper: Activity not in resumed state, do not run immediate lock
10-26 10:07:36.511 26660 26687 I RecentModel: onTaskStackChangedBackground
10-26 10:07:36.517   954  3917 D InputDispatcher: Focused application set to (0): da99a6b
10-26 10:07:36.519   566 18385 I HYPER-HAL: [RequestManager.cpp]releaseLocked(): Released ID : 1314010
10-26 10:07:36.523   620  2717 I SurfaceFlinger: id=190106 Removed Surface(name=2188bee InputMethod)/@0xe151908 - animation-leash of insets_animation#0 (191)
10-26 10:07:36.523 26660 26687 I RecentTasksList: getTaskKeys, numTasks :3 callback : com.android.quickstep.-$$Lambda$RecentsModel$k1Mm-BV64Bc89eJHYugywZmW_Js@e5cf933
10-26 10:07:36.525   954  2449 D InputMethodManagerServicePhysicalKey: isConnectedDexOnPC false
10-26 10:07:36.526   566 18461 I HYPER-HAL: [RequestManager.cpp]releaseLocked(): Released ID : 486623
10-26 10:07:36.526   954  2449 D InputMethodManagerService: isImeSwitcherDisabledPackage : false
10-26 10:07:36.526   954  1015 I SemPersonaManager: SecureFolder personaId = 150
10-26 10:07:36.526 26660 26792 I RecentTasksList: loadTasksInBackground() task id : 30071
10-26 10:07:36.526 26660 26792 I RecentTasksList: loadTasksInBackground() task id : 30058
10-26 10:07:36.526 26660 26792 I RecentTasksList: loadTasksInBackground() task id : 30233
10-26 10:07:36.532   954  1015 D EnterpriseDeviceManagerService: isMdmAdminPresentInternal() : MDM Admin Found - com.samsung.knox.securefolder
10-26 10:07:36.535 18320 18320 D LifecycleMonitor: Lifecycle status change: androidx.test.core.app.InstrumentationActivityInvoker$EmptyActivity@1bb42d8 in: PRE_ON_CREATE
10-26 10:07:36.535 18320 18320 V ActivityScenario: Activity lifecycle changed event received but ignored because the intent does not match. startActivityIntent=Intent { act=android.intent.action.MAIN cat=[android.intent.category.LAUNCHER] cmp=com.example.dogglers/.MainActivity }, activity.getIntent()=Intent { act=android.intent.action.MAIN cat=[android.intent.category.LAUNCHER] flg=0x10000000 cmp=com.example.dogglers/androidx.test.core.app.InstrumentationActivityInvoker$EmptyActivity }, activity=androidx.test.core.app.InstrumentationActivityInvoker$EmptyActivity@1bb42d8
10-26 10:07:36.535  8198  8198 I Utils   : HomePackage : com.sec.android.app.launcher, resumePackageName : com.example.dogglers
10-26 10:07:36.539   620   620 I Layer   : id=190106 Destroyed Surface(name=2188bee InputMethod)/@0xe151908 - animation-leash of insets_animation#0
10-26 10:07:36.539   954  2449 D InputDispatcher: Focus left window (0): 5ee8557 com.example.dogglers/androidx.test.core.app.InstrumentationActivityInvoker$EmptyActivity
10-26 10:07:36.545 18320 18320 I DecorView: [INFO] isPopOver=false, config=true
10-26 10:07:36.545 18320 18320 I DecorView: updateCaptionType >> DecorView@c907116[], isFloating=false, isApplication=true, hasWindowControllerCallback=true, hasWindowDecorCaption=false
10-26 10:07:36.545 18320 18320 D DecorView: setCaptionType = 0, this = DecorView@c907116[]
10-26 10:07:36.547 18320 18320 I DecorView: getCurrentDensityDpi: from real metrics. densityDpi=420 msg=resources_loaded
10-26 10:07:36.547 18320 18320 D LifecycleMonitor: Lifecycle status change: androidx.test.core.app.InstrumentationActivityInvoker$EmptyActivity@1bb42d8 in: CREATED
10-26 10:07:36.547 18320 18320 V ActivityScenario: Activity lifecycle changed event received but ignored because the intent does not match. startActivityIntent=Intent { act=android.intent.action.MAIN cat=[android.intent.category.LAUNCHER] cmp=com.example.dogglers/.MainActivity }, activity.getIntent()=Intent { act=android.intent.action.MAIN cat=[android.intent.category.LAUNCHER] flg=0x10000000 cmp=com.example.dogglers/androidx.test.core.app.InstrumentationActivityInvoker$EmptyActivity }, activity=androidx.test.core.app.InstrumentationActivityInvoker$EmptyActivity@1bb42d8
10-26 10:07:36.548 18320 18320 D LifecycleMonitor: Lifecycle status change: androidx.test.core.app.InstrumentationActivityInvoker$EmptyActivity@1bb42d8 in: STARTED
10-26 10:07:36.548 18320 18320 V ActivityScenario: Activity lifecycle changed event received but ignored because the intent does not match. startActivityIntent=Intent { act=android.intent.action.MAIN cat=[android.intent.category.LAUNCHER] cmp=com.example.dogglers/.MainActivity }, activity.getIntent()=Intent { act=android.intent.action.MAIN cat=[android.intent.category.LAUNCHER] flg=0x10000000 cmp=com.example.dogglers/androidx.test.core.app.InstrumentationActivityInvoker$EmptyActivity }, activity=androidx.test.core.app.InstrumentationActivityInvoker$EmptyActivity@1bb42d8
10-26 10:07:36.550 18320 18320 D LifecycleMonitor: Lifecycle status change: androidx.test.core.app.InstrumentationActivityInvoker$EmptyActivity@1bb42d8 in: RESUMED
10-26 10:07:36.551 18320 18320 V ActivityScenario: Activity lifecycle changed event received but ignored because the intent does not match. startActivityIntent=Intent { act=android.intent.action.MAIN cat=[android.intent.category.LAUNCHER] cmp=com.example.dogglers/.MainActivity }, activity.getIntent()=Intent { act=android.intent.action.MAIN cat=[android.intent.category.LAUNCHER] flg=0x10000000 cmp=com.example.dogglers/androidx.test.core.app.InstrumentationActivityInvoker$EmptyActivity }, activity=androidx.test.core.app.InstrumentationActivityInvoker$EmptyActivity@1bb42d8
10-26 10:07:36.557   954  3919 D InputTransport: Input channel constructed: 'f69a40c', fd=1429
10-26 10:07:36.557   954  3919 D InputTransport: Input channel constructed: 'f69a40c', fd=1430
10-26 10:07:36.557   954  3919 D InputTransport: Input channel constructed: 'f69a40c', fd=1436
10-26 10:07:36.558   620  2717 I SurfaceFlinger: id=190117 createSurf (0x0),-1 flag=80004, f69a40c com.example.dogglers/androidx.test.core.app.InstrumentationActivityInvoker$EmptyActivity#0
10-26 10:07:36.559   954  3919 D InputTransport: Input channel destroyed: 'f69a40c', fd=1436
10-26 10:07:36.560 18320 18320 I ViewRootImpl@8f90a97[InstrumentationActivityInvoker$EmptyActivity]: setView = com.android.internal.policy.DecorView@c907116 TM=true
10-26 10:07:36.561   954  1054 D AnalyticsContainerHandler: handleMessage : { when=0 what=1 target=com.android.server.knox.KnoxAnalyticsContainer$AnalyticsHandler }
10-26 10:07:36.564   954  3919 V WindowManager: Relayout Window{f69a40c u0 com.example.dogglers/androidx.test.core.app.InstrumentationActivityInvoker$EmptyActivity}: viewVisibility=0 req=1080x2280 d0
10-26 10:07:36.564   620   810 I SurfaceFlinger: id=190118 createSurf (1x1),-3 flag=40004, com.example.dogglers/androidx.test.core.app.InstrumentationActivityInvoker$EmptyActivity$_18320#1
10-26 10:07:36.567   620   810 I SurfaceFlinger: id=190119 createSurf (0x0),-1 flag=24000, Surface(name=2fa8401 StatusBar)/@0xf000e26 - animation-leash of insets_animation#0
10-26 10:07:36.568   620   810 I SurfaceFlinger: id=190120 createSurf (0x0),-1 flag=24000, Surface(name=be23078 NavigationBar0)/@0x50010bd - animation-leash of insets_animation#0
10-26 10:07:36.570   954  3919 V WindowManager: Relayout hash=f69a40c, pid=18320: mAttrs={(0,0)(fillxfill) sim={adjust=pan forwardNavigation} ty=BASE_APPLICATION wanim=0x1030001
10-26 10:07:36.570   954  3919 V WindowManager:   fl=1810100
10-26 10:07:36.570   954  3919 V WindowManager:   pfl=12020040
10-26 10:07:36.570   954  3919 V WindowManager:   apr=LIGHT_NAVIGATION_BARS
10-26 10:07:36.570   954  3919 V WindowManager:   bhv=DEFAULT
10-26 10:07:36.570   954  3919 V WindowManager:   fitSides= naviIconColor=0
10-26 10:07:36.570   954  3919 V WindowManager:   sfl=100000}
10-26 10:07:36.573 18320 18320 I ViewRootImpl@8f90a97[InstrumentationActivityInvoker$EmptyActivity]: Relayout returned: old=(0,0,1080,2280) new=(0,0,1080,2280) req=(1080,2280)0 dur=7 res=0x7 s={true 515080506704} ch=true fn=-1
10-26 10:07:36.575 18320 18355 D OpenGLRenderer: eglCreateWindowSurface
10-26 10:07:36.576 18320 18320 I ViewRootImpl@8f90a97[InstrumentationActivityInvoker$EmptyActivity]: [DP] dp(1) 1 android.view.ViewRootImpl.reportNextDraw:11420 android.view.ViewRootImpl.performTraversals:4193 android.view.ViewRootImpl.doTraversal:2919
10-26 10:07:36.584 18320 18320 I ViewRootImpl@8f90a97[InstrumentationActivityInvoker$EmptyActivity]: [DP] pdf(0) 1 android.view.ViewRootImpl.lambda$addFrameCompleteCallbackIfNeeded$3$ViewRootImpl:4995 android.view.ViewRootImpl$$ExternalSyntheticLambda16.run:6 android.os.Handler.handleCallback:938
10-26 10:07:36.584 18320 18320 I ViewRootImpl@8f90a97[InstrumentationActivityInvoker$EmptyActivity]: [DP] rdf()
10-26 10:07:36.584 18320 18320 D ViewRootImpl@8f90a97[InstrumentationActivityInvoker$EmptyActivity]: reportDrawFinished (fn: -1)
10-26 10:07:36.584 18320 18320 I ViewRootImpl@5d6e69f[InstrumentationActivityInvoker$EmptyActivity]: MSG_WINDOW_FOCUS_CHANGED 0 1
10-26 10:07:36.587   954  1012 I ActivityTaskManager: Displayed com.example.dogglers/androidx.test.core.app.InstrumentationActivityInvoker$EmptyActivity: +94ms
10-26 10:07:36.587  2946  2946 E pageboostd: Received HALT command code 2
10-26 10:07:36.588   620   620 I Layer   : id=190113 removeFromCurrentState Surface(name=2fa8401 StatusBar)/@0xf000e26 - animation-leash of insets_animation#1 (194)
10-26 10:07:36.588   620   620 I Layer   : id=190114 removeFromCurrentState Surface(name=be23078 NavigationBar0)/@0x50010bd - animation-leash of insets_animation#1 (194)
10-26 10:07:36.590   954  3917 D InputDispatcher: Focus entered window (0): f69a40c com.example.dogglers/androidx.test.core.app.InstrumentationActivityInvoker$EmptyActivity
10-26 10:07:36.592 18320 18320 D InsetsSourceConsumer: ensureControlAlpha: for ITYPE_NAVIGATION_BAR on com.example.dogglers/androidx.test.core.app.InstrumentationActivityInvoker$EmptyActivity
10-26 10:07:36.592 26660 26660 I ViewRootImpl@623994e[LauncherActivity]: handleAppVisibility mAppVisible=true visible=false
10-26 10:07:36.593  1348  2944 D WallpaperService: dispatchAppVisibility onVisibilityChanged(): false
10-26 10:07:36.594   954  1016 I SemDvfsHyPerManager: acquire hyper - AMS_RESUME_TAIL/954@19, type = -999
10-26 10:07:36.594   954  1016 I SemDvfsHyPerManager: acquire hyper - AMS_ACT_LAZY/954@20, type = -999
10-26 10:07:36.594   566   611 I HYPER-HAL: [RequestManager.cpp]acquire(): Acquired ID : 473870  [954 / 19]    HINT : AMS_RESUME_TAIL    list :
10-26 10:07:36.595   566   611 I HYPER-HAL: [RequestManager.cpp]releaseLocked(): Released ID : 471923
10-26 10:07:36.595  1348  1535 I ImageWallpaper:  onVisibilityChanged false , 0
10-26 10:07:36.595  1348  1348 D WallpaperService: reportVisibility onVisibilityChanged visible: false
10-26 10:07:36.595 18320 18320 D InsetsSourceConsumer: ensureControlAlpha: for ITYPE_STATUS_BAR on com.example.dogglers/androidx.test.core.app.InstrumentationActivityInvoker$EmptyActivity
10-26 10:07:36.595   620   620 D SurfaceFlinger: Display 0 HWC layers:
10-26 10:07:36.595   620   620 D SurfaceFlinger:      DEVICE | 0x7843db00f0 | 0102 | RGBA_8888    |    0.0    0.0 1080.0 2280.0 |    0    0 1080 2280 | com.example.dogglers/androidx.test.c[...]tivityInvoker$EmptyActivity$_18320#1
10-26 10:07:36.595   620   620 D SurfaceFlinger:      DEVICE | 0x7843dbb970 | 0100 | RGBA_8888    |    0.0    0.0 1080.0  112.0 |    0    0 1080  112 | StatusBar$_1348#0
10-26 10:07:36.595   620   620 D SurfaceFlinger:      DEVICE | 0x7843daab70 | 0100 | RGBA_8888    |    0.0    0.0   67.0  416.0 |    0  814   67 1230 | com.samsung.android.app.cocktailbars[...]arservice.CocktailBarService$_8198#0
10-26 10:07:36.595   620   620 D SurfaceFlinger:      DEVICE | 0x7843da5dd0 | 0100 | RGBA_8888    |    0.0    0.0 1080.0  126.0 |    0 2154 1080 2280 | NavigationBar0$_1348#0
10-26 10:07:36.595   620   620 D SurfaceFlinger:
10-26 10:07:36.596 19204 19204 E FullInputEventModel: onStartInput event aborted: al1: could not obtain extracted text (class al1)
10-26 10:07:36.596   620   642 I SurfaceFlinger: id=190114 Removed Surface(name=be23078 NavigationBar0)/@0x50010bd - animation-leash of insets_animation#1 (194)
10-26 10:07:36.596   620  2717 I SurfaceFlinger: id=190113 Removed Surface(name=2fa8401 StatusBar)/@0xf000e26 - animation-leash of insets_animation#1 (194)
10-26 10:07:36.596 18320 18320 I ViewRootImpl@8f90a97[InstrumentationActivityInvoker$EmptyActivity]: MSG_WINDOW_FOCUS_CHANGED 1 1
10-26 10:07:36.597 18320 18320 D InputMethodManager: startInputInner - Id : 0
10-26 10:07:36.598 18320 18320 I InputMethodManager: startInputInner - mService.startInputOrWindowGainedFocus
10-26 10:07:36.599   954  3917 D InputMethodManagerService: DESKTOP MODE! : 2
10-26 10:07:36.599   954  3917 D InputMethodManagerService: NOT IN KNOX DESKTOP MODE!
10-26 10:07:36.599   954  3917 V InputMethodManagerService: getDisplayIdOfInputMethodWindowToBeAdded : 0
10-26 10:07:36.599   954  3917 D InputMethodManagerService: checkDisplayOfStartInputAndUpdateKeyboard display Id 0last 0
10-26 10:07:36.599   954  3917 D InputTransport: Input channel constructed: 'ClientS', fd=1428
10-26 10:07:36.599   954  3917 D InputTransport: Input channel destroyed: 'ClientS', fd=1428
10-26 10:07:36.600 19204 19204 D InputMethodService: checkDisplayOfStartInputAndUpdateKeyboard display Id 0last 0
10-26 10:07:36.600   620  2717 I SurfaceFlinger: id=190121 createSurf (0x0),-1 flag=24004, Surface(name=2188bee InputMethod)/@0xe151908 - animation-leash of insets_animation#0
10-26 10:07:36.605   620   620 I Layer   : id=190096 removeFromCurrentState Surface(name=Task=1)/@0x4cdbfdb - animation-leash of app_transition#0 (195)
10-26 10:07:36.605   620   620 I Layer   : id=190097 removeFromCurrentState Surface(name=Task=30233)/@0xf00333e - animation-leash of app_transition#0 (195)
10-26 10:07:36.605   620   620 I Layer   : id=190116 removeFromCurrentState Surface(name=2188bee InputMethod)/@0xe151908 - animation-leash of insets_animation#1 (195)
10-26 10:07:36.606   620   620 I SurfaceFlinger: id=190097 Removed Surface(name=Task=30233)/@0xf00333e - animation-leash of app_transition#0 (195)
10-26 10:07:36.606   620   620 I SurfaceFlinger: id=190096 Removed Surface(name=Task=1)/@0x4cdbfdb - animation-leash of app_transition#0 (195)
10-26 10:07:36.606   620   620 I Layer   : id=190114 Destroyed Surface(name=be23078 NavigationBar0)/@0x50010bd - animation-leash of insets_animation#1
10-26 10:07:36.606   620   620 I Layer   : id=190113 Destroyed Surface(name=2fa8401 StatusBar)/@0xf000e26 - animation-leash of insets_animation#1
10-26 10:07:36.606   620   620 I Layer   : id=190096 Destroyed Surface(name=Task=1)/@0x4cdbfdb - animation-leash of app_transition#0
10-26 10:07:36.606   620   620 I Layer   : id=190097 Destroyed Surface(name=Task=30233)/@0xf00333e - animation-leash of app_transition#0
10-26 10:07:36.610   954  3919 D InputDispatcher: Focused application set to (0): 7d8cfdc
10-26 10:07:36.613   954  1015 D PersonaActivityHelper: Activity not in resumed state, do not run immediate lock
10-26 10:07:36.615 18320 18320 I ViewRootImpl@5d6e69f[InstrumentationActivityInvoker$EmptyActivity]: stopped(true) old=false
10-26 10:07:36.616 18320 18320 D LifecycleMonitor: Lifecycle status change: androidx.test.core.app.InstrumentationActivityInvoker$EmptyActivity@219bbc0 in: STOPPED
10-26 10:07:36.616 18320 18320 V ActivityScenario: Activity lifecycle changed event received but ignored because the intent does not match. startActivityIntent=Intent { act=android.intent.action.MAIN cat=[android.intent.category.LAUNCHER] cmp=com.example.dogglers/.MainActivity }, activity.getIntent()=Intent { act=android.intent.action.MAIN cat=[android.intent.category.LAUNCHER] flg=0x10000000 cmp=com.example.dogglers/androidx.test.core.app.InstrumentationActivityInvoker$EmptyActivity }, activity=androidx.test.core.app.InstrumentationActivityInvoker$EmptyActivity@219bbc0
10-26 10:07:36.618 18320 18320 I ViewRootImpl@b2d5424[MainActivity]: stopped(true) old=false
10-26 10:07:36.618   954  3919 V WindowManager: Relayout Window{4ad90e6 u0 com.sec.android.app.launcher/com.sec.android.app.launcher.activities.LauncherActivity}: viewVisibility=8 req=1080x2280 d0
10-26 10:07:36.618 18320 18320 D LifecycleMonitor: Lifecycle status change: com.example.dogglers.MainActivity@856f459 in: STOPPED
10-26 10:07:36.618 18320 18320 V ActivityScenario: Update currentActivityStage to STOPPED, currentActivity=com.example.dogglers.MainActivity@856f459
10-26 10:07:36.620   954  3919 V WindowManager: Relayout hash=4ad90e6, pid=26660: mAttrs={(0,0)(fillxfill) sim={adjust=nothing} layoutInDisplayCutoutMode=shortEdges ty=BASE_APPLICATION fmt=TRANSPARENT wanim=0x10302f2
10-26 10:07:36.620   954  3919 V WindowManager:   fl=81910100
10-26 10:07:36.620   954  3919 V WindowManager:   pfl=1e020040
10-26 10:07:36.620   954  3919 V WindowManager:   vsysui=1700
10-26 10:07:36.620   954  3919 V WindowManager:   bhv=SHOW_TRANSIENT_BARS_BY_SWIPE
10-26 10:07:36.620   954  3919 V WindowManager:   fitSides= naviIconColor=0}
10-26 10:07:36.620 26660  9842 I RecentModel: onTaskStackChangedBackground
10-26 10:07:36.621 18320 18320 D LifecycleMonitor: Lifecycle status change: com.example.dogglers.MainActivity@856f459 in: DESTROYED
10-26 10:07:36.621 18320 18320 V ActivityScenario: Update currentActivityStage to DESTROYED, currentActivity=null
10-26 10:07:36.621 26660 26660 I ViewRootImpl@623994e[LauncherActivity]: Relayout returned: old=(0,0,1080,2280) new=(0,0,1080,2280) req=(1080,2280)8 dur=3 res=0x5 s={false 0} ch=true fn=24
10-26 10:07:36.622 26660 26660 I ViewRootImpl@623994e[LauncherActivity]: stopped(true) old=false
10-26 10:07:36.623   954  2449 D InputDispatcher: Focus left window (0): f69a40c com.example.dogglers/androidx.test.core.app.InstrumentationActivityInvoker$EmptyActivity
10-26 10:07:36.623 26660  9842 I RecentTasksList: getTaskKeys, numTasks :3 callback : com.android.quickstep.-$$Lambda$RecentsModel$k1Mm-BV64Bc89eJHYugywZmW_Js@1f5d4f0
10-26 10:07:36.624 18320 18355 D OpenGLRenderer: setSurface called with nullptr
10-26 10:07:36.624 18320 18355 D OpenGLRenderer: setSurface() destroyed EGLSurface
10-26 10:07:36.624 18320 18355 D OpenGLRenderer: destroyEglSurface
10-26 10:07:36.625 26660 26660 I BaseActivity: removeActivityFlags, flags : 17
10-26 10:07:36.626 26660 26660 W LauncherAppWidgetHost: setShouldListenFlag, mFlags:7 flag:start on:false isFront:false
10-26 10:07:36.626 18320 18320 I ViewRootImpl@b2d5424[MainActivity]: dispatchDetachedFromWindow
10-26 10:07:36.627   954  3917 I AppWidgetServiceImpl: stopListening callbacks : null
10-26 10:07:36.627 26660 26792 I RecentTasksList: loadTasksInBackground() task id : 30071
10-26 10:07:36.627 26660 26792 I RecentTasksList: loadTasksInBackground() task id : 30058
10-26 10:07:36.627 26660 26792 I RecentTasksList: loadTasksInBackground() task id : 30233
10-26 10:07:36.627 26660 26792 I IMM_LC  : hsifw() - flags=0, caller=android.view.inputmethod.InputMethodManager.hideSoftInputFromWindow:1846 android.view.inputmethod.InputMethodManager.hideSoftInputFromWindow:1815 com.android.launcher3.util.UiThreadHelper$UiCallbacks.handleMessage:103 android.os.Handler.dispatchMessage:102 android.os.Looper.loopOnce:226
10-26 10:07:36.627 26660 26792 I IMM_LC  : hideSoftInputFromWindow - mService.hideSoftInput
10-26 10:07:36.628 26660 26660 W LauncherAppWidgetHost: stopListening, mFlags:2 isFront:false
10-26 10:07:36.628 26660 26660 W Launcher.NotificationListener: removeNotificationsChangedListener
10-26 10:07:36.628 26660 26660 I BadgeCountUpdaterImpl: onNotificationsChangedDisConnected
10-26 10:07:36.628 26660 26660 I Launcher.NotificationListener: unregisterObserver, this is not notificationService!!
10-26 10:07:36.628   954  3919 D InputTransport: Input channel destroyed: 'b826687', fd=1418
10-26 10:07:36.628   954  3919 W InputManager-JNI: Input channel object 'b826687 com.example.dogglers/com.example.dogglers.MainActivity (client)' was disposed without first being removed with the input manager!
10-26 10:07:36.628   954  3919 D InputTransport: Input channel destroyed: 'b826687', fd=1419
10-26 10:07:36.628 26660 26792 I LiveIconUpdateEventHandler: LiveIcon onStop
10-26 10:07:36.629 26660 26792 I LiveIconUpdateEventHandler: cancelMinuteChangeAlarm
10-26 10:07:36.630 26660 26792 I LiveIconUpdateEventHandler: cancelDateChangeAlarm
10-26 10:07:36.631 26660 26792 I LiveIconUpdateEventHandler: unregisterReceiver
10-26 10:07:36.631 18320 18320 D InputTransport: Input channel destroyed: 'b826687', fd=97
10-26 10:07:36.634 18320 18320 D LifecycleMonitor: Lifecycle status change: androidx.test.core.app.InstrumentationActivityInvoker$BootstrapActivity@393c646 in: STOPPED
10-26 10:07:36.634 18320 18320 V ActivityScenario: Activity lifecycle changed event received but ignored because the intent does not match. startActivityIntent=Intent { act=android.intent.action.MAIN cat=[android.intent.category.LAUNCHER] cmp=com.example.dogglers/.MainActivity }, activity.getIntent()=Intent { act=android.intent.action.MAIN cat=[android.intent.category.LAUNCHER] flg=0x10008000 cmp=com.example.dogglers/androidx.test.core.app.InstrumentationActivityInvoker$BootstrapActivity (has extras) }, activity=androidx.test.core.app.InstrumentationActivityInvoker$BootstrapActivity@393c646
10-26 10:07:36.635 18320 18320 D LifecycleMonitor: Lifecycle status change: androidx.test.core.app.InstrumentationActivityInvoker$BootstrapActivity@393c646 in: DESTROYED
10-26 10:07:36.635 18320 18320 V ActivityScenario: Activity lifecycle changed event received but ignored because the intent does not match. startActivityIntent=Intent { act=android.intent.action.MAIN cat=[android.intent.category.LAUNCHER] cmp=com.example.dogglers/.MainActivity }, activity.getIntent()=Intent { act=android.intent.action.MAIN cat=[android.intent.category.LAUNCHER] flg=0x10008000 cmp=com.example.dogglers/androidx.test.core.app.InstrumentationActivityInvoker$BootstrapActivity (has extras) }, activity=androidx.test.core.app.InstrumentationActivityInvoker$BootstrapActivity@393c646
10-26 10:07:36.636   620  3677 I SurfaceFlinger: id=190116 Removed Surface(name=2188bee InputMethod)/@0xe151908 - animation-leash of insets_animation#1 (191)
10-26 10:07:36.637   954  3919 D InputMethodManagerServicePhysicalKey: isConnectedDexOnPC false
10-26 10:07:36.639   620   620 D Layer   : setBackgroundBlurRadius ## OneUiHome-BlurLayer#0, backgroundBlurRadius=0
10-26 10:07:36.639   620   620 I Layer   : id=190102 removeFromCurrentState com.example.dogglers/com.example.dogglers.MainActivity$_18320#0 (191)
10-26 10:07:36.639   620   620 I Layer   : id=190101 removeFromCurrentState b826687 com.example.dogglers/com.example.dogglers.MainActivity#0 (191)
10-26 10:07:36.639   620   620 I SurfaceFlinger: id=190101 Removed b826687 com.example.dogglers/com.example.dogglers.MainActivity#0 (191)
10-26 10:07:36.639   620   620 I SurfaceFlinger: id=190102 Removed com.example.dogglers/com.example.dogglers.MainActivity$_18320#0 (191)
10-26 10:07:36.639   620   620 I SurfaceFlinger: id=190086 Removed OneUiHome-BlurLayer#0 (191)
10-26 10:07:36.639   620  2722 D NativeSemDvfsManager: acquire:: timeout = 2000 mIsAcquired = 1  mTagName : SurfaceFlinger
10-26 10:07:36.639   620  2722 E NativeCustomFrequencyManager: [NativeCFMS] BpCustomFrequencyManager::acquire()
10-26 10:07:36.639   620   620 I Layer   : id=190116 Destroyed Surface(name=2188bee InputMethod)/@0xe151908 - animation-leash of insets_animation#1
10-26 10:07:36.639   620   620 I Layer   : id=190101 Destroyed b826687 com.example.dogglers/com.example.dogglers.MainActivity#0
10-26 10:07:36.640   620   620 I Layer   : id=190102 Destroyed com.example.dogglers/com.example.dogglers.MainActivity$_18320#0
10-26 10:07:36.640   566   611 I HYPER-HAL: [RequestManager.cpp]acquire(): Acquired ID : 1314010  [620 / 1000]    HINT : SF_GPU_MINLOCK    list : [TIMEOUT / 2000]
10-26 10:07:36.640 18320 18320 D LifecycleMonitor: Lifecycle status change: androidx.test.core.app.InstrumentationActivityInvoker$EmptyActivity@219bbc0 in: DESTROYED
10-26 10:07:36.640 18320 18320 V ActivityScenario: Activity lifecycle changed event received but ignored because the intent does not match. startActivityIntent=Intent { act=android.intent.action.MAIN cat=[android.intent.category.LAUNCHER] cmp=com.example.dogglers/.MainActivity }, activity.getIntent()=Intent { act=android.intent.action.MAIN cat=[android.intent.category.LAUNCHER] flg=0x10000000 cmp=com.example.dogglers/androidx.test.core.app.InstrumentationActivityInvoker$EmptyActivity }, activity=androidx.test.core.app.InstrumentationActivityInvoker$EmptyActivity@219bbc0
10-26 10:07:36.641 18320 18355 D OpenGLRenderer: setSurface called with nullptr
10-26 10:07:36.641 18320 18355 D OpenGLRenderer: setSurface() destroyed EGLSurface
10-26 10:07:36.641 18320 18355 D OpenGLRenderer: destroyEglSurface
10-26 10:07:36.642 18320 18320 I ViewRootImpl@5d6e69f[InstrumentationActivityInvoker$EmptyActivity]: dispatchDetachedFromWindow
10-26 10:07:36.645   954  3919 D InputMethodManagerService: isImeSwitcherDisabledPackage : false
10-26 10:07:36.645   954  3917 D InputTransport: Input channel destroyed: '5ee8557', fd=1371
10-26 10:07:36.645   954  3917 W InputManager-JNI: Input channel object '5ee8557 com.example.dogglers/androidx.test.core.app.InstrumentationActivityInvoker$EmptyActivity (client)' was disposed without first being removed with the input manager!
10-26 10:07:36.645   954  3917 D InputTransport: Input channel destroyed: '5ee8557', fd=1382
10-26 10:07:36.648 18320 18320 D InputTransport: Input channel destroyed: '5ee8557', fd=118
10-26 10:07:36.651 18320 18320 D LifecycleMonitor: Lifecycle status change: androidx.test.core.app.InstrumentationActivityInvoker$EmptyActivity@1bb42d8 in: PAUSED
10-26 10:07:36.651 18320 18320 V ActivityScenario: Activity lifecycle changed event received but ignored because the intent does not match. startActivityIntent=Intent { act=android.intent.action.MAIN cat=[android.intent.category.LAUNCHER] cmp=com.example.dogglers/.MainActivity }, activity.getIntent()=Intent { act=android.intent.action.MAIN cat=[android.intent.category.LAUNCHER] flg=0x10000000 cmp=com.example.dogglers/androidx.test.core.app.InstrumentationActivityInvoker$EmptyActivity }, activity=androidx.test.core.app.InstrumentationActivityInvoker$EmptyActivity@1bb42d8
10-26 10:07:36.653   954  3917 I SemDvfsHyPerManager: acquire hyper - AMS_APP_HOME/954@32, type = -999
10-26 10:07:36.654  3825  3825 I SemDvfsHyPerManager: acquire hyper - APP_START_SHORT/3825@14, type = -999
10-26 10:07:36.655 26660 26660 I ViewRootImpl@623994e[LauncherActivity]: handleAppVisibility mAppVisible=false visible=true
10-26 10:07:36.655   620   620 I Layer   : id=190112 removeFromCurrentState com.example.dogglers/androidx.test.core.app.InstrumentationActivityInvoker$EmptyActivity$_18320#0 (188)
10-26 10:07:36.655   620   620 I Layer   : id=190100 removeFromCurrentState ActivityRecord{217d31 u0 com.example.dogglers/.MainActivity t30233}#0 (188)
10-26 10:07:36.655   620   620 I Layer   : id=190093 removeFromCurrentState ActivityRecord{fbb6453 u0 com.example.dogglers/androidx.test.core.app.InstrumentationActivityInvoker$BootstrapActivity t30233}#0 (188)
10-26 10:07:36.656   620   620 I Layer   : id=190111 removeFromCurrentState 5ee8557 com.example.dogglers/androidx.test.core.app.InstrumentationActivityInvoker$EmptyActivity#0 (188)
10-26 10:07:36.656   620   620 I Layer   : id=190083 removeFromCurrentState com.sec.android.app.launcher/com.sec.android.app.launcher.activities.LauncherActivity$_26660#0 (188)
10-26 10:07:36.656   620   620 I Layer   : id=190086 removeFromCurrentState OneUiHome-BlurLayer#0 (188)
10-26 10:07:36.656   620   620 I SurfaceFlinger: id=190100 Removed ActivityRecord{217d31 u0 com.example.dogglers/.MainActivity t30233}#0 (188)
10-26 10:07:36.656   620   620 I SurfaceFlinger: id=190093 Removed ActivityRecord{fbb6453 u0 com.example.dogglers/androidx.test.core.app.InstrumentationActivityInvoker$BootstrapActivity t30233}#0 (188)
10-26 10:07:36.656   620   620 I SurfaceFlinger: id=190111 Removed 5ee8557 com.example.dogglers/androidx.test.core.app.InstrumentationActivityInvoker$EmptyActivity#0 (188)
10-26 10:07:36.656   620   620 I SurfaceFlinger: id=190112 Removed com.example.dogglers/androidx.test.core.app.InstrumentationActivityInvoker$EmptyActivity$_18320#0 (188)
10-26 10:07:36.656   620   620 I Layer   : id=190111 Destroyed 5ee8557 com.example.dogglers/androidx.test.core.app.InstrumentationActivityInvoker$EmptyActivity#0
10-26 10:07:36.656   529   535 E statsd  : Predicate 5980654721335871649 dropping data for dimension key (10)0x2010101->10988[I] (10)0x30000->*launch*[S]
10-26 10:07:36.656   620   620 I Layer   : id=190112 Destroyed com.example.dogglers/androidx.test.core.app.InstrumentationActivityInvoker$EmptyActivity$_18320#0
10-26 10:07:36.656   620   620 I Layer   : id=190093 Destroyed ActivityRecord{fbb6453 u0 com.example.dogglers/androidx.test.core.app.InstrumentationActivityInvoker$BootstrapActivity t30233}#0
10-26 10:07:36.656   620   620 I Layer   : id=190100 Destroyed ActivityRecord{217d31 u0 com.example.dogglers/.MainActivity t30233}#0
10-26 10:07:36.656   529   535 E statsd  : Predicate -7037417284711607308 dropping data for dimension key (10)0x2010101->10988[I] (10)0x30000->*launch*[S]
10-26 10:07:36.656   566   611 I HYPER-HAL: [RequestManager.cpp]acquire(): Acquired ID : 486623  [954 / 32]    HINT : AMS_APP_HOME    list :
10-26 10:07:36.657   566   611 I HYPER-HAL: [RequestManager.cpp]acquire(): Acquired ID : 7370894  [3825 / 14]    HINT : APP_START    list : [TIMEOUT / 1500]
10-26 10:07:36.660 18320 18320 I ViewRootImpl@8f90a97[InstrumentationActivityInvoker$EmptyActivity]: MSG_WINDOW_FOCUS_CHANGED 0 1
10-26 10:07:36.661 18320 18346 I TestRunner: finished: horizontal_list_button_is_displayed(com.example.dogglers.ButtonTests)
