10-26 10:07:33.774 18320 18355 D OpenGLRenderer: eglCreateWindowSurface
10-26 10:07:33.775 18320 18320 E VIEW TYPE: 0
10-26 10:07:33.776   620   620 I SurfaceFlinger: SFWD update time=779248709979436
10-26 10:07:33.776   620   620 I Layer   : id=189981 removeFromCurrentState Splash Screen com.example.dogglers$_1348#0 (194)
10-26 10:07:33.777   620   620 I Layer   : id=189980 removeFromCurrentState b4691ee Splash Screen com.example.dogglers#0 (194)
10-26 10:07:33.777   620   620 I Layer   : id=189993 removeFromCurrentState Surface(name=b4691ee Splash Screen com.example.dogglers)/@0xbaa1a49 - animation-leash of window_animation#0 (194)
10-26 10:07:33.777   620   620 I Layer   : id=189995 removeFromCurrentState Surface(name=2fa8401 StatusBar)/@0xf000e26 - animation-leash of insets_animation#1 (194)
10-26 10:07:33.777   620   620 I Layer   : id=189996 removeFromCurrentState Surface(name=be23078 NavigationBar0)/@0x50010bd - animation-leash of insets_animation#1 (194)
10-26 10:07:33.777   620   620 I SurfaceFlinger: id=189980 Removed b4691ee Splash Screen com.example.dogglers#0 (194)
10-26 10:07:33.777   620   620 I SurfaceFlinger: id=189995 Removed Surface(name=2fa8401 StatusBar)/@0xf000e26 - animation-leash of insets_animation#1 (194)
10-26 10:07:33.777   620   620 I SurfaceFlinger: id=189996 Removed Surface(name=be23078 NavigationBar0)/@0x50010bd - animation-leash of insets_animation#1 (194)
10-26 10:07:33.777   620   620 I SurfaceFlinger: id=189981 Removed Splash Screen com.example.dogglers$_1348#0 (194)
10-26 10:07:33.777   620   620 I SurfaceFlinger: id=189993 Removed Surface(name=b4691ee Splash Screen com.example.dogglers)/@0xbaa1a49 - animation-leash of window_animation#0 (194)
10-26 10:07:33.777   620   620 I Layer   : id=189993 Destroyed Surface(name=b4691ee Splash Screen com.example.dogglers)/@0xbaa1a49 - animation-leash of window_animation#0
10-26 10:07:33.777   620   620 I Layer   : id=189980 Destroyed b4691ee Splash Screen com.example.dogglers#0
10-26 10:07:33.777   620   620 I Layer   : id=189995 Destroyed Surface(name=2fa8401 StatusBar)/@0xf000e26 - animation-leash of insets_animation#1
10-26 10:07:33.777   620   620 I Layer   : id=189996 Destroyed Surface(name=be23078 NavigationBar0)/@0x50010bd - animation-leash of insets_animation#1
10-26 10:07:33.779   620   620 I Layer   : id=189981 Destroyed Splash Screen com.example.dogglers$_1348#0
10-26 10:07:33.781   620   620 D SurfaceFlinger: Display 0 HWC layers:
10-26 10:07:33.781   620   620 D SurfaceFlinger:      CLIENT | 0x7843db7cb0 | 0100 | RGBx_8888    |  589.0    0.0 1651.0 2240.0 |    0    0 1080 2280 | Wallpaper BBQ wrapper#0
10-26 10:07:33.781   620   620 D SurfaceFlinger:      CLIENT |              | 0000 |  Unknown  |    0.0    0.0    0.0    0.0 |    0    0 1080 2280 | OneUiHome-BlurLayer#0 (backgroundBlurRadius)
10-26 10:07:33.781   620   620 D SurfaceFlinger:      DEVICE | 0x7843db1e30 | 0100 | RGBA_8888    |    0.0    0.0 1080.0 2280.0 |    0    0 1080 2280 | com.sec.android.app.launcher/com.sec[...]activities.LauncherActivity$_26660#0
10-26 10:07:33.781   620   620 D SurfaceFlinger:      DEVICE | 0x7843db9f90 | 0102 | RGBA_8888    |    0.0    0.0 1080.0 2280.0 |    2    5 1078 2275 | com.example.dogglers/com.example.dogglers.MainActivity$_18320#0
10-26 10:07:33.781   620   620 D SurfaceFlinger:      DEVICE | 0x7843dbb970 | 0100 | RGBA_8888    |    0.0    0.0 1080.0  112.0 |    0    0 1080  112 | StatusBar$_1348#0
10-26 10:07:33.781   620   620 D SurfaceFlinger:      DEVICE | 0x7843daab70 | 0100 | RGBA_8888    |    0.0    0.0   67.0  416.0 |    0  814   67 1230 | com.samsung.android.app.cocktailbars[...]arservice.CocktailBarService$_8198#0
10-26 10:07:33.781   620   620 D SurfaceFlinger:      DEVICE | 0x7843da5dd0 | 0100 | RGBA_8888    |    0.0    0.0 1080.0  126.0
10-26 10:07:33.781   620   620 D SurfaceFlinger: |    0 2154 1080 2280 | NavigationBar0$_1348#0
10-26 10:07:33.781   620   620 D SurfaceFlinger:
10-26 10:07:33.783 18320 18320 E VIEW TYPE: 0
10-26 10:07:33.793   620   620 I Layer   : id=189998 removeFromCurrentState Surface(name=2fa8401 StatusBar)/@0xf000e26 - animation-leash of insets_animation#0 (189)
10-26 10:07:33.793   620   620 I Layer   : id=189999 removeFromCurrentState Surface(name=be23078 NavigationBar0)/@0x50010bd - animation-leash of insets_animation#0 (189)
10-26 10:07:33.794   954  3937 D InputDispatcher: Focus request (0): fd31d9d com.example.dogglers/com.example.dogglers.GridListActivity but waiting because NOT_VISIBLE
10-26 10:07:33.802 18320 18320 E VIEW TYPE: 0
10-26 10:07:33.812 18320 18320 E VIEW TYPE: 0
10-26 10:07:33.825 26660 26687 I RecentModel: onTaskStackChangedBackground
10-26 10:07:33.826 18320 18320 E VIEW TYPE: 0
10-26 10:07:33.826 26660 26687 I RecentTasksList: getTaskKeys, numTasks :3 callback : com.android.quickstep.-$$Lambda$RecentsModel$k1Mm-BV64Bc89eJHYugywZmW_Js@f6dbe56
10-26 10:07:33.830 26660 26792 I RecentTasksList: loadTasksInBackground() task id : 30071
10-26 10:07:33.830 26660 26792 I RecentTasksList: loadTasksInBackground() task id : 30058
10-26 10:07:33.830 26660 26792 I RecentTasksList: loadTasksInBackground() task id : 30231
10-26 10:07:33.835 18320 18320 E VIEW TYPE: 0
10-26 10:07:33.845 26660 26660 I ViewRootImpl@623994e[LauncherActivity]: handleAppVisibility mAppVisible=true visible=false
10-26 10:07:33.846  1348  1736 D WallpaperService: dispatchAppVisibility onVisibilityChanged(): false
10-26 10:07:33.846  1348  1535 I ImageWallpaper:  onVisibilityChanged false , 0
10-26 10:07:33.846  1348  1348 D WallpaperService: reportVisibility onVisibilityChanged visible: false
10-26 10:07:33.847   620   620 D SurfaceFlinger: Display 0 HWC layers:
10-26 10:07:33.847   620   620 D SurfaceFlinger:      DEVICE | 0x7843db8130 | 0102 | RGBA_8888    |    0.0    0.0 1080.0 2280.0 |    0    0 1080 2280 | com.example.dogglers/com.example.dogglers.MainActivity$_18320#0
10-26 10:07:33.847   620   620 D SurfaceFlinger:      DEVICE | 0x7843dbb970 | 0100 | RGBA_8888    |    0.0    0.0 1080.0  112.0 |    0    0 1080  112 | StatusBar$_1348#0
10-26 10:07:33.847   620   620 D SurfaceFlinger:      DEVICE | 0x7843daab70 | 0100 | RGBA_8888    |    0.0    0.0   67.0  416.0 |    0  814   67 1230 | com.samsung.android.app.cocktailbars[...]arservice.CocktailBarService$_8198#0
10-26 10:07:33.847   620   620 D SurfaceFlinger:      DEVICE | 0x7843db97b0 | 0100 | RGBA_8888    |    0.0    0.0 1080.0  126.0 |    0 2154 1080 2280 | NavigationBar0$_1348#0
10-26 10:07:33.847   620   620 D SurfaceFlinger:
10-26 10:07:33.851 18320 18320 I ViewRootImpl@b7f0f26[GridListActivity]: [DP] dp(1) 1 android.view.ViewRootImpl.reportNextDraw:11420 android.view.ViewRootImpl.performTraversals:4193 android.view.ViewRootImpl.doTraversal:2919
10-26 10:07:33.860   620   620 I Layer   : id=189982 removeFromCurrentState Surface(name=Task=1)/@0x4cdbfdb - animation-leash of app_transition#0 (189)
10-26 10:07:33.861   620   620 I Layer   : id=189983 removeFromCurrentState Surface(name=Task=30231)/@0x720817f - animation-leash of app_transition#0 (189)
10-26 10:07:33.861   620   620 I SurfaceFlinger: id=189983 Removed Surface(name=Task=30231)/@0x720817f - animation-leash of app_transition#0 (189)
10-26 10:07:33.861   620   620 I SurfaceFlinger: id=189982 Removed Surface(name=Task=1)/@0x4cdbfdb - animation-leash of app_transition#0 (189)
10-26 10:07:33.861   620   620 I Layer   : id=189982 Destroyed Surface(name=Task=1)/@0x4cdbfdb - animation-leash of app_transition#0
10-26 10:07:33.861   620   620 I Layer   : id=189983 Destroyed Surface(name=Task=30231)/@0x720817f - animation-leash of app_transition#0
10-26 10:07:33.869   954  3937 V WindowManager: Relayout Window{4ad90e6 u0 com.sec.android.app.launcher/com.sec.android.app.launcher.activities.LauncherActivity}: viewVisibility=8 req=1080x2280 d0
10-26 10:07:33.870   954  3937 V WindowManager: Relayout hash=4ad90e6, pid=26660: mAttrs={(0,0)(fillxfill) sim={adjust=nothing} layoutInDisplayCutoutMode=shortEdges ty=BASE_APPLICATION fmt=TRANSPARENT wanim=0x10302f2
10-26 10:07:33.870   954  3937 V WindowManager:   fl=81910100
10-26 10:07:33.870   954  3937 V WindowManager:   pfl=1e020040
10-26 10:07:33.870   954  3937 V WindowManager:   vsysui=1700
10-26 10:07:33.870   954  3937 V WindowManager:   bhv=SHOW_TRANSIENT_BARS_BY_SWIPE
10-26 10:07:33.870   954  3937 V WindowManager:   fitSides= naviIconColor=0}
10-26 10:07:33.871 26660 26660 I ViewRootImpl@623994e[LauncherActivity]: Relayout returned: old=(0,0,1080,2280) new=(0,0,1080,2280) req=(1080,2280)8 dur=3 res=0x5 s={false 0} ch=true fn=27
10-26 10:07:33.901 18320 18320 I ViewRootImpl@b7f0f26[GridListActivity]: [DP] pdf(0) 1 android.view.ViewRootImpl.lambda$addFrameCompleteCallbackIfNeeded$3$ViewRootImpl:4995 android.view.ViewRootImpl$$ExternalSyntheticLambda16.run:6 android.os.Handler.handleCallback:938
10-26 10:07:33.901 18320 18320 I ViewRootImpl@b7f0f26[GridListActivity]: [DP] rdf()
10-26 10:07:33.901 18320 18320 D ViewRootImpl@b7f0f26[GridListActivity]: reportDrawFinished (fn: -1)
10-26 10:07:33.902   620  3677 I SurfaceFlinger: id=189990 Removed Surface(name=be23078 NavigationBar0)/@0x50010bd - animation-leash of insets_animation#0 (187)
10-26 10:07:33.902   620  3677 I SurfaceFlinger: id=189989 Removed Surface(name=2fa8401 StatusBar)/@0xf000e26 - animation-leash of insets_animation#0 (187)
10-26 10:07:33.902 18320 18320 I ViewRootImpl@29dc23e[MainActivity]: MSG_WINDOW_FOCUS_CHANGED 0 1
10-26 10:07:33.904   620  2717 I SurfaceFlinger: id=190003 createSurf (0x0),-1 flag=24000, Surface(name=ActivityRecord{9760850 u0 com.example.dogglers/.MainActivity t30231})/@0xcb127b9 - animation-leash of app_transition#0
10-26 10:07:33.905   620  2717 I SurfaceFlinger: id=190004 createSurf (0x0),-1 flag=20004, Dim Layer for - ActivityRecord{9760850 u0 com.example.dogglers/.MainActivity t30231} - animating-dim#0
10-26 10:07:33.906 18320 18320 D InsetsSourceConsumer: ensureControlAlpha: for ITYPE_NAVIGATION_BAR on com.example.dogglers/com.example.dogglers.MainActivity
10-26 10:07:33.906   620  2717 I SurfaceFlinger: id=190005 createSurf (0x0),-1 flag=24000, Surface(name=Dim Layer for - ActivityRecord{9760850 u0 com.example.dogglers/.MainActivity t30231} - animating-dim)/@0xfa7b809 - animation-leash of dimmer#0
10-26 10:07:33.906 18320 18320 D InsetsSourceConsumer: ensureControlAlpha: for ITYPE_STATUS_BAR on com.example.dogglers/com.example.dogglers.MainActivity
10-26 10:07:33.906   620  3677 I SurfaceFlinger: id=190006 createSurf (0x0),-1 flag=80004, Surface(name=ActivityRecord{9760850 u0 com.example.dogglers/.MainActivity t30231})/@0xcb127b9 - animation-bounds#0
10-26 10:07:33.908   620  3677 I SurfaceFlinger: id=190007 createSurf (0x0),-1 flag=24004, Surface(name=ActivityRecord{91b5c62 u0 com.example.dogglers/.GridListActivity t30231})/@0x1d15f41 - animation-leash of app_transition#0
10-26 10:07:33.909   620  3677 I SurfaceFlinger: id=190008 createSurf (0x0),-1 flag=80004, Surface(name=ActivityRecord{91b5c62 u0 com.example.dogglers/.GridListActivity t30231})/@0x1d15f41 - animation-bounds#0
10-26 10:07:33.911   620   620 I Layer   : id=189989 Destroyed Surface(name=2fa8401 StatusBar)/@0xf000e26 - animation-leash of insets_animation#0
10-26 10:07:33.911   954  1012 I ActivityTaskManager: Displayed com.example.dogglers/.GridListActivity: +202ms
10-26 10:07:33.911   620   620 I Layer   : id=189990 Destroyed Surface(name=be23078 NavigationBar0)/@0x50010bd - animation-leash of insets_animation#0
10-26 10:07:33.912  2946  2946 E pageboostd: Received HALT command code 2
10-26 10:07:33.912   620  3677 I SurfaceFlinger: id=189999 Removed Surface(name=be23078 NavigationBar0)/@0x50010bd - animation-leash of insets_animation#0 (191)
10-26 10:07:33.912   620  3677 I SurfaceFlinger: id=189998 Removed Surface(name=2fa8401 StatusBar)/@0xf000e26 - animation-leash of insets_animation#0 (191)
10-26 10:07:33.913 18320 18320 D InsetsSourceConsumer: ensureControlAlpha: for ITYPE_NAVIGATION_BAR on com.example.dogglers/com.example.dogglers.GridListActivity
10-26 10:07:33.914 18320 18320 D InsetsSourceConsumer: ensureControlAlpha: for ITYPE_STATUS_BAR on com.example.dogglers/com.example.dogglers.GridListActivity
10-26 10:07:33.916   954  3937 I SemDvfsHyPerManager: acquire hyper - AMS_RESUME_TAIL/954@19, type = -999
10-26 10:07:33.916   954  3937 I SemDvfsHyPerManager: acquire hyper - AMS_ACT_LAZY/954@20, type = -999
10-26 10:07:33.917   566   611 I HYPER-HAL: [RequestManager.cpp]acquire(): Acquired ID : 473870  [954 / 19]    HINT : AMS_RESUME_TAIL    list :
10-26 10:07:33.917   566   611 I HYPER-HAL: [RequestManager.cpp]releaseLocked(): Released ID : 471923
10-26 10:07:33.918   529   535 E statsd  : Predicate 5980654721335871649 dropping data for dimension key (10)0x2010101->10988[I] (10)0x30000->*launch*[S]
10-26 10:07:33.918   529   535 E statsd  : Predicate -7037417284711607308 dropping data for dimension key (10)0x2010101->10988[I] (10)0x30000->*launch*[S]
10-26 10:07:33.919 26660 26660 I ViewRootImpl@623994e[LauncherActivity]: stopped(true) old=false
10-26 10:07:33.919 18320 18320 D LifecycleMonitor: Lifecycle status change: androidx.test.core.app.InstrumentationActivityInvoker$BootstrapActivity@1dcabd0 in: STOPPED
10-26 10:07:33.920 18320 18320 V ActivityScenario: Activity lifecycle changed event received but ignored because the intent does not match. startActivityIntent=Intent { act=android.intent.action.MAIN cat=[android.intent.category.LAUNCHER] cmp=com.example.dogglers/.MainActivity }, activity.getIntent()=Intent { act=android.intent.action.MAIN cat=[android.intent.category.LAUNCHER] flg=0x10008000 cmp=com.example.dogglers/androidx.test.core.app.InstrumentationActivityInvoker$BootstrapActivity (has extras) }, activity=androidx.test.core.app.InstrumentationActivityInvoker$BootstrapActivity@1dcabd0
10-26 10:07:33.920 26660 26660 I BaseActivity: removeActivityFlags, flags : 17
10-26 10:07:33.921 26660 26660 W LauncherAppWidgetHost: setShouldListenFlag, mFlags:7 flag:start on:false isFront:false
10-26 10:07:33.921 26660 26792 I IMM_LC  : hsifw() - flags=0, caller=android.view.inputmethod.InputMethodManager.hideSoftInputFromWindow:1846 android.view.inputmethod.InputMethodManager.hideSoftInputFromWindow:1815 com.android.launcher3.util.UiThreadHelper$UiCallbacks.handleMessage:103 android.os.Handler.dispatchMessage:102 android.os.Looper.loopOnce:226
10-26 10:07:33.921 26660 26792 I IMM_LC  : hideSoftInputFromWindow - mService.hideSoftInput
10-26 10:07:33.921   954  2449 I AppWidgetServiceImpl: stopListening callbacks : null
10-26 10:07:33.921 26660 26660 W LauncherAppWidgetHost: stopListening, mFlags:2 isFront:false
10-26 10:07:33.921 26660 26660 W Launcher.NotificationListener: removeNotificationsChangedListener
10-26 10:07:33.921 26660 26660 I BadgeCountUpdaterImpl: onNotificationsChangedDisConnected
10-26 10:07:33.921 26660 26660 I Launcher.NotificationListener: unregisterObserver, this is not notificationService!!
10-26 10:07:33.921 26660 26792 I LiveIconUpdateEventHandler: LiveIcon onStop
10-26 10:07:33.922 26660 26792 I LiveIconUpdateEventHandler: cancelMinuteChangeAlarm
10-26 10:07:33.928   620   620 D Layer   : setBackgroundBlurRadius ## OneUiHome-BlurLayer#0, backgroundBlurRadius=0
10-26 10:07:33.928   620   620 I SurfaceFlinger: id=189971 Removed OneUiHome-BlurLayer#0 (191)
10-26 10:07:33.928   620   620 I Layer   : id=189998 Destroyed Surface(name=2fa8401 StatusBar)/@0xf000e26 - animation-leash of insets_animation#0
10-26 10:07:33.928   620   620 I Layer   : id=189999 Destroyed Surface(name=be23078 NavigationBar0)/@0x50010bd - animation-leash of insets_animation#0
10-26 10:07:33.929   954  3937 D InputDispatcher: Focus entered window (0): fd31d9d com.example.dogglers/com.example.dogglers.GridListActivity
10-26 10:07:33.929 18320 18320 I ViewRootImpl@b7f0f26[GridListActivity]: MSG_WINDOW_FOCUS_CHANGED 1 1
10-26 10:07:33.931 18320 18320 D InputMethodManager: startInputInner - Id : 0
10-26 10:07:33.932 18320 18320 I InputMethodManager: startInputInner - mService.startInputOrWindowGainedFocus
10-26 10:07:33.932   954  3937 D InputMethodManagerService: DESKTOP MODE! : 2
10-26 10:07:33.932   954  3937 D InputMethodManagerService: NOT IN KNOX DESKTOP MODE!
10-26 10:07:33.932   954  3937 V InputMethodManagerService: getDisplayIdOfInputMethodWindowToBeAdded : 0
10-26 10:07:33.933   954  3937 D InputMethodManagerService: checkDisplayOfStartInputAndUpdateKeyboard display Id 0last 0
10-26 10:07:33.933   954  3937 D InputTransport: Input channel constructed: 'ClientS', fd=1312
10-26 10:07:33.933   954  3937 D InputTransport: Input channel destroyed: 'ClientS', fd=1312
10-26 10:07:33.934 19204 19204 D InputMethodService: checkDisplayOfStartInputAndUpdateKeyboard display Id 0last 0
10-26 10:07:33.934   620  2717 I SurfaceFlinger: id=190009 createSurf (0x0),-1 flag=24004, Surface(name=2188bee InputMethod)/@0xe151908 - animation-leash of insets_animation#0
10-26 10:07:33.936 26660 26792 I LiveIconUpdateEventHandler: cancelDateChangeAlarm
10-26 10:07:33.937 26660 26792 I LiveIconUpdateEventHandler: unregisterReceiver
10-26 10:07:33.944   620   620 I Layer   : id=189992 removeFromCurrentState Surface(name=2188bee InputMethod)/@0xe151908 - animation-leash of insets_animation#1 (190)
10-26 10:07:33.946   620  2717 I SurfaceFlinger: id=189992 Removed Surface(name=2188bee InputMethod)/@0xe151908 - animation-leash of insets_animation#1 (190)
10-26 10:07:33.946   954  3912 D InputMethodManagerServicePhysicalKey: isConnectedDexOnPC false
10-26 10:07:33.946   954  3912 D InputMethodManagerService: isImeSwitcherDisabledPackage : false
10-26 10:07:33.948   620   620 D SurfaceFlinger: Display 0 HWC layers:
10-26 10:07:33.948   620   620 D SurfaceFlinger:      DEVICE | 0x7843db07b0 | 0102 | RGBA_8888    |    0.0    7.0 1080.0 2280.0 |    0    0 1080 2273 | com.example.dogglers/com.example.dogglers.MainActivity$_18320#0
10-26 10:07:33.948   620   620 D SurfaceFlinger:      DEVICE | 0x7843da67f0 | 0102 | RGBA_8888    |    0.0    0.0 1080.0 1897.0 |    0  383 1080 2280 | com.example.dogglers/com.example.dogglers.GridListActivity$_18320#0
10-26 10:07:33.948   620   620 D SurfaceFlinger:      DEVICE | 0x7843dbb970 | 0100 | RGBA_8888    |    0.0    0.0 1080.0  112.0 |    0    0 1080  112 | StatusBar$_1348#0
10-26 10:07:33.948   620   620 D SurfaceFlinger:      DEVICE | 0x7843daab70 | 0100 | RGBA_8888    |    0.0    0.0   67.0  416.0 |    0  814   67 1230 | com.samsung.android.app.cocktailbars[...]arservice.CocktailBarService$_8198#0
10-26 10:07:33.948   620   620 D SurfaceFlinger:      DEVICE | 0x7843da5dd0 | 0100 | RGBA_8888    |    0.0    0.0 1080.0  126.0 |    0 2154 1080 2280 | NavigationBar0$_1348#0
10-26 10:07:33.948   620   620 D SurfaceFlinger:
10-26 10:07:33.951 19204 19204 E FullInputEventModel: onStartInput event aborted: al1: could not obtain extracted text (class al1)
10-26 10:07:33.961   620   620 I Layer   : id=189968 removeFromCurrentState com.sec.android.app.launcher/com.sec.android.app.launcher.activities.LauncherActivity$_26660#0 (190)
10-26 10:07:33.961   620   620 I Layer   : id=189971 removeFromCurrentState OneUiHome-BlurLayer#0 (190)
10-26 10:07:33.961   620   620 I SurfaceFlinger: id=189968 Removed com.sec.android.app.launcher/com.sec.android.app.launcher.activities.LauncherActivity$_26660#0 (190)
10-26 10:07:33.961   620   620 I Layer   : id=189992 Destroyed Surface(name=2188bee InputMethod)/@0xe151908 - animation-leash of insets_animation#1
10-26 10:07:33.961   620   620 I Layer   : id=189968 Destroyed com.sec.android.app.launcher/com.sec.android.app.launcher.activities.LauncherActivity$_26660#0
10-26 10:07:33.961   620   620 I Layer   : id=189971 Destroyed OneUiHome-BlurLayer#0
10-26 10:07:33.961   954  1253 D SemNscXgbMsL1: Probability - Cloud gaming: [0.017703233]
10-26 10:07:33.961   954  1253 D SemNscXgbMsL1: Probability - Real time: [0.019557746]
10-26 10:07:33.962   954  1253 D SemNscXgbMsL1: Probability - Non real time: [0.96442974]
10-26 10:07:33.962   954  1253 D SemNscXgbMsL1: 1 sample inference time: 0.292307 msecs
10-26 10:07:33.962   954  1253 D SemNscXgbL2Rt: L2 RT 1 sample inference time: 0.396423 msecs
10-26 10:07:33.962   954  1253 D SemNscXgbL2Nrt: L2 NRT 1 sample inference time: 0.411076 msecs
10-26 10:07:33.965   620   620 D SurfaceFlinger: Display 0 HWC layers:
10-26 10:07:33.965   620   620 D SurfaceFlinger:      DEVICE | 0x7843db9f90 | 0102 | RGBA_8888    |    0.0   18.0 1080.0 2280.0 |    0    0 1080 2262 | com.example.dogglers/com.example.dogglers.MainActivity$_18320#0
10-26 10:07:33.965   620   620 D SurfaceFlinger:  SOLID_COLOR |              | 0000 |  Unknown  |    0.0    0.0    0.0    0.0 |    0    0 1080 2262 | Dim Layer for - ActivityRecord{97608[...]inActivity t30231} - animating-dim#0
10-26 10:07:33.965   620   620 D SurfaceFlinger:      DEVICE | 0x7843dad2d0 | 0102 | RGBA_8888    |    0.0    0.0 1080.0 1963.0 |    0  317 1080 2280 | com.example.dogglers/com.example.dogglers.GridListActivity$_18320#0
10-26 10:07:33.965   620   620 D SurfaceFlinger:      DEVICE | 0x7843dbb970 | 0100 | RGBA_8888    |    0.0    0.0 1080.0  112.0 |    0    0 1080  112 | StatusBar$_1348#0
10-26 10:07:33.965   620   620 D SurfaceFlinger:      DEVICE | 0x7843daab70 | 0100 | RGBA_8888    |    0.0    0.0   67.0  416.0 |    0  814   67 1230 | com.samsung.android.app.cocktailbars[...]arservice.CocktailBarService$_8198#0
10-26 10:07:33.965   620   620 D SurfaceFlinger:      DEVICE | 0x7843da5dd0 | 0100 | RGBA_8888    |    0.0    0.0 1080.0  126.0 |    0 2154 1080 2280 | NavigationBar0$_1348#0
10-26 10:07:33.965   620   620 D SurfaceFlinger:
10-26 10:07:34.035  8198  8198 I Utils   : isCurrentUser current = 0, ownerId = 0
10-26 10:07:34.035  8198  8198 I TrayVisibilityController: getComputedTrayVisible : keyguardState = 1
10-26 10:07:34.035  8198  8198 I TrayVisibilityController: updateTrayVisible: State=1 visible=1 mCurrentVisible=1 specificMode=0
10-26 10:07:34.035  8198  8198 I TrayStateController: onNotifyUpdateTray: state=0
10-26 10:07:34.133 18320 18320 I ViewInteraction: Checking 'MatchesViewAssertion{viewMatcher=(view has effective visibility <VISIBLE> and view.getGlobalVisibleRect() to return non-empty rectangle)}' assertion on view view.getId() is <2131230937/com.example.dogglers:id/grid_recycler_view>
10-26 10:07:34.138   954  3937 I SemDvfsHyPerManager: acquire hyper - AMS_ACT_START/954@17, type = -999
10-26 10:07:34.138   566   611 I HYPER-HAL: [RequestManager.cpp]acquire(): Acquired ID : 471923  [954 / 17]    HINT : AMS_ACT_START    list :
10-26 10:07:34.138   620  2717 I SurfaceFlinger: id=190010 createSurf (0x0),-1 flag=80004, ActivityRecord{95230ed u0 com.example.dogglers/androidx.test.core.app.InstrumentationActivityInvoker$EmptyActivity t30231}#0
10-26 10:07:34.141   529   535 E statsd  : Predicate 5980654721335871649 dropping data for dimension key (10)0x2010101->10988[I] (10)0x30000->*launch*[S]
10-26 10:07:34.142   529   535 E statsd  : Predicate -7037417284711607308 dropping data for dimension key (10)0x2010101->10988[I] (10)0x30000->*launch*[S]
10-26 10:07:34.143   954  1015 D PersonaActivityHelper: Activity not in resumed state, do not run immediate lock
10-26 10:07:34.144 18320 18320 D LifecycleMonitor: Lifecycle status change: com.example.dogglers.GridListActivity@82ab420 in: PAUSED
10-26 10:07:34.144 18320 18320 V ActivityScenario: Activity lifecycle changed event received but ignored because the intent does not match. startActivityIntent=Intent { act=android.intent.action.MAIN cat=[android.intent.category.LAUNCHER] cmp=com.example.dogglers/.MainActivity }, activity.getIntent()=Intent { cmp=com.example.dogglers/.GridListActivity }, activity=com.example.dogglers.GridListActivity@82ab420
10-26 10:07:34.146   954  3912 D InputDispatcher: Focused application set to (0): 95230ed
10-26 10:07:34.151   954  1015 I SemPersonaManager: SecureFolder personaId = 150
10-26 10:07:34.153 18320 18320 D LifecycleMonitor: Lifecycle status change: androidx.test.core.app.InstrumentationActivityInvoker$EmptyActivity@c530da0 in: PRE_ON_CREATE
10-26 10:07:34.153 18320 18320 V ActivityScenario: Activity lifecycle changed event received but ignored because the intent does not match. startActivityIntent=Intent { act=android.intent.action.MAIN cat=[android.intent.category.LAUNCHER] cmp=com.example.dogglers/.MainActivity }, activity.getIntent()=Intent { act=android.intent.action.MAIN cat=[android.intent.category.LAUNCHER] flg=0x10000000 cmp=com.example.dogglers/androidx.test.core.app.InstrumentationActivityInvoker$EmptyActivity }, activity=androidx.test.core.app.InstrumentationActivityInvoker$EmptyActivity@c530da0
10-26 10:07:34.159   954  1015 D EnterpriseDeviceManagerService: isMdmAdminPresentInternal() : MDM Admin Found - com.samsung.knox.securefolder
10-26 10:07:34.161  8198  8198 I Utils   : HomePackage : com.sec.android.app.launcher, resumePackageName : com.example.dogglers
10-26 10:07:34.168 18320 18320 I DecorView: [INFO] isPopOver=false, config=true
10-26 10:07:34.168 18320 18320 I DecorView: updateCaptionType >> DecorView@75eed1e[], isFloating=false, isApplication=true, hasWindowControllerCallback=true, hasWindowDecorCaption=false
10-26 10:07:34.168 18320 18320 D DecorView: setCaptionType = 0, this = DecorView@75eed1e[]
10-26 10:07:34.171 18320 18320 I DecorView: getCurrentDensityDpi: from real metrics. densityDpi=420 msg=resources_loaded
10-26 10:07:34.172 18320 18320 D LifecycleMonitor: Lifecycle status change: androidx.test.core.app.InstrumentationActivityInvoker$EmptyActivity@c530da0 in: CREATED
10-26 10:07:34.172 18320 18320 V ActivityScenario: Activity lifecycle changed event received but ignored because the intent does not match. startActivityIntent=Intent { act=android.intent.action.MAIN cat=[android.intent.category.LAUNCHER] cmp=com.example.dogglers/.MainActivity }, activity.getIntent()=Intent { act=android.intent.action.MAIN cat=[android.intent.category.LAUNCHER] flg=0x10000000 cmp=com.example.dogglers/androidx.test.core.app.InstrumentationActivityInvoker$EmptyActivity }, activity=androidx.test.core.app.InstrumentationActivityInvoker$EmptyActivity@c530da0
10-26 10:07:34.173 18320 18320 D LifecycleMonitor: Lifecycle status change: androidx.test.core.app.InstrumentationActivityInvoker$EmptyActivity@c530da0 in: STARTED
10-26 10:07:34.173 18320 18320 V ActivityScenario: Activity lifecycle changed event received but ignored because the intent does not match. startActivityIntent=Intent { act=android.intent.action.MAIN cat=[android.intent.category.LAUNCHER] cmp=com.example.dogglers/.MainActivity }, activity.getIntent()=Intent { act=android.intent.action.MAIN cat=[android.intent.category.LAUNCHER] flg=0x10000000 cmp=com.example.dogglers/androidx.test.core.app.InstrumentationActivityInvoker$EmptyActivity }, activity=androidx.test.core.app.InstrumentationActivityInvoker$EmptyActivity@c530da0
10-26 10:07:34.176 18320 18320 D LifecycleMonitor: Lifecycle status change: androidx.test.core.app.InstrumentationActivityInvoker$EmptyActivity@c530da0 in: RESUMED
10-26 10:07:34.177 18320 18320 V ActivityScenario: Activity lifecycle changed event received but ignored because the intent does not match. startActivityIntent=Intent { act=android.intent.action.MAIN cat=[android.intent.category.LAUNCHER] cmp=com.example.dogglers/.MainActivity }, activity.getIntent()=Intent { act=android.intent.action.MAIN cat=[android.intent.category.LAUNCHER] flg=0x10000000 cmp=com.example.dogglers/androidx.test.core.app.InstrumentationActivityInvoker$EmptyActivity }, activity=androidx.test.core.app.InstrumentationActivityInvoker$EmptyActivity@c530da0
10-26 10:07:34.179   954  3912 D InputDispatcher: Focus left window (0): fd31d9d com.example.dogglers/com.example.dogglers.GridListActivity
10-26 10:07:34.181   954  3912 D InputTransport: Input channel constructed: 'dc59888', fd=1315
10-26 10:07:34.181   954  3912 D InputTransport: Input channel constructed: 'dc59888', fd=1322
10-26 10:07:34.182   954  3912 D InputTransport: Input channel constructed: 'dc59888', fd=1335
10-26 10:07:34.182   620   810 I SurfaceFlinger: id=190011 createSurf (0x0),-1 flag=80004, dc59888 com.example.dogglers/androidx.test.core.app.InstrumentationActivityInvoker$EmptyActivity#0
10-26 10:07:34.183   954  3912 D InputTransport: Input channel destroyed: 'dc59888', fd=1335
10-26 10:07:34.184 18320 18320 I ViewRootImpl@2de49ff[InstrumentationActivityInvoker$EmptyActivity]: setView = com.android.internal.policy.DecorView@75eed1e TM=true
10-26 10:07:34.185   954  1054 D AnalyticsContainerHandler: handleMessage : { when=0 what=1 target=com.android.server.knox.KnoxAnalyticsContainer$AnalyticsHandler }
10-26 10:07:34.200   954  3912 V WindowManager: Relayout Window{dc59888 u0 com.example.dogglers/androidx.test.core.app.InstrumentationActivityInvoker$EmptyActivity}: viewVisibility=0 req=1080x2280 d0
10-26 10:07:34.201   620   810 I SurfaceFlinger: id=190012 createSurf (1x1),-3 flag=40004, com.example.dogglers/androidx.test.core.app.InstrumentationActivityInvoker$EmptyActivity$_18320#0
10-26 10:07:34.204   620   810 I SurfaceFlinger: id=190013 createSurf (0x0),-1 flag=24000, Surface(name=2fa8401 StatusBar)/@0xf000e26 - animation-leash of insets_animation#1
10-26 10:07:34.205   620   810 I SurfaceFlinger: id=190014 createSurf (0x0),-1 flag=24000, Surface(name=be23078 NavigationBar0)/@0x50010bd - animation-leash of insets_animation#1
10-26 10:07:34.205   954  3912 V WindowManager: Relayout hash=dc59888, pid=18320: mAttrs={(0,0)(fillxfill) sim={adjust=pan forwardNavigation} ty=BASE_APPLICATION wanim=0x1030001
10-26 10:07:34.205   954  3912 V WindowManager:   fl=1810100
10-26 10:07:34.205   954  3912 V WindowManager:   pfl=12020040
10-26 10:07:34.205   954  3912 V WindowManager:   apr=LIGHT_NAVIGATION_BARS
10-26 10:07:34.205   954  3912 V WindowManager:   bhv=DEFAULT
10-26 10:07:34.205   954  3912 V WindowManager:   fitSides= naviIconColor=0
10-26 10:07:34.205   954  3912 V WindowManager:   sfl=100000}
10-26 10:07:34.208 18320 18320 I ViewRootImpl@2de49ff[InstrumentationActivityInvoker$EmptyActivity]: Relayout returned: old=(0,0,1080,2280) new=(0,0,1080,2280) req=(1080,2280)0 dur=6 res=0x7 s={true 515080463104} ch=true fn=-1
10-26 10:07:34.210 18320 18355 D OpenGLRenderer: eglCreateWindowSurface
10-26 10:07:34.211 18320 18320 I ViewRootImpl@2de49ff[InstrumentationActivityInvoker$EmptyActivity]: [DP] dp(1) 1 android.view.ViewRootImpl.reportNextDraw:11420 android.view.ViewRootImpl.performTraversals:4193 android.view.ViewRootImpl.doTraversal:2919
10-26 10:07:34.217   566 18431 I HYPER-HAL: [RequestManager.cpp]releaseLocked(): Released ID : 473870
10-26 10:07:34.218 18320 18320 I ViewRootImpl@2de49ff[InstrumentationActivityInvoker$EmptyActivity]: [DP] pdf(0) 1 android.view.ViewRootImpl.lambda$addFrameCompleteCallbackIfNeeded$3$ViewRootImpl:4995 android.view.ViewRootImpl$$ExternalSyntheticLambda16.run:6 android.os.Handler.handleCallback:938
10-26 10:07:34.218 18320 18320 I ViewRootImpl@2de49ff[InstrumentationActivityInvoker$EmptyActivity]: [DP] rdf()
10-26 10:07:34.218 18320 18320 D ViewRootImpl@2de49ff[InstrumentationActivityInvoker$EmptyActivity]: reportDrawFinished (fn: -1)
10-26 10:07:34.218 18320 18320 I ViewRootImpl@b7f0f26[GridListActivity]: MSG_WINDOW_FOCUS_CHANGED 0 1
10-26 10:07:34.220   954  1012 I ActivityTaskManager: Displayed com.example.dogglers/androidx.test.core.app.InstrumentationActivityInvoker$EmptyActivity: +82ms
10-26 10:07:34.221  2946  2946 E pageboostd: Received HALT command code 2
10-26 10:07:34.224 18320 18320 D InsetsSourceConsumer: ensureControlAlpha: for ITYPE_NAVIGATION_BAR on com.example.dogglers/androidx.test.core.app.InstrumentationActivityInvoker$EmptyActivity
10-26 10:07:34.225 18320 18320 D InsetsSourceConsumer: ensureControlAlpha: for ITYPE_STATUS_BAR on com.example.dogglers/androidx.test.core.app.InstrumentationActivityInvoker$EmptyActivity
10-26 10:07:34.228   620   620 I Layer   : id=190002 removeFromCurrentState Surface(name=be23078 NavigationBar0)/@0x50010bd - animation-leash of insets_animation#0 (192)
10-26 10:07:34.228   620   620 I Layer   : id=69 removeFromCurrentState be23078 NavigationBar0#0 (192)
10-26 10:07:34.229   620   620 I Layer   : id=79 removeFromCurrentState NavigationBar0$_1348#0 (192)
10-26 10:07:34.229   620   620 I Layer   : id=190001 removeFromCurrentState Surface(name=2fa8401 StatusBar)/@0xf000e26 - animation-leash of insets_animation#0 (192)
10-26 10:07:34.229   620   620 I Layer   : id=69 addToCurrentState be23078 NavigationBar0#0 (192)
10-26 10:07:34.229   620   620 I Layer   : id=79 addToCurrentState NavigationBar0$_1348#0 (192)
10-26 10:07:34.229   620   620 I SurfaceFlinger: id=190002 Removed Surface(name=be23078 NavigationBar0)/@0x50010bd - animation-leash of insets_animation#0 (192)
10-26 10:07:34.229   620   620 I SurfaceFlinger: id=190001 Removed Surface(name=2fa8401 StatusBar)/@0xf000e26 - animation-leash of insets_animation#0 (192)
10-26 10:07:34.229   620  3677 I SurfaceFlinger: id=190015 createSurf (0x0),-1 flag=80004, ActivityRecord{47b081e u0 com.example.dogglers/androidx.test.core.app.InstrumentationActivityInvoker$EmptyActivity t30231}#0
10-26 10:07:34.230   620   620 I Layer   : id=190001 Destroyed Surface(name=2fa8401 StatusBar)/@0xf000e26 - animation-leash of insets_animation#0
10-26 10:07:34.230   620   620 I Layer   : id=190002 Destroyed Surface(name=be23078 NavigationBar0)/@0x50010bd - animation-leash of insets_animation#0
10-26 10:07:34.231   954  2449 D InputDispatcher: Focus entered window (0): dc59888 com.example.dogglers/androidx.test.core.app.InstrumentationActivityInvoker$EmptyActivity
10-26 10:07:34.237   954  1016 I SemDvfsHyPerManager: acquire hyper - AMS_RESUME_TAIL/954@19, type = -999
10-26 10:07:34.237   954  1016 I SemDvfsHyPerManager: acquire hyper - AMS_ACT_LAZY/954@20, type = -999
10-26 10:07:34.237   566   611 I HYPER-HAL: [RequestManager.cpp]acquire(): Acquired ID : 473870  [954 / 19]    HINT : AMS_RESUME_TAIL    list :
10-26 10:07:34.238   954  1015 D PersonaActivityHelper: Activity not in resumed state, do not run immediate lock
10-26 10:07:34.238   566   611 I HYPER-HAL: [RequestManager.cpp]releaseLocked(): Released ID : 471923
10-26 10:07:34.241 18320 18320 D LifecycleMonitor: Lifecycle status change: androidx.test.core.app.InstrumentationActivityInvoker$EmptyActivity@c530da0 in: PAUSED
10-26 10:07:34.241 18320 18320 V ActivityScenario: Activity lifecycle changed event received but ignored because the intent does not match. startActivityIntent=Intent { act=android.intent.action.MAIN cat=[android.intent.category.LAUNCHER] cmp=com.example.dogglers/.MainActivity }, activity.getIntent()=Intent { act=android.intent.action.MAIN cat=[android.intent.category.LAUNCHER] flg=0x10000000 cmp=com.example.dogglers/androidx.test.core.app.InstrumentationActivityInvoker$EmptyActivity }, activity=androidx.test.core.app.InstrumentationActivityInvoker$EmptyActivity@c530da0
10-26 10:07:34.241   954  3912 I SemDvfsHyPerManager: acquire hyper - AMS_ACT_RESUME/954@33, type = -999
10-26 10:07:34.242   566   611 I HYPER-HAL: [RequestManager.cpp]acquire(): Acquired ID : 487611  [954 / 33]    HINT : AMS_ACT_RESUME    list :
10-26 10:07:34.243   954  3912 D InputDispatcher: Focused application set to (0): 47b081e
10-26 10:07:34.245   620   620 I Layer   : id=190005 removeFromCurrentState Surface(name=Dim Layer for - ActivityRecord{9760850 u0 com.example.dogglers/.MainActivity t30231} - animating-dim)/@0xfa7b809 - animation-leash of dimmer#0 (191)
10-26 10:07:34.246   620   620 I SurfaceFlinger: id=190005 Removed Surface(name=Dim Layer for - ActivityRecord{9760850 u0 com.example.dogglers/.MainActivity t30231} - animating-dim)/@0xfa7b809 - animation-leash of dimmer#0 (191)
10-26 10:07:34.246   620   620 I Layer   : id=190005 Destroyed Surface(name=Dim Layer for - ActivityRecord{9760850 u0 com.example.dogglers/.MainActivity t30231} - animating-dim)/@0xfa7b809 - animation-leash of dimmer#0
10-26 10:07:34.250 18320 18320 D LifecycleMonitor: Lifecycle status change: androidx.test.core.app.InstrumentationActivityInvoker$BootstrapActivity@1dcabd0 in: DESTROYED
10-26 10:07:34.250   954  1015 I SemPersonaManager: SecureFolder personaId = 150
10-26 10:07:34.250 18320 18320 V ActivityScenario: Activity lifecycle changed event received but ignored because the intent does not match. startActivityIntent=Intent { act=android.intent.action.MAIN cat=[android.intent.category.LAUNCHER] cmp=com.example.dogglers/.MainActivity }, activity.getIntent()=Intent { act=android.intent.action.MAIN cat=[android.intent.category.LAUNCHER] flg=0x10008000 cmp=com.example.dogglers/androidx.test.core.app.InstrumentationActivityInvoker$BootstrapActivity (has extras) }, activity=androidx.test.core.app.InstrumentationActivityInvoker$BootstrapActivity@1dcabd0
10-26 10:07:34.251 18320 18320 I ViewRootImpl@2de49ff[InstrumentationActivityInvoker$EmptyActivity]: MSG_WINDOW_FOCUS_CHANGED 1 1
10-26 10:07:34.251 18320 18320 D InputMethodManager: startInputInner - Id : 0
10-26 10:07:34.251 18320 18320 I InputMethodManager: startInputInner - mService.startInputOrWindowGainedFocus
10-26 10:07:34.253   954  3912 D InputMethodManagerServicePhysicalKey: isConnectedDexOnPC false
10-26 10:07:34.253   954  3912 D InputMethodManagerService: isImeSwitcherDisabledPackage : false
10-26 10:07:34.254   954  1015 D EnterpriseDeviceManagerService: isMdmAdminPresentInternal() : MDM Admin Found - com.samsung.knox.securefolder
10-26 10:07:34.256  8198  8198 I Utils   : HomePackage : com.sec.android.app.launcher, resumePackageName : com.example.dogglers
10-26 10:07:34.258 18320 18320 D LifecycleMonitor: Lifecycle status change: androidx.test.core.app.InstrumentationActivityInvoker$EmptyActivity@fd0f0b8 in: PRE_ON_CREATE
10-26 10:07:34.259 18320 18320 V ActivityScenario: Activity lifecycle changed event received but ignored because the intent does not match. startActivityIntent=Intent { act=android.intent.action.MAIN cat=[android.intent.category.LAUNCHER] cmp=com.example.dogglers/.MainActivity }, activity.getIntent()=Intent { act=android.intent.action.MAIN cat=[android.intent.category.LAUNCHER] flg=0x10000000 cmp=com.example.dogglers/androidx.test.core.app.InstrumentationActivityInvoker$EmptyActivity }, activity=androidx.test.core.app.InstrumentationActivityInvoker$EmptyActivity@fd0f0b8
10-26 10:07:34.262   620   620 I Layer   : id=189979 removeFromCurrentState ActivityRecord{c9e3da2 u0 com.example.dogglers/androidx.test.core.app.InstrumentationActivityInvoker$BootstrapActivity t30231}#0 (190)
10-26 10:07:34.262   620   620 I SurfaceFlinger: id=189979 Removed ActivityRecord{c9e3da2 u0 com.example.dogglers/androidx.test.core.app.InstrumentationActivityInvoker$BootstrapActivity t30231}#0 (190)
10-26 10:07:34.262   620   620 I Layer   : id=189979 Destroyed ActivityRecord{c9e3da2 u0 com.example.dogglers/androidx.test.core.app.InstrumentationActivityInvoker$BootstrapActivity t30231}#0
10-26 10:07:34.263   954  3937 D InputDispatcher: Focus left window (0): dc59888 com.example.dogglers/androidx.test.core.app.InstrumentationActivityInvoker$EmptyActivity
10-26 10:07:34.263 18320 18320 I DecorView: [INFO] isPopOver=false, config=true
10-26 10:07:34.263 18320 18320 I DecorView: updateCaptionType >> DecorView@5cd81f6[], isFloating=false, isApplication=true, hasWindowControllerCallback=true, hasWindowDecorCaption=false
10-26 10:07:34.263 18320 18320 D DecorView: setCaptionType = 0, this = DecorView@5cd81f6[]
10-26 10:07:34.265 18320 18320 I DecorView: getCurrentDensityDpi: from real metrics. densityDpi=420 msg=resources_loaded
10-26 10:07:34.265 18320 18320 D LifecycleMonitor: Lifecycle status change: androidx.test.core.app.InstrumentationActivityInvoker$EmptyActivity@fd0f0b8 in: CREATED
10-26 10:07:34.266 18320 18320 V ActivityScenario: Activity lifecycle changed event received but ignored because the intent does not match. startActivityIntent=Intent { act=android.intent.action.MAIN cat=[android.intent.category.LAUNCHER] cmp=com.example.dogglers/.MainActivity }, activity.getIntent()=Intent { act=android.intent.action.MAIN cat=[android.intent.category.LAUNCHER] flg=0x10000000 cmp=com.example.dogglers/androidx.test.core.app.InstrumentationActivityInvoker$EmptyActivity }, activity=androidx.test.core.app.InstrumentationActivityInvoker$EmptyActivity@fd0f0b8
10-26 10:07:34.266 18320 18320 D LifecycleMonitor: Lifecycle status change: androidx.test.core.app.InstrumentationActivityInvoker$EmptyActivity@fd0f0b8 in: STARTED
10-26 10:07:34.267 18320 18320 V ActivityScenario: Activity lifecycle changed event received but ignored because the intent does not match. startActivityIntent=Intent { act=android.intent.action.MAIN cat=[android.intent.category.LAUNCHER] cmp=com.example.dogglers/.MainActivity }, activity.getIntent()=Intent { act=android.intent.action.MAIN cat=[android.intent.category.LAUNCHER] flg=0x10000000 cmp=com.example.dogglers/androidx.test.core.app.InstrumentationActivityInvoker$EmptyActivity }, activity=androidx.test.core.app.InstrumentationActivityInvoker$EmptyActivity@fd0f0b8
10-26 10:07:34.268 18320 18320 D LifecycleMonitor: Lifecycle status change: androidx.test.core.app.InstrumentationActivityInvoker$EmptyActivity@fd0f0b8 in: RESUMED
10-26 10:07:34.268 18320 18320 V ActivityScenario: Activity lifecycle changed event received but ignored because the intent does not match. startActivityIntent=Intent { act=android.intent.action.MAIN cat=[android.intent.category.LAUNCHER] cmp=com.example.dogglers/.MainActivity }, activity.getIntent()=Intent { act=android.intent.action.MAIN cat=[android.intent.category.LAUNCHER] flg=0x10000000 cmp=com.example.dogglers/androidx.test.core.app.InstrumentationActivityInvoker$EmptyActivity }, activity=androidx.test.core.app.InstrumentationActivityInvoker$EmptyActivity@fd0f0b8
10-26 10:07:34.272   954  3937 D InputTransport: Input channel constructed: '4b8f282', fd=1342
10-26 10:07:34.272   954  3937 D InputTransport: Input channel constructed: '4b8f282', fd=1347
10-26 10:07:34.272   954  3937 D InputTransport: Input channel constructed: '4b8f282', fd=1348
10-26 10:07:34.272   620  3677 I SurfaceFlinger: id=190016 createSurf (0x0),-1 flag=80004, 4b8f282 com.example.dogglers/androidx.test.core.app.InstrumentationActivityInvoker$EmptyActivity#0
10-26 10:07:34.272   954  3937 D InputTransport: Input channel destroyed: '4b8f282', fd=1348
10-26 10:07:34.274 18320 18320 I ViewRootImpl@5d79f7[InstrumentationActivityInvoker$EmptyActivity]: setView = com.android.internal.policy.DecorView@5cd81f6 TM=true
10-26 10:07:34.275   954  1054 D AnalyticsContainerHandler: handleMessage : { when=0 what=1 target=com.android.server.knox.KnoxAnalyticsContainer$AnalyticsHandler }
10-26 10:07:34.284   954  3937 V WindowManager: Relayout Window{4b8f282 u0 com.example.dogglers/androidx.test.core.app.InstrumentationActivityInvoker$EmptyActivity}: viewVisibility=0 req=1080x2280 d0
10-26 10:07:34.284   620   810 I SurfaceFlinger: id=190017 createSurf (1x1),-3 flag=40004, com.example.dogglers/androidx.test.core.app.InstrumentationActivityInvoker$EmptyActivity$_18320#1
10-26 10:07:34.287   620   810 I SurfaceFlinger: id=190018 createSurf (0x0),-1 flag=24000, Surface(name=2fa8401 StatusBar)/@0xf000e26 - animation-leash of insets_animation#0
10-26 10:07:34.288   620   810 I SurfaceFlinger: id=190019 createSurf (0x0),-1 flag=24000, Surface(name=be23078 NavigationBar0)/@0x50010bd - animation-leash of insets_animation#0
10-26 10:07:34.289   954  3937 V WindowManager: Relayout hash=4b8f282, pid=18320: mAttrs={(0,0)(fillxfill) sim={adjust=pan forwardNavigation} ty=BASE_APPLICATION wanim=0x1030001
10-26 10:07:34.289   954  3937 V WindowManager:   fl=1810100
10-26 10:07:34.289   954  3937 V WindowManager:   pfl=12020040
10-26 10:07:34.289   954  3937 V WindowManager:   apr=LIGHT_NAVIGATION_BARS
10-26 10:07:34.289   954  3937 V WindowManager:   bhv=DEFAULT
10-26 10:07:34.289   954  3937 V WindowManager:   fitSides= naviIconColor=0
10-26 10:07:34.289   954  3937 V WindowManager:   sfl=100000}
10-26 10:07:34.292 18320 18320 I ViewRootImpl@5d79f7[InstrumentationActivityInvoker$EmptyActivity]: Relayout returned: old=(0,0,1080,2280) new=(0,0,1080,2280) req=(1080,2280)0 dur=6 res=0x7 s={true 515080436944} ch=true fn=-1
10-26 10:07:34.293 18320 18355 D OpenGLRenderer: eglCreateWindowSurface
10-26 10:07:34.294 18320 18320 I ViewRootImpl@5d79f7[InstrumentationActivityInvoker$EmptyActivity]: [DP] dp(1) 1 android.view.ViewRootImpl.reportNextDraw:11420 android.view.ViewRootImpl.performTraversals:4193 android.view.ViewRootImpl.doTraversal:2919
10-26 10:07:34.300 18320 18320 I ViewRootImpl@5d79f7[InstrumentationActivityInvoker$EmptyActivity]: [DP] pdf(0) 1 android.view.ViewRootImpl.lambda$addFrameCompleteCallbackIfNeeded$3$ViewRootImpl:4995 android.view.ViewRootImpl$$ExternalSyntheticLambda16.run:6 android.os.Handler.handleCallback:938
10-26 10:07:34.301 18320 18320 I ViewRootImpl@5d79f7[InstrumentationActivityInvoker$EmptyActivity]: [DP] rdf()
10-26 10:07:34.301 18320 18320 D ViewRootImpl@5d79f7[InstrumentationActivityInvoker$EmptyActivity]: reportDrawFinished (fn: -1)
10-26 10:07:34.301 18320 18320 I ViewRootImpl@2de49ff[InstrumentationActivityInvoker$EmptyActivity]: MSG_WINDOW_FOCUS_CHANGED 0 1
10-26 10:07:34.303   954  1012 I ActivityTaskManager: Displayed com.example.dogglers/androidx.test.core.app.InstrumentationActivityInvoker$EmptyActivity: +74ms
10-26 10:07:34.304  2946  2946 E pageboostd: Received HALT command code 2
10-26 10:07:34.305 18320 18320 D InsetsSourceConsumer: ensureControlAlpha: for ITYPE_NAVIGATION_BAR on com.example.dogglers/androidx.test.core.app.InstrumentationActivityInvoker$EmptyActivity
10-26 10:07:34.306 18320 18320 D InsetsSourceConsumer: ensureControlAlpha: for ITYPE_STATUS_BAR on com.example.dogglers/androidx.test.core.app.InstrumentationActivityInvoker$EmptyActivity
10-26 10:07:34.307 18320 18320 I ViewRootImpl@2de49ff[InstrumentationActivityInvoker$EmptyActivity]: handleAppVisibility mAppVisible=true visible=false
10-26 10:07:34.312   620   620 I Layer   : id=190013 removeFromCurrentState Surface(name=2fa8401 StatusBar)/@0xf000e26 - animation-leash of insets_animation#1 (193)
10-26 10:07:34.312   620   620 I Layer   : id=190014 removeFromCurrentState Surface(name=be23078 NavigationBar0)/@0x50010bd - animation-leash of insets_animation#1 (193)
10-26 10:07:34.313   620   620 I SurfaceFlinger: id=190013 Removed Surface(name=2fa8401 StatusBar)/@0xf000e26 - animation-leash of insets_animation#1 (193)
10-26 10:07:34.313   620   620 I SurfaceFlinger: id=190014 Removed Surface(name=be23078 NavigationBar0)/@0x50010bd - animation-leash of insets_animation#1 (193)
10-26 10:07:34.313 18320 18355 D OpenGLRenderer: setSurface called with nullptr
10-26 10:07:34.313 18320 18355 D OpenGLRenderer: setSurface() destroyed EGLSurface
10-26 10:07:34.313 18320 18355 D OpenGLRenderer: destroyEglSurface
10-26 10:07:34.313   620   620 I Layer   : id=190013 Destroyed Surface(name=2fa8401 StatusBar)/@0xf000e26 - animation-leash of insets_animation#1
10-26 10:07:34.313   620   620 I Layer   : id=190014 Destroyed Surface(name=be23078 NavigationBar0)/@0x50010bd - animation-leash of insets_animation#1
10-26 10:07:34.314   954  3912 D InputDispatcher: Focus entered window (0): 4b8f282 com.example.dogglers/androidx.test.core.app.InstrumentationActivityInvoker$EmptyActivity
10-26 10:07:34.314   954  3912 V WindowManager: Relayout Window{dc59888 u0 com.example.dogglers/androidx.test.core.app.InstrumentationActivityInvoker$EmptyActivity}: viewVisibility=8 req=1080x2280 d0
10-26 10:07:34.316   620   620 D SurfaceFlinger: Display 0 HWC layers:
10-26 10:07:34.316   620   620 D SurfaceFlinger:      DEVICE | 0x7843dade10 | 0102 | RGBA_8888    |    0.0    0.0 1080.0 2280.0 |    0    0 1080 2280 | com.example.dogglers/com.example.dogglers.GridListActivity$_18320#0
10-26 10:07:34.316   620   620 D SurfaceFlinger:      DEVICE | 0x7843dbb970 | 0100 | RGBA_8888    |    0.0    0.0 1080.0  112.0 |    0    0 1080  112 | StatusBar$_1348#0
10-26 10:07:34.316   620   620 D SurfaceFlinger:      DEVICE | 0x7843daab70 | 0100 | RGBA_8888    |    0.0    0.0   67.0  416.0 |    0  814   67 1230 | com.samsung.android.app.cocktailbars[...]arservice.CocktailBarService$_8198#0
10-26 10:07:34.316   620   620 D SurfaceFlinger:      DEVICE | 0x7843da5dd0 | 0100 | RGBA_8888    |    0.0    0.0 1080.0  126.0 |    0 2154 1080 2280 | NavigationBar0$_1348#0
10-26 10:07:34.316   620   620 D SurfaceFlinger:
10-26 10:07:34.316   954  3912 V WindowManager: Relayout hash=dc59888, pid=18320: mAttrs={(0,0)(fillxfill) sim={adjust=pan forwardNavigation} ty=BASE_APPLICATION wanim=0x1030001
10-26 10:07:34.316   954  3912 V WindowManager:   fl=1810100
10-26 10:07:34.316   954  3912 V WindowManager:   pfl=12020040
10-26 10:07:34.316   954  3912 V WindowManager:   apr=LIGHT_NAVIGATION_BARS
10-26 10:07:34.316   954  3912 V WindowManager:   bhv=DEFAULT
10-26 10:07:34.316   954  3912 V WindowManager:   fitSides= naviIconColor=0
10-26 10:07:34.316   954  3912 V WindowManager:   sfl=100000}
10-26 10:07:34.317 18320 18320 I ViewRootImpl@2de49ff[InstrumentationActivityInvoker$EmptyActivity]: Relayout returned: old=(0,0,1080,2280) new=(0,0,1080,2280) req=(1080,2280)8 dur=3 res=0x5 s={false 0} ch=true fn=2
10-26 10:07:34.318 18320 18320 D LifecycleMonitor: Lifecycle status change: androidx.test.core.app.InstrumentationActivityInvoker$EmptyActivity@fd0f0b8 in: PAUSED
10-26 10:07:34.318 18320 18320 V ActivityScenario: Activity lifecycle changed event received but ignored because the intent does not match. startActivityIntent=Intent { act=android.intent.action.MAIN cat=[android.intent.category.LAUNCHER] cmp=com.example.dogglers/.MainActivity }, activity.getIntent()=Intent { act=android.intent.action.MAIN cat=[android.intent.category.LAUNCHER] flg=0x10000000 cmp=com.example.dogglers/androidx.test.core.app.InstrumentationActivityInvoker$EmptyActivity }, activity=androidx.test.core.app.InstrumentationActivityInvoker$EmptyActivity@fd0f0b8
