10-26 10:07:45.611 26660 27022 I ViewRootImpl@623994e[LauncherActivity]: mWNT: t = android.view.SurfaceControl$Transaction@df8ddd1 fN = 39 com.android.systemui.shared.system.ViewRootImplCompat.mergeWithNextTransaction:62 com.android.quickstep.util.SurfaceTransactionApplier.lambda$scheduleApply$0$SurfaceTransactionApplier:94 com.android.quickstep.util.-$$Lambda$SurfaceTransactionApplier$Xj9m0ayWHIr2xvQnKB4EJdxg8RU.accept:6
10-26 10:07:45.611 26660 27022 I ViewRootImpl@623994e[LauncherActivity]: mWNT: merge t to BBQ
10-26 10:07:45.628 26660 27021 I ViewRootImpl@623994e[LauncherActivity]: mWNT: t = android.view.SurfaceControl$Transaction@7325036 fN = 40 com.android.systemui.shared.system.ViewRootImplCompat.mergeWithNextTransaction:62 com.android.quickstep.util.SurfaceTransactionApplier.lambda$scheduleApply$0$SurfaceTransactionApplier:94 com.android.quickstep.util.-$$Lambda$SurfaceTransactionApplier$Xj9m0ayWHIr2xvQnKB4EJdxg8RU.accept:6
10-26 10:07:45.628 26660 27021 I ViewRootImpl@623994e[LauncherActivity]: mWNT: merge t to BBQ
10-26 10:07:45.645 26660 27022 I ViewRootImpl@623994e[LauncherActivity]: mWNT: t = android.view.SurfaceControl$Transaction@4a0cb37 fN = 41 com.android.systemui.shared.system.ViewRootImplCompat.mergeWithNextTransaction:62 com.android.quickstep.util.SurfaceTransactionApplier.lambda$scheduleApply$0$SurfaceTransactionApplier:94 com.android.quickstep.util.-$$Lambda$SurfaceTransactionApplier$Xj9m0ayWHIr2xvQnKB4EJdxg8RU.accept:6
10-26 10:07:45.645 26660 27022 I ViewRootImpl@623994e[LauncherActivity]: mWNT: merge t to BBQ
10-26 10:07:45.648   566 18622 I HYPER-HAL: [RequestManager.cpp]releaseLocked(): Released ID : 473870
10-26 10:07:45.661 26660 27021 I ViewRootImpl@623994e[LauncherActivity]: mWNT: t = android.view.SurfaceControl$Transaction@9eb78a4 fN = 42 com.android.systemui.shared.system.ViewRootImplCompat.mergeWithNextTransaction:62 com.android.quickstep.util.SurfaceTransactionApplier.lambda$scheduleApply$0$SurfaceTransactionApplier:94 com.android.quickstep.util.-$$Lambda$SurfaceTransactionApplier$Xj9m0ayWHIr2xvQnKB4EJdxg8RU.accept:6
10-26 10:07:45.661 26660 27021 I ViewRootImpl@623994e[LauncherActivity]: mWNT: merge t to BBQ
10-26 10:07:45.679 26660 27022 I ViewRootImpl@623994e[LauncherActivity]: mWNT: t = android.view.SurfaceControl$Transaction@adc860d fN = 43 com.android.systemui.shared.system.ViewRootImplCompat.mergeWithNextTransaction:62 com.android.quickstep.util.SurfaceTransactionApplier.lambda$scheduleApply$0$SurfaceTransactionApplier:94 com.android.quickstep.util.-$$Lambda$SurfaceTransactionApplier$Xj9m0ayWHIr2xvQnKB4EJdxg8RU.accept:6
10-26 10:07:45.679 26660 27022 I ViewRootImpl@623994e[LauncherActivity]: mWNT: merge t to BBQ
10-26 10:07:45.679   954  1244 D SemCellularStateManager: onSignalStrengthsChanged: mCellularSignalLevel=4
10-26 10:07:45.680  1348  1502 D MobileStatusTracker(0/1): onSignalStrengthsChanged signalStrength=SignalStrength:{mCdma=Invalid,mGsm=Invalid,mWcdma=Invalid,mTdscdma=Invalid,mLte=CellSignalStrengthLte: rssi=-79 rsrp=-79 rsrq=-9 rssnr=1 cqiTableIndex=2147483647 cqi=7 ta=2147483647 level=4 parametersUseForLevel=0,mNr=Invalid,SignalBarInfo{ lteLevel=4 },rat=14,primary=CellSignalStrengthLte} level=4
10-26 10:07:45.680  1348  1502 D CscParser: OMC path : /product/omc/SEE/conf/customer.xml
10-26 10:07:45.680  1348  1502 I CscParser: getCustomerPath : omc customer file can read
10-26 10:07:45.680  1348  1502 E CscParser: update(): xml file exist
10-26 10:07:45.682  1348  1502 D NetworkController: SignalStrength from intent slotId=0
10-26 10:07:45.695 26660 27021 I ViewRootImpl@623994e[LauncherActivity]: mWNT: t = android.view.SurfaceControl$Transaction@bcb39c2 fN = 44 com.android.systemui.shared.system.ViewRootImplCompat.mergeWithNextTransaction:62 com.android.quickstep.util.SurfaceTransactionApplier.lambda$scheduleApply$0$SurfaceTransactionApplier:94 com.android.quickstep.util.-$$Lambda$SurfaceTransactionApplier$Xj9m0ayWHIr2xvQnKB4EJdxg8RU.accept:6
10-26 10:07:45.695 26660 27021 I ViewRootImpl@623994e[LauncherActivity]: mWNT: merge t to BBQ
10-26 10:07:45.711 26660 27022 I ViewRootImpl@623994e[LauncherActivity]: mWNT: t = android.view.SurfaceControl$Transaction@f2ce3d3 fN = 45 com.android.systemui.shared.system.ViewRootImplCompat.mergeWithNextTransaction:62 com.android.quickstep.util.SurfaceTransactionApplier.lambda$scheduleApply$0$SurfaceTransactionApplier:94 com.android.quickstep.util.-$$Lambda$SurfaceTransactionApplier$Xj9m0ayWHIr2xvQnKB4EJdxg8RU.accept:6
10-26 10:07:45.711 26660 27022 I ViewRootImpl@623994e[LauncherActivity]: mWNT: merge t to BBQ
10-26 10:07:45.728 26660 27021 I ViewRootImpl@623994e[LauncherActivity]: mWNT: t = android.view.SurfaceControl$Transaction@bb97b10 fN = 46 com.android.systemui.shared.system.ViewRootImplCompat.mergeWithNextTransaction:62 com.android.quickstep.util.SurfaceTransactionApplier.lambda$scheduleApply$0$SurfaceTransactionApplier:94 com.android.quickstep.util.-$$Lambda$SurfaceTransactionApplier$Xj9m0ayWHIr2xvQnKB4EJdxg8RU.accept:6
10-26 10:07:45.728 26660 27021 I ViewRootImpl@623994e[LauncherActivity]: mWNT: merge t to BBQ
10-26 10:07:45.745 26660 27022 I ViewRootImpl@623994e[LauncherActivity]: mWNT: t = android.view.SurfaceControl$Transaction@fd87609 fN = 47 com.android.systemui.shared.system.ViewRootImplCompat.mergeWithNextTransaction:62 com.android.quickstep.util.SurfaceTransactionApplier.lambda$scheduleApply$0$SurfaceTransactionApplier:94 com.android.quickstep.util.-$$Lambda$SurfaceTransactionApplier$Xj9m0ayWHIr2xvQnKB4EJdxg8RU.accept:6
10-26 10:07:45.745 26660 27022 I ViewRootImpl@623994e[LauncherActivity]: mWNT: merge t to BBQ
10-26 10:07:45.762 26660 27021 I ViewRootImpl@623994e[LauncherActivity]: mWNT: t = android.view.SurfaceControl$Transaction@717300e fN = 48 com.android.systemui.shared.system.ViewRootImplCompat.mergeWithNextTransaction:62 com.android.quickstep.util.SurfaceTransactionApplier.lambda$scheduleApply$0$SurfaceTransactionApplier:94 com.android.quickstep.util.-$$Lambda$SurfaceTransactionApplier$Xj9m0ayWHIr2xvQnKB4EJdxg8RU.accept:6
10-26 10:07:45.762 26660 27021 I ViewRootImpl@623994e[LauncherActivity]: mWNT: merge t to BBQ
10-26 10:07:45.777 26660 26660 W AppTransitionAnimatorImpl: onAnimationEnd - APP OUT, Execution time for each frame : Start-(0)-0-(0)-0-(11)-0-(14)-0-(17)-0-(17)-0-(17)-0-(16)-1-(16)-0-(17)-0-(17)-0-(16)-1-(16)-0-(16)-1-(16)-0-(17)-0-(17)-0-(16)-0-(18)-0-(16)-0-(17)-0-(16)-0-(17)-0-(17)-0-(16)-0-End
10-26 10:07:45.777 26660 26660 I AppTransitionAnimatorImpl: resetContentView
10-26 10:07:45.779 26660 26660 W Launcher: onEnterAnimationComplete
10-26 10:07:45.779 26660 27022 I ViewRootImpl@623994e[LauncherActivity]: mWNT: t = android.view.SurfaceControl$Transaction@e57ea2f fN = 49 com.android.systemui.shared.system.ViewRootImplCompat.mergeWithNextTransaction:62 com.android.quickstep.util.SurfaceTransactionApplier.lambda$scheduleApply$0$SurfaceTransactionApplier:94 com.android.quickstep.util.-$$Lambda$SurfaceTransactionApplier$Xj9m0ayWHIr2xvQnKB4EJdxg8RU.accept:6
10-26 10:07:45.779 26660 27022 I ViewRootImpl@623994e[LauncherActivity]: mWNT: merge t to BBQ
10-26 10:07:45.781 18320 18320 I ViewRootImpl@c9fd46[InstrumentationActivityInvoker$EmptyActivity]: handleAppVisibility mAppVisible=true visible=false
10-26 10:07:45.794   620   620 I Layer   : id=190463 removeFromCurrentState Surface(name=Task=30242)/@0xb5aa8b5 - animation-leash of app_transition#1 (187)
10-26 10:07:45.794   620   620 I Layer   : id=190464 removeFromCurrentState Surface(name=Task=1)/@0x4cdbfdb - animation-leash of app_transition#1 (187)
10-26 10:07:45.795 18320 18355 D OpenGLRenderer: setSurface called with nullptr
10-26 10:07:45.795 18320 18355 D OpenGLRenderer: setSurface() destroyed EGLSurface
10-26 10:07:45.795 18320 18355 D OpenGLRenderer: destroyEglSurface
10-26 10:07:45.797   954  3937 V WindowManager: Relayout Window{f3401dc u0 com.example.dogglers/androidx.test.core.app.InstrumentationActivityInvoker$EmptyActivity}: viewVisibility=8 req=1080x2280 d0
10-26 10:07:45.798   954  3937 V WindowManager: Relayout hash=f3401dc, pid=18320: mAttrs={(0,0)(fillxfill) sim={adjust=pan forwardNavigation} ty=BASE_APPLICATION wanim=0x1030001
10-26 10:07:45.798   954  3937 V WindowManager:   fl=1810100
10-26 10:07:45.798   954  3937 V WindowManager:   pfl=12020040
10-26 10:07:45.798   954  3937 V WindowManager:   apr=LIGHT_NAVIGATION_BARS
10-26 10:07:45.798   954  3937 V WindowManager:   bhv=DEFAULT
10-26 10:07:45.798   954  3937 V WindowManager:   fitSides= naviIconColor=0
10-26 10:07:45.798   954  3937 V WindowManager:   sfl=100000}
10-26 10:07:45.799 18320 18320 I ViewRootImpl@c9fd46[InstrumentationActivityInvoker$EmptyActivity]: Relayout returned: old=(0,0,1080,2280) new=(0,0,1080,2280) req=(1080,2280)8 dur=2 res=0x5 s={false 0} ch=true fn=2
10-26 10:07:45.799 18320 18320 I ViewRootImpl@c9fd46[InstrumentationActivityInvoker$EmptyActivity]: stopped(true) old=false
10-26 10:07:45.800 18320 18320 D LifecycleMonitor: Lifecycle status change: androidx.test.core.app.InstrumentationActivityInvoker$EmptyActivity@e93772b in: STOPPED
10-26 10:07:45.800 18320 18320 V ActivityScenario: Activity lifecycle changed event received but ignored because the intent does not match. startActivityIntent=Intent { act=android.intent.action.MAIN cat=[android.intent.category.LAUNCHER] cmp=com.example.dogglers/.HorizontalListActivity }, activity.getIntent()=Intent { act=android.intent.action.MAIN cat=[android.intent.category.LAUNCHER] flg=0x10000000 cmp=com.example.dogglers/androidx.test.core.app.InstrumentationActivityInvoker$EmptyActivity }, activity=androidx.test.core.app.InstrumentationActivityInvoker$EmptyActivity@e93772b
10-26 10:07:45.801 18320 18320 D LifecycleMonitor: Lifecycle status change: androidx.test.core.app.InstrumentationActivityInvoker$EmptyActivity@e93772b in: DESTROYED
10-26 10:07:45.801 18320 18320 V ActivityScenario: Activity lifecycle changed event received but ignored because the intent does not match. startActivityIntent=Intent { act=android.intent.action.MAIN cat=[android.intent.category.LAUNCHER] cmp=com.example.dogglers/.HorizontalListActivity }, activity.getIntent()=Intent { act=android.intent.action.MAIN cat=[android.intent.category.LAUNCHER] flg=0x10000000 cmp=com.example.dogglers/androidx.test.core.app.InstrumentationActivityInvoker$EmptyActivity }, activity=androidx.test.core.app.InstrumentationActivityInvoker$EmptyActivity@e93772b
10-26 10:07:45.801 18320 18355 D OpenGLRenderer: setSurface called with nullptr
10-26 10:07:45.801 18320 18320 I ViewRootImpl@c9fd46[InstrumentationActivityInvoker$EmptyActivity]: dispatchDetachedFromWindow
10-26 10:07:45.801   954  3937 D InputTransport: Input channel destroyed: 'f3401dc', fd=1361
10-26 10:07:45.801   954  3937 W InputManager-JNI: Input channel object 'f3401dc com.example.dogglers/androidx.test.core.app.InstrumentationActivityInvoker$EmptyActivity (client)' was disposed without first being removed with the input manager!
10-26 10:07:45.801   954  3937 D InputTransport: Input channel destroyed: 'f3401dc', fd=1367
10-26 10:07:45.803 18320 18320 D InputTransport: Input channel destroyed: 'f3401dc', fd=147
10-26 10:07:45.804 18320 18320 I ViewRootImpl@8528e6e[InstrumentationActivityInvoker$EmptyActivity]: stopped(true) old=false
10-26 10:07:45.804 18320 18320 D LifecycleMonitor: Lifecycle status change: androidx.test.core.app.InstrumentationActivityInvoker$EmptyActivity@1b224b3 in: STOPPED
10-26 10:07:45.804 18320 18320 V ActivityScenario: Activity lifecycle changed event received but ignored because the intent does not match. startActivityIntent=Intent { act=android.intent.action.MAIN cat=[android.intent.category.LAUNCHER] cmp=com.example.dogglers/.HorizontalListActivity }, activity.getIntent()=Intent { act=android.intent.action.MAIN cat=[android.intent.category.LAUNCHER] flg=0x10000000 cmp=com.example.dogglers/androidx.test.core.app.InstrumentationActivityInvoker$EmptyActivity }, activity=androidx.test.core.app.InstrumentationActivityInvoker$EmptyActivity@1b224b3
10-26 10:07:45.806 18320 18320 D LifecycleMonitor: Lifecycle status change: androidx.test.core.app.InstrumentationActivityInvoker$EmptyActivity@1b224b3 in: DESTROYED
10-26 10:07:45.806 18320 18320 V ActivityScenario: Activity lifecycle changed event received but ignored because the intent does not match. startActivityIntent=Intent { act=android.intent.action.MAIN cat=[android.intent.category.LAUNCHER] cmp=com.example.dogglers/.HorizontalListActivity }, activity.getIntent()=Intent { act=android.intent.action.MAIN cat=[android.intent.category.LAUNCHER] flg=0x10000000 cmp=com.example.dogglers/androidx.test.core.app.InstrumentationActivityInvoker$EmptyActivity }, activity=androidx.test.core.app.InstrumentationActivityInvoker$EmptyActivity@1b224b3
10-26 10:07:45.807 18320 18355 D OpenGLRenderer: setSurface called with nullptr
10-26 10:07:45.807 18320 18355 D OpenGLRenderer: setSurface() destroyed EGLSurface
10-26 10:07:45.807 18320 18355 D OpenGLRenderer: destroyEglSurface
10-26 10:07:45.808 18320 18320 I ViewRootImpl@8528e6e[InstrumentationActivityInvoker$EmptyActivity]: dispatchDetachedFromWindow
10-26 10:07:45.808   954  3956 D InputTransport: Input channel destroyed: '91e08bd', fd=1348
10-26 10:07:45.808   954  3956 W InputManager-JNI: Input channel object '91e08bd com.example.dogglers/androidx.test.core.app.InstrumentationActivityInvoker$EmptyActivity (client)' was disposed without first being removed with the input manager!
10-26 10:07:45.808   954  3956 D InputTransport: Input channel destroyed: '91e08bd', fd=1351
10-26 10:07:45.810 18320 18320 D InputTransport: Input channel destroyed: '91e08bd', fd=122
10-26 10:07:45.811 18320 18320 I ViewRootImpl@57b1d0c[HorizontalListActivity]: stopped(true) old=false
10-26 10:07:45.811   620   620 I Layer   : id=190465 removeFromCurrentState Surface(name=WallpaperWindowToken{811eee0 token=android.os.Binder@7a05c9d})/@0xd37415d - animation-leash of window_animation#0 (187)
10-26 10:07:45.811   620   620 I Layer   : id=190460 removeFromCurrentState com.example.dogglers/androidx.test.core.app.InstrumentationActivityInvoker$EmptyActivity$_18320#1 (187)
10-26 10:07:45.811   620   620 I Layer   : id=190459 removeFromCurrentState f3401dc com.example.dogglers/androidx.test.core.app.InstrumentationActivityInvoker$EmptyActivity#0 (187)
10-26 10:07:45.811   620   620 I Layer   : id=190455 removeFromCurrentState com.example.dogglers/androidx.test.core.app.InstrumentationActivityInvoker$EmptyActivity$_18320#0 (187)
10-26 10:07:45.811   620   620 I Layer   : id=190458 removeFromCurrentState ActivityRecord{4cd64d6 u0 com.example.dogglers/androidx.test.core.app.InstrumentationActivityInvoker$EmptyActivity t30242}#0 (187)
10-26 10:07:45.811   620   620 I Layer   : id=190454 removeFromCurrentState 91e08bd com.example.dogglers/androidx.test.core.app.InstrumentationActivityInvoker$EmptyActivity#0 (187)
10-26 10:07:45.811   620   620 I SurfaceFlinger: id=190458 Removed ActivityRecord{4cd64d6 u0 com.example.dogglers/androidx.test.core.app.InstrumentationActivityInvoker$EmptyActivity t30242}#0 (187)
10-26 10:07:45.811   620   620 I SurfaceFlinger: id=190454 Removed 91e08bd com.example.dogglers/androidx.test.core.app.InstrumentationActivityInvoker$EmptyActivity#0 (187)
10-26 10:07:45.811   620   620 I SurfaceFlinger: id=190459 Removed f3401dc com.example.dogglers/androidx.test.core.app.InstrumentationActivityInvoker$EmptyActivity#0 (187)
10-26 10:07:45.811   620   620 I SurfaceFlinger: id=190455 Removed com.example.dogglers/androidx.test.core.app.InstrumentationActivityInvoker$EmptyActivity$_18320#0 (187)
10-26 10:07:45.811   620   620 I SurfaceFlinger: id=190460 Removed com.example.dogglers/androidx.test.core.app.InstrumentationActivityInvoker$EmptyActivity$_18320#1 (187)
10-26 10:07:45.811 18320 18320 D LifecycleMonitor: Lifecycle status change: com.example.dogglers.HorizontalListActivity@a894fd6 in: STOPPED
10-26 10:07:45.812 18320 18320 V ActivityScenario: Update currentActivityStage to STOPPED, currentActivity=com.example.dogglers.HorizontalListActivity@a894fd6
10-26 10:07:45.812   620   620 I Layer   : id=190454 Destroyed 91e08bd com.example.dogglers/androidx.test.core.app.InstrumentationActivityInvoker$EmptyActivity#0
10-26 10:07:45.812   620   620 I Layer   : id=190455 Destroyed com.example.dogglers/androidx.test.core.app.InstrumentationActivityInvoker$EmptyActivity$_18320#0
10-26 10:07:45.812   620   620 I Layer   : id=190458 Destroyed ActivityRecord{4cd64d6 u0 com.example.dogglers/androidx.test.core.app.InstrumentationActivityInvoker$EmptyActivity t30242}#0
10-26 10:07:45.812   620   620 I Layer   : id=190459 Destroyed f3401dc com.example.dogglers/androidx.test.core.app.InstrumentationActivityInvoker$EmptyActivity#0
10-26 10:07:45.812   620   620 I Layer   : id=190460 Destroyed com.example.dogglers/androidx.test.core.app.InstrumentationActivityInvoker$EmptyActivity$_18320#1
10-26 10:07:45.813 18320 18320 D LifecycleMonitor: Lifecycle status change: com.example.dogglers.HorizontalListActivity@a894fd6 in: DESTROYED
10-26 10:07:45.813 18320 18320 V ActivityScenario: Update currentActivityStage to DESTROYED, currentActivity=null
10-26 10:07:45.813 18320 18346 I TestRunner: finished: horizontal_scroll_content_at_last_position(com.example.dogglers.HorizontalListTests)
