10-26 10:07:41.610 26660 26660 I AppTransitionAnimatorImpl: resetContentView
10-26 10:07:41.611 26660 27022 I ViewRootImpl@623994e[LauncherActivity]: mWNT: t = android.view.SurfaceControl$Transaction@c9f84db fN = 47 com.android.systemui.shared.system.ViewRootImplCompat.mergeWithNextTransaction:62 com.android.quickstep.util.SurfaceTransactionApplier.lambda$scheduleApply$0$SurfaceTransactionApplier:94 com.android.quickstep.util.-$$Lambda$SurfaceTransactionApplier$Xj9m0ayWHIr2xvQnKB4EJdxg8RU.accept:6
10-26 10:07:41.611 26660 27022 I ViewRootImpl@623994e[LauncherActivity]: mWNT: merge t to BBQ
10-26 10:07:41.612 26660 26660 W Launcher: onEnterAnimationComplete
10-26 10:07:41.617 18320 18320 I ViewRootImpl@21c2f65[InstrumentationActivityInvoker$EmptyActivity]: handleAppVisibility mAppVisible=true visible=false
10-26 10:07:41.627   620   620 I Layer   : id=190312 removeFromCurrentState Surface(name=Task=30238)/@0x320fddf - animation-leash of app_transition#1 (192)
10-26 10:07:41.627   620   620 I Layer   : id=190313 removeFromCurrentState Surface(name=Task=1)/@0x4cdbfdb - animation-leash of app_transition#1 (192)
10-26 10:07:41.627 18320 18355 D OpenGLRenderer: setSurface called with nullptr
10-26 10:07:41.628 18320 18355 D OpenGLRenderer: setSurface() destroyed EGLSurface
10-26 10:07:41.628 18320 18355 D OpenGLRenderer: destroyEglSurface
10-26 10:07:41.629   954  3919 V WindowManager: Relayout Window{acdef1c u0 com.example.dogglers/androidx.test.core.app.InstrumentationActivityInvoker$EmptyActivity}: viewVisibility=8 req=1080x2280 d0
10-26 10:07:41.631   954  3919 V WindowManager: Relayout hash=acdef1c, pid=18320: mAttrs={(0,0)(fillxfill) sim={adjust=pan forwardNavigation} ty=BASE_APPLICATION wanim=0x1030001
10-26 10:07:41.631   954  3919 V WindowManager:   fl=1810100
10-26 10:07:41.631   954  3919 V WindowManager:   pfl=12020040
10-26 10:07:41.631   954  3919 V WindowManager:   apr=LIGHT_NAVIGATION_BARS
10-26 10:07:41.631   954  3919 V WindowManager:   bhv=DEFAULT
10-26 10:07:41.631   954  3919 V WindowManager:   fitSides= naviIconColor=0
10-26 10:07:41.631   954  3919 V WindowManager:   sfl=100000}
10-26 10:07:41.632 18320 18320 I ViewRootImpl@21c2f65[InstrumentationActivityInvoker$EmptyActivity]: Relayout returned: old=(0,0,1080,2280) new=(0,0,1080,2280) req=(1080,2280)8 dur=2 res=0x5 s={false 0} ch=true fn=2
10-26 10:07:41.632 18320 18320 I ViewRootImpl@21c2f65[InstrumentationActivityInvoker$EmptyActivity]: stopped(true) old=false
10-26 10:07:41.633 18320 18320 D LifecycleMonitor: Lifecycle status change: androidx.test.core.app.InstrumentationActivityInvoker$EmptyActivity@662032e in: STOPPED
10-26 10:07:41.633 18320 18320 V ActivityScenario: Activity lifecycle changed event received but ignored because the intent does not match. startActivityIntent=Intent { act=android.intent.action.MAIN cat=[android.intent.category.LAUNCHER] cmp=com.example.dogglers/.GridListActivity }, activity.getIntent()=Intent { act=android.intent.action.MAIN cat=[android.intent.category.LAUNCHER] flg=0x10000000 cmp=com.example.dogglers/androidx.test.core.app.InstrumentationActivityInvoker$EmptyActivity }, activity=androidx.test.core.app.InstrumentationActivityInvoker$EmptyActivity@662032e
10-26 10:07:41.634 18320 18320 D LifecycleMonitor: Lifecycle status change: androidx.test.core.app.InstrumentationActivityInvoker$EmptyActivity@662032e in: DESTROYED
10-26 10:07:41.634 18320 18320 V ActivityScenario: Activity lifecycle changed event received but ignored because the intent does not match. startActivityIntent=Intent { act=android.intent.action.MAIN cat=[android.intent.category.LAUNCHER] cmp=com.example.dogglers/.GridListActivity }, activity.getIntent()=Intent { act=android.intent.action.MAIN cat=[android.intent.category.LAUNCHER] flg=0x10000000 cmp=com.example.dogglers/androidx.test.core.app.InstrumentationActivityInvoker$EmptyActivity }, activity=androidx.test.core.app.InstrumentationActivityInvoker$EmptyActivity@662032e
10-26 10:07:41.634 18320 18355 D OpenGLRenderer: setSurface called with nullptr
10-26 10:07:41.634 18320 18320 I ViewRootImpl@21c2f65[InstrumentationActivityInvoker$EmptyActivity]: dispatchDetachedFromWindow
10-26 10:07:41.634   954  3919 D InputTransport: Input channel destroyed: 'acdef1c', fd=1418
10-26 10:07:41.634   954  3919 W InputManager-JNI: Input channel object 'acdef1c com.example.dogglers/androidx.test.core.app.InstrumentationActivityInvoker$EmptyActivity (client)' was disposed without first being removed with the input manager!
10-26 10:07:41.634   954  3919 D InputTransport: Input channel destroyed: 'acdef1c', fd=1419
10-26 10:07:41.636 18320 18320 D InputTransport: Input channel destroyed: 'acdef1c', fd=143
10-26 10:07:41.637 18320 18320 I ViewRootImpl@5ceb7ad[InstrumentationActivityInvoker$EmptyActivity]: stopped(true) old=false
10-26 10:07:41.638 18320 18320 D LifecycleMonitor: Lifecycle status change: androidx.test.core.app.InstrumentationActivityInvoker$EmptyActivity@72e5f56 in: STOPPED
10-26 10:07:41.638 18320 18320 V ActivityScenario: Activity lifecycle changed event received but ignored because the intent does not match. startActivityIntent=Intent { act=android.intent.action.MAIN cat=[android.intent.category.LAUNCHER] cmp=com.example.dogglers/.GridListActivity }, activity.getIntent()=Intent { act=android.intent.action.MAIN cat=[android.intent.category.LAUNCHER] flg=0x10000000 cmp=com.example.dogglers/androidx.test.core.app.InstrumentationActivityInvoker$EmptyActivity }, activity=androidx.test.core.app.InstrumentationActivityInvoker$EmptyActivity@72e5f56
10-26 10:07:41.639 18320 18320 D LifecycleMonitor: Lifecycle status change: androidx.test.core.app.InstrumentationActivityInvoker$EmptyActivity@72e5f56 in: DESTROYED
10-26 10:07:41.639 18320 18320 V ActivityScenario: Activity lifecycle changed event received but ignored because the intent does not match. startActivityIntent=Intent { act=android.intent.action.MAIN cat=[android.intent.category.LAUNCHER] cmp=com.example.dogglers/.GridListActivity }, activity.getIntent()=Intent { act=android.intent.action.MAIN cat=[android.intent.category.LAUNCHER] flg=0x10000000 cmp=com.example.dogglers/androidx.test.core.app.InstrumentationActivityInvoker$EmptyActivity }, activity=androidx.test.core.app.InstrumentationActivityInvoker$EmptyActivity@72e5f56
10-26 10:07:41.640 18320 18355 D OpenGLRenderer: setSurface called with nullptr
10-26 10:07:41.640 18320 18355 D OpenGLRenderer: setSurface() destroyed EGLSurface
10-26 10:07:41.640 18320 18355 D OpenGLRenderer: destroyEglSurface
10-26 10:07:41.641 18320 18320 I ViewRootImpl@5ceb7ad[InstrumentationActivityInvoker$EmptyActivity]: dispatchDetachedFromWindow
10-26 10:07:41.641   954  3919 D InputTransport: Input channel destroyed: '55844a7', fd=1400
10-26 10:07:41.641   954  3919 W InputManager-JNI: Input channel object '55844a7 com.example.dogglers/androidx.test.core.app.InstrumentationActivityInvoker$EmptyActivity (client)' was disposed without first being removed with the input manager!
10-26 10:07:41.641   954  3919 D InputTransport: Input channel destroyed: '55844a7', fd=1410
10-26 10:07:41.641   620   642 I SurfaceFlinger: id=190318 createSurf (0x0),-1 flag=24004, Surface(name=2188bee InputMethod)/@0xe151908 - animation-leash of insets_animation#1
10-26 10:07:41.643   620   620 I Layer   : id=190314 removeFromCurrentState Surface(name=WallpaperWindowToken{811eee0 token=android.os.Binder@7a05c9d})/@0xd37415d - animation-leash of window_animation#0 (193)
10-26 10:07:41.644   620   620 I Layer   : id=190309 removeFromCurrentState com.example.dogglers/androidx.test.core.app.InstrumentationActivityInvoker$EmptyActivity$_18320#1 (193)
10-26 10:07:41.644   620   620 I Layer   : id=190308 removeFromCurrentState acdef1c com.example.dogglers/androidx.test.core.app.InstrumentationActivityInvoker$EmptyActivity#0 (193)
10-26 10:07:41.644   620   620 I Layer   : id=190303 removeFromCurrentState com.example.dogglers/androidx.test.core.app.InstrumentationActivityInvoker$EmptyActivity$_18320#0 (193)
10-26 10:07:41.644   620   620 I SurfaceFlinger: id=190308 Removed acdef1c com.example.dogglers/androidx.test.core.app.InstrumentationActivityInvoker$EmptyActivity#0 (193)
10-26 10:07:41.644   620   620 I SurfaceFlinger: id=190303 Removed com.example.dogglers/androidx.test.core.app.InstrumentationActivityInvoker$EmptyActivity$_18320#0 (193)
10-26 10:07:41.644   620   620 I SurfaceFlinger: id=190309 Removed com.example.dogglers/androidx.test.core.app.InstrumentationActivityInvoker$EmptyActivity$_18320#1 (193)
10-26 10:07:41.644   620   620 I Layer   : id=190303 Destroyed com.example.dogglers/androidx.test.core.app.InstrumentationActivityInvoker$EmptyActivity$_18320#0
10-26 10:07:41.644   620   620 I Layer   : id=190308 Destroyed acdef1c com.example.dogglers/androidx.test.core.app.InstrumentationActivityInvoker$EmptyActivity#0
10-26 10:07:41.644   620   620 I Layer   : id=190309 Destroyed com.example.dogglers/androidx.test.core.app.InstrumentationActivityInvoker$EmptyActivity$_18320#1
10-26 10:07:41.645 18320 18320 D InputTransport: Input channel destroyed: '55844a7', fd=119
10-26 10:07:41.645   954  1528 D InputDispatcher: Focus entered window (0): 4ad90e6 com.sec.android.app.launcher/com.sec.android.app.launcher.activities.LauncherActivity
10-26 10:07:41.646 26660 26660 I ViewRootImpl@623994e[LauncherActivity]: MSG_WINDOW_FOCUS_CHANGED 1 1
10-26 10:07:41.646 26660 26660 I BaseActivity: addActivityFlags, flags : 8
10-26 10:07:41.646 18320 18320 I ViewRootImpl@b33b4d1[GridListActivity]: stopped(true) old=false
10-26 10:07:41.647 18320 18320 D LifecycleMonitor: Lifecycle status change: com.example.dogglers.GridListActivity@df10ef3 in: STOPPED
10-26 10:07:41.648 18320 18320 V ActivityScenario: Update currentActivityStage to STOPPED, currentActivity=com.example.dogglers.GridListActivity@df10ef3
10-26 10:07:41.648 26660 26660 I InputMethodManager: startInputInner - mService.startInputOrWindowGainedFocus
10-26 10:07:41.650 18320 18320 D LifecycleMonitor: Lifecycle status change: com.example.dogglers.GridListActivity@df10ef3 in: DESTROYED
10-26 10:07:41.650 18320 18320 V ActivityScenario: Update currentActivityStage to DESTROYED, currentActivity=null
10-26 10:07:41.651 18320 18346 I TestRunner: finished: grid_list_content_at_last_position(com.example.dogglers.GridListTests)
