10-26 10:07:41.146   954  3912 D InputMethodManagerService: checkDisplayOfStartInputAndUpdateKeyboard display Id 0last 0
10-26 10:07:41.146   954  3912 D InputTransport: Input channel constructed: 'ClientS', fd=1411
10-26 10:07:41.146   954  3912 D InputTransport: Input channel destroyed: 'ClientS', fd=1411
10-26 10:07:41.147 19204 19204 D InputMethodService: checkDisplayOfStartInputAndUpdateKeyboard display Id 0last 0
10-26 10:07:41.147   620   810 I SurfaceFlinger: id=190306 createSurf (0x0),-1 flag=24004, Surface(name=2188bee InputMethod)/@0xe151908 - animation-leash of insets_animation#0
10-26 10:07:41.148   620   620 D SurfaceFlinger: Display 0 HWC layers:
10-26 10:07:41.148   620   620 D SurfaceFlinger:      CLIENT | 0x7843db7cb0 | 0100 | RGBx_8888    |  589.0    0.0 1651.0 2240.0 |    0    0 1080 2280 | Wallpaper BBQ wrapper#0
10-26 10:07:41.148   620   620 D SurfaceFlinger:      CLIENT |              | 0000 |  Unknown  |    0.0    0.0    0.0    0.0 |    0    0 1080 2280 | OneUiHome-BlurLayer#0 (backgroundBlurRadius)
10-26 10:07:41.148   620   620 D SurfaceFlinger:      DEVICE | 0x7843d8edf0 | 0100 | RGBA_8888    |    0.0    0.0 1080.0 2280.0 |    0    0 1080 2280 | com.sec.android.app.launcher/com.sec[...]activities.LauncherActivity$_26660#0
10-26 10:07:41.148   620   620 D SurfaceFlinger:      DEVICE | 0x7843dbde90 | 0102 | RGBA_8888    |    0.0    0.0 1080.0 2280.0 |    5   10 1075 2270 | com.example.dogglers/androidx.test.c[...]tivityInvoker$EmptyActivity$_18320#0
10-26 10:07:41.148   620   620 D SurfaceFlinger:      DEVICE | 0x7843dab230 | 0100 | RGBA_8888    |    0.0    0.0 1080.0  112.0 |    0    0 1080  112 | StatusBar$_1348#0
10-26 10:07:41.148   620   620 D SurfaceFlinger:      DEVICE | 0x7843daab70 | 0100 | RGBA_8888    |    0.0    0.0   67.0  416.0 |    0  814   67 1230 | com.samsung.android.app.cocktailbars[...]arservice.CocktailBarService$_8198#0
10-26 10:07:41.148   620   620 D SurfaceFlinger:      DEVICE | 0x7843db97b0 | 0100 | RGBA_8888    |    0.0    0.0
10-26 10:07:41.148   620   620 D SurfaceFlinger: 1080.0  126.0 |    0 2154 1080 2280 | NavigationBar0$_1348#0
10-26 10:07:41.148   620   620 D SurfaceFlinger:
10-26 10:07:41.149 19204 19204 E FullInputEventModel: onStartInput event aborted: al1: could not obtain extracted text (class al1)
10-26 10:07:41.150   954  1528 D InputMethodManagerServicePhysicalKey: isConnectedDexOnPC false
10-26 10:07:41.152   954  3912 I SemDvfsHyPerManager: acquire hyper - AMS_ACT_START/954@17, type = -999
10-26 10:07:41.152   566   611 I HYPER-HAL: [RequestManager.cpp]acquire(): Acquired ID : 471923  [954 / 17]    HINT : AMS_ACT_START    list :
10-26 10:07:41.154   620   810 I SurfaceFlinger: id=190307 createSurf (0x0),-1 flag=80004, ActivityRecord{1d29816 u0 com.example.dogglers/androidx.test.core.app.InstrumentationActivityInvoker$EmptyActivity t30238}#0
10-26 10:07:41.157   529   535 E statsd  : Predicate 5980654721335871649 dropping data for dimension key (10)0x2010101->10988[I] (10)0x30000->*launch*[S]
10-26 10:07:41.157   529   535 E statsd  : Predicate -7037417284711607308 dropping data for dimension key (10)0x2010101->10988[I] (10)0x30000->*launch*[S]
10-26 10:07:41.158   620   620 I Layer   : id=190286 removeFromCurrentState Splash Screen com.example.dogglers$_1348#0 (193)
10-26 10:07:41.158   620   620 I Layer   : id=190285 removeFromCurrentState fa7e8c9 Splash Screen com.example.dogglers#0 (193)
10-26 10:07:41.158   620   620 I Layer   : id=190301 removeFromCurrentState Surface(name=fa7e8c9 Splash Screen com.example.dogglers)/@0xc06c9d7 - animation-leash of window_animation#0 (193)
10-26 10:07:41.158   620   620 I Layer   : id=190297 removeFromCurrentState Surface(name=2188bee InputMethod)/@0xe151908 - animation-leash of insets_animation#1 (193)
10-26 10:07:41.158   620   620 I SurfaceFlinger: id=190297 Removed Surface(name=2188bee InputMethod)/@0xe151908 - animation-leash of insets_animation#1 (193)
10-26 10:07:41.158   620   620 I SurfaceFlinger: id=190285 Removed fa7e8c9 Splash Screen com.example.dogglers#0 (193)
10-26 10:07:41.158   620   620 I SurfaceFlinger: id=190286 Removed Splash Screen com.example.dogglers$_1348#0 (193)
10-26 10:07:41.158   620   620 I SurfaceFlinger: id=190301 Removed Surface(name=fa7e8c9 Splash Screen com.example.dogglers)/@0xc06c9d7 - animation-leash of window_animation#0 (193)
10-26 10:07:41.159   620   620 I Layer   : id=190301 Destroyed Surface(name=fa7e8c9 Splash Screen com.example.dogglers)/@0xc06c9d7 - animation-leash of window_animation#0
10-26 10:07:41.159   620   620 I Layer   : id=190285 Destroyed fa7e8c9 Splash Screen com.example.dogglers#0
10-26 10:07:41.159   620   620 I Layer   : id=190286 Destroyed Splash Screen com.example.dogglers$_1348#0
10-26 10:07:41.159   620   620 I Layer   : id=190297 Destroyed Surface(name=2188bee InputMethod)/@0xe151908 - animation-leash of insets_animation#1
10-26 10:07:41.159   954  1528 D InputMethodManagerService: isImeSwitcherDisabledPackage : false
10-26 10:07:41.160 18320 18320 D LifecycleMonitor: Lifecycle status change: androidx.test.core.app.InstrumentationActivityInvoker$EmptyActivity@72e5f56 in: PAUSED
10-26 10:07:41.160 18320 18320 V ActivityScenario: Activity lifecycle changed event received but ignored because the intent does not match. startActivityIntent=Intent { act=android.intent.action.MAIN cat=[android.intent.category.LAUNCHER] cmp=com.example.dogglers/.GridListActivity }, activity.getIntent()=Intent { act=android.intent.action.MAIN cat=[android.intent.category.LAUNCHER] flg=0x10000000 cmp=com.example.dogglers/androidx.test.core.app.InstrumentationActivityInvoker$EmptyActivity }, activity=androidx.test.core.app.InstrumentationActivityInvoker$EmptyActivity@72e5f56
10-26 10:07:41.162   954  3912 D InputDispatcher: Focused application set to (0): 1d29816
10-26 10:07:41.169   954  1015 I SemPersonaManager: SecureFolder personaId = 150
10-26 10:07:41.169 18320 18320 D LifecycleMonitor: Lifecycle status change: androidx.test.core.app.InstrumentationActivityInvoker$EmptyActivity@662032e in: PRE_ON_CREATE
10-26 10:07:41.169 18320 18320 V ActivityScenario: Activity lifecycle changed event received but ignored because the intent does not match. startActivityIntent=Intent { act=android.intent.action.MAIN cat=[android.intent.category.LAUNCHER] cmp=com.example.dogglers/.GridListActivity }, activity.getIntent()=Intent { act=android.intent.action.MAIN cat=[android.intent.category.LAUNCHER] flg=0x10000000 cmp=com.example.dogglers/androidx.test.core.app.InstrumentationActivityInvoker$EmptyActivity }, activity=androidx.test.core.app.InstrumentationActivityInvoker$EmptyActivity@662032e
10-26 10:07:41.173   954  1015 D EnterpriseDeviceManagerService: isMdmAdminPresentInternal() : MDM Admin Found - com.samsung.knox.securefolder
10-26 10:07:41.176  8198  8198 I Utils   : HomePackage : com.sec.android.app.launcher, resumePackageName : com.example.dogglers
10-26 10:07:41.180 18320 18320 I DecorView: [INFO] isPopOver=false, config=true
10-26 10:07:41.180 18320 18320 I DecorView: updateCaptionType >> DecorView@715105c[], isFloating=false, isApplication=true, hasWindowControllerCallback=true, hasWindowDecorCaption=false
10-26 10:07:41.180 18320 18320 D DecorView: setCaptionType = 0, this = DecorView@715105c[]
10-26 10:07:41.182 18320 18320 I DecorView: getCurrentDensityDpi: from real metrics. densityDpi=420 msg=resources_loaded
10-26 10:07:41.183 18320 18320 D LifecycleMonitor: Lifecycle status change: androidx.test.core.app.InstrumentationActivityInvoker$EmptyActivity@662032e in: CREATED
10-26 10:07:41.183 18320 18320 V ActivityScenario: Activity lifecycle changed event received but ignored because the intent does not match. startActivityIntent=Intent { act=android.intent.action.MAIN cat=[android.intent.category.LAUNCHER] cmp=com.example.dogglers/.GridListActivity }, activity.getIntent()=Intent { act=android.intent.action.MAIN cat=[android.intent.category.LAUNCHER] flg=0x10000000 cmp=com.example.dogglers/androidx.test.core.app.InstrumentationActivityInvoker$EmptyActivity }, activity=androidx.test.core.app.InstrumentationActivityInvoker$EmptyActivity@662032e
10-26 10:07:41.184 18320 18320 D LifecycleMonitor: Lifecycle status change: androidx.test.core.app.InstrumentationActivityInvoker$EmptyActivity@662032e in: STARTED
10-26 10:07:41.184 18320 18320 V ActivityScenario: Activity lifecycle changed event received but ignored because the intent does not match. startActivityIntent=Intent { act=android.intent.action.MAIN cat=[android.intent.category.LAUNCHER] cmp=com.example.dogglers/.GridListActivity }, activity.getIntent()=Intent { act=android.intent.action.MAIN cat=[android.intent.category.LAUNCHER] flg=0x10000000 cmp=com.example.dogglers/androidx.test.core.app.InstrumentationActivityInvoker$EmptyActivity }, activity=androidx.test.core.app.InstrumentationActivityInvoker$EmptyActivity@662032e
10-26 10:07:41.185 18320 18320 D LifecycleMonitor: Lifecycle status change: androidx.test.core.app.InstrumentationActivityInvoker$EmptyActivity@662032e in: RESUMED
10-26 10:07:41.185 18320 18320 V ActivityScenario: Activity lifecycle changed event received but ignored because the intent does not match. startActivityIntent=Intent { act=android.intent.action.MAIN cat=[android.intent.category.LAUNCHER] cmp=com.example.dogglers/.GridListActivity }, activity.getIntent()=Intent { act=android.intent.action.MAIN cat=[android.intent.category.LAUNCHER] flg=0x10000000 cmp=com.example.dogglers/androidx.test.core.app.InstrumentationActivityInvoker$EmptyActivity }, activity=androidx.test.core.app.InstrumentationActivityInvoker$EmptyActivity@662032e
10-26 10:07:41.189   954  3912 D InputTransport: Input channel constructed: 'acdef1c', fd=1418
10-26 10:07:41.189   954  3912 D InputTransport: Input channel constructed: 'acdef1c', fd=1419
10-26 10:07:41.190   954  3912 D InputTransport: Input channel constructed: 'acdef1c', fd=1420
10-26 10:07:41.190   620   810 I SurfaceFlinger: id=190308 createSurf (0x0),-1 flag=80004, acdef1c com.example.dogglers/androidx.test.core.app.InstrumentationActivityInvoker$EmptyActivity#0
10-26 10:07:41.190   954  3912 D InputTransport: Input channel destroyed: 'acdef1c', fd=1420
10-26 10:07:41.191 18320 18320 I ViewRootImpl@21c2f65[InstrumentationActivityInvoker$EmptyActivity]: setView = com.android.internal.policy.DecorView@715105c TM=true
10-26 10:07:41.192   954  3883 D InputDispatcher: Focus left window (0): 55844a7 com.example.dogglers/androidx.test.core.app.InstrumentationActivityInvoker$EmptyActivity
10-26 10:07:41.193   954  1054 D AnalyticsContainerHandler: handleMessage : { when=0 what=1 target=com.android.server.knox.KnoxAnalyticsContainer$AnalyticsHandler }
10-26 10:07:41.194   954  3883 V WindowManager: Relayout Window{acdef1c u0 com.example.dogglers/androidx.test.core.app.InstrumentationActivityInvoker$EmptyActivity}: viewVisibility=0 req=1080x2280 d0
10-26 10:07:41.194   620   642 I SurfaceFlinger: id=190309 createSurf (1x1),-3 flag=40004, com.example.dogglers/androidx.test.core.app.InstrumentationActivityInvoker$EmptyActivity$_18320#1
10-26 10:07:41.197   620   642 I SurfaceFlinger: id=190310 createSurf (0x0),-1 flag=24000, Surface(name=2fa8401 StatusBar)/@0xf000e26 - animation-leash of insets_animation#1
10-26 10:07:41.198   620   642 I SurfaceFlinger: id=190311 createSurf (0x0),-1 flag=24000, Surface(name=be23078 NavigationBar0)/@0x50010bd - animation-leash of insets_animation#1
10-26 10:07:41.199   954  3883 V WindowManager: Relayout hash=acdef1c, pid=18320: mAttrs={(0,0)(fillxfill) sim={adjust=pan forwardNavigation} ty=BASE_APPLICATION wanim=0x1030001
10-26 10:07:41.199   954  3883 V WindowManager:   fl=1810100
10-26 10:07:41.199   954  3883 V WindowManager:   pfl=12020040
10-26 10:07:41.199   954  3883 V WindowManager:   apr=LIGHT_NAVIGATION_BARS
10-26 10:07:41.199   954  3883 V WindowManager:   bhv=DEFAULT
10-26 10:07:41.199   954  3883 V WindowManager:   fitSides= naviIconColor=0
10-26 10:07:41.199   954  3883 V WindowManager:   sfl=100000}
10-26 10:07:41.201 18320 18320 I ViewRootImpl@21c2f65[InstrumentationActivityInvoker$EmptyActivity]: Relayout returned: old=(0,0,1080,2280) new=(0,0,1080,2280) req=(1080,2280)0 dur=6 res=0x7 s={true 515080576464} ch=true fn=-1
10-26 10:07:41.202 18320 18355 D OpenGLRenderer: eglCreateWindowSurface
10-26 10:07:41.202 18320 18320 I ViewRootImpl@21c2f65[InstrumentationActivityInvoker$EmptyActivity]: [DP] dp(1) 1 android.view.ViewRootImpl.reportNextDraw:11420 android.view.ViewRootImpl.performTraversals:4193 android.view.ViewRootImpl.doTraversal:2919
10-26 10:07:41.208 18320 18320 I ViewRootImpl@21c2f65[InstrumentationActivityInvoker$EmptyActivity]: [DP] pdf(0) 1 android.view.ViewRootImpl.lambda$addFrameCompleteCallbackIfNeeded$3$ViewRootImpl:4995 android.view.ViewRootImpl$$ExternalSyntheticLambda16.run:6 android.os.Handler.handleCallback:938
10-26 10:07:41.208 18320 18320 I ViewRootImpl@21c2f65[InstrumentationActivityInvoker$EmptyActivity]: [DP] rdf()
10-26 10:07:41.208 18320 18320 D ViewRootImpl@21c2f65[InstrumentationActivityInvoker$EmptyActivity]: reportDrawFinished (fn: -1)
10-26 10:07:41.211 18320 18320 I ViewRootImpl@5ceb7ad[InstrumentationActivityInvoker$EmptyActivity]: MSG_WINDOW_FOCUS_CHANGED 0 1
10-26 10:07:41.211 18320 18320 D InsetsSourceConsumer: ensureControlAlpha: for ITYPE_NAVIGATION_BAR on com.example.dogglers/androidx.test.core.app.InstrumentationActivityInvoker$EmptyActivity
10-26 10:07:41.212 18320 18320 D InsetsSourceConsumer: ensureControlAlpha: for ITYPE_STATUS_BAR on com.example.dogglers/androidx.test.core.app.InstrumentationActivityInvoker$EmptyActivity
10-26 10:07:41.213   954  1012 I ActivityTaskManager: Displayed com.example.dogglers/androidx.test.core.app.InstrumentationActivityInvoker$EmptyActivity: +63ms
10-26 10:07:41.214  2946  2946 E pageboostd: Received HALT command code 2
10-26 10:07:41.217   954  3912 D InputDispatcher: Focused application set to (0): 7d8cfdc
10-26 10:07:41.223   954  1015 D PersonaActivityHelper: Activity not in resumed state, do not run immediate lock
10-26 10:07:41.224 18320 18320 D LifecycleMonitor: Lifecycle status change: androidx.test.core.app.InstrumentationActivityInvoker$EmptyActivity@662032e in: PAUSED
10-26 10:07:41.224 18320 18320 V ActivityScenario: Activity lifecycle changed event received but ignored because the intent does not match. startActivityIntent=Intent { act=android.intent.action.MAIN cat=[android.intent.category.LAUNCHER] cmp=com.example.dogglers/.GridListActivity }, activity.getIntent()=Intent { act=android.intent.action.MAIN cat=[android.intent.category.LAUNCHER] flg=0x10000000 cmp=com.example.dogglers/androidx.test.core.app.InstrumentationActivityInvoker$EmptyActivity }, activity=androidx.test.core.app.InstrumentationActivityInvoker$EmptyActivity@662032e
10-26 10:07:41.225   620   620 I Layer   : id=190305 removeFromCurrentState Surface(name=be23078 NavigationBar0)/@0x50010bd - animation-leash of insets_animation#0 (193)
10-26 10:07:41.225   620   620 I Layer   : id=69 removeFromCurrentState be23078 NavigationBar0#0 (193)
10-26 10:07:41.225   620   620 I Layer   : id=79 removeFromCurrentState NavigationBar0$_1348#0 (193)
10-26 10:07:41.225   620   620 I Layer   : id=190304 removeFromCurrentState Surface(name=2fa8401 StatusBar)/@0xf000e26 - animation-leash of insets_animation#0 (193)
10-26 10:07:41.225   620   620 I Layer   : id=69 addToCurrentState be23078 NavigationBar0#0 (193)
10-26 10:07:41.225   620   620 I Layer   : id=79 addToCurrentState NavigationBar0$_1348#0 (193)
10-26 10:07:41.225   620   620 I SurfaceFlinger: id=190305 Removed Surface(name=be23078 NavigationBar0)/@0x50010bd - animation-leash of insets_animation#0 (193)
10-26 10:07:41.225   620   620 I SurfaceFlinger: id=190304 Removed Surface(name=2fa8401 StatusBar)/@0xf000e26 - animation-leash of insets_animation#0 (193)
10-26 10:07:41.226   620   620 I Layer   : id=190304 Destroyed Surface(name=2fa8401 StatusBar)/@0xf000e26 - animation-leash of insets_animation#0
10-26 10:07:41.226   620   620 I Layer   : id=190305 Destroyed Surface(name=be23078 NavigationBar0)/@0x50010bd - animation-leash of insets_animation#0
10-26 10:07:41.227   954  1528 D InputDispatcher: Focus entered window (0): acdef1c com.example.dogglers/androidx.test.core.app.InstrumentationActivityInvoker$EmptyActivity
10-26 10:07:41.230   620   620 D SurfaceFlinger: Display 0 HWC layers:
10-26 10:07:41.230   620   620 D SurfaceFlinger:      CLIENT | 0x7843db7cb0 | 0100 | RGBx_8888    |  589.0    0.0 1651.0 2240.0 |    0    0 1080 2280 | Wallpaper BBQ wrapper#0
10-26 10:07:41.230   620   620 D SurfaceFlinger:      CLIENT |              | 0000 |  Unknown  |    0.0    0.0    0.0    0.0 |    0    0 1080 2280 | OneUiHome-BlurLayer#0 (backgroundBlurRadius)
10-26 10:07:41.230   620   620 D SurfaceFlinger:      DEVICE | 0x7843d8edf0 | 0100 | RGBA_8888    |    0.0    0.0 1080.0 2280.0 |    0    0 1080 2280 | com.sec.android.app.launcher/com.sec[...]activities.LauncherActivity$_26660#0
10-26 10:07:41.230   620   620 D SurfaceFlinger:      DEVICE | 0x7843dbc030 | 0102 | RGBA_8888    |    0.0    0.0 1080.0 2280.0 |    0    1 1080 2279 | com.example.dogglers/androidx.test.c[...]tivityInvoker$EmptyActivity$_18320#1
10-26 10:07:41.230   620   620 D SurfaceFlinger:      DEVICE | 0x7843dab230 | 0100 | RGBA_8888    |    0.0    0.0 1080.0  112.0 |    0    0 1080  112 | StatusBar$_1348#0
10-26 10:07:41.230   620   620 D SurfaceFlinger:      DEVICE | 0x7843daab70 | 0100 | RGBA_8888    |    0.0    0.0   67.0  416.0 |    0  814   67 1230 | com.samsung.android.app.cocktailbars[...]arservice.CocktailBarService$_8198#0
10-26 10:07:41.230   620   620 D SurfaceFlinger:      DEVICE | 0x7843da5dd0 | 0100 | RGBA_8888    |    0.0    0.0
10-26 10:07:41.230   620   620 D SurfaceFlinger: 1080.0  126.0 |    0 2154 1080 2280 | NavigationBar0$_1348#0
10-26 10:07:41.230   620   620 D SurfaceFlinger:
10-26 10:07:41.232   954  3912 I SemDvfsHyPerManager: acquire hyper - AMS_APP_HOME/954@32, type = -999
10-26 10:07:41.233  3825  3825 I SemDvfsHyPerManager: acquire hyper - APP_START_SHORT/3825@14, type = -999
10-26 10:07:41.234   529   535 E statsd  : Predicate 5980654721335871649 dropping data for dimension key (10)0x2010101->10988[I] (10)0x30000->*launch*[S]
10-26 10:07:41.234   529   535 E statsd  : Predicate -7037417284711607308 dropping data for dimension key (10)0x2010101->10988[I] (10)0x30000->*launch*[S]
10-26 10:07:41.234   566   611 I HYPER-HAL: [RequestManager.cpp]acquire(): Acquired ID : 486623  [954 / 32]    HINT : AMS_APP_HOME    list :
10-26 10:07:41.235 26660 26660 I ViewRootImpl@623994e[LauncherActivity]: stopped(false) old=false
10-26 10:07:41.235 26660 26660 I Launcher: !@Boot_DEBUG: Launcher.onResume()
10-26 10:07:41.235 26660 26660 I Launcher: !@Boot_EBS_D: Launcher.onResume()
10-26 10:07:41.235 26660 26660 I BaseActivity: addActivityFlags, flags : 18
10-26 10:07:41.235 26660 26660 I BaseActivity: removeActivityFlags, flags : 32
10-26 10:07:41.235 26660 26660 I AppsSearchBar: restoreCurrentCellLayoutAlpha: null
10-26 10:07:41.235   566   611 I HYPER-HAL: [RequestManager.cpp]acquire(): Acquired ID : 7370894  [3825 / 14]    HINT : APP_START    list : [TIMEOUT / 1500]
10-26 10:07:41.235 26660 26660 W PageOverlayMover: isMoving : false
10-26 10:07:41.235 26660 26792 I IMM_LC  : hsifw() - flags=0, caller=android.view.inputmethod.InputMethodManager.hideSoftInputFromWindow:1846 android.view.inputmethod.InputMethodManager.hideSoftInputFromWindow:1815 com.android.launcher3.util.UiThreadHelper$UiCallbacks.handleMessage:103 android.os.Handler.dispatchMessage:102 android.os.Looper.loopOnce:226
10-26 10:07:41.235 26660 26792 I IMM_LC  : hideSoftInputFromWindow - mService.hideSoftInput
10-26 10:07:41.236 26660 26660 I DecorView: notifyKeepScreenOnChanged: keepScreenOn=false
10-26 10:07:41.237 26660 27521 I Launcher: DisplayMetrics from Resources : DisplayMetrics{density=2.625, width=1080, height=2042, scaledDensity=2.8875, xdpi=415.63577, ydpi=413.6565}
10-26 10:07:41.237 26660 27521 I Launcher: realMetrics from Wm : DisplayMetrics{density=2.625, width=1080, height=2280, scaledDensity=2.625, xdpi=415.63577, ydpi=413.6565}
10-26 10:07:41.237 26660 27521 I Launcher: DeviceProfile, isLand : false, isMultiWin :false, availableWidthPx : 1080, availableHeightPx : 2154
10-26 10:07:41.237 26660 26660 I Launcher: setWallpaperOffsets
10-26 10:07:41.237   620  2717 I SurfaceFlinger: id=190312 createSurf (0x0),-1 flag=24000, Surface(name=Task=30238)/@0x320fddf - animation-leash of app_transition#1
10-26 10:07:41.237 26660 26660 I BaseActivity: addActivityFlags, flags : 4
10-26 10:07:41.237 26660 26660 I Launcher: onDeferredResumed
10-26 10:07:41.237 26660 26660 W Launcher.NotificationListener: setNotificationsChangedListener connected : true
10-26 10:07:41.237 26660 26660 I BadgeCountUpdaterImpl: onNotificationsChangedConnected
10-26 10:07:41.237 26660 26660 I Launcher.NotificationListener: onNotificationFullRefresh
10-26 10:07:41.237 26660 26660 W LauncherAppWidgetHost: setShouldListenFlag, mFlags:7 flag:resume on:true isFront:false
10-26 10:07:41.239   620   810 I SurfaceFlinger: id=190313 createSurf (0x0),-1 flag=24004, Surface(name=Task=1)/@0x4cdbfdb - animation-leash of app_transition#1
10-26 10:07:41.240   620   810 I SurfaceFlinger: id=190314 createSurf (0x0),-1 flag=24000, Surface(name=WallpaperWindowToken{811eee0 token=android.os.Binder@7a05c9d})/@0xd37415d - animation-leash of window_animation#0
10-26 10:07:41.240 26660 26793 I Launcher.NotificationListener: Full refresh isConnected : true active size : 0
10-26 10:07:41.240  3968  4041 D KnoxHelper: getActivityList callingUserId: 0, target user: 0
10-26 10:07:41.242  3968  4041 D KnoxHelper: getActivityList callingUserId: 0, target user: 0
10-26 10:07:41.242   954  3924 D InputDispatcher: Focus left window (0): acdef1c com.example.dogglers/androidx.test.core.app.InstrumentationActivityInvoker$EmptyActivity
10-26 10:07:41.243  3968  4041 D KnoxHelper: getActivityList callingUserId: 0, target user: 0
10-26 10:07:41.244  3968  4041 D KnoxHelper: getActivityList callingUserId: 0, target user: 0
10-26 10:07:41.245   620   620 D SurfaceFlinger: Display 0 HWC layers:
10-26 10:07:41.245   620   620 D SurfaceFlinger:      DEVICE | 0x7843dbc030 | 0102 | RGBA_8888    |    0.0    0.0 1080.0 2280.0 |    0    0 1080 2280 | com.example.dogglers/androidx.test.c[...]tivityInvoker$EmptyActivity$_18320#1
10-26 10:07:41.245   620   620 D SurfaceFlinger:      DEVICE | 0x7843dab230 | 0100 | RGBA_8888    |    0.0    0.0 1080.0  112.0 |    0    0 1080  112 | StatusBar$_1348#0
10-26 10:07:41.245   620   620 D SurfaceFlinger:      DEVICE | 0x7843daab70 | 0100 | RGBA_8888    |    0.0    0.0   67.0  416.0 |    0  814   67 1230 | com.samsung.android.app.cocktailbars[...]arservice.CocktailBarService$_8198#0
10-26 10:07:41.245   620   620 D SurfaceFlinger:      DEVICE | 0x7843db97b0 | 0100 | RGBA_8888    |    0.0    0.0 1080.0  126.0 |    0 2154 1080 2280 | NavigationBar0$_1348#0
10-26 10:07:41.245   620   620 D SurfaceFlinger:
10-26 10:07:41.246  3968  4041 D KnoxHelper: getActivityList callingUserId: 0, target user: 0
10-26 10:07:41.247  3968  4041 D KnoxHelper: getActivityList callingUserId: 0, target user: 0
10-26 10:07:41.247  3968  4041 D KnoxHelper: getActivityList callingUserId: 0, target user: 0
10-26 10:07:41.247  3968  4041 D KnoxHelper: getActivityList callingUserId: 0, target user: 0
10-26 10:07:41.248  3968  4041 D KnoxHelper: getActivityList callingUserId: 0, target user: 0
10-26 10:07:41.248  3968  4041 D KnoxHelper: getActivityList callingUserId: 0, target user: 0
10-26 10:07:41.248  3968  4041 D KnoxHelper: getActivityList callingUserId: 0, target user: 0
10-26 10:07:41.248   620   620 I Layer   : id=190315 Destroyed Screenshot Parent
10-26 10:07:41.249  3968  4041 D KnoxHelper: getActivityList callingUserId: 0, target user: 0
10-26 10:07:41.249  3968  4041 D KnoxHelper: getActivityList callingUserId: 0, target user: 0
10-26 10:07:41.250  3968  4041 D KnoxHelper: getActivityList callingUserId: 0, target user: 0
10-26 10:07:41.250  3968  4041 D KnoxHelper: getActivityList callingUserId: 0, target user: 0
10-26 10:07:41.250  3968  4041 D KnoxHelper: getActivityList callingUserId: 0, target user: 0
10-26 10:07:41.252  3968  4041 D KnoxHelper: getActivityList callingUserId: 0, target user: 0
10-26 10:07:41.252   620   810 I SurfaceFlinger: id=190316 createSurf (0x0),-1 flag=24000, Surface(name=2fa8401 StatusBar)/@0xf000e26 - animation-leash of insets_animation#0
10-26 10:07:41.252  3968  4041 D KnoxHelper: getActivityList callingUserId: 0, target user: 0
10-26 10:07:41.253  3968  4041 D KnoxHelper: getActivityList callingUserId: 0, target user: 0
10-26 10:07:41.253  3968  4041 D KnoxHelper: getActivityList callingUserId: 0, target user: 0
10-26 10:07:41.253   620   810 I SurfaceFlinger: id=190317 createSurf (0x0),-1 flag=24000, Surface(name=be23078 NavigationBar0)/@0x50010bd - animation-leash of insets_animation#0
10-26 10:07:41.255  3968  4041 D KnoxHelper: getActivityList callingUserId: 0, target user: 0
10-26 10:07:41.255   954  3912 D WindowManager: RemoteAnimationController::onAnimationStart, animations=[Landroid.view.RemoteAnimationTarget;@c65db7f
10-26 10:07:41.255  1348  1348 D NavigationBar: onSystemBarAttributesChanged() -  displayId:0, appearance:0, navbarColorManagedByIme:false
10-26 10:07:41.255  1348  1348 V Navbar.Store: handleEvent [EventType] GET_BOOL_REGION_SAMPLING_ENABLED [Module] LightBarController  KEYS_DEFAULT=false
10-26 10:07:41.255  1348  1348 V Navbar.Store: --[Band]COLOR_PACK_GET_REGION_SAMPLING_ENABLED
10-26 10:07:41.255  1348  1348 V Navbar.Store: ----getValue(BOOL_REGION_SAMPLING_ENABLED)=false
10-26 10:07:41.255 26660  4876 I LauncherAnimationRunner: onAnimationStart, appTargets : [Lcom.android.systemui.shared.system.RemoteAnimationTargetCompat;@bdfecfb mStartAtFrontOfQueue : false
10-26 10:07:41.256  3968  4041 D KnoxHelper: getActivityList callingUserId: 0, target user: 0
10-26 10:07:41.256 18320 18320 I ViewRootImpl@21c2f65[InstrumentationActivityInvoker$EmptyActivity]: MSG_WINDOW_FOCUS_CHANGED 0 1
10-26 10:07:41.257 26660  4876 I TouchInteractionService: onSystemUiStateChanged, stateFlags : 0
10-26 10:07:41.257 18320 18320 I ViewRootImpl@21c2f65[InstrumentationActivityInvoker$EmptyActivity]: MSG_WINDOW_FOCUS_CHANGED 0 1
10-26 10:07:41.257   954  3919 V WindowManager: Relayout Window{4ad90e6 u0 com.sec.android.app.launcher/com.sec.android.app.launcher.activities.LauncherActivity}: viewVisibility=0 req=1080x2280 d0
10-26 10:07:41.258  3968  4041 D KnoxHelper: getActivityList callingUserId: 0, target user: 0
10-26 10:07:41.259   620   620 I Layer   : id=190288 removeFromCurrentState Surface(name=Task=30238)/@0x320fddf - animation-leash of app_transition#0 (196)
10-26 10:07:41.259   620   620 I Layer   : id=190287 removeFromCurrentState Surface(name=Task=1)/@0x4cdbfdb - animation-leash of app_transition#0 (196)
10-26 10:07:41.259   620   620 I Layer   : id=190310 removeFromCurrentState Surface(name=2fa8401 StatusBar)/@0xf000e26 - animation-leash of insets_animation#1 (196)
10-26 10:07:41.259   620   620 I Layer   : id=190311 removeFromCurrentState Surface(name=be23078 NavigationBar0)/@0x50010bd - animation-leash of insets_animation#1 (196)
10-26 10:07:41.259   620   620 I SurfaceFlinger: id=190288 Removed Surface(name=Task=30238)/@0x320fddf - animation-leash of app_transition#0 (196)
10-26 10:07:41.259   620   620 I SurfaceFlinger: id=190287 Removed Surface(name=Task=1)/@0x4cdbfdb - animation-leash of app_transition#0 (196)
10-26 10:07:41.259   620   620 I SurfaceFlinger: id=190310 Removed Surface(name=2fa8401 StatusBar)/@0xf000e26 - animation-leash of insets_animation#1 (196)
10-26 10:07:41.259   620   620 I SurfaceFlinger: id=190311 Removed Surface(name=be23078 NavigationBar0)/@0x50010bd - animation-leash of insets_animation#1 (196)
10-26 10:07:41.259  3968  4041 D KnoxHelper: getActivityList callingUserId: 0, target user: 0
10-26 10:07:41.259   620   620 I Layer   : id=190287 Destroyed Surface(name=Task=1)/@0x4cdbfdb - animation-leash of app_transition#0
10-26 10:07:41.259   620   620 I Layer   : id=190288 Destroyed Surface(name=Task=30238)/@0x320fddf - animation-leash of app_transition#0
10-26 10:07:41.259   620   620 I Layer   : id=190310 Destroyed Surface(name=2fa8401 StatusBar)/@0xf000e26 - animation-leash of insets_animation#1
10-26 10:07:41.259   620   620 I Layer   : id=190311 Destroyed Surface(name=be23078 NavigationBar0)/@0x50010bd - animation-leash of insets_animation#1
10-26 10:07:41.261   954  1054 D AnalyticsContainerHandler: handleMessage : { when=0 what=1 target=com.android.server.knox.KnoxAnalyticsContainer$AnalyticsHandler }
10-26 10:07:41.261 26660 26792 I SPayUpdater: updateSpayHandler, show = false, defaultPage = false
10-26 10:07:41.261 26660 26792 I LiveIconUpdateEventHandler: LiveIcon Init
10-26 10:07:41.261 26660 26792 I LiveIconUpdateEventHandler: registerDateChangedReceiver
10-26 10:07:41.261  3968  4041 D KnoxHelper: getActivityList callingUserId: 0, target user: 0
10-26 10:07:41.261   954  3919 V WindowManager: Relayout hash=4ad90e6, pid=26660: mAttrs={(0,0)(fillxfill) sim={adjust=nothing} layoutInDisplayCutoutMode=shortEdges ty=BASE_APPLICATION fmt=TRANSPARENT wanim=0x10302f2
10-26 10:07:41.261   954  3919 V WindowManager:   fl=81910100
10-26 10:07:41.261   954  3919 V WindowManager:   pfl=1e020040
10-26 10:07:41.261   954  3919 V WindowManager:   vsysui=1700
10-26 10:07:41.261   954  3919 V WindowManager:   bhv=SHOW_TRANSIENT_BARS_BY_SWIPE
10-26 10:07:41.261   954  3919 V WindowManager:   fitSides= screenDimDuration=100000 naviIconColor=0}
10-26 10:07:41.263  2946  2946 E pageboostd: Received HALT command code 2
10-26 10:07:41.263  3968  4041 D KnoxHelper: getActivityList callingUserId: 0, target user: 0
10-26 10:07:41.263 26660 26660 I ViewRootImpl@623994e[LauncherActivity]: Relayout returned: old=(0,0,1080,2280) new=(0,0,1080,2280) req=(1080,2280)0 dur=20 res=0x1 s={true 515082128624} ch=false fn=27
10-26 10:07:41.263 26660 26660 I PopupDataProvider: onNotificationFullRefresh prev dotInfoSize : 0
10-26 10:07:41.263 26660 26660 I QuickstepTransition: WallpaperOpenLauncherAnimationRunner, onCreateAnimation
10-26 10:07:41.263 26660 26660 W AppTransitionAnimatorImpl: closing animation without icon
10-26 10:07:41.263 26660 26660 I AppTransitionAnimatorImpl: window bounds: Rect(0, 0 - 1080, 2280), target bounds: RectF(0.0, 0.0, 1080.0, 2280.0)
10-26 10:07:41.263   954  1015 I SemPersonaManager: SecureFolder personaId = 150
10-26 10:07:41.264 26660 26660 W AppTransitionAnimatorImpl: onAnimationStart - APP OUT
10-26 10:07:41.264 26660 26660 I TouchInteractionService: onSystemUiFlagsChanged, userUnlocked
10-26 10:07:41.264 26660 26792 I LiveIconUpdateEventHandler: cancelDateChangeAlarm
10-26 10:07:41.264  3968  4041 D KnoxHelper: getActivityList callingUserId: 0, target user: 0
10-26 10:07:41.265  3968  4041 D KnoxHelper: getActivityList callingUserId: 0, target user: 0
10-26 10:07:41.266  3968  4041 D KnoxHelper: getActivityList callingUserId: 0, target user: 0
10-26 10:07:41.267   954  1015 D EnterpriseDeviceManagerService: isMdmAdminPresentInternal() : MDM Admin Found - com.samsung.knox.securefolder
10-26 10:07:41.269  3968  4041 D KnoxHelper: getActivityList callingUserId: 0, target user: 0
10-26 10:07:41.270  8198  8198 I Utils   : HomePackage : com.sec.android.app.launcher, resumePackageName : com.sec.android.app.launcher
10-26 10:07:41.270  3968  4041 D KnoxHelper: getActivityList callingUserId: 0, target user: 0
10-26 10:07:41.271  3968  4041 D KnoxHelper: getActivityList callingUserId: 0, target user: 0
10-26 10:07:41.272  3968  4041 D KnoxHelper: getActivityList callingUserId: 0, target user: 0
10-26 10:07:41.273 26660 26792 I LiveIconUpdateEventHandler: setDateChangeAlarm
10-26 10:07:41.274  3968  4041 D KnoxHelper: getActivityList callingUserId: 0, target user: 0
10-26 10:07:41.275 26660 26792 I LiveIconUpdateEventHandler: cancelMinuteChangeAlarm
10-26 10:07:41.276  3968  4041 D KnoxHelper: getActivityList callingUserId: 0, target user: 0
10-26 10:07:41.276 26660 26792 I LiveIconUpdateEventHandler: setMinuteChangeAlarm
10-26 10:07:41.277 26660 26792 I LiveIconUpdateEventHandler: Initialized
10-26 10:07:41.277 26660 27022 I ViewRootImpl@623994e[LauncherActivity]: mWNT: t = android.view.SurfaceControl$Transaction@e190073 fN = 27 com.android.systemui.shared.system.ViewRootImplCompat.mergeWithNextTransaction:62 com.android.quickstep.util.SurfaceTransactionApplier.lambda$scheduleApply$0$SurfaceTransactionApplier:94 com.android.quickstep.util.-$$Lambda$SurfaceTransactionApplier$Xj9m0ayWHIr2xvQnKB4EJdxg8RU.accept:6
10-26 10:07:41.277 26660 27022 I ViewRootImpl@623994e[LauncherActivity]: mWNT: merge t to BBQ
10-26 10:07:41.277 26660 27022 I ViewRootImpl@623994e[LauncherActivity]: mWNT: t = android.view.SurfaceControl$Transaction@aba6b30 fN = 27 com.android.systemui.shared.system.ViewRootImplCompat.mergeWithNextTransaction:62 com.android.quickstep.util.SurfaceTransactionApplier.lambda$scheduleApply$0$SurfaceTransactionApplier:94 com.android.quickstep.util.-$$Lambda$SurfaceTransactionApplier$Xj9m0ayWHIr2xvQnKB4EJdxg8RU.accept:6
10-26 10:07:41.277 26660 27022 I ViewRootImpl@623994e[LauncherActivity]: mWNT: merge t to BBQ
10-26 10:07:41.277 26660 27022 I ViewRootImpl@623994e[LauncherActivity]: mWNT: t = android.view.SurfaceControl$Transaction@52873a9 fN = 27 com.android.systemui.shared.system.ViewRootImplCompat.mergeWithNextTransaction:62 com.android.quickstep.util.SurfaceTransactionApplier.lambda$scheduleApply$0$SurfaceTransactionApplier:94 com.android.quickstep.util.-$$Lambda$SurfaceTransactionApplier$Xj9m0ayWHIr2xvQnKB4EJdxg8RU.accept:6
10-26 10:07:41.277 26660 27022 I ViewRootImpl@623994e[LauncherActivity]: mWNT: merge t to BBQ
10-26 10:07:41.277   954  3919 I SemDvfsHyPerManager: acquire hyper - AMS_RESUME_TAIL/954@19, type = -999
10-26 10:07:41.277   954  3919 I SemDvfsHyPerManager: acquire hyper - AMS_ACT_LAZY/954@20, type = -999
10-26 10:07:41.277   566   611 I HYPER-HAL: [RequestManager.cpp]acquire(): Acquired ID : 473870  [954 / 19]    HINT : AMS_RESUME_TAIL    list :
10-26 10:07:41.277  3968  4041 D KnoxHelper: getActivityList callingUserId: 0, target user: 0
10-26 10:07:41.278   566   611 I HYPER-HAL: [RequestManager.cpp]releaseLocked(): Released ID : 471923
10-26 10:07:41.279  3968  4041 D KnoxHelper: getActivityList callingUserId: 0, target user: 0
10-26 10:07:41.280  3968  4041 D KnoxHelper: getActivityList callingUserId: 0, target user: 0
10-26 10:07:41.281  3968  4041 D KnoxHelper: getActivityList callingUserId: 0, target user: 0
10-26 10:07:41.281  3968  4041 D KnoxHelper: getActivityList callingUserId: 0, target user: 0
10-26 10:07:41.281 26660 26793 W QuickstepModelDelegate: handleUpdate targets : 9
10-26 10:07:41.284 26660 26660 W SuggestedAppsViewImpl: pending predictedApps : 9, alpha: 0.0, overview: false
10-26 10:07:41.293 26660 27021 I ViewRootImpl@623994e[LauncherActivity]: mWNT: t = android.view.SurfaceControl$Transaction@9f930cf fN = 28 com.android.systemui.shared.system.ViewRootImplCompat.mergeWithNextTransaction:62 com.android.quickstep.util.SurfaceTransactionApplier.lambda$scheduleApply$0$SurfaceTransactionApplier:94 com.android.quickstep.util.-$$Lambda$SurfaceTransactionApplier$Xj9m0ayWHIr2xvQnKB4EJdxg8RU.accept:6
10-26 10:07:41.293 26660 27021 I ViewRootImpl@623994e[LauncherActivity]: mWNT: merge t to BBQ
10-26 10:07:41.298   620   620 D SurfaceFlinger: Display 0 HWC layers:
10-26 10:07:41.298   620   620 D SurfaceFlinger:      CLIENT | 0x7843db7cb0 | 0100 | RGBx_8888    |  589.0    0.0 1651.0 2240.0 |    0    0 1080 2280 | Wallpaper BBQ wrapper#0
10-26 10:07:41.298   620   620 D SurfaceFlinger:      CLIENT |              | 0000 |  Unknown  |    0.0    0.0    0.0    0.0 |    0    0 1080 2280 | OneUiHome-BlurLayer#0 (backgroundBlurRadius)
10-26 10:07:41.298   620   620 D SurfaceFlinger:      CLIENT | 0x7843db0690 | 0100 | RGBA_8888    |    0.0    0.0 1080.0 2280.0 |    0    0 1080 2280 | com.sec.android.app.launcher/com.sec[...]activities.LauncherActivity$_26660#0
10-26 10:07:41.298   620   620 D SurfaceFlinger:      CLIENT | 0x7843db6cf0 | 0102 | RGBA_8888    |    0.0    0.0 1080.0 2280.0 |    1    3 1079 2277 | com.example.dogglers/com.example.dogglers.GridListActivity$_18320#0
10-26 10:07:41.298   620   620 D SurfaceFlinger:      CLIENT | 0x7843dbde90 | 0102 | RGBA_8888    |    0.0    0.0 1080.0 2280.0 |    1    3 1079 2277 | com.example.dogglers/androidx.test.c[...]tivityInvoker$EmptyActivity$_18320#0
10-26 10:07:41.298   620   620 D SurfaceFlinger:      CLIENT | 0x7843dbc030 | 0102 | RGBA_8888    |    0.0    0.0 1080.0 2280.0 |    1    3 1079 2277 | com.example.dogglers/androidx.test.c[...]tivityInvoker$EmptyActivity$_18320#1
10-26 10:07:41.298   620   620 D SurfaceFlinger:      DEVICE | 0
10-26 10:07:41.298   620   620 D SurfaceFlinger: x7843dab230 | 0100 | RGBA_8888    |    0.0    0.0 1080.0  112.0 |    0    0 1080  112 | StatusBar$_1348#0
10-26 10:07:41.298   620   620 D SurfaceFlinger:      DEVICE | 0x7843daab70 | 0100 | RGBA_8888    |    0.0    0.0   67.0  416.0 |    0  814   67 1230 | com.samsung.android.app.cocktailbars[...]arservice.CocktailBarService$_8198#0
10-26 10:07:41.298   620   620 D SurfaceFlinger:      DEVICE | 0x7843db97b0 | 0100 | RGBA_8888    |    0.0    0.0 1080.0  126.0 |    0 2154 1080 2280 | NavigationBar0$_1348#0
10-26 10:07:41.298   620   620 D SurfaceFlinger:
10-26 10:07:41.310 26660 27022 I ViewRootImpl@623994e[LauncherActivity]: mWNT: t = android.view.SurfaceControl$Transaction@b130a5c fN = 29 com.android.systemui.shared.system.ViewRootImplCompat.mergeWithNextTransaction:62 com.android.quickstep.util.SurfaceTransactionApplier.lambda$scheduleApply$0$SurfaceTransactionApplier:94 com.android.quickstep.util.-$$Lambda$SurfaceTransactionApplier$Xj9m0ayWHIr2xvQnKB4EJdxg8RU.accept:6
10-26 10:07:41.310 26660 27022 I ViewRootImpl@623994e[LauncherActivity]: mWNT: merge t to BBQ
10-26 10:07:41.327 26660 27021 I ViewRootImpl@623994e[LauncherActivity]: mWNT: t = android.view.SurfaceControl$Transaction@36ba165 fN = 30 com.android.systemui.shared.system.ViewRootImplCompat.mergeWithNextTransaction:62 com.android.quickstep.util.SurfaceTransactionApplier.lambda$scheduleApply$0$SurfaceTransactionApplier:94 com.android.quickstep.util.-$$Lambda$SurfaceTransactionApplier$Xj9m0ayWHIr2xvQnKB4EJdxg8RU.accept:6
10-26 10:07:41.327 26660 27021 I ViewRootImpl@623994e[LauncherActivity]: mWNT: merge t to BBQ
10-26 10:07:41.336 26660  9842 I RecentModel: onTaskStackChangedBackground
10-26 10:07:41.337 26660  9842 I RecentTasksList: getTaskKeys, numTasks :3 callback : com.android.quickstep.-$$Lambda$RecentsModel$k1Mm-BV64Bc89eJHYugywZmW_Js@91eae3a
10-26 10:07:41.337 26660 26792 I RecentTasksList: loadTasksInBackground() task id : 30071
10-26 10:07:41.337 26660 26792 I RecentTasksList: loadTasksInBackground() task id : 30058
10-26 10:07:41.337 26660 26792 I RecentTasksList: loadTasksInBackground() task id : 30238
10-26 10:07:41.337  3825  4192 I SemDvfsHyPerManager: acquire hyper - BaseTABoost/3825@21, type = 1090523139
10-26 10:07:41.337  3825  4192 I SemDvfsHyPerManager: acquire hyper - BaseTAToouchBoost/3825@23, type = 1090523139
10-26 10:07:41.339   566   611 I HYPER-HAL: [RequestManager.cpp]acquire(): Acquired ID : 7397802  [3825 / 21]    HINT :      list : [TABoost / 5]
10-26 10:07:41.339   566   611 I HYPER-HAL: [RequestManager.cpp]acquire(): Acquired ID : 7405499  [3825 / 23]    HINT :      list : [TABoost / 20] [TIMEOUT / 1500]
10-26 10:07:41.343 26660 27022 I ViewRootImpl@623994e[LauncherActivity]: mWNT: t = android.view.SurfaceControl$Transaction@6020aeb fN = 31 com.android.systemui.shared.system.ViewRootImplCompat.mergeWithNextTransaction:62 com.android.quickstep.util.SurfaceTransactionApplier.lambda$scheduleApply$0$SurfaceTransactionApplier:94 com.android.quickstep.util.-$$Lambda$SurfaceTransactionApplier$Xj9m0ayWHIr2xvQnKB4EJdxg8RU.accept:6
10-26 10:07:41.343 26660 27022 I ViewRootImpl@623994e[LauncherActivity]: mWNT: merge t to BBQ
10-26 10:07:41.360 26660 27021 I ViewRootImpl@623994e[LauncherActivity]: mWNT: t = android.view.SurfaceControl$Transaction@af47048 fN = 32 com.android.systemui.shared.system.ViewRootImplCompat.mergeWithNextTransaction:62 com.android.quickstep.util.SurfaceTransactionApplier.lambda$scheduleApply$0$SurfaceTransactionApplier:94 com.android.quickstep.util.-$$Lambda$SurfaceTransactionApplier$Xj9m0ayWHIr2xvQnKB4EJdxg8RU.accept:6
10-26 10:07:41.360 26660 27021 I ViewRootImpl@623994e[LauncherActivity]: mWNT: merge t to BBQ
10-26 10:07:41.377 26660 27022 I ViewRootImpl@623994e[LauncherActivity]: mWNT: t = android.view.SurfaceControl$Transaction@3f9eee1 fN = 33 com.android.systemui.shared.system.ViewRootImplCompat.mergeWithNextTransaction:62 com.android.quickstep.util.SurfaceTransactionApplier.lambda$scheduleApply$0$SurfaceTransactionApplier:94 com.android.quickstep.util.-$$Lambda$SurfaceTransactionApplier$Xj9m0ayWHIr2xvQnKB4EJdxg8RU.accept:6
10-26 10:07:41.377 26660 27022 I ViewRootImpl@623994e[LauncherActivity]: mWNT: merge t to BBQ
10-26 10:07:41.393 26660 27021 I ViewRootImpl@623994e[LauncherActivity]: mWNT: t = android.view.SurfaceControl$Transaction@b397406 fN = 34 com.android.systemui.shared.system.ViewRootImplCompat.mergeWithNextTransaction:62 com.android.quickstep.util.SurfaceTransactionApplier.lambda$scheduleApply$0$SurfaceTransactionApplier:94 com.android.quickstep.util.-$$Lambda$SurfaceTransactionApplier$Xj9m0ayWHIr2xvQnKB4EJdxg8RU.accept:6
10-26 10:07:41.393 26660 27021 I ViewRootImpl@623994e[LauncherActivity]: mWNT: merge t to BBQ
10-26 10:07:41.410 26660 27022 I ViewRootImpl@623994e[LauncherActivity]: mWNT: t = android.view.SurfaceControl$Transaction@b746ac7 fN = 35 com.android.systemui.shared.system.ViewRootImplCompat.mergeWithNextTransaction:62 com.android.quickstep.util.SurfaceTransactionApplier.lambda$scheduleApply$0$SurfaceTransactionApplier:94 com.android.quickstep.util.-$$Lambda$SurfaceTransactionApplier$Xj9m0ayWHIr2xvQnKB4EJdxg8RU.accept:6
10-26 10:07:41.410 26660 27022 I ViewRootImpl@623994e[LauncherActivity]: mWNT: merge t to BBQ
10-26 10:07:41.426 26660 27021 I ViewRootImpl@623994e[LauncherActivity]: mWNT: t = android.view.SurfaceControl$Transaction@60448f4 fN = 36 com.android.systemui.shared.system.ViewRootImplCompat.mergeWithNextTransaction:62 com.android.quickstep.util.SurfaceTransactionApplier.lambda$scheduleApply$0$SurfaceTransactionApplier:94 com.android.quickstep.util.-$$Lambda$SurfaceTransactionApplier$Xj9m0ayWHIr2xvQnKB4EJdxg8RU.accept:6
10-26 10:07:41.426 26660 27021 I ViewRootImpl@623994e[LauncherActivity]: mWNT: merge t to BBQ
10-26 10:07:41.432   620   620 D SurfaceFlinger: Display 0 HWC layers:
10-26 10:07:41.432   620   620 D SurfaceFlinger:      CLIENT | 0x7843db7cb0 | 0100 | RGBx_8888    |  589.0    0.0 1651.0 2240.0 |    0    0 1080 2280 | Wallpaper BBQ wrapper#0
10-26 10:07:41.432   620   620 D SurfaceFlinger:      CLIENT |              | 0000 |  Unknown  |    0.0    0.0    0.0    0.0 |    0    0 1080 2280 | OneUiHome-BlurLayer#0 (backgroundBlurRadius)
10-26 10:07:41.432   620   620 D SurfaceFlinger:      DEVICE | 0x7843d8edf0 | 0100 | RGBA_8888    |    0.0    0.0 1080.0 2280.0 |    0    0 1080 2280 | com.sec.android.app.launcher/com.sec[...]activities.LauncherActivity$_26660#0
10-26 10:07:41.432   620   620 D SurfaceFlinger:      DEVICE | 0x7843dab230 | 0100 | RGBA_8888    |    0.0    0.0 1080.0  112.0 |    0    0 1080  112 | StatusBar$_1348#0
10-26 10:07:41.432   620   620 D SurfaceFlinger:      DEVICE | 0x7843daab70 | 0100 | RGBA_8888    |    0.0    0.0   67.0  416.0 |    0  814   67 1230 | com.samsung.android.app.cocktailbars[...]arservice.CocktailBarService$_8198#0
10-26 10:07:41.432   620   620 D SurfaceFlinger:      DEVICE | 0x7843da89b0 | 0100 | RGBA_8888    |    0.0    0.0 1080.0  126.0 |    0 2154 1080 2280 | NavigationBar0$_1348#0
10-26 10:07:41.432   620   620 D SurfaceFlinger:
10-26 10:07:41.444 26660 27022 I ViewRootImpl@623994e[LauncherActivity]: mWNT: t = android.view.SurfaceControl$Transaction@ec5981d fN = 37 com.android.systemui.shared.system.ViewRootImplCompat.mergeWithNextTransaction:62 com.android.quickstep.util.SurfaceTransactionApplier.lambda$scheduleApply$0$SurfaceTransactionApplier:94 com.android.quickstep.util.-$$Lambda$SurfaceTransactionApplier$Xj9m0ayWHIr2xvQnKB4EJdxg8RU.accept:6
10-26 10:07:41.444 26660 27022 I ViewRootImpl@623994e[LauncherActivity]: mWNT: merge t to BBQ
10-26 10:07:41.460 26660 27021 I ViewRootImpl@623994e[LauncherActivity]: mWNT: t = android.view.SurfaceControl$Transaction@1e8ca92 fN = 38 com.android.systemui.shared.system.ViewRootImplCompat.mergeWithNextTransaction:62 com.android.quickstep.util.SurfaceTransactionApplier.lambda$scheduleApply$0$SurfaceTransactionApplier:94 com.android.quickstep.util.-$$Lambda$SurfaceTransactionApplier$Xj9m0ayWHIr2xvQnKB4EJdxg8RU.accept:6
10-26 10:07:41.460 26660 27021 I ViewRootImpl@623994e[LauncherActivity]: mWNT: merge t to BBQ
10-26 10:07:41.477  8198  8198 I Utils   : isCurrentUser current = 0, ownerId = 0
10-26 10:07:41.477 26660 27022 I ViewRootImpl@623994e[LauncherActivity]: mWNT: t = android.view.SurfaceControl$Transaction@cc2ec63 fN = 39 com.android.systemui.shared.system.ViewRootImplCompat.mergeWithNextTransaction:62 com.android.quickstep.util.SurfaceTransactionApplier.lambda$scheduleApply$0$SurfaceTransactionApplier:94 com.android.quickstep.util.-$$Lambda$SurfaceTransactionApplier$Xj9m0ayWHIr2xvQnKB4EJdxg8RU.accept:6
10-26 10:07:41.477 26660 27022 I ViewRootImpl@623994e[LauncherActivity]: mWNT: merge t to BBQ
10-26 10:07:41.477  8198  8198 I TrayVisibilityController: getComputedTrayVisible : keyguardState = 1
10-26 10:07:41.477  8198  8198 I TrayVisibilityController: updateTrayVisible: State=1 visible=1 mCurrentVisible=1 specificMode=0
10-26 10:07:41.477  8198  8198 I TrayStateController: onNotifyUpdateTray: state=0
10-26 10:07:41.494 26660 27021 I ViewRootImpl@623994e[LauncherActivity]: mWNT: t = android.view.SurfaceControl$Transaction@a970060 fN = 40 com.android.systemui.shared.system.ViewRootImplCompat.mergeWithNextTransaction:62 com.android.quickstep.util.SurfaceTransactionApplier.lambda$scheduleApply$0$SurfaceTransactionApplier:94 com.android.quickstep.util.-$$Lambda$SurfaceTransactionApplier$Xj9m0ayWHIr2xvQnKB4EJdxg8RU.accept:6
10-26 10:07:41.494 26660 27021 I ViewRootImpl@623994e[LauncherActivity]: mWNT: merge t to BBQ
10-26 10:07:41.510 26660 27022 I ViewRootImpl@623994e[LauncherActivity]: mWNT: t = android.view.SurfaceControl$Transaction@ea89919 fN = 41 com.android.systemui.shared.system.ViewRootImplCompat.mergeWithNextTransaction:62 com.android.quickstep.util.SurfaceTransactionApplier.lambda$scheduleApply$0$SurfaceTransactionApplier:94 com.android.quickstep.util.-$$Lambda$SurfaceTransactionApplier$Xj9m0ayWHIr2xvQnKB4EJdxg8RU.accept:6
10-26 10:07:41.510 26660 27022 I ViewRootImpl@623994e[LauncherActivity]: mWNT: merge t to BBQ
10-26 10:07:41.527 26660 27021 I ViewRootImpl@623994e[LauncherActivity]: mWNT: t = android.view.SurfaceControl$Transaction@ec4fdde fN = 42 com.android.systemui.shared.system.ViewRootImplCompat.mergeWithNextTransaction:62 com.android.quickstep.util.SurfaceTransactionApplier.lambda$scheduleApply$0$SurfaceTransactionApplier:94 com.android.quickstep.util.-$$Lambda$SurfaceTransactionApplier$Xj9m0ayWHIr2xvQnKB4EJdxg8RU.accept:6
10-26 10:07:41.527 26660 27021 I ViewRootImpl@623994e[LauncherActivity]: mWNT: merge t to BBQ
10-26 10:07:41.544 26660 27022 I ViewRootImpl@623994e[LauncherActivity]: mWNT: t = android.view.SurfaceControl$Transaction@6edebbf fN = 43 com.android.systemui.shared.system.ViewRootImplCompat.mergeWithNextTransaction:62 com.android.quickstep.util.SurfaceTransactionApplier.lambda$scheduleApply$0$SurfaceTransactionApplier:94 com.android.quickstep.util.-$$Lambda$SurfaceTransactionApplier$Xj9m0ayWHIr2xvQnKB4EJdxg8RU.accept:6
10-26 10:07:41.544 26660 27022 I ViewRootImpl@623994e[LauncherActivity]: mWNT: merge t to BBQ
10-26 10:07:41.561 26660 27021 I ViewRootImpl@623994e[LauncherActivity]: mWNT: t = android.view.SurfaceControl$Transaction@5dbc28c fN = 44 com.android.systemui.shared.system.ViewRootImplCompat.mergeWithNextTransaction:62 com.android.quickstep.util.SurfaceTransactionApplier.lambda$scheduleApply$0$SurfaceTransactionApplier:94 com.android.quickstep.util.-$$Lambda$SurfaceTransactionApplier$Xj9m0ayWHIr2xvQnKB4EJdxg8RU.accept:6
10-26 10:07:41.561 26660 27021 I ViewRootImpl@623994e[LauncherActivity]: mWNT: merge t to BBQ
10-26 10:07:41.577 26660 27022 I ViewRootImpl@623994e[LauncherActivity]: mWNT: t = android.view.SurfaceControl$Transaction@820add5 fN = 45 com.android.systemui.shared.system.ViewRootImplCompat.mergeWithNextTransaction:62 com.android.quickstep.util.SurfaceTransactionApplier.lambda$scheduleApply$0$SurfaceTransactionApplier:94 com.android.quickstep.util.-$$Lambda$SurfaceTransactionApplier$Xj9m0ayWHIr2xvQnKB4EJdxg8RU.accept:6
10-26 10:07:41.577 26660 27022 I ViewRootImpl@623994e[LauncherActivity]: mWNT: merge t to BBQ
10-26 10:07:41.578   566 18554 I HYPER-HAL: [RequestManager.cpp]releaseLocked(): Released ID : 473870
10-26 10:07:41.594 26660 27021 I ViewRootImpl@623994e[LauncherActivity]: mWNT: t = android.view.SurfaceControl$Transaction@29f19ea fN = 46 com.android.systemui.shared.system.ViewRootImplCompat.mergeWithNextTransaction:62 com.android.quickstep.util.SurfaceTransactionApplier.lambda$scheduleApply$0$SurfaceTransactionApplier:94 com.android.quickstep.util.-$$Lambda$SurfaceTransactionApplier$Xj9m0ayWHIr2xvQnKB4EJdxg8RU.accept:6
10-26 10:07:41.594 26660 27021 I ViewRootImpl@623994e[LauncherActivity]: mWNT: merge t to BBQ
10-26 10:07:41.610 26660 26660 W AppTransitionAnimatorImpl: onAnimationEnd - APP OUT, Execution time for each frame : Start-(1)-0-(0)-0-(12)-0-(16)-0-(16)-1-(16)-0-(17)-0-(17)-0-(17)-0-(16)-0-(17)-0-(17)-0-(16)-0-(17)-0-(17)-0-(17)-0-(17)-0-(16)-0-(18)-0-(16)-0-(16)-0-(17)-0-(17)-0-End
