10-26 10:07:42.083   954  3912 D InputTransport: Input channel constructed: 'c7d2fa3', fd=1437
10-26 10:07:42.083   620   810 I SurfaceFlinger: id=190338 createSurf (0x0),-1 flag=80004, c7d2fa3 com.example.dogglers/androidx.test.core.app.InstrumentationActivityInvoker$EmptyActivity#0
10-26 10:07:42.084   954  3912 D InputTransport: Input channel destroyed: 'c7d2fa3', fd=1437
10-26 10:07:42.086   954  3912 V WindowManager: Relayout Window{4ad90e6 u0 com.sec.android.app.launcher/com.sec.android.app.launcher.activities.LauncherActivity}: viewVisibility=8 req=1080x2280 d0
10-26 10:07:42.086 18320 18320 I ViewRootImpl@3affe0[InstrumentationActivityInvoker$EmptyActivity]: setView = com.android.internal.policy.DecorView@58139e3 TM=true
10-26 10:07:42.087   954  1054 D AnalyticsContainerHandler: handleMessage : { when=0 what=1 target=com.android.server.knox.KnoxAnalyticsContainer$AnalyticsHandler }
10-26 10:07:42.088   954  3912 V WindowManager: Relayout hash=4ad90e6, pid=26660: mAttrs={(0,0)(fillxfill) sim={adjust=nothing} layoutInDisplayCutoutMode=shortEdges ty=BASE_APPLICATION fmt=TRANSPARENT wanim=0x10302f2
10-26 10:07:42.088   954  3912 V WindowManager:   fl=81910100
10-26 10:07:42.088   954  3912 V WindowManager:   pfl=1e020040
10-26 10:07:42.088   954  3912 V WindowManager:   vsysui=1700
10-26 10:07:42.088   954  3912 V WindowManager:   bhv=SHOW_TRANSIENT_BARS_BY_SWIPE
10-26 10:07:42.088   954  3912 V WindowManager:   fitSides= naviIconColor=0}
10-26 10:07:42.089 26660 26660 I ViewRootImpl@623994e[LauncherActivity]: Relayout returned: old=(0,0,1080,2280) new=(0,0,1080,2280) req=(1080,2280)8 dur=2 res=0x5 s={false 0} ch=true fn=50
10-26 10:07:42.095   620   620 I Layer   : id=190326 removeFromCurrentState Surface(name=Task=30239)/@0x3b7c79d - animation-leash of app_transition#0 (192)
10-26 10:07:42.096   620   620 I SurfaceFlinger: id=190326 Removed Surface(name=Task=30239)/@0x3b7c79d - animation-leash of app_transition#0 (192)
10-26 10:07:42.096   620   620 I Layer   : id=190326 Destroyed Surface(name=Task=30239)/@0x3b7c79d - animation-leash of app_transition#0
10-26 10:07:42.098   954  3912 V WindowManager: Relayout Window{c7d2fa3 u0 com.example.dogglers/androidx.test.core.app.InstrumentationActivityInvoker$EmptyActivity}: viewVisibility=0 req=1080x2280 d0
10-26 10:07:42.099   620   810 I SurfaceFlinger: id=190339 createSurf (1080x2280),-3 flag=40004, com.example.dogglers/androidx.test.core.app.InstrumentationActivityInvoker$EmptyActivity$_18320#0
10-26 10:07:42.102   620   810 I SurfaceFlinger: id=190340 createSurf (0x0),-1 flag=24000, Surface(name=2fa8401 StatusBar)/@0xf000e26 - animation-leash of insets_animation#1
10-26 10:07:42.103   620   810 I SurfaceFlinger: id=190341 createSurf (0x0),-1 flag=24000, Surface(name=be23078 NavigationBar0)/@0x50010bd - animation-leash of insets_animation#1
10-26 10:07:42.104   954  3912 V WindowManager: Relayout hash=c7d2fa3, pid=18320: mAttrs={(0,0)(fillxfill) sim={adjust=pan forwardNavigation} ty=BASE_APPLICATION wanim=0x1030001
10-26 10:07:42.104   954  3912 V WindowManager:   fl=1810100
10-26 10:07:42.104   954  3912 V WindowManager:   pfl=12020040
10-26 10:07:42.104   954  3912 V WindowManager:   apr=LIGHT_NAVIGATION_BARS
10-26 10:07:42.104   954  3912 V WindowManager:   bhv=DEFAULT
10-26 10:07:42.104   954  3912 V WindowManager:   fitSides= naviIconColor=0
10-26 10:07:42.104   954  3912 V WindowManager:   sfl=100000}
10-26 10:07:42.105 18320 18320 I ViewRootImpl@3affe0[InstrumentationActivityInvoker$EmptyActivity]: Relayout returned: old=(0,0,1080,2280) new=(0,0,1080,2280) req=(1080,2280)0 dur=6 res=0x7 s={true 515080602624} ch=true fn=-1
10-26 10:07:42.106 18320 18355 D OpenGLRenderer: eglCreateWindowSurface
10-26 10:07:42.107 18320 18320 I ViewRootImpl@3affe0[InstrumentationActivityInvoker$EmptyActivity]: [DP] dp(1) 1 android.view.ViewRootImpl.reportNextDraw:11420 android.view.ViewRootImpl.performTraversals:4193 android.view.ViewRootImpl.doTraversal:2919
10-26 10:07:42.111 18320 18320 I ViewRootImpl@3affe0[InstrumentationActivityInvoker$EmptyActivity]: [DP] pdf(0) 1 android.view.ViewRootImpl.lambda$addFrameCompleteCallbackIfNeeded$3$ViewRootImpl:4995 android.view.ViewRootImpl$$ExternalSyntheticLambda16.run:6 android.os.Handler.handleCallback:938
10-26 10:07:42.111 18320 18320 I ViewRootImpl@3affe0[InstrumentationActivityInvoker$EmptyActivity]: [DP] rdf()
10-26 10:07:42.111 18320 18320 D ViewRootImpl@3affe0[InstrumentationActivityInvoker$EmptyActivity]: reportDrawFinished (fn: -1)
10-26 10:07:42.111 18320 18320 I ViewRootImpl@aa52ff2[GridListActivity]: MSG_WINDOW_FOCUS_CHANGED 0 1
10-26 10:07:42.115   620   810 I SurfaceFlinger: id=190265 Removed Surface(name=2fa8401 StatusBar)/@0xf000e26 - animation-leash of insets_animation#0 (194)
10-26 10:07:42.115   620   810 I SurfaceFlinger: id=190266 Removed Surface(name=be23078 NavigationBar0)/@0x50010bd - animation-leash of insets_animation#0 (194)
10-26 10:07:42.115   954  1012 I ActivityTaskManager: Displayed com.example.dogglers/androidx.test.core.app.InstrumentationActivityInvoker$EmptyActivity: +67ms
10-26 10:07:42.115   954  1016 I SemDvfsHyPerManager: acquire hyper - AMS_RESUME_TAIL/954@19, type = -999
10-26 10:07:42.115   954  1016 I SemDvfsHyPerManager: acquire hyper - AMS_ACT_LAZY/954@20, type = -999
10-26 10:07:42.116  2946  2946 E pageboostd: Received HALT command code 2
10-26 10:07:42.116   566   611 I HYPER-HAL: [RequestManager.cpp]acquire(): Acquired ID : 473870  [954 / 19]    HINT : AMS_RESUME_TAIL    list :
10-26 10:07:42.116   566   611 I HYPER-HAL: [RequestManager.cpp]releaseLocked(): Released ID : 471923
10-26 10:07:42.118 18320 18320 D InsetsSourceConsumer: ensureControlAlpha: for ITYPE_NAVIGATION_BAR on com.example.dogglers/androidx.test.core.app.InstrumentationActivityInvoker$EmptyActivity
10-26 10:07:42.119 18320 18320 D InsetsSourceConsumer: ensureControlAlpha: for ITYPE_STATUS_BAR on com.example.dogglers/androidx.test.core.app.InstrumentationActivityInvoker$EmptyActivity
10-26 10:07:42.119 18320 18320 I ViewRootImpl@aa52ff2[GridListActivity]: handleAppVisibility mAppVisible=true visible=false
10-26 10:07:42.120 26660 26660 I ViewRootImpl@623994e[LauncherActivity]: stopped(true) old=false
10-26 10:07:42.120 18320 18320 I ViewRootImpl@aa52ff2[GridListActivity]: stopped(true) old=false
10-26 10:07:42.121 26660 26660 I BaseActivity: removeActivityFlags, flags : 17
10-26 10:07:42.121 18320 18320 D LifecycleMonitor: Lifecycle status change: com.example.dogglers.GridListActivity@16b488c in: STOPPED
10-26 10:07:42.121 18320 18320 V ActivityScenario: Update currentActivityStage to STOPPED, currentActivity=com.example.dogglers.GridListActivity@16b488c
10-26 10:07:42.121 26660 26660 W LauncherAppWidgetHost: setShouldListenFlag, mFlags:7 flag:start on:false isFront:false
10-26 10:07:42.121 26660 26792 I IMM_LC  : hsifw() - flags=0, caller=android.view.inputmethod.InputMethodManager.hideSoftInputFromWindow:1846 android.view.inputmethod.InputMethodManager.hideSoftInputFromWindow:1815 com.android.launcher3.util.UiThreadHelper$UiCallbacks.handleMessage:103 android.os.Handler.dispatchMessage:102 android.os.Looper.loopOnce:226
10-26 10:07:42.121 26660 26792 I IMM_LC  : hideSoftInputFromWindow - mService.hideSoftInput
10-26 10:07:42.122   954  3912 I AppWidgetServiceImpl: stopListening callbacks : null
10-26 10:07:42.122 26660 26660 W LauncherAppWidgetHost: stopListening, mFlags:2 isFront:false
10-26 10:07:42.122 26660 26660 W Launcher.NotificationListener: removeNotificationsChangedListener
10-26 10:07:42.122 26660 26660 I BadgeCountUpdaterImpl: onNotificationsChangedDisConnected
10-26 10:07:42.122 26660 26660 I Launcher.NotificationListener: unregisterObserver, this is not notificationService!!
10-26 10:07:42.122 18320 18320 D LifecycleMonitor: Lifecycle status change: com.example.dogglers.GridListActivity@16b488c in: DESTROYED
10-26 10:07:42.122 18320 18320 V ActivityScenario: Update currentActivityStage to DESTROYED, currentActivity=null
10-26 10:07:42.123 26660 26792 I LiveIconUpdateEventHandler: LiveIcon onStop
10-26 10:07:42.124 26660 26792 I LiveIconUpdateEventHandler: cancelMinuteChangeAlarm
10-26 10:07:42.125 18320 18355 D OpenGLRenderer: setSurface called with nullptr
10-26 10:07:42.125 18320 18355 D OpenGLRenderer: setSurface() destroyed EGLSurface
10-26 10:07:42.125 18320 18355 D OpenGLRenderer: destroyEglSurface
10-26 10:07:42.125 26660 26792 I LiveIconUpdateEventHandler: cancelDateChangeAlarm
10-26 10:07:42.125   954  3937 I SemDvfsHyPerManager: acquire hyper - AMS_ACT_START/954@17, type = -999
10-26 10:07:42.126   566   611 I HYPER-HAL: [RequestManager.cpp]acquire(): Acquired ID : 471923  [954 / 17]    HINT : AMS_ACT_START    list :
10-26 10:07:42.126 26660 26792 I LiveIconUpdateEventHandler: unregisterReceiver
10-26 10:07:42.126   620   642 I SurfaceFlinger: id=190342 createSurf (0x0),-1 flag=80004, ActivityRecord{1846564 u0 com.example.dogglers/androidx.test.core.app.InstrumentationActivityInvoker$EmptyActivity t30239}#0
10-26 10:07:42.127 18320 18320 I ViewRootImpl@aa52ff2[GridListActivity]: dispatchDetachedFromWindow
10-26 10:07:42.129   620   620 I Layer   : id=190332 removeFromCurrentState Surface(name=2fa8401 StatusBar)/@0xf000e26 - animation-leash of insets_animation#0 (195)
10-26 10:07:42.129   620   620 I Layer   : id=190333 removeFromCurrentState Surface(name=be23078 NavigationBar0)/@0x50010bd - animation-leash of insets_animation#0 (195)
10-26 10:07:42.129   620   620 D Layer   : setBackgroundBlurRadius ## OneUiHome-BlurLayer#0, backgroundBlurRadius=0
10-26 10:07:42.129   620   620 I SurfaceFlinger: id=190276 Removed OneUiHome-BlurLayer#0 (195)
10-26 10:07:42.129   620  2722 D NativeSemDvfsManager: acquire:: timeout = 2000 mIsAcquired = 1  mTagName : SurfaceFlinger
10-26 10:07:42.129   620   620 I SurfaceFlinger: id=190332 Removed Surface(name=2fa8401 StatusBar)/@0xf000e26 - animation-leash of insets_animation#0 (195)
10-26 10:07:42.129   620   620 I SurfaceFlinger: id=190333 Removed Surface(name=be23078 NavigationBar0)/@0x50010bd - animation-leash of insets_animation#0 (195)
10-26 10:07:42.129   620  2722 E NativeCustomFrequencyManager: [NativeCFMS] BpCustomFrequencyManager::acquire()
10-26 10:07:42.129   566   611 I HYPER-HAL: [RequestManager.cpp]acquire(): Acquired ID : 1314010  [620 / 1000]    HINT : SF_GPU_MINLOCK    list : [TIMEOUT / 2000]
10-26 10:07:42.130   620   620 I Layer   : id=190266 Destroyed Surface(name=be23078 NavigationBar0)/@0x50010bd - animation-leash of insets_animation#0
10-26 10:07:42.130   620   620 I Layer   : id=190265 Destroyed Surface(name=2fa8401 StatusBar)/@0xf000e26 - animation-leash of insets_animation#0
10-26 10:07:42.130   620   620 I Layer   : id=190332 Destroyed Surface(name=2fa8401 StatusBar)/@0xf000e26 - animation-leash of insets_animation#0
10-26 10:07:42.130   620   620 I Layer   : id=190333 Destroyed Surface(name=be23078 NavigationBar0)/@0x50010bd - animation-leash of insets_animation#0
10-26 10:07:42.130   954  3912 D InputDispatcher: Focus entered window (0): c7d2fa3 com.example.dogglers/androidx.test.core.app.InstrumentationActivityInvoker$EmptyActivity
10-26 10:07:42.131   954  2449 D InputTransport: Input channel destroyed: '5a64b c', fd=1425
10-26 10:07:42.131   954  2449 W InputManager-JNI: Input channel object '5a64b com.example.dogglers/com.example.dogglers.GridListActivity (client)' was disposed without first being removed with the input manager!
10-26 10:07:42.131   954  2449 D InputTransport: Input channel destroyed: '5a64b c', fd=1426
10-26 10:07:42.132   620   642 I SurfaceFlinger: id=190343 createSurf (0x0),-1 flag=24004, Surface(name=2188bee InputMethod)/@0xe151908 - animation-leash of insets_animation#1
10-26 10:07:42.134   620   620 D SurfaceFlinger: Display 0 HWC layers:
10-26 10:07:42.134   620   620 D SurfaceFlinger:      DEVICE | 0x7843d8fff0 | 0102 | RGBA_8888    |    0.0    0.0 1080.0 2280.0 |    0    0 1080 2280 | com.example.dogglers/androidx.test.c[...]tivityInvoker$EmptyActivity$_18320#0
10-26 10:07:42.134   620   620 D SurfaceFlinger:      DEVICE | 0x7843dab230 | 0100 | RGBA_8888    |    0.0    0.0 1080.0  112.0 |    0    0 1080  112 | StatusBar$_1348#0
10-26 10:07:42.134   620   620 D SurfaceFlinger:      DEVICE | 0x7843daab70 | 0100 | RGBA_8888    |    0.0    0.0   67.0  416.0 |    0  814   67 1230 | com.samsung.android.app.cocktailbars[...]arservice.CocktailBarService$_8198#0
10-26 10:07:42.134   620   620 D SurfaceFlinger:      DEVICE | 0x7843db97b0 | 0100 | RGBA_8888    |    0.0    0.0 1080.0  126.0 |    0 2154 1080 2280 | NavigationBar0$_1348#0
10-26 10:07:42.134   620   620 D SurfaceFlinger:
10-26 10:07:42.136 18320 18320 D InputTransport: Input channel destroyed: '5a64b c', fd=97
10-26 10:07:42.136   954  1015 D PersonaActivityHelper: Activity not in resumed state, do not run immediate lock
10-26 10:07:42.137 18320 18320 D LifecycleMonitor: Lifecycle status change: androidx.test.core.app.InstrumentationActivityInvoker$BootstrapActivity@539e61d in: STOPPED
10-26 10:07:42.137 18320 18320 V ActivityScenario: Activity lifecycle changed event received but ignored because the intent does not match. startActivityIntent=Intent { act=android.intent.action.MAIN cat=[android.intent.category.LAUNCHER] cmp=com.example.dogglers/.GridListActivity }, activity.getIntent()=Intent { act=android.intent.action.MAIN cat=[android.intent.category.LAUNCHER] flg=0x10008000 cmp=com.example.dogglers/androidx.test.core.app.InstrumentationActivityInvoker$BootstrapActivity (has extras) }, activity=androidx.test.core.app.InstrumentationActivityInvoker$BootstrapActivity@539e61d
10-26 10:07:42.140 18320 18320 D LifecycleMonitor: Lifecycle status change: androidx.test.core.app.InstrumentationActivityInvoker$EmptyActivity@d30c99d in: PAUSED
10-26 10:07:42.141 18320 18320 V ActivityScenario: Activity lifecycle changed event received but ignored because the intent does not match. startActivityIntent=Intent { act=android.intent.action.MAIN cat=[android.intent.category.LAUNCHER] cmp=com.example.dogglers/.GridListActivity }, activity.getIntent()=Intent { act=android.intent.action.MAIN cat=[android.intent.category.LAUNCHER] flg=0x10000000 cmp=com.example.dogglers/androidx.test.core.app.InstrumentationActivityInvoker$EmptyActivity }, activity=androidx.test.core.app.InstrumentationActivityInvoker$EmptyActivity@d30c99d
10-26 10:07:42.143   954  3912 D InputDispatcher: Focused application set to (0): 1846564
10-26 10:07:42.145   620   620 I Layer   : id=190331 removeFromCurrentState com.example.dogglers/com.example.dogglers.GridListActivity$_18320#0 (192)
10-26 10:07:42.145   620   620 I Layer   : id=190330 removeFromCurrentState 5a64b com.example.dogglers/com.example.dogglers.GridListActivity#0 (192)
10-26 10:07:42.146   620   620 I Layer   : id=190335 removeFromCurrentState Surface(name=2188bee InputMethod)/@0xe151908 - animation-leash of insets_animation#0 (192)
10-26 10:07:42.146   620   620 I Layer   : id=190273 removeFromCurrentState com.sec.android.app.launcher/com.sec.android.app.launcher.activities.LauncherActivity$_26660#0 (192)
10-26 10:07:42.146   620   620 I Layer   : id=190276 removeFromCurrentState OneUiHome-BlurLayer#0 (192)
10-26 10:07:42.146   620   620 I SurfaceFlinger: id=190330 Removed 5a64b com.example.dogglers/com.example.dogglers.GridListActivity#0 (192)
10-26 10:07:42.146   620   620 I SurfaceFlinger: id=190335 Removed Surface(name=2188bee InputMethod)/@0xe151908 - animation-leash of insets_animation#0 (192)
10-26 10:07:42.146   620   620 I SurfaceFlinger: id=190331 Removed com.example.dogglers/com.example.dogglers.GridListActivity$_18320#0 (192)
10-26 10:07:42.146   620   620 I Layer   : id=190330 Destroyed 5a64b com.example.dogglers/com.example.dogglers.GridListActivity#0
10-26 10:07:42.146   620   620 I Layer   : id=190331 Destroyed com.example.dogglers/com.example.dogglers.GridListActivity$_18320#0
10-26 10:07:42.146 18320 18320 I ViewRootImpl@3affe0[InstrumentationActivityInvoker$EmptyActivity]: MSG_WINDOW_FOCUS_CHANGED 1 1
10-26 10:07:42.146   620   620 I Layer   : id=190335 Destroyed Surface(name=2188bee InputMethod)/@0xe151908 - animation-leash of insets_animation#0
10-26 10:07:42.147 18320 18320 D InputMethodManager: startInputInner - Id : 0
10-26 10:07:42.147 18320 18320 I InputMethodManager: startInputInner - mService.startInputOrWindowGainedFocus
10-26 10:07:42.149   954  2449 D InputMethodManagerServicePhysicalKey: isConnectedDexOnPC false
10-26 10:07:42.149   954  2449 D InputMethodManagerService: isImeSwitcherDisabledPackage : false
10-26 10:07:42.154   620   810 I SurfaceFlinger: id=190273 Removed com.sec.android.app.launcher/com.sec.android.app.launcher.activities.LauncherActivity$_26660#0 (189)
10-26 10:07:42.157   954  1015 I SemPersonaManager: SecureFolder personaId = 150
10-26 10:07:42.158 18320 18320 D LifecycleMonitor: Lifecycle status change: androidx.test.core.app.InstrumentationActivityInvoker$BootstrapActivity@539e61d in: DESTROYED
10-26 10:07:42.158 18320 18320 V ActivityScenario: Activity lifecycle changed event received but ignored because the intent does not match. startActivityIntent=Intent { act=android.intent.action.MAIN cat=[android.intent.category.LAUNCHER] cmp=com.example.dogglers/.GridListActivity }, activity.getIntent()=Intent { act=android.intent.action.MAIN cat=[android.intent.category.LAUNCHER] flg=0x10008000 cmp=com.example.dogglers/androidx.test.core.app.InstrumentationActivityInvoker$BootstrapActivity (has extras) }, activity=androidx.test.core.app.InstrumentationActivityInvoker$BootstrapActivity@539e61d
10-26 10:07:42.161   954  1015 D EnterpriseDeviceManagerService: isMdmAdminPresentInternal() : MDM Admin Found - com.samsung.knox.securefolder
10-26 10:07:42.162   620   620 I Layer   : id=190329 removeFromCurrentState ActivityRecord{b2f3737 u0 com.example.dogglers/.GridListActivity t30239}#0 (189)
10-26 10:07:42.162   620   620 I SurfaceFlinger: id=190329 Removed ActivityRecord{b2f3737 u0 com.example.dogglers/.GridListActivity t30239}#0 (189)
10-26 10:07:42.162   620   620 I Layer   : id=190273 Destroyed com.sec.android.app.launcher/com.sec.android.app.launcher.activities.LauncherActivity$_26660#0
10-26 10:07:42.162   620   620 I Layer   : id=190276 Destroyed OneUiHome-BlurLayer#0
10-26 10:07:42.163 18320 18320 D LifecycleMonitor: Lifecycle status change: androidx.test.core.app.InstrumentationActivityInvoker$EmptyActivity@dfceaf8 in: PRE_ON_CREATE
10-26 10:07:42.163 18320 18320 V ActivityScenario: Activity lifecycle changed event received but ignored because the intent does not match. startActivityIntent=Intent { act=android.intent.action.MAIN cat=[android.intent.category.LAUNCHER] cmp=com.example.dogglers/.GridListActivity }, activity.getIntent()=Intent { act=android.intent.action.MAIN cat=[android.intent.category.LAUNCHER] flg=0x10000000 cmp=com.example.dogglers/androidx.test.core.app.InstrumentationActivityInvoker$EmptyActivity }, activity=androidx.test.core.app.InstrumentationActivityInvoker$EmptyActivity@dfceaf8
10-26 10:07:42.163   620   620 I Layer   : id=190329 Destroyed ActivityRecord{b2f3737 u0 com.example.dogglers/.GridListActivity t30239}#0
10-26 10:07:42.164   954  3912 D InputDispatcher: Focus left window (0): c7d2fa3 com.example.dogglers/androidx.test.core.app.InstrumentationActivityInvoker$EmptyActivity
10-26 10:07:42.167  8198  8198 I Utils   : HomePackage : com.sec.android.app.launcher, resumePackageName : com.example.dogglers
10-26 10:07:42.170 18320 18320 I DecorView: [INFO] isPopOver=false, config=true
10-26 10:07:42.170 18320 18320 I DecorView: updateCaptionType >> DecorView@6e1a636[], isFloating=false, isApplication=true, hasWindowControllerCallback=true, hasWindowDecorCaption=false
10-26 10:07:42.170 18320 18320 D DecorView: setCaptionType = 0, this = DecorView@6e1a636[]
10-26 10:07:42.172 18320 18320 I DecorView: getCurrentDensityDpi: from real metrics. densityDpi=420 msg=resources_loaded
10-26 10:07:42.172 18320 18320 D LifecycleMonitor: Lifecycle status change: androidx.test.core.app.InstrumentationActivityInvoker$EmptyActivity@dfceaf8 in: CREATED
10-26 10:07:42.173 18320 18320 V ActivityScenario: Activity lifecycle changed event received but ignored because the intent does not match. startActivityIntent=Intent { act=android.intent.action.MAIN cat=[android.intent.category.LAUNCHER] cmp=com.example.dogglers/.GridListActivity }, activity.getIntent()=Intent { act=android.intent.action.MAIN cat=[android.intent.category.LAUNCHER] flg=0x10000000 cmp=com.example.dogglers/androidx.test.core.app.InstrumentationActivityInvoker$EmptyActivity }, activity=androidx.test.core.app.InstrumentationActivityInvoker$EmptyActivity@dfceaf8
10-26 10:07:42.174 18320 18320 D LifecycleMonitor: Lifecycle status change: androidx.test.core.app.InstrumentationActivityInvoker$EmptyActivity@dfceaf8 in: STARTED
10-26 10:07:42.174 18320 18320 V ActivityScenario: Activity lifecycle changed event received but ignored because the intent does not match. startActivityIntent=Intent { act=android.intent.action.MAIN cat=[android.intent.category.LAUNCHER] cmp=com.example.dogglers/.GridListActivity }, activity.getIntent()=Intent { act=android.intent.action.MAIN cat=[android.intent.category.LAUNCHER] flg=0x10000000 cmp=com.example.dogglers/androidx.test.core.app.InstrumentationActivityInvoker$EmptyActivity }, activity=androidx.test.core.app.InstrumentationActivityInvoker$EmptyActivity@dfceaf8
10-26 10:07:42.175 18320 18320 D LifecycleMonitor: Lifecycle status change: androidx.test.core.app.InstrumentationActivityInvoker$EmptyActivity@dfceaf8 in: RESUMED
10-26 10:07:42.175 18320 18320 V ActivityScenario: Activity lifecycle changed event received but ignored because the intent does not match. startActivityIntent=Intent { act=android.intent.action.MAIN cat=[android.intent.category.LAUNCHER] cmp=com.example.dogglers/.GridListActivity }, activity.getIntent()=Intent { act=android.intent.action.MAIN cat=[android.intent.category.LAUNCHER] flg=0x10000000 cmp=com.example.dogglers/androidx.test.core.app.InstrumentationActivityInvoker$EmptyActivity }, activity=androidx.test.core.app.InstrumentationActivityInvoker$EmptyActivity@dfceaf8
10-26 10:07:42.179   620   620 I Layer   : id=190322 removeFromCurrentState ActivityRecord{d873e62 u0 com.example.dogglers/androidx.test.core.app.InstrumentationActivityInvoker$BootstrapActivity t30239}#0 (186)
10-26 10:07:42.179   620   620 I SurfaceFlinger: id=190322 Removed ActivityRecord{d873e62 u0 com.example.dogglers/androidx.test.core.app.InstrumentationActivityInvoker$BootstrapActivity t30239}#0 (186)
10-26 10:07:42.179   620   620 I Layer   : id=190322 Destroyed ActivityRecord{d873e62 u0 com.example.dogglers/androidx.test.core.app.InstrumentationActivityInvoker$BootstrapActivity t30239}#0
10-26 10:07:42.180   954  3912 D InputTransport: Input channel constructed: '7def94 ', fd=1437
10-26 10:07:42.180   954  3912 D InputTransport: Input channel constructed: '7def94 ', fd=1440
10-26 10:07:42.180   954  3912 D InputTransport: Input channel constructed: '7def94 ', fd=1441
10-26 10:07:42.180   620   810 I SurfaceFlinger: id=190344 createSurf (0x0),-1 flag=80004, 7def94 com.example.dogglers/androidx.test.core.app.InstrumentationActivityInvoker$EmptyActivity#0
10-26 10:07:42.181   954  3912 D InputTransport: Input channel destroyed: '7def94 ', fd=1441
10-26 10:07:42.182 18320 18320 I ViewRootImpl@27c6937[InstrumentationActivityInvoker$EmptyActivity]: setView = com.android.internal.policy.DecorView@6e1a636 TM=true
10-26 10:07:42.183   954  1054 D AnalyticsContainerHandler: handleMessage : { when=0 what=1 target=com.android.server.knox.KnoxAnalyticsContainer$AnalyticsHandler }
10-26 10:07:42.185   954  3912 V WindowManager: Relayout Window{7def94 u0 com.example.dogglers/androidx.test.core.app.InstrumentationActivityInvoker$EmptyActivity}: viewVisibility=0 req=1080x2280 d0
10-26 10:07:42.185   620   810 I SurfaceFlinger: id=190345 createSurf (1x1),-3 flag=40004, com.example.dogglers/androidx.test.core.app.InstrumentationActivityInvoker$EmptyActivity$_18320#1
10-26 10:07:42.188   620   810 I SurfaceFlinger: id=190346 createSurf (0x0),-1 flag=24000, Surface(name=2fa8401 StatusBar)/@0xf000e26 - animation-leash of insets_animation#0
10-26 10:07:42.189   620   810 I SurfaceFlinger: id=190347 createSurf (0x0),-1 flag=24000, Surface(name=be23078 NavigationBar0)/@0x50010bd - animation-leash of insets_animation#0
10-26 10:07:42.190   954  3912 V WindowManager: Relayout hash=7def94, pid=18320: mAttrs={(0,0)(fillxfill) sim={adjust=pan forwardNavigation} ty=BASE_APPLICATION wanim=0x1030001
10-26 10:07:42.190   954  3912 V WindowManager:   fl=1810100
10-26 10:07:42.190   954  3912 V WindowManager:   pfl=12020040
10-26 10:07:42.190   954  3912 V WindowManager:   apr=LIGHT_NAVIGATION_BARS
10-26 10:07:42.190   954  3912 V WindowManager:   bhv=DEFAULT
10-26 10:07:42.190   954  3912 V WindowManager:   fitSides= naviIconColor=0
10-26 10:07:42.190   954  3912 V WindowManager:   sfl=100000}
10-26 10:07:42.192 18320 18320 I ViewRootImpl@27c6937[InstrumentationActivityInvoker$EmptyActivity]: Relayout returned: old=(0,0,1080,2280) new=(0,0,1080,2280) req=(1080,2280)0 dur=7 res=0x7 s={true 515080620064} ch=true fn=-1
10-26 10:07:42.193 18320 18355 D OpenGLRenderer: eglCreateWindowSurface
10-26 10:07:42.194 18320 18320 I ViewRootImpl@27c6937[InstrumentationActivityInvoker$EmptyActivity]: [DP] dp(1) 1 android.view.ViewRootImpl.reportNextDraw:11420 android.view.ViewRootImpl.performTraversals:4193 android.view.ViewRootImpl.doTraversal:2919
10-26 10:07:42.201 18320 18320 I ViewRootImpl@27c6937[InstrumentationActivityInvoker$EmptyActivity]: [DP] pdf(0) 1 android.view.ViewRootImpl.lambda$addFrameCompleteCallbackIfNeeded$3$ViewRootImpl:4995 android.view.ViewRootImpl$$ExternalSyntheticLambda16.run:6 android.os.Handler.handleCallback:938
10-26 10:07:42.201 18320 18320 I ViewRootImpl@27c6937[InstrumentationActivityInvoker$EmptyActivity]: [DP] rdf()
10-26 10:07:42.201 18320 18320 D ViewRootImpl@27c6937[InstrumentationActivityInvoker$EmptyActivity]: reportDrawFinished (fn: -1)
10-26 10:07:42.201 18320 18320 I ViewRootImpl@3affe0[InstrumentationActivityInvoker$EmptyActivity]: MSG_WINDOW_FOCUS_CHANGED 0 1
10-26 10:07:42.203   954  1016 I SemDvfsHyPerManager: acquire hyper - AMS_RESUME_TAIL/954@19, type = -999
10-26 10:07:42.203   954  1016 I SemDvfsHyPerManager: acquire hyper - AMS_ACT_LAZY/954@20, type = -999
10-26 10:07:42.203   954  1012 I ActivityTaskManager: Displayed com.example.dogglers/androidx.test.core.app.InstrumentationActivityInvoker$EmptyActivity: +78ms
10-26 10:07:42.205  2946  2946 E pageboostd: Received HALT command code 2
10-26 10:07:42.205   566   611 I HYPER-HAL: [RequestManager.cpp]acquire(): Acquired ID : 473870  [954 / 19]    HINT : AMS_RESUME_TAIL    list :
10-26 10:07:42.205   566   611 I HYPER-HAL: [RequestManager.cpp]releaseLocked(): Released ID : 471923
10-26 10:07:42.206 18320 18320 D InsetsSourceConsumer: ensureControlAlpha: for ITYPE_NAVIGATION_BAR on com.example.dogglers/androidx.test.core.app.InstrumentationActivityInvoker$EmptyActivity
10-26 10:07:42.207 18320 18320 D InsetsSourceConsumer: ensureControlAlpha: for ITYPE_STATUS_BAR on com.example.dogglers/androidx.test.core.app.InstrumentationActivityInvoker$EmptyActivity
10-26 10:07:42.208 18320 18320 I ViewRootImpl@3affe0[InstrumentationActivityInvoker$EmptyActivity]: handleAppVisibility mAppVisible=true visible=false
10-26 10:07:42.208 18320 18320 I ViewRootImpl@3affe0[InstrumentationActivityInvoker$EmptyActivity]: stopped(true) old=false
10-26 10:07:42.208 18320 18320 D LifecycleMonitor: Lifecycle status change: androidx.test.core.app.InstrumentationActivityInvoker$EmptyActivity@d30c99d in: STOPPED
10-26 10:07:42.208 18320 18320 V ActivityScenario: Activity lifecycle changed event received but ignored because the intent does not match. startActivityIntent=Intent { act=android.intent.action.MAIN cat=[android.intent.category.LAUNCHER] cmp=com.example.dogglers/.GridListActivity }, activity.getIntent()=Intent { act=android.intent.action.MAIN cat=[android.intent.category.LAUNCHER] flg=0x10000000 cmp=com.example.dogglers/androidx.test.core.app.InstrumentationActivityInvoker$EmptyActivity }, activity=androidx.test.core.app.InstrumentationActivityInvoker$EmptyActivity@d30c99d
10-26 10:07:42.210   566 18536 I HYPER-HAL: [RequestManager.cpp]releaseLocked(): Released ID : 478755
10-26 10:07:42.211   954  2449 D InputDispatcher: Focused application set to (0): 7d8cfdc
10-26 10:07:42.212   620   620 I Layer   : id=190341 removeFromCurrentState Surface(name=be23078 NavigationBar0)/@0x50010bd - animation-leash of insets_animation#1 (189)
10-26 10:07:42.213   620   620 I Layer   : id=69 removeFromCurrentState be23078 NavigationBar0#0 (189)
10-26 10:07:42.213   620   620 I Layer   : id=79 removeFromCurrentState NavigationBar0$_1348#0 (189)
10-26 10:07:42.213   620   620 I Layer   : id=190340 removeFromCurrentState Surface(name=2fa8401 StatusBar)/@0xf000e26 - animation-leash of insets_animation#1 (189)
10-26 10:07:42.213   620   620 I Layer   : id=69 addToCurrentState be23078 NavigationBar0#0 (189)
10-26 10:07:42.213   620   620 I Layer   : id=79 addToCurrentState NavigationBar0$_1348#0 (189)
10-26 10:07:42.213   620   620 I SurfaceFlinger: id=190341 Removed Surface(name=be23078 NavigationBar0)/@0x50010bd - animation-leash of insets_animation#1 (189)
10-26 10:07:42.213   620   620 I SurfaceFlinger: id=190340 Removed Surface(name=2fa8401 StatusBar)/@0xf000e26 - animation-leash of insets_animation#1 (189)
10-26 10:07:42.213   620   620 I Layer   : id=190340 Destroyed Surface(name=2fa8401 StatusBar)/@0xf000e26 - animation-leash of insets_animation#1
10-26 10:07:42.213   620   620 I Layer   : id=190341 Destroyed Surface(name=be23078 NavigationBar0)/@0x50010bd - animation-leash of insets_animation#1
10-26 10:07:42.214   954  3912 D InputDispatcher: Focus entered window (0): 7def94 com.example.dogglers/androidx.test.core.app.InstrumentationActivityInvoker$EmptyActivity
10-26 10:07:42.215   954  1015 D PersonaActivityHelper: Activity not in resumed state, do not run immediate lock
10-26 10:07:42.217   620   620 D SurfaceFlinger: Display 0 HWC layers:
10-26 10:07:42.217   620   620 D SurfaceFlinger:      DEVICE | 0x7843db6cf0 | 0102 | RGBA_8888    |    0.0    0.0 1080.0 2280.0 |    0    0 1080 2280 | com.example.dogglers/androidx.test.c[...]tivityInvoker$EmptyActivity$_18320#1
10-26 10:07:42.217   620   620 D SurfaceFlinger:      DEVICE | 0x7843dab230 | 0100 | RGBA_8888    |    0.0    0.0 1080.0  112.0 |    0    0 1080  112 | StatusBar$_1348#0
10-26 10:07:42.217   620   620 D SurfaceFlinger:      DEVICE | 0x7843daab70 | 0100 | RGBA_8888    |    0.0    0.0   67.0  416.0 |    0  814   67 1230 | com.samsung.android.app.cocktailbars[...]arservice.CocktailBarService$_8198#0
10-26 10:07:42.217   620   620 D SurfaceFlinger:      DEVICE | 0x7843da89b0 | 0100 | RGBA_8888    |    0.0    0.0 1080.0  126.0 |    0 2154 1080 2280 | NavigationBar0$_1348#0
10-26 10:07:42.217   620   620 D SurfaceFlinger:
10-26 10:07:42.217 18320 18355 D OpenGLRenderer: setSurface called with nullptr
10-26 10:07:42.217 18320 18355 D OpenGLRenderer: setSurface() destroyed EGLSurface
10-26 10:07:42.217 18320 18355 D OpenGLRenderer: destroyEglSurface
10-26 10:07:42.218   954  2449 V WindowManager: Relayout Window{c7d2fa3 u0 com.example.dogglers/androidx.test.core.app.InstrumentationActivityInvoker$EmptyActivity}: viewVisibility=8 req=1080x2280 d0
10-26 10:07:42.220   954  2449 V WindowManager: Relayout hash=c7d2fa3, pid=18320: mAttrs={(0,0)(fillxfill) sim={adjust=pan forwardNavigation} ty=BASE_APPLICATION wanim=0x1030001
10-26 10:07:42.220   954  2449 V WindowManager:   fl=1810100
10-26 10:07:42.220   954  2449 V WindowManager:   pfl=12020040
10-26 10:07:42.220   954  2449 V WindowManager:   apr=LIGHT_NAVIGATION_BARS
10-26 10:07:42.220   954  2449 V WindowManager:   bhv=DEFAULT
10-26 10:07:42.220   954  2449 V WindowManager:   fitSides= naviIconColor=0
10-26 10:07:42.220   954  2449 V WindowManager:   sfl=100000}
10-26 10:07:42.220 18320 18320 I ViewRootImpl@3affe0[InstrumentationActivityInvoker$EmptyActivity]: Relayout returned: old=(0,0,1080,2280) new=(0,0,1080,2280) req=(1080,2280)8 dur=2 res=0x5 s={false 0} ch=false fn=-1
10-26 10:07:42.226 18320 18320 D LifecycleMonitor: Lifecycle status change: androidx.test.core.app.InstrumentationActivityInvoker$EmptyActivity@d30c99d in: DESTROYED
10-26 10:07:42.227 18320 18320 V ActivityScenario: Activity lifecycle changed event received but ignored because the intent does not match. startActivityIntent=Intent { act=android.intent.action.MAIN cat=[android.intent.category.LAUNCHER] cmp=com.example.dogglers/.GridListActivity }, activity.getIntent()=Intent { act=android.intent.action.MAIN cat=[android.intent.category.LAUNCHER] flg=0x10000000 cmp=com.example.dogglers/androidx.test.core.app.InstrumentationActivityInvoker$EmptyActivity }, activity=androidx.test.core.app.InstrumentationActivityInvoker$EmptyActivity@d30c99d
10-26 10:07:42.227 18320 18355 D OpenGLRenderer: setSurface called with nullptr
10-26 10:07:42.227 18320 18320 I ViewRootImpl@3affe0[InstrumentationActivityInvoker$EmptyActivity]: dispatchDetachedFromWindow
10-26 10:07:42.228   954  3912 D InputTransport: Input channel destroyed: 'c7d2fa3', fd=1428
10-26 10:07:42.228   954  3912 W InputManager-JNI: Input channel object 'c7d2fa3 com.example.dogglers/androidx.test.core.app.InstrumentationActivityInvoker$EmptyActivity (client)' was disposed without first being removed with the input manager!
10-26 10:07:42.228   954  3912 D InputTransport: Input channel destroyed: 'c7d2fa3', fd=1436
10-26 10:07:42.228 30071 30318 I Rubin   : [1169] LoggingEventHelper.notifyUpdatedWithValue(LoggingEventHelper.java:58) : Notify AppUsageLogger's database is updated.
10-26 10:07:42.229   620   620 I Layer   : id=190339 removeFromCurrentState com.example.dogglers/androidx.test.core.app.InstrumentationActivityInvoker$EmptyActivity$_18320#0 (187)
10-26 10:07:42.230   954  2449 D InputDispatcher: Focus left window (0): 7def94 com.example.dogglers/androidx.test.core.app.InstrumentationActivityInvoker$EmptyActivity
10-26 10:07:42.231 18320 18320 D InputTransport: Input channel destroyed: 'c7d2fa3', fd=122
10-26 10:07:42.232 30071 30318 I Rubin   : [1169] ExercisingWithCmhMonitor.isSatisfiedByCmh(ExercisingWithCmhMonitor.java:121) : isSatisfiedByCmh is false
10-26 10:07:42.234 18320 18320 D LifecycleMonitor: Lifecycle status change: androidx.test.core.app.InstrumentationActivityInvoker$EmptyActivity@dfceaf8 in: PAUSED
10-26 10:07:42.234 18320 18320 V ActivityScenario: Activity lifecycle changed event received but ignored because the intent does not match. startActivityIntent=Intent { act=android.intent.action.MAIN cat=[android.intent.category.LAUNCHER] cmp=com.example.dogglers/.GridListActivity }, activity.getIntent()=Intent { act=android.intent.action.MAIN cat=[android.intent.category.LAUNCHER] flg=0x10000000 cmp=com.example.dogglers/androidx.test.core.app.InstrumentationActivityInvoker$EmptyActivity }, activity=androidx.test.core.app.InstrumentationActivityInvoker$EmptyActivity@dfceaf8
10-26 10:07:42.237   954  3937 I SemDvfsHyPerManager: acquire hyper - AMS_APP_HOME/954@32, type = -999
10-26 10:07:42.238   529   535 E statsd  : Predicate 5980654721335871649 dropping data for dimension key (10)0x2010101->10988[I] (10)0x30000->*launch*[S]
10-26 10:07:42.238   529   535 E statsd  : Predicate -7037417284711607308 dropping data for dimension key (10)0x2010101->10988[I] (10)0x30000->*launch*[S]
10-26 10:07:42.238   566   611 I HYPER-HAL: [RequestManager.cpp]acquire(): Acquired ID : 486623  [954 / 32]    HINT : AMS_APP_HOME    list :
10-26 10:07:42.239  3825  3825 I SemDvfsHyPerManager: acquire hyper - APP_START_SHORT/3825@14, type = -999
10-26 10:07:42.239 26660 26660 I ViewRootImpl@623994e[LauncherActivity]: handleAppVisibility mAppVisible=false visible=true
10-26 10:07:42.239   566   611 I HYPER-HAL: [RequestManager.cpp]acquire(): Acquired ID : 7370894  [3825 / 14]    HINT : APP_START    list : [TIMEOUT / 1500]
10-26 10:07:42.243 18320 18320 I ViewRootImpl@27c6937[InstrumentationActivityInvoker$EmptyActivity]: MSG_WINDOW_FOCUS_CHANGED 0 1
10-26 10:07:42.243   954  1015 I SemPersonaManager: SecureFolder personaId = 150
10-26 10:07:42.243 18320 18320 I ViewRootImpl@27c6937[InstrumentationActivityInvoker$EmptyActivity]: MSG_WINDOW_FOCUS_CHANGED 0 1
10-26 10:07:42.244 18320 18346 I TestRunner: finished: grid_list_content_at_first_position(com.example.dogglers.GridListTests)
