10-26 10:07:48.959   529   535 E statsd  : Predicate -7037417284711607308 dropping data for dimension key (10)0x2010101->10988[I] (10)0x30000->*launch*[S]
10-26 10:07:48.963   954  3937 I SemDvfsHyPerManager: acquire hyper - AMS_RESUME_TAIL/954@19, type = -999
10-26 10:07:48.963   954  3937 I SemDvfsHyPerManager: acquire hyper - AMS_ACT_LAZY/954@20, type = -999
10-26 10:07:48.963   566   611 I HYPER-HAL: [RequestManager.cpp]acquire(): Acquired ID : 473870  [954 / 19]    HINT : AMS_RESUME_TAIL    list :
10-26 10:07:48.963   566   611 I HYPER-HAL: [RequestManager.cpp]releaseLocked(): Released ID : 471923
10-26 10:07:48.964   954  1015 D PersonaActivityHelper: Activity not in resumed state, do not run immediate lock
10-26 10:07:48.965 18320 18320 D LifecycleMonitor: Lifecycle status change: com.example.dogglers.VerticalListActivity@cfadb03 in: PAUSED
10-26 10:07:48.965 18320 18320 V ActivityScenario: Update currentActivityStage to PAUSED, currentActivity=com.example.dogglers.VerticalListActivity@cfadb03
10-26 10:07:48.966   954  3957 V WindowManager: Relayout Window{4ad90e6 u0 com.sec.android.app.launcher/com.sec.android.app.launcher.activities.LauncherActivity}: viewVisibility=8 req=1080x2280 d0
10-26 10:07:48.967   954  3956 I SemDvfsHyPerManager: acquire hyper - AMS_ACT_RESUME/954@33, type = -999
10-26 10:07:48.967   954  3957 V WindowManager: Relayout hash=4ad90e6, pid=26660: mAttrs={(0,0)(fillxfill) sim={adjust=nothing} layoutInDisplayCutoutMode=shortEdges ty=BASE_APPLICATION fmt=TRANSPARENT wanim=0x10302f2
10-26 10:07:48.967   954  3957 V WindowManager:   fl=81910100
10-26 10:07:48.967   954  3957 V WindowManager:   pfl=1e020040
10-26 10:07:48.967   954  3957 V WindowManager:   vsysui=1700
10-26 10:07:48.967   954  3957 V WindowManager:   bhv=SHOW_TRANSIENT_BARS_BY_SWIPE
10-26 10:07:48.967   954  3957 V WindowManager:   fitSides= naviIconColor=0}
10-26 10:07:48.967   566   611 I HYPER-HAL: [RequestManager.cpp]acquire(): Acquired ID : 487611  [954 / 33]    HINT : AMS_ACT_RESUME    list :
10-26 10:07:48.968 26660 26660 I ViewRootImpl@623994e[LauncherActivity]: Relayout returned: old=(0,0,1080,2280) new=(0,0,1080,2280) req=(1080,2280)8 dur=4 res=0x5 s={false 0} ch=true fn=50
10-26 10:07:48.968 26660 26660 I ViewRootImpl@623994e[LauncherActivity]: stopped(true) old=false
10-26 10:07:48.969   954  3956 D InputDispatcher: Focused application set to (0): eaaacdd
10-26 10:07:48.969 26660 26660 I BaseActivity: removeActivityFlags, flags : 17
10-26 10:07:48.969 26660 26660 W LauncherAppWidgetHost: setShouldListenFlag, mFlags:7 flag:start on:false isFront:false
10-26 10:07:48.970 26660 26792 I IMM_LC  : hsifw() - flags=0, caller=android.view.inputmethod.InputMethodManager.hideSoftInputFromWindow:1846 android.view.inputmethod.InputMethodManager.hideSoftInputFromWindow:1815 com.android.launcher3.util.UiThreadHelper$UiCallbacks.handleMessage:103 android.os.Handler.dispatchMessage:102 android.os.Looper.loopOnce:226
10-26 10:07:48.970 26660 26792 I IMM_LC  : hideSoftInputFromWindow - mService.hideSoftInput
10-26 10:07:48.971   954  3937 I AppWidgetServiceImpl: stopListening callbacks : null
10-26 10:07:48.971 26660 26660 W LauncherAppWidgetHost: stopListening, mFlags:2 isFront:false
10-26 10:07:48.971 26660 26660 W Launcher.NotificationListener: removeNotificationsChangedListener
10-26 10:07:48.971 26660 26660 I BadgeCountUpdaterImpl: onNotificationsChangedDisConnected
10-26 10:07:48.971 26660 26660 I Launcher.NotificationListener: unregisterObserver, this is not notificationService!!
10-26 10:07:48.974 26660 26792 I LiveIconUpdateEventHandler: LiveIcon onStop
10-26 10:07:48.974   954  1015 I SemPersonaManager: SecureFolder personaId = 150
10-26 10:07:48.975   620   620 I Layer   : id=190588 removeFromCurrentState Surface(name=Task=30246)/@0x4046551 - animation-leash of app_transition#0 (180)
10-26 10:07:48.975   620   620 D Layer   : setBackgroundBlurRadius ## OneUiHome-BlurLayer#0, backgroundBlurRadius=0
10-26 10:07:48.975   620   620 I SurfaceFlinger: id=190502 Removed OneUiHome-BlurLayer#0 (180)
10-26 10:07:48.975   620   620 I SurfaceFlinger: id=190588 Removed Surface(name=Task=30246)/@0x4046551 - animation-leash of app_transition#0 (180)
10-26 10:07:48.975   620   620 I Layer   : id=190588 Destroyed Surface(name=Task=30246)/@0x4046551 - animation-leash of app_transition#0
10-26 10:07:48.977 26660 26792 I LiveIconUpdateEventHandler: cancelMinuteChangeAlarm
10-26 10:07:48.979 26660 26792 I LiveIconUpdateEventHandler: cancelDateChangeAlarm
10-26 10:07:48.979   954  1015 D EnterpriseDeviceManagerService: isMdmAdminPresentInternal() : MDM Admin Found - com.samsung.knox.securefolder
10-26 10:07:48.979   620  2722 D NativeSemDvfsManager: acquire:: timeout = 2000 mIsAcquired = 1  mTagName : SurfaceFlinger
10-26 10:07:48.979   620  2722 E NativeCustomFrequencyManager: [NativeCFMS] BpCustomFrequencyManager::acquire()
10-26 10:07:48.980   566   611 I HYPER-HAL: [RequestManager.cpp]acquire(): Acquired ID : 1314010  [620 / 1000]    HINT : SF_GPU_MINLOCK    list : [TIMEOUT / 2000]
10-26 10:07:48.982  8198  8198 I Utils   : HomePackage : com.sec.android.app.launcher, resumePackageName : com.example.dogglers
10-26 10:07:48.983 26660 26792 I LiveIconUpdateEventHandler: unregisterReceiver
10-26 10:07:48.983 18320 18320 D LifecycleMonitor: Lifecycle status change: androidx.test.core.app.InstrumentationActivityInvoker$EmptyActivity@b1c6a83 in: PRE_ON_CREATE
10-26 10:07:48.983 18320 18320 V ActivityScenario: Activity lifecycle changed event received but ignored because the intent does not match. startActivityIntent=Intent { act=android.intent.action.MAIN cat=[android.intent.category.LAUNCHER] cmp=com.example.dogglers/.VerticalListActivity }, activity.getIntent()=Intent { act=android.intent.action.MAIN cat=[android.intent.category.LAUNCHER] flg=0x10000000 cmp=com.example.dogglers/androidx.test.core.app.InstrumentationActivityInvoker$EmptyActivity }, activity=androidx.test.core.app.InstrumentationActivityInvoker$EmptyActivity@b1c6a83
10-26 10:07:48.990 18320 18320 I DecorView: [INFO] isPopOver=false, config=true
10-26 10:07:48.990 18320 18320 I DecorView: updateCaptionType >> DecorView@77c9439[], isFloating=false, isApplication=true, hasWindowControllerCallback=true, hasWindowDecorCaption=false
10-26 10:07:48.990 18320 18320 D DecorView: setCaptionType = 0, this = DecorView@77c9439[]
10-26 10:07:48.991   620   620 I Layer   : id=190499 removeFromCurrentState com.sec.android.app.launcher/com.sec.android.app.launcher.activities.LauncherActivity$_26660#0 (179)
10-26 10:07:48.991   620   620 I Layer   : id=190502 removeFromCurrentState OneUiHome-BlurLayer#0 (179)
10-26 10:07:48.991   620   620 I SurfaceFlinger: id=190499 Removed com.sec.android.app.launcher/com.sec.android.app.launcher.activities.LauncherActivity$_26660#0 (179)
10-26 10:07:48.991 18320 18320 I DecorView: getCurrentDensityDpi: from real metrics. densityDpi=420 msg=resources_loaded
10-26 10:07:48.992 18320 18320 D LifecycleMonitor: Lifecycle status change: androidx.test.core.app.InstrumentationActivityInvoker$EmptyActivity@b1c6a83 in: CREATED
10-26 10:07:48.992 18320 18320 V ActivityScenario: Activity lifecycle changed event received but ignored because the intent does not match. startActivityIntent=Intent { act=android.intent.action.MAIN cat=[android.intent.category.LAUNCHER] cmp=com.example.dogglers/.VerticalListActivity }, activity.getIntent()=Intent { act=android.intent.action.MAIN cat=[android.intent.category.LAUNCHER] flg=0x10000000 cmp=com.example.dogglers/androidx.test.core.app.InstrumentationActivityInvoker$EmptyActivity }, activity=androidx.test.core.app.InstrumentationActivityInvoker$EmptyActivity@b1c6a83
10-26 10:07:48.992   620   620 I Layer   : id=190499 Destroyed com.sec.android.app.launcher/com.sec.android.app.launcher.activities.LauncherActivity$_26660#0
10-26 10:07:48.992   620   620 I Layer   : id=190502 Destroyed OneUiHome-BlurLayer#0
10-26 10:07:48.992 18320 18320 D LifecycleMonitor: Lifecycle status change: androidx.test.core.app.InstrumentationActivityInvoker$EmptyActivity@b1c6a83 in: STARTED
10-26 10:07:48.992 18320 18320 V ActivityScenario: Activity lifecycle changed event received but ignored because the intent does not match. startActivityIntent=Intent { act=android.intent.action.MAIN cat=[android.intent.category.LAUNCHER] cmp=com.example.dogglers/.VerticalListActivity }, activity.getIntent()=Intent { act=android.intent.action.MAIN cat=[android.intent.category.LAUNCHER] flg=0x10000000 cmp=com.example.dogglers/androidx.test.core.app.InstrumentationActivityInvoker$EmptyActivity }, activity=androidx.test.core.app.InstrumentationActivityInvoker$EmptyActivity@b1c6a83
10-26 10:07:48.993   954  3919 D InputDispatcher: Focus left window (0): b278054 com.example.dogglers/com.example.dogglers.VerticalListActivity
10-26 10:07:48.993 18320 18320 D LifecycleMonitor: Lifecycle status change: androidx.test.core.app.InstrumentationActivityInvoker$EmptyActivity@b1c6a83 in: RESUMED
10-26 10:07:48.993 18320 18320 V ActivityScenario: Activity lifecycle changed event received but ignored because the intent does not match. startActivityIntent=Intent { act=android.intent.action.MAIN cat=[android.intent.category.LAUNCHER] cmp=com.example.dogglers/.VerticalListActivity }, activity.getIntent()=Intent { act=android.intent.action.MAIN cat=[android.intent.category.LAUNCHER] flg=0x10000000 cmp=com.example.dogglers/androidx.test.core.app.InstrumentationActivityInvoker$EmptyActivity }, activity=androidx.test.core.app.InstrumentationActivityInvoker$EmptyActivity@b1c6a83
10-26 10:07:48.996   954  3957 D InputTransport: Input channel constructed: '5ed1a77', fd=1347
10-26 10:07:48.996   954  3957 D InputTransport: Input channel constructed: '5ed1a77', fd=1348
10-26 10:07:48.996   954  3957 D InputTransport: Input channel constructed: '5ed1a77', fd=1351
10-26 10:07:48.997   620  2717 I SurfaceFlinger: id=190600 createSurf (0x0),-1 flag=80004, 5ed1a77 com.example.dogglers/androidx.test.core.app.InstrumentationActivityInvoker$EmptyActivity#0
10-26 10:07:48.997   954  3957 D InputTransport: Input channel destroyed: '5ed1a77', fd=1351
10-26 10:07:48.998 18320 18320 I ViewRootImpl@24aaa7e[InstrumentationActivityInvoker$EmptyActivity]: setView = com.android.internal.policy.DecorView@77c9439 TM=true
10-26 10:07:48.998   954  1054 D AnalyticsContainerHandler: handleMessage : { when=-1ms what=1 target=com.android.server.knox.KnoxAnalyticsContainer$AnalyticsHandler }
10-26 10:07:49.000   954  3957 V WindowManager: Relayout Window{5ed1a77 u0 com.example.dogglers/androidx.test.core.app.InstrumentationActivityInvoker$EmptyActivity}: viewVisibility=0 req=1080x2280 d0
10-26 10:07:49.000   620  2717 I SurfaceFlinger: id=190601 createSurf (1x1),-3 flag=40004, com.example.dogglers/androidx.test.core.app.InstrumentationActivityInvoker$EmptyActivity$_18320#0
10-26 10:07:49.004   620  2717 I SurfaceFlinger: id=190602 createSurf (0x0),-1 flag=24000, Surface(name=2fa8401 StatusBar)/@0xf000e26 - animation-leash of insets_animation#0
10-26 10:07:49.005   620  2717 I SurfaceFlinger: id=190603 createSurf (0x0),-1 flag=24000, Surface(name=be23078 NavigationBar0)/@0x50010bd - animation-leash of insets_animation#0
10-26 10:07:49.006   954  3957 V WindowManager: Relayout hash=5ed1a77, pid=18320: mAttrs={(0,0)(fillxfill) sim={adjust=pan forwardNavigation} ty=BASE_APPLICATION wanim=0x1030001
10-26 10:07:49.006   954  3957 V WindowManager:   fl=1810100
10-26 10:07:49.006   954  3957 V WindowManager:   pfl=12020040
10-26 10:07:49.006   954  3957 V WindowManager:   apr=LIGHT_NAVIGATION_BARS
10-26 10:07:49.006   954  3957 V WindowManager:   bhv=DEFAULT
10-26 10:07:49.006   954  3957 V WindowManager:   fitSides= naviIconColor=0
10-26 10:07:49.006   954  3957 V WindowManager:   sfl=100000}
10-26 10:07:49.007 18320 18320 I ViewRootImpl@24aaa7e[InstrumentationActivityInvoker$EmptyActivity]: Relayout returned: old=(0,0,1080,2280) new=(0,0,1080,2280) req=(1080,2280)0 dur=6 res=0x7 s={true 515080358464} ch=true fn=-1
10-26 10:07:49.009 18320 18355 D OpenGLRenderer: eglCreateWindowSurface
10-26 10:07:49.010 18320 18320 I ViewRootImpl@24aaa7e[InstrumentationActivityInvoker$EmptyActivity]: [DP] dp(1) 1 android.view.ViewRootImpl.reportNextDraw:11420 android.view.ViewRootImpl.performTraversals:4193 android.view.ViewRootImpl.doTraversal:2919
10-26 10:07:49.016 18320 18320 I ViewRootImpl@24aaa7e[InstrumentationActivityInvoker$EmptyActivity]: [DP] pdf(0) 1 android.view.ViewRootImpl.lambda$addFrameCompleteCallbackIfNeeded$3$ViewRootImpl:4995 android.view.ViewRootImpl$$ExternalSyntheticLambda16.run:6 android.os.Handler.handleCallback:938
10-26 10:07:49.016 18320 18320 I ViewRootImpl@24aaa7e[InstrumentationActivityInvoker$EmptyActivity]: [DP] rdf()
10-26 10:07:49.016 18320 18320 D ViewRootImpl@24aaa7e[InstrumentationActivityInvoker$EmptyActivity]: reportDrawFinished (fn: -1)
10-26 10:07:49.017 18320 18320 I ViewRootImpl@d60d61[VerticalListActivity]: MSG_WINDOW_FOCUS_CHANGED 0 1
10-26 10:07:49.018   954  1012 I ActivityTaskManager: Displayed com.example.dogglers/androidx.test.core.app.InstrumentationActivityInvoker$EmptyActivity: +63ms
10-26 10:07:49.019   566   611 I HYPER-HAL: [RequestManager.cpp]releaseLocked(): Released ID : 487611
10-26 10:07:49.019  2946  2946 E pageboostd: Received HALT command code 2
10-26 10:07:49.021 18320 18320 D InsetsSourceConsumer: ensureControlAlpha: for ITYPE_NAVIGATION_BAR on com.example.dogglers/androidx.test.core.app.InstrumentationActivityInvoker$EmptyActivity
10-26 10:07:49.021 18320 18320 D InsetsSourceConsumer: ensureControlAlpha: for ITYPE_STATUS_BAR on com.example.dogglers/androidx.test.core.app.InstrumentationActivityInvoker$EmptyActivity
10-26 10:07:49.023 18320 18320 I ViewRootImpl@d60d61[VerticalListActivity]: handleAppVisibility mAppVisible=true visible=false
10-26 10:07:49.023 18320 18320 I ViewRootImpl@d60d61[VerticalListActivity]: stopped(true) old=false
10-26 10:07:49.024 18320 18320 D LifecycleMonitor: Lifecycle status change: com.example.dogglers.VerticalListActivity@cfadb03 in: STOPPED
10-26 10:07:49.024 18320 18320 V ActivityScenario: Update currentActivityStage to STOPPED, currentActivity=com.example.dogglers.VerticalListActivity@cfadb03
10-26 10:07:49.025   620   620 I Layer   : id=190594 removeFromCurrentState Surface(name=2fa8401 StatusBar)/@0xf000e26 - animation-leash of insets_animation#1 (181)
10-26 10:07:49.025   620   620 I Layer   : id=76 removeFromCurrentState 2fa8401 StatusBar#0 (181)
10-26 10:07:49.025   620   620 I Layer   : id=84 removeFromCurrentState StatusBar$_1348#0 (181)
10-26 10:07:49.025   620   620 I Layer   : id=76 addToCurrentState 2fa8401 StatusBar#0 (181)
10-26 10:07:49.025   620   620 I Layer   : id=84 addToCurrentState StatusBar$_1348#0 (181)
10-26 10:07:49.025   620   620 I Layer   : id=190595 removeFromCurrentState Surface(name=be23078 NavigationBar0)/@0x50010bd - animation-leash of insets_animation#1 (181)
10-26 10:07:49.025 18320 18320 D LifecycleMonitor: Lifecycle status change: com.example.dogglers.VerticalListActivity@cfadb03 in: DESTROYED
10-26 10:07:49.025 18320 18320 V ActivityScenario: Update currentActivityStage to DESTROYED, currentActivity=null
10-26 10:07:49.025   620   620 I SurfaceFlinger: id=190594 Removed Surface(name=2fa8401 StatusBar)/@0xf000e26 - animation-leash of insets_animation#1 (181)
10-26 10:07:49.025   620   620 I SurfaceFlinger: id=190595 Removed Surface(name=be23078 NavigationBar0)/@0x50010bd - animation-leash of insets_animation#1 (181)
10-26 10:07:49.026   620   620 I Layer   : id=190594 Destroyed Surface(name=2fa8401 StatusBar)/@0xf000e26 - animation-leash of insets_animation#1
10-26 10:07:49.026   620   620 I Layer   : id=190595 Destroyed Surface(name=be23078 NavigationBar0)/@0x50010bd - animation-leash of insets_animation#1
10-26 10:07:49.026   954  3919 D InputDispatcher: Focus entered window (0): 5ed1a77 com.example.dogglers/androidx.test.core.app.InstrumentationActivityInvoker$EmptyActivity
10-26 10:07:49.028 18320 18355 D OpenGLRenderer: setSurface called with nullptr
10-26 10:07:49.028 18320 18355 D OpenGLRenderer: setSurface() destroyed EGLSurface
10-26 10:07:49.028 18320 18355 D OpenGLRenderer: destroyEglSurface
10-26 10:07:49.028   954  3919 I SemDvfsHyPerManager: acquire hyper - AMS_ACT_START/954@17, type = -999
10-26 10:07:49.028 18320 18320 I ViewRootImpl@d60d61[VerticalListActivity]: dispatchDetachedFromWindow
10-26 10:07:49.029   566   611 I HYPER-HAL: [RequestManager.cpp]acquire(): Acquired ID : 471923  [954 / 17]    HINT : AMS_ACT_START    list :
10-26 10:07:49.029   620  2717 I SurfaceFlinger: id=190604 createSurf (0x0),-1 flag=80004, ActivityRecord{a795305 u0 com.example.dogglers/androidx.test.core.app.InstrumentationActivityInvoker$EmptyActivity t30246}#0
10-26 10:07:49.029   620   620 D SurfaceFlinger: Display 0 HWC layers:
10-26 10:07:49.029   620   620 D SurfaceFlinger:      DEVICE | 0x7843d9fe30 | 0102 | RGBA_8888    |    0.0    0.0 1080.0 2280.0 |    0    0 1080 2280 | com.example.dogglers/androidx.test.c[...]tivityInvoker$EmptyActivity$_18320#0
10-26 10:07:49.029   620   620 D SurfaceFlinger:      DEVICE | 0x7843da26b0 | 0100 | RGBA_8888    |    0.0    0.0 1080.0  112.0 |    0    0 1080  112 | StatusBar$_1348#0
10-26 10:07:49.029   620   620 D SurfaceFlinger:      DEVICE | 0x7843daab70 | 0100 | RGBA_8888    |    0.0    0.0   67.0  416.0 |    0  814   67 1230 | com.samsung.android.app.cocktailbars[...]arservice.CocktailBarService$_8198#0
10-26 10:07:49.029   620   620 D SurfaceFlinger:      DEVICE | 0x7843da89b0 | 0100 | RGBA_8888    |    0.0    0.0 1080.0  126.0 |    0 2154 1080 2280 | NavigationBar0$_1348#0
10-26 10:07:49.029   620   620 D SurfaceFlinger:
10-26 10:07:49.032   954  3957 D InputTransport: Input channel destroyed: 'b278054', fd=1313
10-26 10:07:49.032   954  3957 W InputManager-JNI: Input channel object 'b278054 com.example.dogglers/com.example.dogglers.VerticalListActivity (client)' was disposed without first being removed with the input manager!
10-26 10:07:49.032   954  3957 D InputTransport: Input channel destroyed: 'b278054', fd=1315
10-26 10:07:49.033   620  2717 I SurfaceFlinger: id=190605 createSurf (0x0),-1 flag=24004, Surface(name=2188bee InputMethod)/@0xe151908 - animation-leash of insets_animation#0
10-26 10:07:49.035   954  1015 D PersonaActivityHelper: Activity not in resumed state, do not run immediate lock
10-26 10:07:49.035 18320 18320 D InputTransport: Input channel destroyed: 'b278054', fd=89
10-26 10:07:49.040   566   611 I HYPER-HAL: [RequestManager.cpp]releaseLocked(): Released ID : 477776
10-26 10:07:49.040 18320 18320 D LifecycleMonitor: Lifecycle status change: androidx.test.core.app.InstrumentationActivityInvoker$EmptyActivity@b1c6a83 in: PAUSED
10-26 10:07:49.040 18320 18320 V ActivityScenario: Activity lifecycle changed event received but ignored because the intent does not match. startActivityIntent=Intent { act=android.intent.action.MAIN cat=[android.intent.category.LAUNCHER] cmp=com.example.dogglers/.VerticalListActivity }, activity.getIntent()=Intent { act=android.intent.action.MAIN cat=[android.intent.category.LAUNCHER] flg=0x10000000 cmp=com.example.dogglers/androidx.test.core.app.InstrumentationActivityInvoker$EmptyActivity }, activity=androidx.test.core.app.InstrumentationActivityInvoker$EmptyActivity@b1c6a83
10-26 10:07:49.042   620   620 I Layer   : id=190593 removeFromCurrentState com.example.dogglers/com.example.dogglers.VerticalListActivity$_18320#0 (181)
10-26 10:07:49.042   620   620 I Layer   : id=190592 removeFromCurrentState b278054 com.example.dogglers/com.example.dogglers.VerticalListActivity#0 (181)
10-26 10:07:49.042   620   620 I Layer   : id=190597 removeFromCurrentState Surface(name=2188bee InputMethod)/@0xe151908 - animation-leash of insets_animation#1 (181)
10-26 10:07:49.042   620   620 I SurfaceFlinger: id=190592 Removed b278054 com.example.dogglers/com.example.dogglers.VerticalListActivity#0 (181)
10-26 10:07:49.042   620   620 I SurfaceFlinger: id=190597 Removed Surface(name=2188bee InputMethod)/@0xe151908 - animation-leash of insets_animation#1 (181)
10-26 10:07:49.042   620   620 I Layer   : id=190592 Destroyed b278054 com.example.dogglers/com.example.dogglers.VerticalListActivity#0
10-26 10:07:49.042   620   620 I Layer   : id=190597 Destroyed Surface(name=2188bee InputMethod)/@0xe151908 - animation-leash of insets_animation#1
10-26 10:07:49.044   954  3957 D InputDispatcher: Focused application set to (0): a795305
10-26 10:07:49.045   620  2717 I SurfaceFlinger: id=190593 Removed com.example.dogglers/com.example.dogglers.VerticalListActivity$_18320#0 (179)
10-26 10:07:49.047 18320 18320 I ViewRootImpl@24aaa7e[InstrumentationActivityInvoker$EmptyActivity]: MSG_WINDOW_FOCUS_CHANGED 1 1
10-26 10:07:49.048 18320 18320 D InputMethodManager: startInputInner - Id : 0
10-26 10:07:49.048 18320 18320 I InputMethodManager: startInputInner - mService.startInputOrWindowGainedFocus
10-26 10:07:49.049   954  3957 D InputMethodManagerServicePhysicalKey: isConnectedDexOnPC false
10-26 10:07:49.049   954  3957 D InputMethodManagerService: isImeSwitcherDisabledPackage : false
10-26 10:07:49.051   954  1015 I SemPersonaManager: SecureFolder personaId = 150
10-26 10:07:49.052 18320 18320 D LifecycleMonitor: Lifecycle status change: androidx.test.core.app.InstrumentationActivityInvoker$BootstrapActivity@fdd2668 in: DESTROYED
10-26 10:07:49.052 18320 18320 V ActivityScenario: Activity lifecycle changed event received but ignored because the intent does not match. startActivityIntent=Intent { act=android.intent.action.MAIN cat=[android.intent.category.LAUNCHER] cmp=com.example.dogglers/.VerticalListActivity }, activity.getIntent()=Intent { act=android.intent.action.MAIN cat=[android.intent.category.LAUNCHER] flg=0x10008000 cmp=com.example.dogglers/androidx.test.core.app.InstrumentationActivityInvoker$BootstrapActivity (has extras) }, activity=androidx.test.core.app.InstrumentationActivityInvoker$BootstrapActivity@fdd2668
10-26 10:07:49.055   954  1015 D EnterpriseDeviceManagerService: isMdmAdminPresentInternal() : MDM Admin Found - com.samsung.knox.securefolder
10-26 10:07:49.057  8198  8198 I Utils   : HomePackage : com.sec.android.app.launcher, resumePackageName : com.example.dogglers
10-26 10:07:49.057 18320 18320 D LifecycleMonitor: Lifecycle status change: androidx.test.core.app.InstrumentationActivityInvoker$EmptyActivity@e2eb7d7 in: PRE_ON_CREATE
10-26 10:07:49.057 18320 18320 V ActivityScenario: Activity lifecycle changed event received but ignored because the intent does not match. startActivityIntent=Intent { act=android.intent.action.MAIN cat=[android.intent.category.LAUNCHER] cmp=com.example.dogglers/.VerticalListActivity }, activity.getIntent()=Intent { act=android.intent.action.MAIN cat=[android.intent.category.LAUNCHER] flg=0x10000000 cmp=com.example.dogglers/androidx.test.core.app.InstrumentationActivityInvoker$EmptyActivity }, activity=androidx.test.core.app.InstrumentationActivityInvoker$EmptyActivity@e2eb7d7
10-26 10:07:49.058   620   620 I Layer   : id=190591 removeFromCurrentState ActivityRecord{bdd6d89 u0 com.example.dogglers/.VerticalListActivity t30246}#0 (179)
10-26 10:07:49.058   620   620 I Layer   : id=190584 removeFromCurrentState ActivityRecord{b28642e u0 com.example.dogglers/androidx.test.core.app.InstrumentationActivityInvoker$BootstrapActivity t30246}#0 (179)
10-26 10:07:49.058   620   620 I SurfaceFlinger: id=190584 Removed ActivityRecord{b28642e u0 com.example.dogglers/androidx.test.core.app.InstrumentationActivityInvoker$BootstrapActivity t30246}#0 (179)
10-26 10:07:49.058   620   620 I SurfaceFlinger: id=190591 Removed ActivityRecord{bdd6d89 u0 com.example.dogglers/.VerticalListActivity t30246}#0 (179)
10-26 10:07:49.059   620   620 I Layer   : id=190593 Destroyed com.example.dogglers/com.example.dogglers.VerticalListActivity$_18320#0
10-26 10:07:49.059   620   620 I Layer   : id=190584 Destroyed ActivityRecord{b28642e u0 com.example.dogglers/androidx.test.core.app.InstrumentationActivityInvoker$BootstrapActivity t30246}#0
10-26 10:07:49.059   620   620 I Layer   : id=190591 Destroyed ActivityRecord{bdd6d89 u0 com.example.dogglers/.VerticalListActivity t30246}#0
10-26 10:07:49.060   954  3957 D InputDispatcher: Focus left window (0): 5ed1a77 com.example.dogglers/androidx.test.core.app.InstrumentationActivityInvoker$EmptyActivity
10-26 10:07:49.065 18320 18320 I DecorView: [INFO] isPopOver=false, config=true
10-26 10:07:49.065 18320 18320 I DecorView: updateCaptionType >> DecorView@3aad3ad[], isFloating=false, isApplication=true, hasWindowControllerCallback=true, hasWindowDecorCaption=false
10-26 10:07:49.065 18320 18320 D DecorView: setCaptionType = 0, this = DecorView@3aad3ad[]
10-26 10:07:49.066 18320 18320 I DecorView: getCurrentDensityDpi: from real metrics. densityDpi=420 msg=resources_loaded
10-26 10:07:49.066 18320 18320 D LifecycleMonitor: Lifecycle status change: androidx.test.core.app.InstrumentationActivityInvoker$EmptyActivity@e2eb7d7 in: CREATED
10-26 10:07:49.066 18320 18320 V ActivityScenario: Activity lifecycle changed event received but ignored because the intent does not match. startActivityIntent=Intent { act=android.intent.action.MAIN cat=[android.intent.category.LAUNCHER] cmp=com.example.dogglers/.VerticalListActivity }, activity.getIntent()=Intent { act=android.intent.action.MAIN cat=[android.intent.category.LAUNCHER] flg=0x10000000 cmp=com.example.dogglers/androidx.test.core.app.InstrumentationActivityInvoker$EmptyActivity }, activity=androidx.test.core.app.InstrumentationActivityInvoker$EmptyActivity@e2eb7d7
10-26 10:07:49.067 18320 18320 D LifecycleMonitor: Lifecycle status change: androidx.test.core.app.InstrumentationActivityInvoker$EmptyActivity@e2eb7d7 in: STARTED
10-26 10:07:49.067 18320 18320 V ActivityScenario: Activity lifecycle changed event received but ignored because the intent does not match. startActivityIntent=Intent { act=android.intent.action.MAIN cat=[android.intent.category.LAUNCHER] cmp=com.example.dogglers/.VerticalListActivity }, activity.getIntent()=Intent { act=android.intent.action.MAIN cat=[android.intent.category.LAUNCHER] flg=0x10000000 cmp=com.example.dogglers/androidx.test.core.app.InstrumentationActivityInvoker$EmptyActivity }, activity=androidx.test.core.app.InstrumentationActivityInvoker$EmptyActivity@e2eb7d7
10-26 10:07:49.068 18320 18320 D LifecycleMonitor: Lifecycle status change: androidx.test.core.app.InstrumentationActivityInvoker$EmptyActivity@e2eb7d7 in: RESUMED
10-26 10:07:49.068 18320 18320 V ActivityScenario: Activity lifecycle changed event received but ignored because the intent does not match. startActivityIntent=Intent { act=android.intent.action.MAIN cat=[android.intent.category.LAUNCHER] cmp=com.example.dogglers/.VerticalListActivity }, activity.getIntent()=Intent { act=android.intent.action.MAIN cat=[android.intent.category.LAUNCHER] flg=0x10000000 cmp=com.example.dogglers/androidx.test.core.app.InstrumentationActivityInvoker$EmptyActivity }, activity=androidx.test.core.app.InstrumentationActivityInvoker$EmptyActivity@e2eb7d7
10-26 10:07:49.071   954  3919 D InputTransport: Input channel constructed: '509045f', fd=1351
10-26 10:07:49.071   954  3919 D InputTransport: Input channel constructed: '509045f', fd=1361
10-26 10:07:49.071   954  3919 D InputTransport: Input channel constructed: '509045f', fd=1367
10-26 10:07:49.071   620  2717 I SurfaceFlinger: id=190606 createSurf (0x0),-1 flag=80004, 509045f com.example.dogglers/androidx.test.core.app.InstrumentationActivityInvoker$EmptyActivity#0
10-26 10:07:49.072   954  3919 D InputTransport: Input channel destroyed: '509045f', fd=1367
10-26 10:07:49.073 18320 18320 I ViewRootImpl@10906e2[InstrumentationActivityInvoker$EmptyActivity]: setView = com.android.internal.policy.DecorView@3aad3ad TM=true
10-26 10:07:49.074   954  1054 D AnalyticsContainerHandler: handleMessage : { when=0 what=1 target=com.android.server.knox.KnoxAnalyticsContainer$AnalyticsHandler }
10-26 10:07:49.078   954  3919 V WindowManager: Relayout Window{509045f u0 com.example.dogglers/androidx.test.core.app.InstrumentationActivityInvoker$EmptyActivity}: viewVisibility=0 req=1080x2280 d0
10-26 10:07:49.078   620   642 I SurfaceFlinger: id=190607 createSurf (1x1),-3 flag=40004, com.example.dogglers/androidx.test.core.app.InstrumentationActivityInvoker$EmptyActivity$_18320#1
10-26 10:07:49.081   620   642 I SurfaceFlinger: id=190608 createSurf (0x0),-1 flag=24000, Surface(name=2fa8401 StatusBar)/@0xf000e26 - animation-leash of insets_animation#1
10-26 10:07:49.081   620   642 I SurfaceFlinger: id=190609 createSurf (0x0),-1 flag=24000, Surface(name=be23078 NavigationBar0)/@0x50010bd - animation-leash of insets_animation#1
10-26 10:07:49.082   954  3919 V WindowManager: Relayout hash=509045f, pid=18320: mAttrs={(0,0)(fillxfill) sim={adjust=pan forwardNavigation} ty=BASE_APPLICATION wanim=0x1030001
10-26 10:07:49.082   954  3919 V WindowManager:   fl=1810100
10-26 10:07:49.082   954  3919 V WindowManager:   pfl=12020040
10-26 10:07:49.082   954  3919 V WindowManager:   apr=LIGHT_NAVIGATION_BARS
10-26 10:07:49.082   954  3919 V WindowManager:   bhv=DEFAULT
10-26 10:07:49.082   954  3919 V WindowManager:   fitSides= naviIconColor=0
10-26 10:07:49.082   954  3919 V WindowManager:   sfl=100000}
10-26 10:07:49.084   954  1115 I SensorService: [REARLIGHT] lux value : 28, code value : 0
10-26 10:07:49.084 18320 18320 I ViewRootImpl@10906e2[InstrumentationActivityInvoker$EmptyActivity]: Relayout returned: old=(0,0,1080,2280) new=(0,0,1080,2280) req=(1080,2280)0 dur=6 res=0x7 s={true 515080218944} ch=true fn=-1
10-26 10:07:49.085 18320 18355 D OpenGLRenderer: eglCreateWindowSurface
10-26 10:07:49.086 18320 18320 I ViewRootImpl@10906e2[InstrumentationActivityInvoker$EmptyActivity]: [DP] dp(1) 1 android.view.ViewRootImpl.reportNextDraw:11420 android.view.ViewRootImpl.performTraversals:4193 android.view.ViewRootImpl.doTraversal:2919
10-26 10:07:49.092 18320 18320 I ViewRootImpl@10906e2[InstrumentationActivityInvoker$EmptyActivity]: [DP] pdf(0) 1 android.view.ViewRootImpl.lambda$addFrameCompleteCallbackIfNeeded$3$ViewRootImpl:4995 android.view.ViewRootImpl$$ExternalSyntheticLambda16.run:6 android.os.Handler.handleCallback:938
10-26 10:07:49.092 18320 18320 I ViewRootImpl@10906e2[InstrumentationActivityInvoker$EmptyActivity]: [DP] rdf()
10-26 10:07:49.092 18320 18320 D ViewRootImpl@10906e2[InstrumentationActivityInvoker$EmptyActivity]: reportDrawFinished (fn: -1)
10-26 10:07:49.092 18320 18320 I ViewRootImpl@24aaa7e[InstrumentationActivityInvoker$EmptyActivity]: MSG_WINDOW_FOCUS_CHANGED 0 1
10-26 10:07:49.094   954  1012 I ActivityTaskManager: Displayed com.example.dogglers/androidx.test.core.app.InstrumentationActivityInvoker$EmptyActivity: +66ms
10-26 10:07:49.094   954  1016 I SemDvfsHyPerManager: acquire hyper - AMS_RESUME_TAIL/954@19, type = -999
10-26 10:07:49.094   954  1016 I SemDvfsHyPerManager: acquire hyper - AMS_ACT_LAZY/954@20, type = -999
10-26 10:07:49.095  2946  2946 E pageboostd: Received HALT command code 2
10-26 10:07:49.095   566   611 I HYPER-HAL: [RequestManager.cpp]acquire(): Acquired ID : 473870  [954 / 19]    HINT : AMS_RESUME_TAIL    list :
10-26 10:07:49.095   566   611 I HYPER-HAL: [RequestManager.cpp]releaseLocked(): Released ID : 471923
10-26 10:07:49.096 18320 18320 D InsetsSourceConsumer: ensureControlAlpha: for ITYPE_NAVIGATION_BAR on com.example.dogglers/androidx.test.core.app.InstrumentationActivityInvoker$EmptyActivity
10-26 10:07:49.097 18320 18320 D InsetsSourceConsumer: ensureControlAlpha: for ITYPE_STATUS_BAR on com.example.dogglers/androidx.test.core.app.InstrumentationActivityInvoker$EmptyActivity
10-26 10:07:49.097 18320 18320 I ViewRootImpl@24aaa7e[InstrumentationActivityInvoker$EmptyActivity]: handleAppVisibility mAppVisible=true visible=false
10-26 10:07:49.098 18320 18320 I ViewRootImpl@24aaa7e[InstrumentationActivityInvoker$EmptyActivity]: stopped(true) old=false
10-26 10:07:49.098 18320 18320 D LifecycleMonitor: Lifecycle status change: androidx.test.core.app.InstrumentationActivityInvoker$EmptyActivity@b1c6a83 in: STOPPED
10-26 10:07:49.098 18320 18320 V ActivityScenario: Activity lifecycle changed event received but ignored because the intent does not match. startActivityIntent=Intent { act=android.intent.action.MAIN cat=[android.intent.category.LAUNCHER] cmp=com.example.dogglers/.VerticalListActivity }, activity.getIntent()=Intent { act=android.intent.action.MAIN cat=[android.intent.category.LAUNCHER] flg=0x10000000 cmp=com.example.dogglers/androidx.test.core.app.InstrumentationActivityInvoker$EmptyActivity }, activity=androidx.test.core.app.InstrumentationActivityInvoker$EmptyActivity@b1c6a83
10-26 10:07:49.101   954  3919 D InputDispatcher: Focused application set to (0): 7d8cfdc
10-26 10:07:49.104   954  1015 D PersonaActivityHelper: Activity not in resumed state, do not run immediate lock
10-26 10:07:49.109   620   620 I Layer   : id=190603 removeFromCurrentState Surface(name=be23078 NavigationBar0)/@0x50010bd - animation-leash of insets_animation#0 (180)
10-26 10:07:49.109   620   620 I Layer   : id=69 removeFromCurrentState be23078 NavigationBar0#0 (180)
10-26 10:07:49.109   620   620 I Layer   : id=79 removeFromCurrentState NavigationBar0$_1348#0 (180)
10-26 10:07:49.109 18320 18355 D OpenGLRenderer: setSurface called with nullptr
10-26 10:07:49.109 18320 18355 D OpenGLRenderer: setSurface() destroyed EGLSurface
10-26 10:07:49.109 18320 18355 D OpenGLRenderer: destroyEglSurface
10-26 10:07:49.109   620   620 I Layer   : id=190602 removeFromCurrentState Surface(name=2fa8401 StatusBar)/@0xf000e26 - animation-leash of insets_animation#0 (180)
10-26 10:07:49.109   620   620 I Layer   : id=76 removeFromCurrentState 2fa8401 StatusBar#0 (180)
10-26 10:07:49.109   620   620 I Layer   : id=84 removeFromCurrentState StatusBar$_1348#0 (180)
10-26 10:07:49.109   620   620 I Layer   : id=76 addToCurrentState 2fa8401 StatusBar#0 (180)
10-26 10:07:49.109   620   620 I Layer   : id=84 addToCurrentState StatusBar$_1348#0 (180)
10-26 10:07:49.109   620   620 I Layer   : id=69 addToCurrentState be23078 NavigationBar0#0 (180)
10-26 10:07:49.109   620   620 I Layer   : id=79 addToCurrentState NavigationBar0$_1348#0 (180)
10-26 10:07:49.109   620   620 I SurfaceFlinger: id=190603 Removed Surface(name=be23078 NavigationBar0)/@0x50010bd - animation-leash of insets_animation#0 (180)
10-26 10:07:49.109   620   620 I SurfaceFlinger: id=190602 Removed Surface(name=2fa8401 StatusBar)/@0xf000e26 - animation-leash of insets_animation#0 (180)
10-26 10:07:49.109   620   620 I Layer   : id=190602 Destroyed Surface(name=2fa8401 StatusBar)/@0xf000e26 - animation-leash of insets_animation#0
10-26 10:07:49.109   620   620 I Layer   : id=190603 Destroyed Surface(name=be23078 NavigationBar0)/@0x50010bd - animation-leash of insets_animation#0
10-26 10:07:49.110   954  3957 V WindowManager: Relayout Window{5ed1a77 u0 com.example.dogglers/androidx.test.core.app.InstrumentationActivityInvoker$EmptyActivity}: viewVisibility=8 req=1080x2280 d0
10-26 10:07:49.110   954  3956 D InputDispatcher: Focus entered window (0): 509045f com.example.dogglers/androidx.test.core.app.InstrumentationActivityInvoker$EmptyActivity
10-26 10:07:49.111   954  3957 V WindowManager: Relayout hash=5ed1a77, pid=18320: mAttrs={(0,0)(fillxfill) sim={adjust=pan forwardNavigation} ty=BASE_APPLICATION wanim=0x1030001
10-26 10:07:49.111   954  3957 V WindowManager:   fl=1810100
10-26 10:07:49.111   954  3957 V WindowManager:   pfl=12020040
10-26 10:07:49.111   954  3957 V WindowManager:   apr=LIGHT_NAVIGATION_BARS
10-26 10:07:49.111   954  3957 V WindowManager:   bhv=DEFAULT
10-26 10:07:49.111   954  3957 V WindowManager:   fitSides= naviIconColor=0
10-26 10:07:49.111   954  3957 V WindowManager:   sfl=100000}
10-26 10:07:49.112 18320 18320 I ViewRootImpl@24aaa7e[InstrumentationActivityInvoker$EmptyActivity]: Relayout returned: old=(0,0,1080,2280) new=(0,0,1080,2280) req=(1080,2280)8 dur=1 res=0x5 s={false 0} ch=false fn=-1
10-26 10:07:49.114   620   620 D SurfaceFlinger: Display 0 HWC layers:
10-26 10:07:49.114   620   620 D SurfaceFlinger:      DEVICE | 0x7843db2970 | 0102 | RGBA_8888    |    0.0    0.0 1080.0 2280.0 |    0    0 1080 2280 | com.example.dogglers/androidx.test.c[...]tivityInvoker$EmptyActivity$_18320#1
10-26 10:07:49.114   620   620 D SurfaceFlinger:      DEVICE | 0x7843da26b0 | 0100 | RGBA_8888    |    0.0    0.0 1080.0  112.0 |    0    0 1080  112 | StatusBar$_1348#0
10-26 10:07:49.114   620   620 D SurfaceFlinger:      DEVICE | 0x7843daab70 | 0100 | RGBA_8888    |    0.0    0.0   67.0  416.0 |    0  814   67 1230 | com.samsung.android.app.cocktailbars[...]arservice.CocktailBarService$_8198#0
10-26 10:07:49.114   620   620 D SurfaceFlinger:      DEVICE | 0x7843da89b0 | 0100 | RGBA_8888    |    0.0    0.0 1080.0  126.0 |    0 2154 1080 2280 | NavigationBar0$_1348#0
10-26 10:07:49.114   620   620 D SurfaceFlinger:
10-26 10:07:49.115 18320 18320 D LifecycleMonitor: Lifecycle status change: androidx.test.core.app.InstrumentationActivityInvoker$EmptyActivity@b1c6a83 in: DESTROYED
10-26 10:07:49.116 18320 18320 V ActivityScenario: Activity lifecycle changed event received but ignored because the intent does not match. startActivityIntent=Intent { act=android.intent.action.MAIN cat=[android.intent.category.LAUNCHER] cmp=com.example.dogglers/.VerticalListActivity }, activity.getIntent()=Intent { act=android.intent.action.MAIN cat=[android.intent.category.LAUNCHER] flg=0x10000000 cmp=com.example.dogglers/androidx.test.core.app.InstrumentationActivityInvoker$EmptyActivity }, activity=androidx.test.core.app.InstrumentationActivityInvoker$EmptyActivity@b1c6a83
10-26 10:07:49.116 30071 30318 I Rubin   : [1169] LoggingEventHelper.notifyUpdatedWithValue(LoggingEventHelper.java:58) : Notify AppUsageLogger's database is updated.
10-26 10:07:49.118 18320 18355 D OpenGLRenderer: setSurface called with nullptr
10-26 10:07:49.118 18320 18320 I ViewRootImpl@24aaa7e[InstrumentationActivityInvoker$EmptyActivity]: dispatchDetachedFromWindow
10-26 10:07:49.118   954  3919 D InputTransport: Input channel destroyed: '5ed1a77', fd=1347
10-26 10:07:49.118   954  3919 W InputManager-JNI: Input channel object '5ed1a77 com.example.dogglers/androidx.test.core.app.InstrumentationActivityInvoker$EmptyActivity (client)' was disposed without first being removed with the input manager!
10-26 10:07:49.118   954  3919 D InputTransport: Input channel destroyed: '5ed1a77', fd=1348
10-26 10:07:49.120 18320 18320 D InputTransport: Input channel destroyed: '5ed1a77', fd=114
10-26 10:07:49.120 30071 30318 I Rubin   : [1169] ExercisingWithCmhMonitor.isSatisfiedByCmh(ExercisingWithCmhMonitor.java:121) : isSatisfiedByCmh is false
10-26 10:07:49.124 18320 18320 D LifecycleMonitor: Lifecycle status change: androidx.test.core.app.InstrumentationActivityInvoker$EmptyActivity@e2eb7d7 in: PAUSED
10-26 10:07:49.124 18320 18320 V ActivityScenario: Activity lifecycle changed event received but ignored because the intent does not match. startActivityIntent=Intent { act=android.intent.action.MAIN cat=[android.intent.category.LAUNCHER] cmp=com.example.dogglers/.VerticalListActivity }, activity.getIntent()=Intent { act=android.intent.action.MAIN cat=[android.intent.category.LAUNCHER] flg=0x10000000 cmp=com.example.dogglers/androidx.test.core.app.InstrumentationActivityInvoker$EmptyActivity }, activity=androidx.test.core.app.InstrumentationActivityInvoker$EmptyActivity@e2eb7d7
10-26 10:07:49.125   620   620 I Layer   : id=190601 removeFromCurrentState com.example.dogglers/androidx.test.core.app.InstrumentationActivityInvoker$EmptyActivity$_18320#0 (178)
10-26 10:07:49.125   954  3919 I SemDvfsHyPerManager: acquire hyper - AMS_APP_HOME/954@32, type = -999
10-26 10:07:49.125   620   620 I Layer   : id=190600 removeFromCurrentState 5ed1a77 com.example.dogglers/androidx.test.core.app.InstrumentationActivityInvoker$EmptyActivity#0 (178)
10-26 10:07:49.125   620   620 I SurfaceFlinger: id=190600 Removed 5ed1a77 com.example.dogglers/androidx.test.core.app.InstrumentationActivityInvoker$EmptyActivity#0 (178)
10-26 10:07:49.126   620   620 I SurfaceFlinger: id=190601 Removed com.example.dogglers/androidx.test.core.app.InstrumentationActivityInvoker$EmptyActivity$_18320#0 (178)
10-26 10:07:49.126   566   611 I HYPER-HAL: [RequestManager.cpp]acquire(): Acquired ID : 486623  [954 / 32]    HINT : AMS_APP_HOME    list :
10-26 10:07:49.126   620   620 I Layer   : id=190600 Destroyed 5ed1a77 com.example.dogglers/androidx.test.core.app.InstrumentationActivityInvoker$EmptyActivity#0
10-26 10:07:49.126   620   620 I Layer   : id=190601 Destroyed com.example.dogglers/androidx.test.core.app.InstrumentationActivityInvoker$EmptyActivity$_18320#0
10-26 10:07:49.126  3825  3825 I SemDvfsHyPerManager: acquire hyper - APP_START_SHORT/3825@14, type = -999
10-26 10:07:49.126 26660 26660 I ViewRootImpl@623994e[LauncherActivity]: handleAppVisibility mAppVisible=false visible=true
10-26 10:07:49.126   954  3957 D InputDispatcher: Focus left window (0): 509045f com.example.dogglers/androidx.test.core.app.InstrumentationActivityInvoker$EmptyActivity
10-26 10:07:49.126   566   611 I HYPER-HAL: [RequestManager.cpp]acquire(): Acquired ID : 7370894  [3825 / 14]    HINT : APP_START    list : [TIMEOUT / 1500]
10-26 10:07:49.127   529   535 E statsd  : Predicate 5980654721335871649 dropping data for dimension key (10)0x2010101->10988[I] (10)0x30000->*launch*[S]
10-26 10:07:49.127   529   535 E statsd  : Predicate -7037417284711607308 dropping data for dimension key (10)0x2010101->10988[I] (10)0x30000->*launch*[S]
10-26 10:07:49.130 18320 18320 I ViewRootImpl@10906e2[InstrumentationActivityInvoker$EmptyActivity]: MSG_WINDOW_FOCUS_CHANGED 0 1
10-26 10:07:49.131 18320 18320 I ViewRootImpl@10906e2[InstrumentationActivityInvoker$EmptyActivity]: MSG_WINDOW_FOCUS_CHANGED 0 1
10-26 10:07:49.131 18320 18346 I TestRunner: finished: vertical_scrolling(com.example.dogglers.VerticalListTests)
