10-26 10:07:45.281   620   620 D SurfaceFlinger:      CLIENT |              | 0000 |  Unknown  |    0.0    0.0    0.0    0.0 |    0    0 1080 2280 | OneUiHome-BlurLayer#0 (backgroundBlurRadius)
10-26 10:07:45.281   620   620 D SurfaceFlinger:      DEVICE | 0x7843da6010 | 0100 | RGBA_8888    |    0.0    0.0 1080.0 2280.0 |    0    0 1080 2280 | com.sec.android.app.launcher/com.sec[...]activities.LauncherActivity$_26660#0
10-26 10:07:45.281   620   620 D SurfaceFlinger:      DEVICE | 0x7843db4d70 | 0102 | RGBA_8888    |    0.0    0.0 1080.0 2280.0 |    9   18 1071 2262 | com.example.dogglers/androidx.test.c[...]tivityInvoker$EmptyActivity$_18320#0
10-26 10:07:45.281   620   620 D SurfaceFlinger:      DEVICE | 0x7843dbb970 | 0100 | RGBA_8888    |    0.0    0.0 1080.0  112.0 |    0    0 1080  112 | StatusBar$_1348#0
10-26 10:07:45.281   620   620 D SurfaceFlinger:      DEVICE | 0x7843daab70 | 0100 | RGBA_8888    |    0.0    0.0   67.0  416.0 |    0  814   67 1230 | com.samsung.android.app.cocktailbars[...]arservice.CocktailBarService$_8198#0
10-26 10:07:45.281   620   620 D SurfaceFlinger:      DEVICE | 0x7843da89b0 | 0100 | RGBA_8888    |    0.0    0.0
10-26 10:07:45.281   620   620 D SurfaceFlinger: 1080.0  126.0 |    0 2154 1080 2280 | NavigationBar0$_1348#0
10-26 10:07:45.281   620   620 D SurfaceFlinger:
10-26 10:07:45.282   566 18614 I HYPER-HAL: [RequestManager.cpp]releaseLocked(): Released ID : 486623
10-26 10:07:45.283 18320 18320 D LifecycleMonitor: Lifecycle status change: androidx.test.core.app.InstrumentationActivityInvoker$EmptyActivity@1b224b3 in: PAUSED
10-26 10:07:45.283 18320 18320 V ActivityScenario: Activity lifecycle changed event received but ignored because the intent does not match. startActivityIntent=Intent { act=android.intent.action.MAIN cat=[android.intent.category.LAUNCHER] cmp=com.example.dogglers/.HorizontalListActivity }, activity.getIntent()=Intent { act=android.intent.action.MAIN cat=[android.intent.category.LAUNCHER] flg=0x10000000 cmp=com.example.dogglers/androidx.test.core.app.InstrumentationActivityInvoker$EmptyActivity }, activity=androidx.test.core.app.InstrumentationActivityInvoker$EmptyActivity@1b224b3
10-26 10:07:45.285   954  3956 D InputDispatcher: Focused application set to (0): 4cd64d6
10-26 10:07:45.288 18320 18320 I ViewRootImpl@8528e6e[InstrumentationActivityInvoker$EmptyActivity]: MSG_WINDOW_FOCUS_CHANGED 1 1
10-26 10:07:45.289 18320 18320 D InputMethodManager: startInputInner - Id : 0
10-26 10:07:45.289 18320 18320 I InputMethodManager: startInputInner - mService.startInputOrWindowGainedFocus
10-26 10:07:45.290   954  3956 D InputMethodManagerServicePhysicalKey: isConnectedDexOnPC false
10-26 10:07:45.290   954  3956 D InputMethodManagerService: isImeSwitcherDisabledPackage : false
10-26 10:07:45.292   954  1015 I SemPersonaManager: SecureFolder personaId = 150
10-26 10:07:45.293   954  3937 D InputDispatcher: Focus left window (0): 91e08bd com.example.dogglers/androidx.test.core.app.InstrumentationActivityInvoker$EmptyActivity
10-26 10:07:45.293 18320 18320 D LifecycleMonitor: Lifecycle status change: androidx.test.core.app.InstrumentationActivityInvoker$EmptyActivity@e93772b in: PRE_ON_CREATE
10-26 10:07:45.294 18320 18320 V ActivityScenario: Activity lifecycle changed event received but ignored because the intent does not match. startActivityIntent=Intent { act=android.intent.action.MAIN cat=[android.intent.category.LAUNCHER] cmp=com.example.dogglers/.HorizontalListActivity }, activity.getIntent()=Intent { act=android.intent.action.MAIN cat=[android.intent.category.LAUNCHER] flg=0x10000000 cmp=com.example.dogglers/androidx.test.core.app.InstrumentationActivityInvoker$EmptyActivity }, activity=androidx.test.core.app.InstrumentationActivityInvoker$EmptyActivity@e93772b
10-26 10:07:45.297   954  1015 D EnterpriseDeviceManagerService: isMdmAdminPresentInternal() : MDM Admin Found - com.samsung.knox.securefolder
10-26 10:07:45.299  8198  8198 I Utils   : HomePackage : com.sec.android.app.launcher, resumePackageName : com.example.dogglers
10-26 10:07:45.302 18320 18320 I DecorView: [INFO] isPopOver=false, config=true
10-26 10:07:45.302 18320 18320 I DecorView: updateCaptionType >> DecorView@33dd521[], isFloating=false, isApplication=true, hasWindowControllerCallback=true, hasWindowDecorCaption=false
10-26 10:07:45.302 18320 18320 D DecorView: setCaptionType = 0, this = DecorView@33dd521[]
10-26 10:07:45.304 18320 18320 I DecorView: getCurrentDensityDpi: from real metrics. densityDpi=420 msg=resources_loaded
10-26 10:07:45.304 18320 18320 D LifecycleMonitor: Lifecycle status change: androidx.test.core.app.InstrumentationActivityInvoker$EmptyActivity@e93772b in: CREATED
10-26 10:07:45.305 18320 18320 V ActivityScenario: Activity lifecycle changed event received but ignored because the intent does not match. startActivityIntent=Intent { act=android.intent.action.MAIN cat=[android.intent.category.LAUNCHER] cmp=com.example.dogglers/.HorizontalListActivity }, activity.getIntent()=Intent { act=android.intent.action.MAIN cat=[android.intent.category.LAUNCHER] flg=0x10000000 cmp=com.example.dogglers/androidx.test.core.app.InstrumentationActivityInvoker$EmptyActivity }, activity=androidx.test.core.app.InstrumentationActivityInvoker$EmptyActivity@e93772b
10-26 10:07:45.306 18320 18320 D LifecycleMonitor: Lifecycle status change: androidx.test.core.app.InstrumentationActivityInvoker$EmptyActivity@e93772b in: STARTED
10-26 10:07:45.306 18320 18320 V ActivityScenario: Activity lifecycle changed event received but ignored because the intent does not match. startActivityIntent=Intent { act=android.intent.action.MAIN cat=[android.intent.category.LAUNCHER] cmp=com.example.dogglers/.HorizontalListActivity }, activity.getIntent()=Intent { act=android.intent.action.MAIN cat=[android.intent.category.LAUNCHER] flg=0x10000000 cmp=com.example.dogglers/androidx.test.core.app.InstrumentationActivityInvoker$EmptyActivity }, activity=androidx.test.core.app.InstrumentationActivityInvoker$EmptyActivity@e93772b
10-26 10:07:45.308 18320 18320 D LifecycleMonitor: Lifecycle status change: androidx.test.core.app.InstrumentationActivityInvoker$EmptyActivity@e93772b in: RESUMED
10-26 10:07:45.308 18320 18320 V ActivityScenario: Activity lifecycle changed event received but ignored because the intent does not match. startActivityIntent=Intent { act=android.intent.action.MAIN cat=[android.intent.category.LAUNCHER] cmp=com.example.dogglers/.HorizontalListActivity }, activity.getIntent()=Intent { act=android.intent.action.MAIN cat=[android.intent.category.LAUNCHER] flg=0x10000000 cmp=com.example.dogglers/androidx.test.core.app.InstrumentationActivityInvoker$EmptyActivity }, activity=androidx.test.core.app.InstrumentationActivityInvoker$EmptyActivity@e93772b
10-26 10:07:45.313   954  3956 D InputTransport: Input channel constructed: 'f3401dc', fd=1361
10-26 10:07:45.313   954  3956 D InputTransport: Input channel constructed: 'f3401dc', fd=1367
10-26 10:07:45.313   954  3956 D InputTransport: Input channel constructed: 'f3401dc', fd=1368
10-26 10:07:45.313   620   642 I SurfaceFlinger: id=190459 createSurf (0x0),-1 flag=80004, f3401dc com.example.dogglers/androidx.test.core.app.InstrumentationActivityInvoker$EmptyActivity#0
10-26 10:07:45.314   954  3956 D InputTransport: Input channel destroyed: 'f3401dc', fd=1368
10-26 10:07:45.316 18320 18320 I ViewRootImpl@c9fd46[InstrumentationActivityInvoker$EmptyActivity]: setView = com.android.internal.policy.DecorView@33dd521 TM=true
10-26 10:07:45.316   954  1054 D AnalyticsContainerHandler: handleMessage : { when=0 what=1 target=com.android.server.knox.KnoxAnalyticsContainer$AnalyticsHandler }
10-26 10:07:45.320   954  3956 V WindowManager: Relayout Window{f3401dc u0 com.example.dogglers/androidx.test.core.app.InstrumentationActivityInvoker$EmptyActivity}: viewVisibility=0 req=1080x2280 d0
10-26 10:07:45.321   620   642 I SurfaceFlinger: id=190460 createSurf (1x1),-3 flag=40004, com.example.dogglers/androidx.test.core.app.InstrumentationActivityInvoker$EmptyActivity$_18320#1
10-26 10:07:45.325   620   642 I SurfaceFlinger: id=190461 createSurf (0x0),-1 flag=24000, Surface(name=2fa8401 StatusBar)/@0xf000e26 - animation-leash of insets_animation#1
10-26 10:07:45.327   620   642 I SurfaceFlinger: id=190462 createSurf (0x0),-1 flag=24000, Surface(name=be23078 NavigationBar0)/@0x50010bd - animation-leash of insets_animation#1
10-26 10:07:45.329   954  3956 V WindowManager: Relayout hash=f3401dc, pid=18320: mAttrs={(0,0)(fillxfill) sim={adjust=pan forwardNavigation} ty=BASE_APPLICATION wanim=0x1030001
10-26 10:07:45.329   954  3956 V WindowManager:   fl=1810100
10-26 10:07:45.329   954  3956 V WindowManager:   pfl=12020040
10-26 10:07:45.329   954  3956 V WindowManager:   apr=LIGHT_NAVIGATION_BARS
10-26 10:07:45.329   954  3956 V WindowManager:   bhv=DEFAULT
10-26 10:07:45.329   954  3956 V WindowManager:   fitSides= naviIconColor=0
10-26 10:07:45.329   954  3956 V WindowManager:   sfl=100000}
10-26 10:07:45.331 18320 18320 I ViewRootImpl@c9fd46[InstrumentationActivityInvoker$EmptyActivity]: Relayout returned: old=(0,0,1080,2280) new=(0,0,1080,2280) req=(1080,2280)0 dur=10 res=0x7 s={true 515080689824} ch=true fn=-1
10-26 10:07:45.333 18320 18355 D OpenGLRenderer: eglCreateWindowSurface
10-26 10:07:45.333 18320 18320 I ViewRootImpl@c9fd46[InstrumentationActivityInvoker$EmptyActivity]: [DP] dp(1) 1 android.view.ViewRootImpl.reportNextDraw:11420 android.view.ViewRootImpl.performTraversals:4193 android.view.ViewRootImpl.doTraversal:2919
10-26 10:07:45.339 18320 18320 I ViewRootImpl@c9fd46[InstrumentationActivityInvoker$EmptyActivity]: [DP] pdf(0) 1 android.view.ViewRootImpl.lambda$addFrameCompleteCallbackIfNeeded$3$ViewRootImpl:4995 android.view.ViewRootImpl$$ExternalSyntheticLambda16.run:6 android.os.Handler.handleCallback:938
10-26 10:07:45.339 18320 18320 I ViewRootImpl@c9fd46[InstrumentationActivityInvoker$EmptyActivity]: [DP] rdf()
10-26 10:07:45.339 18320 18320 D ViewRootImpl@c9fd46[InstrumentationActivityInvoker$EmptyActivity]: reportDrawFinished (fn: -1)
10-26 10:07:45.339 18320 18320 I ViewRootImpl@8528e6e[InstrumentationActivityInvoker$EmptyActivity]: MSG_WINDOW_FOCUS_CHANGED 0 1
10-26 10:07:45.341 18320 18320 D InsetsSourceConsumer: ensureControlAlpha: for ITYPE_NAVIGATION_BAR on com.example.dogglers/androidx.test.core.app.InstrumentationActivityInvoker$EmptyActivity
10-26 10:07:45.341 18320 18320 D InsetsSourceConsumer: ensureControlAlpha: for ITYPE_STATUS_BAR on com.example.dogglers/androidx.test.core.app.InstrumentationActivityInvoker$EmptyActivity
10-26 10:07:45.342   954  1012 I ActivityTaskManager: Displayed com.example.dogglers/androidx.test.core.app.InstrumentationActivityInvoker$EmptyActivity: +69ms
10-26 10:07:45.342   620   620 I Layer   : id=190456 removeFromCurrentState Surface(name=2fa8401 StatusBar)/@0xf000e26 - animation-leash of insets_animation#0 (188)
10-26 10:07:45.343   620   620 I Layer   : id=190457 removeFromCurrentState Surface(name=be23078 NavigationBar0)/@0x50010bd - animation-leash of insets_animation#0 (188)
10-26 10:07:45.343   620   620 I Layer   : id=69 removeFromCurrentState be23078 NavigationBar0#0 (188)
10-26 10:07:45.343   620   620 I Layer   : id=79 removeFromCurrentState NavigationBar0$_1348#0 (188)
10-26 10:07:45.343   620   620 I Layer   : id=69 addToCurrentState be23078 NavigationBar0#0 (188)
10-26 10:07:45.343   620   620 I Layer   : id=79 addToCurrentState NavigationBar0$_1348#0 (188)
10-26 10:07:45.343   620   620 I SurfaceFlinger: id=190456 Removed Surface(name=2fa8401 StatusBar)/@0xf000e26 - animation-leash of insets_animation#0 (188)
10-26 10:07:45.343   620   620 I SurfaceFlinger: id=190457 Removed Surface(name=be23078 NavigationBar0)/@0x50010bd - animation-leash of insets_animation#0 (188)
10-26 10:07:45.343   620   620 I Layer   : id=190456 Destroyed Surface(name=2fa8401 StatusBar)/@0xf000e26 - animation-leash of insets_animation#0
10-26 10:07:45.343   620   620 I Layer   : id=190457 Destroyed Surface(name=be23078 NavigationBar0)/@0x50010bd - animation-leash of insets_animation#0
10-26 10:07:45.344   954  3912 D InputDispatcher: Focus request (0): f3401dc com.example.dogglers/androidx.test.core.app.InstrumentationActivityInvoker$EmptyActivity but waiting because NOT_VISIBLE
10-26 10:07:45.345  2946  2946 E pageboostd: Received HALT command code 2
10-26 10:07:45.347   954  3917 I SemDvfsHyPerManager: acquire hyper - AMS_RESUME_TAIL/954@19, type = -999
10-26 10:07:45.347   954  3917 I SemDvfsHyPerManager: acquire hyper - AMS_ACT_LAZY/954@20, type = -999
10-26 10:07:45.348   566   611 I HYPER-HAL: [RequestManager.cpp]acquire(): Acquired ID : 473870  [954 / 19]    HINT : AMS_RESUME_TAIL    list :
10-26 10:07:45.348   566   611 I HYPER-HAL: [RequestManager.cpp]releaseLocked(): Released ID : 471923
10-26 10:07:45.349   529   535 E statsd  : Predicate 5980654721335871649 dropping data for dimension key (10)0x2010101->10988[I] (10)0x30000->*launch*[S]
10-26 10:07:45.350   529   535 E statsd  : Predicate -7037417284711607308 dropping data for dimension key (10)0x2010101->10988[I] (10)0x30000->*launch*[S]
10-26 10:07:45.352   954  3912 D InputDispatcher: Focused application set to (0): 7d8cfdc
10-26 10:07:45.356   529   535 E statsd  : Predicate 5980654721335871649 dropping data for dimension key (10)0x2010101->10988[I] (10)0x30000->*launch*[S]
10-26 10:07:45.356   529   535 E statsd  : Predicate -7037417284711607308 dropping data for dimension key (10)0x2010101->10988[I] (10)0x30000->*launch*[S]
10-26 10:07:45.360   954  3912 D InputDispatcher: Focus entered window (0): f3401dc com.example.dogglers/androidx.test.core.app.InstrumentationActivityInvoker$EmptyActivity
10-26 10:07:45.362 18320 18355 D OpenGLRenderer: setSurface called with nullptr
10-26 10:07:45.362 18320 18320 D LifecycleMonitor: Lifecycle status change: androidx.test.core.app.InstrumentationActivityInvoker$EmptyActivity@e93772b in: PAUSED
10-26 10:07:45.363 18320 18320 V ActivityScenario: Activity lifecycle changed event received but ignored because the intent does not match. startActivityIntent=Intent { act=android.intent.action.MAIN cat=[android.intent.category.LAUNCHER] cmp=com.example.dogglers/.HorizontalListActivity }, activity.getIntent()=Intent { act=android.intent.action.MAIN cat=[android.intent.category.LAUNCHER] flg=0x10000000 cmp=com.example.dogglers/androidx.test.core.app.InstrumentationActivityInvoker$EmptyActivity }, activity=androidx.test.core.app.InstrumentationActivityInvoker$EmptyActivity@e93772b
10-26 10:07:45.364   620   620 D SurfaceFlinger: Display 0 HWC layers:
10-26 10:07:45.364   620   620 D SurfaceFlinger:      CLIENT | 0x7843db7cb0 | 0100 | RGBx_8888    |  589.0    0.0 1651.0 2240.0 |    0    0 1080 2280 | Wallpaper BBQ wrapper#0
10-26 10:07:45.364   620   620 D SurfaceFlinger:      CLIENT |              | 0000 |  Unknown  |    0.0    0.0    0.0    0.0 |    0    0 1080 2280 | OneUiHome-BlurLayer#0 (backgroundBlurRadius)
10-26 10:07:45.364   620   620 D SurfaceFlinger:      DEVICE | 0x7843da6010 | 0100 | RGBA_8888    |    0.0    0.0 1080.0 2280.0 |    0    0 1080 2280 | com.sec.android.app.launcher/com.sec[...]activities.LauncherActivity$_26660#0
10-26 10:07:45.364   620   620 D SurfaceFlinger:      DEVICE | 0x7843dab470 | 0102 | RGBA_8888    |    0.0    0.0 1080.0 2280.0 |    1    3 1079 2277 | com.example.dogglers/androidx.test.c[...]tivityInvoker$EmptyActivity$_18320#1
10-26 10:07:45.364   620   620 D SurfaceFlinger:      DEVICE | 0x7843dbb970 | 0100 | RGBA_8888    |    0.0    0.0 1080.0  112.0 |    0    0 1080  112 | StatusBar$_1348#0
10-26 10:07:45.364   620   620 D SurfaceFlinger:      DEVICE | 0x7843daab70 | 0100 | RGBA_8888    |    0.0    0.0   67.0  416.0 |    0  814   67 1230 | com.samsung.android.app.cocktailbars[...]arservice.CocktailBarService$_8198#0
10-26 10:07:45.364   620   620 D SurfaceFlinger:      DEVICE | 0x7843db97b0 | 0100 | RGBA_8888    |    0.0    0.0
10-26 10:07:45.364   620   620 D SurfaceFlinger: 1080.0  126.0 |    0 2154 1080 2280 | NavigationBar0$_1348#0
10-26 10:07:45.364   620   620 D SurfaceFlinger:
10-26 10:07:45.367   954  3956 I SemDvfsHyPerManager: acquire hyper - AMS_APP_HOME/954@32, type = -999
10-26 10:07:45.367   566   611 I HYPER-HAL: [RequestManager.cpp]acquire(): Acquired ID : 486623  [954 / 32]    HINT : AMS_APP_HOME    list :
10-26 10:07:45.368 18320 18355 D OpenGLRenderer: setSurface called with nullptr
10-26 10:07:45.368 18320 18355 D OpenGLRenderer: setSurface called with nullptr
10-26 10:07:45.368   529   535 E statsd  : Predicate 5980654721335871649 dropping data for dimension key (10)0x2010101->10988[I] (10)0x30000->*launch*[S]
10-26 10:07:45.368   529   535 E statsd  : Predicate -7037417284711607308 dropping data for dimension key (10)0x2010101->10988[I] (10)0x30000->*launch*[S]
10-26 10:07:45.368 18320 18355 D OpenGLRenderer: setSurface called with nullptr
10-26 10:07:45.369 18320 18355 D OpenGLRenderer: setSurface called with nullptr
10-26 10:07:45.369 18320 18330 D InputTransport: Input channel destroyed: 'ClientS', fd=135
10-26 10:07:45.369 18320 18355 D OpenGLRenderer: setSurface called with nullptr
10-26 10:07:45.369 18320 18355 D OpenGLRenderer: setSurface called with nullptr
10-26 10:07:45.369 18320 18355 D OpenGLRenderer: setSurface called with nullptr
10-26 10:07:45.370 18320 18355 D OpenGLRenderer: setSurface called with nullptr
10-26 10:07:45.371 26660 26660 I ViewRootImpl@623994e[LauncherActivity]: stopped(false) old=false
10-26 10:07:45.371 26660 26660 I Launcher: !@Boot_DEBUG: Launcher.onResume()
10-26 10:07:45.371 26660 26660 I Launcher: !@Boot_EBS_D: Launcher.onResume()
10-26 10:07:45.371 26660 26660 I BaseActivity: addActivityFlags, flags : 18
10-26 10:07:45.371 26660 26660 I BaseActivity: removeActivityFlags, flags : 32
10-26 10:07:45.371 26660 26660 I AppsSearchBar: restoreCurrentCellLayoutAlpha: null
10-26 10:07:45.371 26660 26660 W PageOverlayMover: isMoving : false
10-26 10:07:45.371 26660 26792 I IMM_LC  : hsifw() - flags=0, caller=android.view.inputmethod.InputMethodManager.hideSoftInputFromWindow:1846 android.view.inputmethod.InputMethodManager.hideSoftInputFromWindow:1815 com.android.launcher3.util.UiThreadHelper$UiCallbacks.handleMessage:103 android.os.Handler.dispatchMessage:102 android.os.Looper.loopOnce:226
10-26 10:07:45.371 26660 26792 I IMM_LC  : hideSoftInputFromWindow - mService.hideSoftInput
10-26 10:07:45.372  3825  3825 I SemDvfsHyPerManager: acquire hyper - APP_START_SHORT/3825@14, type = -999
10-26 10:07:45.372   566   611 I HYPER-HAL: [RequestManager.cpp]acquire(): Acquired ID : 7370894  [3825 / 14]    HINT : APP_START    list : [TIMEOUT / 1500]
10-26 10:07:45.372 26660 26660 I DecorView: notifyKeepScreenOnChanged: keepScreenOn=false
10-26 10:07:45.373 18320 18355 D OpenGLRenderer: setSurface called with nullptr
10-26 10:07:45.373 26660 27115 I Launcher: DisplayMetrics from Resources : DisplayMetrics{density=2.625, width=1080, height=2042, scaledDensity=2.8875, xdpi=415.63577, ydpi=413.6565}
10-26 10:07:45.373 26660 27115 I Launcher: realMetrics from Wm : DisplayMetrics{density=2.625, width=1080, height=2280, scaledDensity=2.625, xdpi=415.63577, ydpi=413.6565}
10-26 10:07:45.373 26660 27115 I Launcher: DeviceProfile, isLand : false, isMultiWin :false, availableWidthPx : 1080, availableHeightPx : 2154
10-26 10:07:45.373 26660 26660 I Launcher: setWallpaperOffsets
10-26 10:07:45.373   620  2717 I SurfaceFlinger: id=190463 createSurf (0x0),-1 flag=24000, Surface(name=Task=30242)/@0xb5aa8b5 - animation-leash of app_transition#1
10-26 10:07:45.373 26660 26660 I BaseActivity: addActivityFlags, flags : 4
10-26 10:07:45.373 26660 26660 I Launcher: onDeferredResumed
10-26 10:07:45.373 26660 26660 W Launcher.NotificationListener: setNotificationsChangedListener connected : true
10-26 10:07:45.373 26660 26660 I BadgeCountUpdaterImpl: onNotificationsChangedConnected
10-26 10:07:45.373 26660 26660 I Launcher.NotificationListener: onNotificationFullRefresh
10-26 10:07:45.373 26660 26660 W LauncherAppWidgetHost: setShouldListenFlag, mFlags:7 flag:resume on:true isFront:false
10-26 10:07:45.374 18320 18355 D OpenGLRenderer: setSurface called with nullptr
10-26 10:07:45.374 18320 18330 D InputTransport: Input channel destroyed: 'ClientS', fd=142
10-26 10:07:45.374 18320 18355 D OpenGLRenderer: setSurface called with nullptr
10-26 10:07:45.375 18320 18355 D OpenGLRenderer: setSurface called with nullptr
10-26 10:07:45.375 18320 18355 D OpenGLRenderer: setSurface called with nullptr
10-26 10:07:45.375 18320 18355 D OpenGLRenderer: setSurface called with nullptr
10-26 10:07:45.375   620   642 I SurfaceFlinger: id=190464 createSurf (0x0),-1 flag=24004, Surface(name=Task=1)/@0x4cdbfdb - animation-leash of app_transition#1
10-26 10:07:45.376 26660 26793 I Launcher.NotificationListener: Full refresh isConnected : true active size : 0
10-26 10:07:45.376 18320 18355 D OpenGLRenderer: setSurface called with nullptr
10-26 10:07:45.377   954  3917 D InputDispatcher: Focus left window (0): f3401dc com.example.dogglers/androidx.test.core.app.InstrumentationActivityInvoker$EmptyActivity
10-26 10:07:45.377 18320 18355 D OpenGLRenderer: setSurface called with nullptr
10-26 10:07:45.377 18320 18330 D InputTransport: Input channel destroyed: 'ClientS', fd=138
10-26 10:07:45.377 18320 18355 D OpenGLRenderer: setSurface called with nullptr
10-26 10:07:45.378  3968  4041 D KnoxHelper: getActivityList callingUserId: 0, target user: 0
10-26 10:07:45.378   620   642 I SurfaceFlinger: id=190465 createSurf (0x0),-1 flag=24000, Surface(name=WallpaperWindowToken{811eee0 token=android.os.Binder@7a05c9d})/@0xd37415d - animation-leash of window_animation#0
10-26 10:07:45.378 18320 18355 D OpenGLRenderer: setSurface called with nullptr
10-26 10:07:45.378 18320 18355 D OpenGLRenderer: setSurface called with nullptr
10-26 10:07:45.379 18320 18330 D InputTransport: Input channel destroyed: 'ClientS', fd=121
10-26 10:07:45.379 18320 18355 D OpenGLRenderer: setSurface called with nullptr
10-26 10:07:45.379  3968  4041 D KnoxHelper: getActivityList callingUserId: 0, target user: 0
10-26 10:07:45.379 18320 18355 D OpenGLRenderer: setSurface called with nullptr
10-26 10:07:45.379 18320 18355 D OpenGLRenderer: setSurface called with nullptr
10-26 10:07:45.380 18320 18330 D InputTransport: Input channel destroyed: 'ClientS', fd=127
10-26 10:07:45.380 18320 18355 D OpenGLRenderer: setSurface called with nullptr
10-26 10:07:45.380  3968  4041 D KnoxHelper: getActivityList callingUserId: 0, target user: 0
10-26 10:07:45.380 18320 18355 D OpenGLRenderer: setSurface called with nullptr
10-26 10:07:45.381 18320 18330 D InputTransport: Input channel destroyed: 'ClientS', fd=141
10-26 10:07:45.381 18320 18355 D OpenGLRenderer: setSurface called with nullptr
10-26 10:07:45.381 18320 18330 D InputTransport: Input channel destroyed: 'ClientS', fd=132
10-26 10:07:45.381  3968  4041 D KnoxHelper: getActivityList callingUserId: 0, target user: 0
10-26 10:07:45.381 18320 18355 D OpenGLRenderer: setSurface called with nullptr
10-26 10:07:45.381 18320 18355 D OpenGLRenderer: setSurface called with nullptr
10-26 10:07:45.382  3968  4041 D KnoxHelper: getActivityList callingUserId: 0, target user: 0
10-26 10:07:45.382 18320 18330 D InputTransport: Input channel destroyed: 'ClientS', fd=92
10-26 10:07:45.382 18320 18330 D InputTransport: Input channel destroyed: 'ClientS', fd=158
10-26 10:07:45.382 18320 18355 D OpenGLRenderer: setSurface called with nullptr
10-26 10:07:45.382 18320 18355 D OpenGLRenderer: setSurface called with nullptr
10-26 10:07:45.382 18320 18330 D InputTransport: Input channel destroyed: 'ClientS', fd=96
10-26 10:07:45.383 18320 18355 D OpenGLRenderer: setSurface called with nullptr
10-26 10:07:45.383 18320 18355 D OpenGLRenderer: setSurface called with nullptr
10-26 10:07:45.383 18320 18330 D InputTransport: Input channel destroyed: 'ClientS', fd=89
10-26 10:07:45.383 18320 18330 D InputTransport: Input channel destroyed: 'ClientS', fd=155
10-26 10:07:45.383 18320 18355 D OpenGLRenderer: setSurface called with nullptr
10-26 10:07:45.383  3968  4041 D KnoxHelper: getActivityList callingUserId: 0, target user: 0
10-26 10:07:45.383 18320 18355 D OpenGLRenderer: setSurface called with nullptr
10-26 10:07:45.383 18320 18330 D InputTransport: Input channel destroyed: 'ClientS', fd=131
10-26 10:07:45.384 18320 18355 D OpenGLRenderer: setSurface called with nullptr
10-26 10:07:45.384 18320 18355 D OpenGLRenderer: setSurface called with nullptr
10-26 10:07:45.384 18320 18355 D OpenGLRenderer: setSurface called with nullptr
10-26 10:07:45.384 18320 18355 D OpenGLRenderer: setSurface called with nullptr
10-26 10:07:45.384 18320 18330 D InputTransport: Input channel destroyed: 'ClientS', fd=108
10-26 10:07:45.385 18320 18355 D OpenGLRenderer: setSurface called with nullptr
10-26 10:07:45.385  3968  4041 D KnoxHelper: getActivityList callingUserId: 0, target user: 0
10-26 10:07:45.385 18320 18355 D OpenGLRenderer: setSurface called with nullptr
10-26 10:07:45.386  3968  4041 D KnoxHelper: getActivityList callingUserId: 0, target user: 0
10-26 10:07:45.386  3968  4041 D KnoxHelper: getActivityList callingUserId: 0, target user: 0
10-26 10:07:45.387  3968  4041 D KnoxHelper: getActivityList callingUserId: 0, target user: 0
10-26 10:07:45.387  3968  4041 D KnoxHelper: getActivityList callingUserId: 0, target user: 0
10-26 10:07:45.388  3968  4041 D KnoxHelper: getActivityList callingUserId: 0, target user: 0
10-26 10:07:45.388  3968  4041 D KnoxHelper: getActivityList callingUserId: 0, target user: 0
10-26 10:07:45.389  3968  4041 D KnoxHelper: getActivityList callingUserId: 0, target user: 0
10-26 10:07:45.389  3968  4041 D KnoxHelper: getActivityList callingUserId: 0, target user: 0
10-26 10:07:45.389   620   620 I Layer   : id=190466 Destroyed Screenshot Parent
10-26 10:07:45.390  3968  4041 D KnoxHelper: getActivityList callingUserId: 0, target user: 0
10-26 10:07:45.390  3968  4041 D KnoxHelper: getActivityList callingUserId: 0, target user: 0
10-26 10:07:45.391  3968  4041 D KnoxHelper: getActivityList callingUserId: 0, target user: 0
10-26 10:07:45.392  3968  4041 D KnoxHelper: getActivityList callingUserId: 0, target user: 0
10-26 10:07:45.393   620   642 I SurfaceFlinger: id=190467 createSurf (0x0),-1 flag=24000, Surface(name=2fa8401 StatusBar)/@0xf000e26 - animation-leash of insets_animation#0
10-26 10:07:45.394   620   642 I SurfaceFlinger: id=190468 createSurf (0x0),-1 flag=24000, Surface(name=be23078 NavigationBar0)/@0x50010bd - animation-leash of insets_animation#0
10-26 10:07:45.395  3968  4041 D KnoxHelper: getActivityList callingUserId: 0, target user: 0
10-26 10:07:45.396  1348  1348 D NavigationBar: onSystemBarAttributesChanged() -  displayId:0, appearance:0, navbarColorManagedByIme:false
10-26 10:07:45.396  1348  1348 V Navbar.Store: handleEvent [EventType] GET_BOOL_REGION_SAMPLING_ENABLED [Module] LightBarController  KEYS_DEFAULT=false
10-26 10:07:45.396  1348  1348 V Navbar.Store: --[Band]COLOR_PACK_GET_REGION_SAMPLING_ENABLED
10-26 10:07:45.396  1348  1348 V Navbar.Store: ----getValue(BOOL_REGION_SAMPLING_ENABLED)=false
10-26 10:07:45.396   954  3956 D WindowManager: RemoteAnimationController::onAnimationStart, animations=[Landroid.view.RemoteAnimationTarget;@5e99a0c
10-26 10:07:45.397  3968  4041 D KnoxHelper: getActivityList callingUserId: 0, target user: 0
10-26 10:07:45.397 26660 26687 I LauncherAnimationRunner: onAnimationStart, appTargets : [Lcom.android.systemui.shared.system.RemoteAnimationTargetCompat;@7882f29 mStartAtFrontOfQueue : false
10-26 10:07:45.397 18320 18320 I ViewRootImpl@c9fd46[InstrumentationActivityInvoker$EmptyActivity]: MSG_WINDOW_FOCUS_CHANGED 0 1
10-26 10:07:45.398   954  1528 V WindowManager: Relayout Window{4ad90e6 u0 com.sec.android.app.launcher/com.sec.android.app.launcher.activities.LauncherActivity}: viewVisibility=0 req=1080x2280 d0
10-26 10:07:45.398 18320 18320 I ViewRootImpl@c9fd46[InstrumentationActivityInvoker$EmptyActivity]: MSG_WINDOW_FOCUS_CHANGED 0 1
10-26 10:07:45.398   954  1054 D AnalyticsContainerHandler: handleMessage : { when=0 what=1 target=com.android.server.knox.KnoxAnalyticsContainer$AnalyticsHandler }
10-26 10:07:45.399  3968  4041 D KnoxHelper: getActivityList callingUserId: 0, target user: 0
10-26 10:07:45.399   954  1528 V WindowManager: Relayout hash=4ad90e6, pid=26660: mAttrs={(0,0)(fillxfill) sim={adjust=nothing} layoutInDisplayCutoutMode=shortEdges ty=BASE_APPLICATION fmt=TRANSPARENT wanim=0x10302f2
10-26 10:07:45.399   954  1528 V WindowManager:   fl=81910100
10-26 10:07:45.399   954  1528 V WindowManager:   pfl=1e020040
10-26 10:07:45.399   954  1528 V WindowManager:   vsysui=1700
10-26 10:07:45.399   954  1528 V WindowManager:   bhv=SHOW_TRANSIENT_BARS_BY_SWIPE
10-26 10:07:45.399   954  1528 V WindowManager:   fitSides= screenDimDuration=100000 naviIconColor=0}
10-26 10:07:45.399 26660 26687 I TouchInteractionService: onSystemUiStateChanged, stateFlags : 0
10-26 10:07:45.400 26660 26660 I ViewRootImpl@623994e[LauncherActivity]: Relayout returned: old=(0,0,1080,2280) new=(0,0,1080,2280) req=(1080,2280)0 dur=23 res=0x1 s={true 515082128624} ch=false fn=27
10-26 10:07:45.400 26660 26660 I PopupDataProvider: onNotificationFullRefresh prev dotInfoSize : 0
10-26 10:07:45.400 26660 26660 I QuickstepTransition: WallpaperOpenLauncherAnimationRunner, onCreateAnimation
10-26 10:07:45.400 26660 26660 W AppTransitionAnimatorImpl: closing animation without icon
10-26 10:07:45.401 26660 26660 I AppTransitionAnimatorImpl: window bounds: Rect(0, 0 - 1080, 2280), target bounds: RectF(0.0, 0.0, 1080.0, 2280.0)
10-26 10:07:45.401  3968  4041 D KnoxHelper: getActivityList callingUserId: 0, target user: 0
10-26 10:07:45.401 26660 26660 W AppTransitionAnimatorImpl: onAnimationStart - APP OUT
10-26 10:07:45.401 26660 26660 I TouchInteractionService: onSystemUiFlagsChanged, userUnlocked
10-26 10:07:45.401  3968  4041 D KnoxHelper: getActivityList callingUserId: 0, target user: 0
10-26 10:07:45.402  3968  4041 D KnoxHelper: getActivityList callingUserId: 0, target user: 0
10-26 10:07:45.405 26660 26792 I SPayUpdater: updateSpayHandler, show = false, defaultPage = false
10-26 10:07:45.405 26660 26792 I LiveIconUpdateEventHandler: LiveIcon Init
10-26 10:07:45.406 26660 26792 I LiveIconUpdateEventHandler: registerDateChangedReceiver
10-26 10:07:45.409   954  1015 I SemPersonaManager: SecureFolder personaId = 150
10-26 10:07:45.409   620   620 I Layer   : id=190439 removeFromCurrentState Surface(name=Task=1)/@0x4cdbfdb - animation-leash of app_transition#0 (191)
10-26 10:07:45.409   620   620 I Layer   : id=51 removeFromCurrentState Task=1#0 (191)
10-26 10:07:45.409   620   620 I Layer   : id=103 removeFromCurrentState Task=28634#0 (191)
10-26 10:07:45.409   620   620 I Layer   : id=104 removeFromCurrentState ActivityRecord{7d8cfdc u0 com.sec.android.app.launcher/.activities.LauncherActivity t28634}#0 (191)
10-26 10:07:45.409   620   620 I Layer   : id=57860 removeFromCurrentState 4ad90e6 com.sec.android.app.launcher/com.sec.android.app.launcher.activities.LauncherActivity#0 (191)
10-26 10:07:45.409   620   620 I Layer   : id=190425 removeFromCurrentState com.sec.android.app.launcher/com.sec.android.app.launcher.activities.LauncherActivity$_26660#0 (191)
10-26 10:07:45.409   620   620 I Layer   : id=190428 removeFromCurrentState OneUiHome-BlurLayer#0 (191)
10-26 10:07:45.410   620   620 I Layer   : id=190440 removeFromCurrentState Surface(name=Task=30242)/@0xb5aa8b5 - animation-leash of app_transition#0 (191)
10-26 10:07:45.410   620   620 I Layer   : id=51 addToCurrentState Task=1#0 (191)
10-26 10:07:45.410   620   620 I Layer   : id=103 addToCurrentState Task=28634#0 (191)
10-26 10:07:45.410   620   620 I Layer   : id=104 addToCurrentState ActivityRecord{7d8cfdc u0 com.sec.android.app.launcher/.activities.LauncherActivity t28634}#0 (191)
10-26 10:07:45.410   620   620 I Layer   : id=57860 addToCurrentState 4ad90e6 com.sec.android.app.launcher/com.sec.android.app.launcher.activities.LauncherActivity#0 (191)
10-26 10:07:45.410   620   620 I Layer   : id=190425 addToCurrentState com.sec.android.app.launcher/com.sec.android.app.launcher.activities.LauncherActivity$_26660#0 (191)
10-26 10:07:45.410   620   620 I Layer   : id=190428 addToCurrentState OneUiHome-BlurLayer#0 (191)
10-26 10:07:45.410   620   620 I Layer   : id=190461 removeFromCurrentState Surface(name=2fa8401 StatusBar)/@0xf000e26 - animation-leash of insets_animation#1 (191)
10-26 10:07:45.410   620   620 I Layer   : id=190462 removeFromCurrentState Surface(name=be23078 NavigationBar0)/@0x50010bd - animation-leash of insets_animation#1 (191)
10-26 10:07:45.410   620   620 I SurfaceFlinger: id=190439 Removed Surface(name=Task=1)/@0x4cdbfdb - animation-leash of app_transition#0 (191)
10-26 10:07:45.410   620   620 I SurfaceFlinger: id=190440 Removed Surface(name=Task=30242)/@0xb5aa8b5 - animation-leash of app_transition#0 (191)
10-26 10:07:45.410   620   620 I SurfaceFlinger: id=190461 Removed Surface(name=2fa8401 StatusBar)/@0xf000e26 - animation-leash of insets_animation#1 (191)
10-26 10:07:45.410   620   620 I SurfaceFlinger: id=190462 Removed Surface(name=be23078 NavigationBar0)/@0x50010bd - animation-leash of insets_animation#1 (191)
10-26 10:07:45.410  2946  2946 E pageboostd: Received HALT command code 2
10-26 10:07:45.410   620   620 I Layer   : id=190439 Destroyed Surface(name=Task=1)/@0x4cdbfdb - animation-leash of app_transition#0
10-26 10:07:45.410   620   620 I Layer   : id=190440 Destroyed Surface(name=Task=30242)/@0xb5aa8b5 - animation-leash of app_transition#0
10-26 10:07:45.410   620   620 I Layer   : id=190461 Destroyed Surface(name=2fa8401 StatusBar)/@0xf000e26 - animation-leash of insets_animation#1
10-26 10:07:45.410   620   620 I Layer   : id=190462 Destroyed Surface(name=be23078 NavigationBar0)/@0x50010bd - animation-leash of insets_animation#1
10-26 10:07:45.411  3968  4041 D KnoxHelper: getActivityList callingUserId: 0, target user: 0
10-26 10:07:45.412  3968  4041 D KnoxHelper: getActivityList callingUserId: 0, target user: 0
10-26 10:07:45.413 26660 27022 I ViewRootImpl@623994e[LauncherActivity]: mWNT: t = android.view.SurfaceControl$Transaction@4259a61 fN = 27 com.android.systemui.shared.system.ViewRootImplCompat.mergeWithNextTransaction:62 com.android.quickstep.util.SurfaceTransactionApplier.lambda$scheduleApply$0$SurfaceTransactionApplier:94 com.android.quickstep.util.-$$Lambda$SurfaceTransactionApplier$Xj9m0ayWHIr2xvQnKB4EJdxg8RU.accept:6
10-26 10:07:45.413 26660 27022 I ViewRootImpl@623994e[LauncherActivity]: mWNT: merge t to BBQ
10-26 10:07:45.413 26660 27022 I ViewRootImpl@623994e[LauncherActivity]: mWNT: t = android.view.SurfaceControl$Transaction@1127986 fN = 27 com.android.systemui.shared.system.ViewRootImplCompat.mergeWithNextTransaction:62 com.android.quickstep.util.SurfaceTransactionApplier.lambda$scheduleApply$0$SurfaceTransactionApplier:94 com.android.quickstep.util.-$$Lambda$SurfaceTransactionApplier$Xj9m0ayWHIr2xvQnKB4EJdxg8RU.accept:6
10-26 10:07:45.413 26660 27022 I ViewRootImpl@623994e[LauncherActivity]: mWNT: merge t to BBQ
10-26 10:07:45.413 26660 27022 I ViewRootImpl@623994e[LauncherActivity]: mWNT: t = android.view.SurfaceControl$Transaction@988c247 fN = 27 com.android.systemui.shared.system.ViewRootImplCompat.mergeWithNextTransaction:62 com.android.quickstep.util.SurfaceTransactionApplier.lambda$scheduleApply$0$SurfaceTransactionApplier:94 com.android.quickstep.util.-$$Lambda$SurfaceTransactionApplier$Xj9m0ayWHIr2xvQnKB4EJdxg8RU.accept:6
10-26 10:07:45.413 26660 27022 I ViewRootImpl@623994e[LauncherActivity]: mWNT: merge t to BBQ
10-26 10:07:45.414   954  1015 D EnterpriseDeviceManagerService: isMdmAdminPresentInternal() : MDM Admin Found - com.samsung.knox.securefolder
10-26 10:07:45.414   620   620 D SurfaceFlinger: Display 0 HWC layers:
10-26 10:07:45.414   620   620 D SurfaceFlinger:      DEVICE | 0x7843dab470 | 0102 | RGBA_8888    |    0.0    0.0 1080.0 2280.0 |    0    0 1080 2280 | com.example.dogglers/androidx.test.c[...]tivityInvoker$EmptyActivity$_18320#1
10-26 10:07:45.414   620   620 D SurfaceFlinger:      DEVICE | 0x7843dbb970 | 0100 | RGBA_8888    |    0.0    0.0 1080.0  112.0 |    0    0 1080  112 | StatusBar$_1348#0
10-26 10:07:45.414   620   620 D SurfaceFlinger:      DEVICE | 0x7843daab70 | 0100 | RGBA_8888    |    0.0    0.0   67.0  416.0 |    0  814   67 1230 | com.samsung.android.app.cocktailbars[...]arservice.CocktailBarService$_8198#0
10-26 10:07:45.414   620   620 D SurfaceFlinger:      DEVICE | 0x7843db97b0 | 0100 | RGBA_8888    |    0.0    0.0 1080.0  126.0 |    0 2154 1080 2280 | NavigationBar0$_1348#0
10-26 10:07:45.414   620   620 D SurfaceFlinger:
10-26 10:07:45.414  3968  4041 D KnoxHelper: getActivityList callingUserId: 0, target user: 0
10-26 10:07:45.417  3968  4041 D KnoxHelper: getActivityList callingUserId: 0, target user: 0
10-26 10:07:45.417  8198  8198 I Utils   : HomePackage : com.sec.android.app.launcher, resumePackageName : com.sec.android.app.launcher
10-26 10:07:45.420 26660 26792 I LiveIconUpdateEventHandler: cancelDateChangeAlarm
10-26 10:07:45.421  3968  4041 D KnoxHelper: getActivityList callingUserId: 0, target user: 0
10-26 10:07:45.421  3968  4041 D KnoxHelper: getActivityList callingUserId: 0, target user: 0
10-26 10:07:45.422  3968  4041 D KnoxHelper: getActivityList callingUserId: 0, target user: 0
10-26 10:07:45.422  3968  4041 D KnoxHelper: getActivityList callingUserId: 0, target user: 0
10-26 10:07:45.423  3968  4041 D KnoxHelper: getActivityList callingUserId: 0, target user: 0
10-26 10:07:45.423 26660 26792 I LiveIconUpdateEventHandler: setDateChangeAlarm
10-26 10:07:45.424 26660 26792 I LiveIconUpdateEventHandler: cancelMinuteChangeAlarm
10-26 10:07:45.424  3968  4041 D KnoxHelper: getActivityList callingUserId: 0, target user: 0
10-26 10:07:45.424 26660 26792 I LiveIconUpdateEventHandler: setMinuteChangeAlarm
10-26 10:07:45.424 26660 26792 I LiveIconUpdateEventHandler: Initialized
10-26 10:07:45.425  3968  4041 D KnoxHelper: getActivityList callingUserId: 0, target user: 0
10-26 10:07:45.426  3968  4041 D KnoxHelper: getActivityList callingUserId: 0, target user: 0
10-26 10:07:45.427 26660 27021 I ViewRootImpl@623994e[LauncherActivity]: mWNT: t = android.view.SurfaceControl$Transaction@4568a74 fN = 28 com.android.systemui.shared.system.ViewRootImplCompat.mergeWithNextTransaction:62 com.android.quickstep.util.SurfaceTransactionApplier.lambda$scheduleApply$0$SurfaceTransactionApplier:94 com.android.quickstep.util.-$$Lambda$SurfaceTransactionApplier$Xj9m0ayWHIr2xvQnKB4EJdxg8RU.accept:6
10-26 10:07:45.427 26660 27021 I ViewRootImpl@623994e[LauncherActivity]: mWNT: merge t to BBQ
10-26 10:07:45.427  3968  4041 D KnoxHelper: getActivityList callingUserId: 0, target user: 0
10-26 10:07:45.429  3968  4041 D KnoxHelper: getActivityList callingUserId: 0, target user: 0
10-26 10:07:45.429  3968  4041 D KnoxHelper: getActivityList callingUserId: 0, target user: 0
10-26 10:07:45.430 26660 26793 W QuickstepModelDelegate: handleUpdate targets : 9
10-26 10:07:45.432   620   620 D SurfaceFlinger: Display 0 HWC layers:
10-26 10:07:45.432   620   620 D SurfaceFlinger:      CLIENT | 0x7843db7cb0 | 0100 | RGBx_8888    |  589.0    0.0 1651.0 2240.0 |    0    0 1080 2280 | Wallpaper BBQ wrapper#0
10-26 10:07:45.432   620   620 D SurfaceFlinger:      CLIENT |              | 0000 |  Unknown  |    0.0    0.0    0.0    0.0 |    0    0 1080 2280 | OneUiHome-BlurLayer#0 (backgroundBlurRadius)
10-26 10:07:45.432   620   620 D SurfaceFlinger:      CLIENT | 0x7843d96e30 | 0100 | RGBA_8888    |    0.0    0.0 1080.0 2280.0 |    0    0 1080 2280 | com.sec.android.app.launcher/com.sec[...]activities.LauncherActivity$_26660#0
10-26 10:07:45.432   620   620 D SurfaceFlinger:      CLIENT | 0x7843db3030 | 0102 | RGBA_8888    |    0.0    0.0 1080.0 2280.0 |    0    0 1080 2280 | com.example.dogglers/com.example.dogglers.HorizontalListActivity$_18320#0
10-26 10:07:45.432   620   620 D SurfaceFlinger:      CLIENT | 0x7843db4d70 | 0102 | RGBA_8888    |    0.0    0.0 1080.0 2280.0 |    0    0 1080 2280 | com.example.dogglers/androidx.test.c[...]tivityInvoker$EmptyActivity$_18320#0
10-26 10:07:45.432   620   620 D SurfaceFlinger:      CLIENT | 0x7843dab470 | 0102 | RGBA_8888    |    0.0    0.0 1080.0 2280.0 |    0    0 1080 2280 | com.example.dogglers/androidx.test.c[...]tivityInvoker$EmptyActivity$_18320#1
10-26 10:07:45.432   620   620 D SurfaceFlinger:      DEVI
10-26 10:07:45.432   620   620 D SurfaceFlinger: CE | 0x7843dbb970 | 0100 | RGBA_8888    |    0.0    0.0 1080.0  112.0 |    0    0 1080  112 | StatusBar$_1348#0
10-26 10:07:45.432   620   620 D SurfaceFlinger:      DEVICE | 0x7843daab70 | 0100 | RGBA_8888    |    0.0    0.0   67.0  416.0 |    0  814   67 1230 | com.samsung.android.app.cocktailbars[...]arservice.CocktailBarService$_8198#0
10-26 10:07:45.432   620   620 D SurfaceFlinger:      DEVICE | 0x7843da89b0 | 0100 | RGBA_8888    |    0.0    0.0 1080.0  126.0 |    0 2154 1080 2280 | NavigationBar0$_1348#0
10-26 10:07:45.432   620   620 D SurfaceFlinger:
10-26 10:07:45.434 26660 26660 W SuggestedAppsViewImpl: pending predictedApps : 9, alpha: 0.0, overview: false
10-26 10:07:45.444 26660 27022 I ViewRootImpl@623994e[LauncherActivity]: mWNT: t = android.view.SurfaceControl$Transaction@ca812 fN = 29 com.android.systemui.shared.system.ViewRootImplCompat.mergeWithNextTransaction:62 com.android.quickstep.util.SurfaceTransactionApplier.lambda$scheduleApply$0$SurfaceTransactionApplier:94 com.android.quickstep.util.-$$Lambda$SurfaceTransactionApplier$Xj9m0ayWHIr2xvQnKB4EJdxg8RU.accept:6
10-26 10:07:45.444 26660 27022 I ViewRootImpl@623994e[LauncherActivity]: mWNT: merge t to BBQ
10-26 10:07:45.460 26660 27021 I ViewRootImpl@623994e[LauncherActivity]: mWNT: t = android.view.SurfaceControl$Transaction@853be3 fN = 30 com.android.systemui.shared.system.ViewRootImplCompat.mergeWithNextTransaction:62 com.android.quickstep.util.SurfaceTransactionApplier.lambda$scheduleApply$0$SurfaceTransactionApplier:94 com.android.quickstep.util.-$$Lambda$SurfaceTransactionApplier$Xj9m0ayWHIr2xvQnKB4EJdxg8RU.accept:6
10-26 10:07:45.460 26660 27021 I ViewRootImpl@623994e[LauncherActivity]: mWNT: merge t to BBQ
10-26 10:07:45.472 26660  4876 I RecentModel: onTaskStackChangedBackground
10-26 10:07:45.473 26660  4876 I RecentTasksList: getTaskKeys, numTasks :3 callback : com.android.quickstep.-$$Lambda$RecentsModel$k1Mm-BV64Bc89eJHYugywZmW_Js@58bd9e0
10-26 10:07:45.474 26660 26792 I RecentTasksList: loadTasksInBackground() task id : 30071
10-26 10:07:45.474 26660 26792 I RecentTasksList: loadTasksInBackground() task id : 30058
10-26 10:07:45.474 26660 26792 I RecentTasksList: loadTasksInBackground() task id : 30242
10-26 10:07:45.474  3825  4192 I SemDvfsHyPerManager: acquire hyper - BaseTABoost/3825@21, type = 1090523139
10-26 10:07:45.474  3825  4192 I SemDvfsHyPerManager: acquire hyper - BaseTAToouchBoost/3825@23, type = 1090523139
10-26 10:07:45.475   566   611 I HYPER-HAL: [RequestManager.cpp]acquire(): Acquired ID : 7397802  [3825 / 21]    HINT :      list : [TABoost / 5]
10-26 10:07:45.475   566   611 I HYPER-HAL: [RequestManager.cpp]acquire(): Acquired ID : 7405499  [3825 / 23]    HINT :      list : [TABoost / 20] [TIMEOUT / 1500]
10-26 10:07:45.477 26660 27022 I ViewRootImpl@623994e[LauncherActivity]: mWNT: t = android.view.SurfaceControl$Transaction@c2e3499 fN = 31 com.android.systemui.shared.system.ViewRootImplCompat.mergeWithNextTransaction:62 com.android.quickstep.util.SurfaceTransactionApplier.lambda$scheduleApply$0$SurfaceTransactionApplier:94 com.android.quickstep.util.-$$Lambda$SurfaceTransactionApplier$Xj9m0ayWHIr2xvQnKB4EJdxg8RU.accept:6
10-26 10:07:45.477 26660 27022 I ViewRootImpl@623994e[LauncherActivity]: mWNT: merge t to BBQ
10-26 10:07:45.494 26660 27021 I ViewRootImpl@623994e[LauncherActivity]: mWNT: t = android.view.SurfaceControl$Transaction@b09335e fN = 32 com.android.systemui.shared.system.ViewRootImplCompat.mergeWithNextTransaction:62 com.android.quickstep.util.SurfaceTransactionApplier.lambda$scheduleApply$0$SurfaceTransactionApplier:94 com.android.quickstep.util.-$$Lambda$SurfaceTransactionApplier$Xj9m0ayWHIr2xvQnKB4EJdxg8RU.accept:6
10-26 10:07:45.494 26660 27021 I ViewRootImpl@623994e[LauncherActivity]: mWNT: merge t to BBQ
10-26 10:07:45.511 26660 27022 I ViewRootImpl@623994e[LauncherActivity]: mWNT: t = android.view.SurfaceControl$Transaction@945b33f fN = 33 com.android.systemui.shared.system.ViewRootImplCompat.mergeWithNextTransaction:62 com.android.quickstep.util.SurfaceTransactionApplier.lambda$scheduleApply$0$SurfaceTransactionApplier:94 com.android.quickstep.util.-$$Lambda$SurfaceTransactionApplier$Xj9m0ayWHIr2xvQnKB4EJdxg8RU.accept:6
10-26 10:07:45.511 26660 27022 I ViewRootImpl@623994e[LauncherActivity]: mWNT: merge t to BBQ
10-26 10:07:45.527 26660 27021 I ViewRootImpl@623994e[LauncherActivity]: mWNT: t = android.view.SurfaceControl$Transaction@104b40c fN = 34 com.android.systemui.shared.system.ViewRootImplCompat.mergeWithNextTransaction:62 com.android.quickstep.util.SurfaceTransactionApplier.lambda$scheduleApply$0$SurfaceTransactionApplier:94 com.android.quickstep.util.-$$Lambda$SurfaceTransactionApplier$Xj9m0ayWHIr2xvQnKB4EJdxg8RU.accept:6
10-26 10:07:45.527 26660 27021 I ViewRootImpl@623994e[LauncherActivity]: mWNT: merge t to BBQ
10-26 10:07:45.544 26660 27022 I ViewRootImpl@623994e[LauncherActivity]: mWNT: t = android.view.SurfaceControl$Transaction@b248155 fN = 35 com.android.systemui.shared.system.ViewRootImplCompat.mergeWithNextTransaction:62 com.android.quickstep.util.SurfaceTransactionApplier.lambda$scheduleApply$0$SurfaceTransactionApplier:94 com.android.quickstep.util.-$$Lambda$SurfaceTransactionApplier$Xj9m0ayWHIr2xvQnKB4EJdxg8RU.accept:6
10-26 10:07:45.544 26660 27022 I ViewRootImpl@623994e[LauncherActivity]: mWNT: merge t to BBQ
10-26 10:07:45.561 26660 27021 I ViewRootImpl@623994e[LauncherActivity]: mWNT: t = android.view.SurfaceControl$Transaction@ab1276a fN = 36 com.android.systemui.shared.system.ViewRootImplCompat.mergeWithNextTransaction:62 com.android.quickstep.util.SurfaceTransactionApplier.lambda$scheduleApply$0$SurfaceTransactionApplier:94 com.android.quickstep.util.-$$Lambda$SurfaceTransactionApplier$Xj9m0ayWHIr2xvQnKB4EJdxg8RU.accept:6
10-26 10:07:45.561 26660 27021 I ViewRootImpl@623994e[LauncherActivity]: mWNT: merge t to BBQ
10-26 10:07:45.578 26660 27022 I ViewRootImpl@623994e[LauncherActivity]: mWNT: t = android.view.SurfaceControl$Transaction@d6c445b fN = 37 com.android.systemui.shared.system.ViewRootImplCompat.mergeWithNextTransaction:62 com.android.quickstep.util.SurfaceTransactionApplier.lambda$scheduleApply$0$SurfaceTransactionApplier:94 com.android.quickstep.util.-$$Lambda$SurfaceTransactionApplier$Xj9m0ayWHIr2xvQnKB4EJdxg8RU.accept:6
10-26 10:07:45.578 26660 27022 I ViewRootImpl@623994e[LauncherActivity]: mWNT: merge t to BBQ
10-26 10:07:45.582   620  2722 D NativeSemDvfsManager: acquire:: timeout = 2000 mIsAcquired = 1  mTagName : SurfaceFlinger
10-26 10:07:45.583   620  2722 E NativeCustomFrequencyManager: [NativeCFMS] BpCustomFrequencyManager::acquire()
10-26 10:07:45.583   566   611 I HYPER-HAL: [RequestManager.cpp]acquire(): Acquired ID : 1314010  [620 / 1000]    HINT : SF_GPU_MINLOCK    list : [TIMEOUT / 2000]
10-26 10:07:45.594 26660 27021 I ViewRootImpl@623994e[LauncherActivity]: mWNT: t = android.view.SurfaceControl$Transaction@d4f04f8 fN = 38 com.android.systemui.shared.system.ViewRootImplCompat.mergeWithNextTransaction:62 com.android.quickstep.util.SurfaceTransactionApplier.lambda$scheduleApply$0$SurfaceTransactionApplier:94 com.android.quickstep.util.-$$Lambda$SurfaceTransactionApplier$Xj9m0ayWHIr2xvQnKB4EJdxg8RU.accept:6
10-26 10:07:45.594 26660 27021 I ViewRootImpl@623994e[LauncherActivity]: mWNT: merge t to BBQ
10-26 10:07:45.598   620   620 D SurfaceFlinger: Display 0 HWC layers:
10-26 10:07:45.598   620   620 D SurfaceFlinger:      CLIENT | 0x7843db7cb0 | 0100 | RGBx_8888    |  589.0    0.0 1651.0 2240.0 |    0    0 1080 2280 | Wallpaper BBQ wrapper#0
10-26 10:07:45.598   620   620 D SurfaceFlinger:      CLIENT |              | 0000 |  Unknown  |    0.0    0.0    0.0    0.0 |    0    0 1080 2280 | OneUiHome-BlurLayer#0 (backgroundBlurRadius)
10-26 10:07:45.598   620   620 D SurfaceFlinger:      DEVICE | 0x7843db46b0 | 0100 | RGBA_8888    |    0.0    0.0 1080.0 2280.0 |    0    0 1080 2280 | com.sec.android.app.launcher/com.sec[...]activities.LauncherActivity$_26660#0
10-26 10:07:45.598   620   620 D SurfaceFlinger:      DEVICE | 0x7843dbb970 | 0100 | RGBA_8888    |    0.0    0.0 1080.0  112.0 |    0    0 1080  112 | StatusBar$_1348#0
10-26 10:07:45.598   620   620 D SurfaceFlinger:      DEVICE | 0x7843daab70 | 0100 | RGBA_8888    |    0.0    0.0   67.0  416.0 |    0  814   67 1230 | com.samsung.android.app.cocktailbars[...]arservice.CocktailBarService$_8198#0
10-26 10:07:45.598   620   620 D SurfaceFlinger:      DEVICE | 0x7843db97b0 | 0100 | RGBA_8888    |    0.0    0.0 1080.0  126.0 |    0 2154 1080 2280 | NavigationBar0$_1348#0
10-26 10:07:45.598   620   620 D SurfaceFlinger:
10-26 10:07:45.599  8198  8198 I Utils   : isCurrentUser current = 0, ownerId = 0
10-26 10:07:45.599  8198  8198 I TrayVisibilityController: getComputedTrayVisible : keyguardState = 1
10-26 10:07:45.599  8198  8198 I TrayVisibilityController: updateTrayVisible: State=1 visible=1 mCurrentVisible=1 specificMode=0
10-26 10:07:45.599  8198  8198 I TrayStateController: onNotifyUpdateTray: state=0
