10-26 10:07:37.778 26660 27022 I ViewRootImpl@623994e[LauncherActivity]: mWNT: t = android.view.SurfaceControl$Transaction@942e762 fN = 38 com.android.systemui.shared.system.ViewRootImplCompat.mergeWithNextTransaction:62 com.android.quickstep.util.SurfaceTransactionApplier.lambda$scheduleApply$0$SurfaceTransactionApplier:94 com.android.quickstep.util.-$$Lambda$SurfaceTransactionApplier$Xj9m0ayWHIr2xvQnKB4EJdxg8RU.accept:6
10-26 10:07:37.778 26660 27022 I ViewRootImpl@623994e[LauncherActivity]: mWNT: merge t to BBQ
10-26 10:07:37.793   620   620 I SurfaceFlinger: SFWD update time=779252726865318
10-26 10:07:37.794 26660 27021 I ViewRootImpl@623994e[LauncherActivity]: mWNT: t = android.view.SurfaceControl$Transaction@bc890f3 fN = 39 com.android.systemui.shared.system.ViewRootImplCompat.mergeWithNextTransaction:62 com.android.quickstep.util.SurfaceTransactionApplier.lambda$scheduleApply$0$SurfaceTransactionApplier:94 com.android.quickstep.util.-$$Lambda$SurfaceTransactionApplier$Xj9m0ayWHIr2xvQnKB4EJdxg8RU.accept:6
10-26 10:07:37.794 26660 27021 I ViewRootImpl@623994e[LauncherActivity]: mWNT: merge t to BBQ
10-26 10:07:37.811 26660 27022 I ViewRootImpl@623994e[LauncherActivity]: mWNT: t = android.view.SurfaceControl$Transaction@f81f1b0 fN = 40 com.android.systemui.shared.system.ViewRootImplCompat.mergeWithNextTransaction:62 com.android.quickstep.util.SurfaceTransactionApplier.lambda$scheduleApply$0$SurfaceTransactionApplier:94 com.android.quickstep.util.-$$Lambda$SurfaceTransactionApplier$Xj9m0ayWHIr2xvQnKB4EJdxg8RU.accept:6
10-26 10:07:37.811 26660 27022 I ViewRootImpl@623994e[LauncherActivity]: mWNT: merge t to BBQ
10-26 10:07:37.828 26660 27021 I ViewRootImpl@623994e[LauncherActivity]: mWNT: t = android.view.SurfaceControl$Transaction@17b829 fN = 41 com.android.systemui.shared.system.ViewRootImplCompat.mergeWithNextTransaction:62 com.android.quickstep.util.SurfaceTransactionApplier.lambda$scheduleApply$0$SurfaceTransactionApplier:94 com.android.quickstep.util.-$$Lambda$SurfaceTransactionApplier$Xj9m0ayWHIr2xvQnKB4EJdxg8RU.accept:6
10-26 10:07:37.828 26660 27021 I ViewRootImpl@623994e[LauncherActivity]: mWNT: merge t to BBQ
10-26 10:07:37.845 26660 27022 I ViewRootImpl@623994e[LauncherActivity]: mWNT: t = android.view.SurfaceControl$Transaction@cec17ae fN = 42 com.android.systemui.shared.system.ViewRootImplCompat.mergeWithNextTransaction:62 com.android.quickstep.util.SurfaceTransactionApplier.lambda$scheduleApply$0$SurfaceTransactionApplier:94 com.android.quickstep.util.-$$Lambda$SurfaceTransactionApplier$Xj9m0ayWHIr2xvQnKB4EJdxg8RU.accept:6
10-26 10:07:37.845 26660 27022 I ViewRootImpl@623994e[LauncherActivity]: mWNT: merge t to BBQ
10-26 10:07:37.861   566 18485 I HYPER-HAL: [RequestManager.cpp]releaseLocked(): Released ID : 473870
10-26 10:07:37.862 26660 27021 I ViewRootImpl@623994e[LauncherActivity]: mWNT: t = android.view.SurfaceControl$Transaction@e51494f fN = 43 com.android.systemui.shared.system.ViewRootImplCompat.mergeWithNextTransaction:62 com.android.quickstep.util.SurfaceTransactionApplier.lambda$scheduleApply$0$SurfaceTransactionApplier:94 com.android.quickstep.util.-$$Lambda$SurfaceTransactionApplier$Xj9m0ayWHIr2xvQnKB4EJdxg8RU.accept:6
10-26 10:07:37.862 26660 27021 I ViewRootImpl@623994e[LauncherActivity]: mWNT: merge t to BBQ
10-26 10:07:37.864   954   971 I system_server: NativeAlloc concurrent copying GC freed 483751(22MB) AllocSpace objects, 28(1368KB) LOS objects, 17% free, 116MB/140MB, paused 123us,245us total 337.992ms
10-26 10:07:37.867   954   973 W System  : A resource failed to call close.
10-26 10:07:37.870   954   973 W System  : A resource failed to call release.
10-26 10:07:37.872   954   973 W System  : A resource failed to call release.
10-26 10:07:37.872   954   973 W System  : A resource failed to call close.
10-26 10:07:37.874   954   973 W System  : A resource failed to call release.
10-26 10:07:37.874   954   973 W System  : A resource failed to call close.
10-26 10:07:37.875   954   973 W System  : A resource failed to call end.
10-26 10:07:37.876   954   973 W System  : A resource failed to call release.
10-26 10:07:37.876   954   973 W System  : A resource failed to call close.
10-26 10:07:37.879 26660 27022 I ViewRootImpl@623994e[LauncherActivity]: mWNT: t = android.view.SurfaceControl$Transaction@f0c78dc fN = 44 com.android.systemui.shared.system.ViewRootImplCompat.mergeWithNextTransaction:62 com.android.quickstep.util.SurfaceTransactionApplier.lambda$scheduleApply$0$SurfaceTransactionApplier:94 com.android.quickstep.util.-$$Lambda$SurfaceTransactionApplier$Xj9m0ayWHIr2xvQnKB4EJdxg8RU.accept:6
10-26 10:07:37.879 26660 27022 I ViewRootImpl@623994e[LauncherActivity]: mWNT: merge t to BBQ
10-26 10:07:37.895 26660 27021 I ViewRootImpl@623994e[LauncherActivity]: mWNT: t = android.view.SurfaceControl$Transaction@b4aade5 fN = 45 com.android.systemui.shared.system.ViewRootImplCompat.mergeWithNextTransaction:62 com.android.quickstep.util.SurfaceTransactionApplier.lambda$scheduleApply$0$SurfaceTransactionApplier:94 com.android.quickstep.util.-$$Lambda$SurfaceTransactionApplier$Xj9m0ayWHIr2xvQnKB4EJdxg8RU.accept:6
10-26 10:07:37.895 26660 27021 I ViewRootImpl@623994e[LauncherActivity]: mWNT: merge t to BBQ
10-26 10:07:37.911 26660 26660 W AppTransitionAnimatorImpl: onAnimationEnd - APP OUT, Execution time for each frame : Start-(0)-0-(0)-0-(19)-0-(17)-0-(16)-1-(16)-0-(17)-0-(17)-0-(17)-0-(16)-0-(17)-0-(17)-0-(16)-1-(16)-1-(16)-0-(17)-0-(16)-1-(17)-0-(16)-0-(17)-0-(17)-0-(17)-0-(16)-0-(17)-0-End
10-26 10:07:37.911 26660 26660 I AppTransitionAnimatorImpl: resetContentView
10-26 10:07:37.912 26660 27022 I ViewRootImpl@623994e[LauncherActivity]: mWNT: t = android.view.SurfaceControl$Transaction@3e600ba fN = 46 com.android.systemui.shared.system.ViewRootImplCompat.mergeWithNextTransaction:62 com.android.quickstep.util.SurfaceTransactionApplier.lambda$scheduleApply$0$SurfaceTransactionApplier:94 com.android.quickstep.util.-$$Lambda$SurfaceTransactionApplier$Xj9m0ayWHIr2xvQnKB4EJdxg8RU.accept:6
10-26 10:07:37.912 26660 27022 I ViewRootImpl@623994e[LauncherActivity]: mWNT: merge t to BBQ
10-26 10:07:37.913 26660 26660 W Launcher: onEnterAnimationComplete
10-26 10:07:37.917 18320 18320 I ViewRootImpl@eda6e1f[InstrumentationActivityInvoker$EmptyActivity]: handleAppVisibility mAppVisible=true visible=false
10-26 10:07:37.928   620   620 I Layer   : id=190161 removeFromCurrentState Surface(name=Task=30234)/@0xe0ca5a6 - animation-leash of app_transition#1 (188)
10-26 10:07:37.928   620   620 I Layer   : id=190162 removeFromCurrentState Surface(name=Task=1)/@0x4cdbfdb - animation-leash of app_transition#1 (188)
10-26 10:07:37.928 18320 18355 D OpenGLRenderer: setSurface called with nullptr
10-26 10:07:37.928 18320 18355 D OpenGLRenderer: setSurface() destroyed EGLSurface
10-26 10:07:37.928 18320 18355 D OpenGLRenderer: destroyEglSurface
10-26 10:07:37.930   954  3937 V WindowManager: Relayout Window{e1a861c u0 com.example.dogglers/androidx.test.core.app.InstrumentationActivityInvoker$EmptyActivity}: viewVisibility=8 req=1080x2280 d0
10-26 10:07:37.932   954  3937 V WindowManager: Relayout hash=e1a861c, pid=18320: mAttrs={(0,0)(fillxfill) sim={adjust=pan forwardNavigation} ty=BASE_APPLICATION wanim=0x1030001
10-26 10:07:37.932   954  3937 V WindowManager:   fl=1810100
10-26 10:07:37.932   954  3937 V WindowManager:   pfl=12020040
10-26 10:07:37.932   954  3937 V WindowManager:   apr=LIGHT_NAVIGATION_BARS
10-26 10:07:37.932   954  3937 V WindowManager:   bhv=DEFAULT
10-26 10:07:37.932   954  3937 V WindowManager:   fitSides= naviIconColor=0
10-26 10:07:37.932   954  3937 V WindowManager:   sfl=100000}
10-26 10:07:37.933 18320 18320 I ViewRootImpl@eda6e1f[InstrumentationActivityInvoker$EmptyActivity]: Relayout returned: old=(0,0,1080,2280) new=(0,0,1080,2280) req=(1080,2280)8 dur=3 res=0x5 s={false 0} ch=true fn=2
10-26 10:07:37.934 18320 18320 I ViewRootImpl@eda6e1f[InstrumentationActivityInvoker$EmptyActivity]: stopped(true) old=false
10-26 10:07:37.934 18320 18320 D LifecycleMonitor: Lifecycle status change: androidx.test.core.app.InstrumentationActivityInvoker$EmptyActivity@c235540 in: STOPPED
10-26 10:07:37.934 18320 18320 V ActivityScenario: Activity lifecycle changed event received but ignored because the intent does not match. startActivityIntent=Intent { act=android.intent.action.MAIN cat=[android.intent.category.LAUNCHER] cmp=com.example.dogglers/.MainActivity }, activity.getIntent()=Intent { act=android.intent.action.MAIN cat=[android.intent.category.LAUNCHER] flg=0x10000000 cmp=com.example.dogglers/androidx.test.core.app.InstrumentationActivityInvoker$EmptyActivity }, activity=androidx.test.core.app.InstrumentationActivityInvoker$EmptyActivity@c235540
10-26 10:07:37.935 18320 18320 D LifecycleMonitor: Lifecycle status change: androidx.test.core.app.InstrumentationActivityInvoker$EmptyActivity@c235540 in: DESTROYED
10-26 10:07:37.935 18320 18320 V ActivityScenario: Activity lifecycle changed event received but ignored because the intent does not match. startActivityIntent=Intent { act=android.intent.action.MAIN cat=[android.intent.category.LAUNCHER] cmp=com.example.dogglers/.MainActivity }, activity.getIntent()=Intent { act=android.intent.action.MAIN cat=[android.intent.category.LAUNCHER] flg=0x10000000 cmp=com.example.dogglers/androidx.test.core.app.InstrumentationActivityInvoker$EmptyActivity }, activity=androidx.test.core.app.InstrumentationActivityInvoker$EmptyActivity@c235540
10-26 10:07:37.936 18320 18355 D OpenGLRenderer: setSurface called with nullptr
10-26 10:07:37.936 18320 18320 I ViewRootImpl@eda6e1f[InstrumentationActivityInvoker$EmptyActivity]: dispatchDetachedFromWindow
10-26 10:07:37.936   954  3919 D InputTransport: Input channel destroyed: 'e1a861c', fd=1450
10-26 10:07:37.936   954  3919 W InputManager-JNI: Input channel object 'e1a861c com.example.dogglers/androidx.test.core.app.InstrumentationActivityInvoker$EmptyActivity (client)' was disposed without first being removed with the input manager!
10-26 10:07:37.936   954  3919 D InputTransport: Input channel destroyed: 'e1a861c', fd=1452
10-26 10:07:37.938 18320 18320 D InputTransport: Input channel destroyed: 'e1a861c', fd=133
10-26 10:07:37.939 18320 18320 I ViewRootImpl@9808127[InstrumentationActivityInvoker$EmptyActivity]: stopped(true) old=false
10-26 10:07:37.939 18320 18320 D LifecycleMonitor: Lifecycle status change: androidx.test.core.app.InstrumentationActivityInvoker$EmptyActivity@3b28928 in: STOPPED
10-26 10:07:37.939 18320 18320 V ActivityScenario: Activity lifecycle changed event received but ignored because the intent does not match. startActivityIntent=Intent { act=android.intent.action.MAIN cat=[android.intent.category.LAUNCHER] cmp=com.example.dogglers/.MainActivity }, activity.getIntent()=Intent { act=android.intent.action.MAIN cat=[android.intent.category.LAUNCHER] flg=0x10000000 cmp=com.example.dogglers/androidx.test.core.app.InstrumentationActivityInvoker$EmptyActivity }, activity=androidx.test.core.app.InstrumentationActivityInvoker$EmptyActivity@3b28928
10-26 10:07:37.941 18320 18320 D LifecycleMonitor: Lifecycle status change: androidx.test.core.app.InstrumentationActivityInvoker$EmptyActivity@3b28928 in: DESTROYED
10-26 10:07:37.941 18320 18320 V ActivityScenario: Activity lifecycle changed event received but ignored because the intent does not match. startActivityIntent=Intent { act=android.intent.action.MAIN cat=[android.intent.category.LAUNCHER] cmp=com.example.dogglers/.MainActivity }, activity.getIntent()=Intent { act=android.intent.action.MAIN cat=[android.intent.category.LAUNCHER] flg=0x10000000 cmp=com.example.dogglers/androidx.test.core.app.InstrumentationActivityInvoker$EmptyActivity }, activity=androidx.test.core.app.InstrumentationActivityInvoker$EmptyActivity@3b28928
10-26 10:07:37.941 18320 18355 D OpenGLRenderer: setSurface called with nullptr
10-26 10:07:37.941 18320 18355 D OpenGLRenderer: setSurface() destroyed EGLSurface
10-26 10:07:37.941 18320 18355 D OpenGLRenderer: destroyEglSurface
10-26 10:07:37.942 18320 18320 I ViewRootImpl@9808127[InstrumentationActivityInvoker$EmptyActivity]: dispatchDetachedFromWindow
10-26 10:07:37.942   954  3919 D InputTransport: Input channel destroyed: '4df49cb', fd=1419
10-26 10:07:37.942   954  3919 W InputManager-JNI: Input channel object '4df49cb com.example.dogglers/androidx.test.core.app.InstrumentationActivityInvoker$EmptyActivity (client)' was disposed without first being removed with the input manager!
10-26 10:07:37.942   954  3919 D InputTransport: Input channel destroyed: '4df49cb', fd=1428
10-26 10:07:37.943   620  2717 I SurfaceFlinger: id=190167 createSurf (0x0),-1 flag=24004, Surface(name=2188bee InputMethod)/@0xe151908 - animation-leash of insets_animation#0
10-26 10:07:37.944   620   620 I Layer   : id=190163 removeFromCurrentState Surface(name=WallpaperWindowToken{811eee0 token=android.os.Binder@7a05c9d})/@0xd37415d - animation-leash of window_animation#0 (189)
10-26 10:07:37.944   620   620 I Layer   : id=190158 removeFromCurrentState com.example.dogglers/androidx.test.core.app.InstrumentationActivityInvoker$EmptyActivity$_18320#1 (189)
10-26 10:07:37.944   620   620 I Layer   : id=190157 removeFromCurrentState e1a861c com.example.dogglers/androidx.test.core.app.InstrumentationActivityInvoker$EmptyActivity#0 (189)
10-26 10:07:37.944   620   620 I Layer   : id=190152 removeFromCurrentState com.example.dogglers/androidx.test.core.app.InstrumentationActivityInvoker$EmptyActivity$_18320#0 (189)
10-26 10:07:37.944   620   620 I SurfaceFlinger: id=190157 Removed e1a861c com.example.dogglers/androidx.test.core.app.InstrumentationActivityInvoker$EmptyActivity#0 (189)
10-26 10:07:37.944   620   620 I SurfaceFlinger: id=190152 Removed com.example.dogglers/androidx.test.core.app.InstrumentationActivityInvoker$EmptyActivity$_18320#0 (189)
10-26 10:07:37.944   620   620 I SurfaceFlinger: id=190158 Removed com.example.dogglers/androidx.test.core.app.InstrumentationActivityInvoker$EmptyActivity$_18320#1 (189)
10-26 10:07:37.945   620   620 I Layer   : id=190152 Destroyed com.example.dogglers/androidx.test.core.app.InstrumentationActivityInvoker$EmptyActivity$_18320#0
10-26 10:07:37.945   620   620 I Layer   : id=190157 Destroyed e1a861c com.example.dogglers/androidx.test.core.app.InstrumentationActivityInvoker$EmptyActivity#0
10-26 10:07:37.945   620   620 I Layer   : id=190158 Destroyed com.example.dogglers/androidx.test.core.app.InstrumentationActivityInvoker$EmptyActivity$_18320#1
10-26 10:07:37.945   620  2717 I SurfaceFlinger: id=190159 Removed Surface(name=2fa8401 StatusBar)/@0xf000e26 - animation-leash of insets_animation#0 (186)
10-26 10:07:37.945   620  2717 I SurfaceFlinger: id=190160 Removed Surface(name=be23078 NavigationBar0)/@0x50010bd - animation-leash of insets_animation#0 (186)
10-26 10:07:37.945 18320 18320 D InputTransport: Input channel destroyed: '4df49cb', fd=116
10-26 10:07:37.946   954  3919 D InputDispatcher: Focus entered window (0): 4ad90e6 com.sec.android.app.launcher/com.sec.android.app.launcher.activities.LauncherActivity
10-26 10:07:37.947 18320 18320 I ViewRootImpl@3829a55[MainActivity]: stopped(true) old=false
10-26 10:07:37.947 26660 26660 I ViewRootImpl@623994e[LauncherActivity]: MSG_WINDOW_FOCUS_CHANGED 1 1
10-26 10:07:37.947 18320 18320 D LifecycleMonitor: Lifecycle status change: com.example.dogglers.MainActivity@7254bc6 in: STOPPED
10-26 10:07:37.948 26660 26660 I BaseActivity: addActivityFlags, flags : 8
10-26 10:07:37.948 18320 18320 V ActivityScenario: Update currentActivityStage to STOPPED, currentActivity=com.example.dogglers.MainActivity@7254bc6
10-26 10:07:37.949 18320 18320 D LifecycleMonitor: Lifecycle status change: com.example.dogglers.MainActivity@7254bc6 in: DESTROYED
10-26 10:07:37.949 18320 18320 V ActivityScenario: Update currentActivityStage to DESTROYED, currentActivity=null
10-26 10:07:37.949 18320 18346 I TestRunner: finished: vertical_list_button_is_displayed(com.example.dogglers.ButtonTests)
