10-26 10:07:31.224 26660 26792 I LiveIconUpdateEventHandler: cancelMinuteChangeAlarm
10-26 10:07:31.227 26660 26792 I LiveIconUpdateEventHandler: cancelDateChangeAlarm
10-26 10:07:31.228 26660 26792 I LiveIconUpdateEventHandler: unregisterReceiver
10-26 10:07:31.228   954  1015 I SemPersonaManager: SecureFolder personaId = 150
10-26 10:07:31.229 18320 18320 D LifecycleMonitor: Lifecycle status change: androidx.test.core.app.InstrumentationActivityInvoker$EmptyActivity@8ab2cb3 in: PRE_ON_CREATE
10-26 10:07:31.230 18320 18320 V ActivityScenario: Activity lifecycle changed event received but ignored because the intent does not match. startActivityIntent=Intent { act=android.intent.action.MAIN cat=[android.intent.category.LAUNCHER] cmp=com.example.dogglers/.MainActivity }, activity.getIntent()=Intent { act=android.intent.action.MAIN cat=[android.intent.category.LAUNCHER] flg=0x10000000 cmp=com.example.dogglers/androidx.test.core.app.InstrumentationActivityInvoker$EmptyActivity }, activity=androidx.test.core.app.InstrumentationActivityInvoker$EmptyActivity@8ab2cb3
10-26 10:07:31.232   620   620 I Layer   : id=189892 removeFromCurrentState Surface(name=2fa8401 StatusBar)/@0xf000e26 - animation-leash of insets_animation#1 (174)
10-26 10:07:31.232   620   620 I Layer   : id=189893 removeFromCurrentState Surface(name=be23078 NavigationBar0)/@0x50010bd - animation-leash of insets_animation#0 (174)
10-26 10:07:31.233   620   620 I Layer   : id=189894 removeFromCurrentState Surface(name=c5008b0 com.example.dogglers/com.example.dogglers.MainActivity)/@0xe1fbd86 - animation-leash of starting_reveal#0 (174)
10-26 10:07:31.233   620   620 I Layer   : id=189871 removeFromCurrentState com.sec.android.app.launcher/com.sec.android.app.launcher.activities.LauncherActivity$_26660#0 (174)
10-26 10:07:31.233   620   620 I Layer   : id=189874 removeFromCurrentState OneUiHome-BlurLayer#0 (174)
10-26 10:07:31.233   620   620 I SurfaceFlinger: id=189871 Removed com.sec.android.app.launcher/com.sec.android.app.launcher.activities.LauncherActivity$_26660#0 (174)
10-26 10:07:31.233   620   620 I Layer   : id=189871 Destroyed com.sec.android.app.launcher/com.sec.android.app.launcher.activities.LauncherActivity$_26660#0
10-26 10:07:31.233   620   620 I Layer   : id=189874 Destroyed OneUiHome-BlurLayer#0
10-26 10:07:31.238   954  1015 D EnterpriseDeviceManagerService: isMdmAdminPresentInternal() : MDM Admin Found - com.samsung.knox.securefolder
10-26 10:07:31.241  8198  8198 I Utils   : HomePackage : com.sec.android.app.launcher, resumePackageName : com.example.dogglers
10-26 10:07:31.249 18320 18320 I DecorView: [INFO] isPopOver=false, config=true
10-26 10:07:31.250   954  3952 D InputDispatcher: Focus left window (0): c5008b0 com.example.dogglers/com.example.dogglers.MainActivity
10-26 10:07:31.250 18320 18320 I DecorView: updateCaptionType >> DecorView@a3b19e9[], isFloating=false, isApplication=true, hasWindowControllerCallback=true, hasWindowDecorCaption=false
10-26 10:07:31.250 18320 18320 D DecorView: setCaptionType = 0, this = DecorView@a3b19e9[]
10-26 10:07:31.254 18320 18320 I DecorView: getCurrentDensityDpi: from real metrics. densityDpi=420 msg=resources_loaded
10-26 10:07:31.255 18320 18320 D LifecycleMonitor: Lifecycle status change: androidx.test.core.app.InstrumentationActivityInvoker$EmptyActivity@8ab2cb3 in: CREATED
10-26 10:07:31.255 18320 18320 V ActivityScenario: Activity lifecycle changed event received but ignored because the intent does not match. startActivityIntent=Intent { act=android.intent.action.MAIN cat=[android.intent.category.LAUNCHER] cmp=com.example.dogglers/.MainActivity }, activity.getIntent()=Intent { act=android.intent.action.MAIN cat=[android.intent.category.LAUNCHER] flg=0x10000000 cmp=com.example.dogglers/androidx.test.core.app.InstrumentationActivityInvoker$EmptyActivity }, activity=androidx.test.core.app.InstrumentationActivityInvoker$EmptyActivity@8ab2cb3
10-26 10:07:31.257 18320 18320 D LifecycleMonitor: Lifecycle status change: androidx.test.core.app.InstrumentationActivityInvoker$EmptyActivity@8ab2cb3 in: STARTED
10-26 10:07:31.257 18320 18320 V ActivityScenario: Activity lifecycle changed event received but ignored because the intent does not match. startActivityIntent=Intent { act=android.intent.action.MAIN cat=[android.intent.category.LAUNCHER] cmp=com.example.dogglers/.MainActivity }, activity.getIntent()=Intent { act=android.intent.action.MAIN cat=[android.intent.category.LAUNCHER] flg=0x10000000 cmp=com.example.dogglers/androidx.test.core.app.InstrumentationActivityInvoker$EmptyActivity }, activity=androidx.test.core.app.InstrumentationActivityInvoker$EmptyActivity@8ab2cb3
10-26 10:07:31.259 18320 18320 D LifecycleMonitor: Lifecycle status change: androidx.test.core.app.InstrumentationActivityInvoker$EmptyActivity@8ab2cb3 in: RESUMED
10-26 10:07:31.260 18320 18320 V ActivityScenario: Activity lifecycle changed event received but ignored because the intent does not match. startActivityIntent=Intent { act=android.intent.action.MAIN cat=[android.intent.category.LAUNCHER] cmp=com.example.dogglers/.MainActivity }, activity.getIntent()=Intent { act=android.intent.action.MAIN cat=[android.intent.category.LAUNCHER] flg=0x10000000 cmp=com.example.dogglers/androidx.test.core.app.InstrumentationActivityInvoker$EmptyActivity }, activity=androidx.test.core.app.InstrumentationActivityInvoker$EmptyActivity@8ab2cb3
10-26 10:07:31.265   954  3952 D InputTransport: Input channel constructed: 'a164779', fd=1592
10-26 10:07:31.265   954  3952 D InputTransport: Input channel constructed: 'a164779', fd=1593
10-26 10:07:31.265   954  3952 D InputTransport: Input channel constructed: 'a164779', fd=1594
10-26 10:07:31.265   620  2717 I SurfaceFlinger: id=189900 createSurf (0x0),-1 flag=80004, a164779 com.example.dogglers/androidx.test.core.app.InstrumentationActivityInvoker$EmptyActivity#0
10-26 10:07:31.267   954  3952 D InputTransport: Input channel destroyed: 'a164779', fd=1594
10-26 10:07:31.269   620   643 I SurfaceFlinger: id=189901 createSurf (0x0),-1 flag=24000, Surface(name=2fa8401 StatusBar)/@0xf000e26 - animation-leash of insets_animation#1
10-26 10:07:31.269 18320 18320 I ViewRootImpl@45366e[InstrumentationActivityInvoker$EmptyActivity]: setView = com.android.internal.policy.DecorView@a3b19e9 TM=true
10-26 10:07:31.270   620   643 I SurfaceFlinger: id=189902 createSurf (0x0),-1 flag=24000, Surface(name=be23078 NavigationBar0)/@0x50010bd - animation-leash of insets_animation#0
10-26 10:07:31.271   620  3677 I SurfaceFlinger: id=189893 Removed Surface(name=be23078 NavigationBar0)/@0x50010bd - animation-leash of insets_animation#0 (175)
10-26 10:07:31.271   620  3677 I SurfaceFlinger: id=189892 Removed Surface(name=2fa8401 StatusBar)/@0xf000e26 - animation-leash of insets_animation#1 (175)
10-26 10:07:31.272  1348  1348 D NavigationBar: onSystemBarAttributesChanged() -  displayId:0, appearance:16 (APPEARANCE_LIGHT_NAVIGATION_BARS ), navbarColorManagedByIme:false
10-26 10:07:31.272  1348  1348 V Navbar.Store: handleEvent [EventType] GET_BOOL_REGION_SAMPLING_ENABLED [Module] LightBarController  KEYS_DEFAULT=false
10-26 10:07:31.272  1348  1348 V Navbar.Store: --[Band]COLOR_PACK_GET_REGION_SAMPLING_ENABLED
10-26 10:07:31.272  1348  1348 V Navbar.Store: ----getValue(BOOL_REGION_SAMPLING_ENABLED)=false
10-26 10:07:31.275   954  1054 D AnalyticsContainerHandler: handleMessage : { when=0 what=1 target=com.android.server.knox.KnoxAnalyticsContainer$AnalyticsHandler }
10-26 10:07:31.279   954  3952 V WindowManager: Relayout Window{a164779 u0 com.example.dogglers/androidx.test.core.app.InstrumentationActivityInvoker$EmptyActivity}: viewVisibility=0 req=1080x2280 d0
10-26 10:07:31.279   620   810 I SurfaceFlinger: id=189903 createSurf (1080x2280),-3 flag=40004, com.example.dogglers/androidx.test.core.app.InstrumentationActivityInvoker$EmptyActivity$_18320#0
10-26 10:07:31.282   620   810 I SurfaceFlinger: id=189904 createSurf (0x0),-1 flag=24000, Surface(name=2fa8401 StatusBar)/@0xf000e26 - animation-leash of insets_animation#1
10-26 10:07:31.282   620   620 I Layer   : id=189884 removeFromCurrentState Splash Screen com.example.dogglers$_1348#0 (177)
10-26 10:07:31.282   620   620 I Layer   : id=189883 removeFromCurrentState 3a87c9e Splash Screen com.example.dogglers#0 (177)
10-26 10:07:31.283   620   620 I Layer   : id=189897 removeFromCurrentState Surface(name=3a87c9e Splash Screen com.example.dogglers)/@0xcf53ac - animation-leash of window_animation#0 (177)
10-26 10:07:31.283   620   620 I Layer   : id=189898 removeFromCurrentState Surface(name=2fa8401 StatusBar)/@0xf000e26 - animation-leash of insets_animation#0 (177)
10-26 10:07:31.283   620   620 I Layer   : id=189899 removeFromCurrentState Surface(name=be23078 NavigationBar0)/@0x50010bd - animation-leash of insets_animation#1 (177)
10-26 10:07:31.283   620   620 I SurfaceFlinger: id=189883 Removed 3a87c9e Splash Screen com.example.dogglers#0 (177)
10-26 10:07:31.283   620   620 I SurfaceFlinger: id=189898 Removed Surface(name=2fa8401 StatusBar)/@0xf000e26 - animation-leash of insets_animation#0 (177)
10-26 10:07:31.283   620   620 I SurfaceFlinger: id=189899 Removed Surface(name=be23078 NavigationBar0)/@0x50010bd - animation-leash of insets_animation#1 (177)
10-26 10:07:31.283   620   620 I SurfaceFlinger: id=189884 Removed Splash Screen com.example.dogglers$_1348#0 (177)
10-26 10:07:31.283   620   620 I SurfaceFlinger: id=189897 Removed Surface(name=3a87c9e Splash Screen com.example.dogglers)/@0xcf53ac - animation-leash of window_animation#0 (177)
10-26 10:07:31.283   620   620 I Layer   : id=189893 Destroyed Surface(name=be23078 NavigationBar0)/@0x50010bd - animation-leash of insets_animation#0
10-26 10:07:31.283   620   620 I Layer   : id=189892 Destroyed Surface(name=2fa8401 StatusBar)/@0xf000e26 - animation-leash of insets_animation#1
10-26 10:07:31.283   620   620 I Layer   : id=189897 Destroyed Surface(name=3a87c9e Splash Screen com.example.dogglers)/@0xcf53ac - animation-leash of window_animation#0
10-26 10:07:31.283   620   620 I Layer   : id=189883 Destroyed 3a87c9e Splash Screen com.example.dogglers#0
10-26 10:07:31.283   620   620 I Layer   : id=189898 Destroyed Surface(name=2fa8401 StatusBar)/@0xf000e26 - animation-leash of insets_animation#0
10-26 10:07:31.283   620   620 I Layer   : id=189899 Destroyed Surface(name=be23078 NavigationBar0)/@0x50010bd - animation-leash of insets_animation#1
10-26 10:07:31.283   620   643 I SurfaceFlinger: id=189905 createSurf (0x0),-1 flag=24000, Surface(name=be23078 NavigationBar0)/@0x50010bd - animation-leash of insets_animation#1
10-26 10:07:31.285   954  3952 V WindowManager: Relayout hash=a164779, pid=18320: mAttrs={(0,0)(fillxfill) sim={adjust=pan forwardNavigation} ty=BASE_APPLICATION wanim=0x1030001
10-26 10:07:31.285   954  3952 V WindowManager:   fl=1810100
10-26 10:07:31.285   954  3952 V WindowManager:   pfl=12020040
10-26 10:07:31.285   954  3952 V WindowManager:   apr=LIGHT_NAVIGATION_BARS
10-26 10:07:31.285   954  3952 V WindowManager:   bhv=DEFAULT
10-26 10:07:31.285   954  3952 V WindowManager:   fitSides= naviIconColor=0
10-26 10:07:31.285   954  3952 V WindowManager:   sfl=100000}
10-26 10:07:31.286   620   620 I Layer   : id=189884 Destroyed Splash Screen com.example.dogglers$_1348#0
10-26 10:07:31.287   620   620 D SurfaceFlinger: Display 0 HWC layers:
10-26 10:07:31.287   620   620 D SurfaceFlinger:      DEVICE | 0x7843db3db0 | 0102 | RGBA_8888    |    0.0    0.0 1080.0 2280.0 |    0    0 1080 2280 | com.example.dogglers/com.example.dogglers.MainActivity$_18320#0
10-26 10:07:31.287   620   620 D SurfaceFlinger:      DEVICE | 0x7843dbb970 | 0100 | RGBA_8888    |    0.0    0.0 1080.0  112.0 |    0    0 1080  112 | StatusBar$_1348#0
10-26 10:07:31.287   620   620 D SurfaceFlinger:      DEVICE | 0x7843daab70 | 0100 | RGBA_8888    |    0.0    0.0   67.0  416.0 |    0  814   67 1230 | com.samsung.android.app.cocktailbars[...]arservice.CocktailBarService$_8198#0
10-26 10:07:31.287   620   620 D SurfaceFlinger:      DEVICE | 0x7843da5dd0 | 0100 | RGBA_8888    |    0.0    0.0 1080.0  126.0 |    0 2154 1080 2280 | NavigationBar0$_1348#0
10-26 10:07:31.287   620   620 D SurfaceFlinger:
10-26 10:07:31.288 18320 18320 I ViewRootImpl@45366e[InstrumentationActivityInvoker$EmptyActivity]: Relayout returned: old=(0,0,1080,2280) new=(0,0,1080,2280) req=(1080,2280)0 dur=9 res=0x7 s={true 515080140464} ch=true fn=-1
10-26 10:07:31.289 18320 18355 D OpenGLRenderer: eglCreateWindowSurface
10-26 10:07:31.291 18320 18320 I ViewRootImpl@45366e[InstrumentationActivityInvoker$EmptyActivity]: [DP] dp(1) 1 android.view.ViewRootImpl.reportNextDraw:11420 android.view.ViewRootImpl.performTraversals:4193 android.view.ViewRootImpl.doTraversal:2919
10-26 10:07:31.299   620   620 I Layer   : id=189902 removeFromCurrentState Surface(name=be23078 NavigationBar0)/@0x50010bd - animation-leash of insets_animation#0 (171)
10-26 10:07:31.299   620   620 I Layer   : id=69 removeFromCurrentState be23078 NavigationBar0#0 (171)
10-26 10:07:31.299   620   620 I Layer   : id=79 removeFromCurrentState NavigationBar0$_1348#0 (171)
10-26 10:07:31.299   620   620 I Layer   : id=189901 removeFromCurrentState Surface(name=2fa8401 StatusBar)/@0xf000e26 - animation-leash of insets_animation#1 (171)
10-26 10:07:31.299   620   620 I Layer   : id=69 addToCurrentState be23078 NavigationBar0#0 (171)
10-26 10:07:31.299   620   620 I Layer   : id=79 addToCurrentState NavigationBar0$_1348#0 (171)
10-26 10:07:31.300   954  3914 D InputDispatcher: Focus request (0): a164779 com.example.dogglers/androidx.test.core.app.InstrumentationActivityInvoker$EmptyActivity but waiting because NOT_VISIBLE
10-26 10:07:31.317 26660 26687 I RecentModel: onTaskStackChangedBackground
10-26 10:07:31.323 18320 18320 I ViewRootImpl@45366e[InstrumentationActivityInvoker$EmptyActivity]: [DP] pdf(0) 1 android.view.ViewRootImpl.lambda$addFrameCompleteCallbackIfNeeded$3$ViewRootImpl:4995 android.view.ViewRootImpl$$ExternalSyntheticLambda16.run:6 android.os.Handler.handleCallback:938
10-26 10:07:31.323 18320 18320 I ViewRootImpl@45366e[InstrumentationActivityInvoker$EmptyActivity]: [DP] rdf()
10-26 10:07:31.323 18320 18320 D ViewRootImpl@45366e[InstrumentationActivityInvoker$EmptyActivity]: reportDrawFinished (fn: -1)
10-26 10:07:31.323 18320 18320 I ViewRootImpl@337fc10[MainActivity]: MSG_WINDOW_FOCUS_CHANGED 0 1
10-26 10:07:31.325   954  1016 I SemDvfsHyPerManager: acquire hyper - AMS_RESUME_TAIL/954@19, type = -999
10-26 10:07:31.326   954  1016 I SemDvfsHyPerManager: acquire hyper - AMS_ACT_LAZY/954@20, type = -999
10-26 10:07:31.326   954  1012 I ActivityTaskManager: Displayed com.example.dogglers/androidx.test.core.app.InstrumentationActivityInvoker$EmptyActivity: +144ms
10-26 10:07:31.326   566   611 I HYPER-HAL: [RequestManager.cpp]acquire(): Acquired ID : 473870  [954 / 19]    HINT : AMS_RESUME_TAIL    list :
10-26 10:07:31.326   566   611 I HYPER-HAL: [RequestManager.cpp]releaseLocked(): Released ID : 471923
10-26 10:07:31.326  2946  2946 E pageboostd: Received HALT command code 2
10-26 10:07:31.328 18320 18320 D InsetsSourceConsumer: ensureControlAlpha: for ITYPE_NAVIGATION_BAR on com.example.dogglers/com.example.dogglers.MainActivity
10-26 10:07:31.329 18320 18320 D InsetsSourceConsumer: ensureControlAlpha: for ITYPE_STATUS_BAR on com.example.dogglers/com.example.dogglers.MainActivity
10-26 10:07:31.330 18320 18320 D InsetsSourceConsumer: ensureControlAlpha: for ITYPE_NAVIGATION_BAR on com.example.dogglers/androidx.test.core.app.InstrumentationActivityInvoker$EmptyActivity
10-26 10:07:31.331 18320 18320 D InsetsSourceConsumer: ensureControlAlpha: for ITYPE_STATUS_BAR on com.example.dogglers/androidx.test.core.app.InstrumentationActivityInvoker$EmptyActivity
10-26 10:07:31.333   954  3914 I SemDvfsHyPerManager: acquire hyper - AMS_ACT_START/954@17, type = -999
10-26 10:07:31.333   620   620 I SurfaceFlinger: id=189901 Removed Surface(name=2fa8401 StatusBar)/@0xf000e26 - animation-leash of insets_animation#1 (171)
10-26 10:07:31.333   620   620 I SurfaceFlinger: id=189902 Removed Surface(name=be23078 NavigationBar0)/@0x50010bd - animation-leash of insets_animation#0 (171)
10-26 10:07:31.333   566   611 I HYPER-HAL: [RequestManager.cpp]acquire(): Acquired ID : 471923  [954 / 17]    HINT : AMS_ACT_START    list :
10-26 10:07:31.333   620   643 I SurfaceFlinger: id=189906 createSurf (0x0),-1 flag=80004, ActivityRecord{edb00e9 u0 com.example.dogglers/androidx.test.core.app.InstrumentationActivityInvoker$EmptyActivity t30229}#0
10-26 10:07:31.333   620   620 I Layer   : id=189901 Destroyed Surface(name=2fa8401 StatusBar)/@0xf000e26 - animation-leash of insets_animation#1
10-26 10:07:31.333   620   620 I Layer   : id=189902 Destroyed Surface(name=be23078 NavigationBar0)/@0x50010bd - animation-leash of insets_animation#0
10-26 10:07:31.335   954  3952 D InputDispatcher: Focus entered window (0): a164779 com.example.dogglers/androidx.test.core.app.InstrumentationActivityInvoker$EmptyActivity
10-26 10:07:31.336 18320 18320 I ViewRootImpl@337fc10[MainActivity]: handleAppVisibility mAppVisible=true visible=false
10-26 10:07:31.337 18320 18320 I ViewRootImpl@337fc10[MainActivity]: stopped(true) old=false
10-26 10:07:31.337   954  1015 D PersonaActivityHelper: Activity not in resumed state, do not run immediate lock
10-26 10:07:31.339   620   620 D SurfaceFlinger: Display 0 HWC layers:
10-26 10:07:31.339   620   620 D SurfaceFlinger:      DEVICE | 0x7843d8e730 | 0102 | RGBA_8888    |    0.0    0.0 1080.0 2280.0 |    0    0 1080 2280 | com.example.dogglers/androidx.test.c[...]tivityInvoker$EmptyActivity$_18320#0
10-26 10:07:31.339   620   620 D SurfaceFlinger:      DEVICE | 0x7843dbb970 | 0100 | RGBA_8888    |    0.0    0.0 1080.0  112.0 |    0    0 1080  112 | StatusBar$_1348#0
10-26 10:07:31.339   620   620 D SurfaceFlinger:      DEVICE | 0x7843daab70 | 0100 | RGBA_8888    |    0.0    0.0   67.0  416.0 |    0  814   67 1230 | com.samsung.android.app.cocktailbars[...]arservice.CocktailBarService$_8198#0
10-26 10:07:31.339   620   620 D SurfaceFlinger:      DEVICE | 0x7843da5dd0 | 0100 | RGBA_8888    |    0.0    0.0 1080.0  126.0 |    0 2154 1080 2280 | NavigationBar0$_1348#0
10-26 10:07:31.339   620   620 D SurfaceFlinger:
10-26 10:07:31.339 18320 18320 D LifecycleMonitor: Lifecycle status change: com.example.dogglers.MainActivity@f8c7345 in: STOPPED
10-26 10:07:31.339 18320 18320 V ActivityScenario: Update currentActivityStage to STOPPED, currentActivity=com.example.dogglers.MainActivity@f8c7345
10-26 10:07:31.341 18320 18320 D LifecycleMonitor: Lifecycle status change: com.example.dogglers.MainActivity@f8c7345 in: DESTROYED
10-26 10:07:31.341 18320 18320 V ActivityScenario: Update currentActivityStage to DESTROYED, currentActivity=null
10-26 10:07:31.343 18320 18355 D OpenGLRenderer: setSurface called with nullptr
10-26 10:07:31.343 18320 18355 D OpenGLRenderer: setSurface() destroyed EGLSurface
10-26 10:07:31.343 18320 18355 D OpenGLRenderer: destroyEglSurface
10-26 10:07:31.344 18320 18320 I ViewRootImpl@337fc10[MainActivity]: dispatchDetachedFromWindow
10-26 10:07:31.344   954  3914 D InputTransport: Input channel destroyed: 'c5008b0', fd=1590
10-26 10:07:31.344   954  3914 W InputManager-JNI: Input channel object 'c5008b0 com.example.dogglers/com.example.dogglers.MainActivity (client)' was disposed without first being removed with the input manager!
10-26 10:07:31.344   954  3914 D InputTransport: Input channel destroyed: 'c5008b0', fd=1591
10-26 10:07:31.345   620   643 I SurfaceFlinger: id=189907 createSurf (0x0),-1 flag=24004, Surface(name=2188bee InputMethod)/@0xe151908 - animation-leash of insets_animation#0
10-26 10:07:31.347 18320 18320 D InputTransport: Input channel destroyed: 'c5008b0', fd=89
10-26 10:07:31.350   620   620 I Layer   : id=189891 removeFromCurrentState com.example.dogglers/com.example.dogglers.MainActivity$_18320#0 (171)
10-26 10:07:31.350   620   620 I Layer   : id=189890 removeFromCurrentState c5008b0 com.example.dogglers/com.example.dogglers.MainActivity#0 (171)
10-26 10:07:31.350   620   620 I Layer   : id=189895 removeFromCurrentState Surface(name=2188bee InputMethod)/@0xe151908 - animation-leash of insets_animation#1 (171)
10-26 10:07:31.350   620   620 I SurfaceFlinger: id=189890 Removed c5008b0 com.example.dogglers/com.example.dogglers.MainActivity#0 (171)
10-26 10:07:31.350   620   620 I SurfaceFlinger: id=189895 Removed Surface(name=2188bee InputMethod)/@0xe151908 - animation-leash of insets_animation#1 (171)
10-26 10:07:31.351   620   620 I Layer   : id=189890 Destroyed c5008b0 com.example.dogglers/com.example.dogglers.MainActivity#0
10-26 10:07:31.351   620   620 I Layer   : id=189895 Destroyed Surface(name=2188bee InputMethod)/@0xe151908 - animation-leash of insets_animation#1
10-26 10:07:31.353 18320 18320 I ViewRootImpl@45366e[InstrumentationActivityInvoker$EmptyActivity]: MSG_WINDOW_FOCUS_CHANGED 1 1
10-26 10:07:31.354 18320 18320 D InputMethodManager: startInputInner - Id : 0
10-26 10:07:31.354 18320 18320 I InputMethodManager: startInputInner - mService.startInputOrWindowGainedFocus
10-26 10:07:31.354   954  3914 D InputMethodManagerService: DESKTOP MODE! : 2
10-26 10:07:31.355   954  3914 D InputMethodManagerService: NOT IN KNOX DESKTOP MODE!
10-26 10:07:31.355   954  3914 V InputMethodManagerService: getDisplayIdOfInputMethodWindowToBeAdded : 0
10-26 10:07:31.355   954  3914 D InputMethodManagerService: checkDisplayOfStartInputAndUpdateKeyboard display Id 0last 0
10-26 10:07:31.355   954  3914 D InputTransport: Input channel constructed: 'ClientS', fd=1590
10-26 10:07:31.355   954  3914 D InputTransport: Input channel destroyed: 'ClientS', fd=1590
10-26 10:07:31.355   620   643 I SurfaceFlinger: id=189891 Removed com.example.dogglers/com.example.dogglers.MainActivity$_18320#0 (169)
10-26 10:07:31.356   620  2717 I SurfaceFlinger: id=189908 createSurf (0x0),-1 flag=24004, Surface(name=2188bee InputMethod)/@0xe151908 - animation-leash of insets_animation#1
10-26 10:07:31.356 19204 19204 D InputMethodService: checkDisplayOfStartInputAndUpdateKeyboard display Id 0last 0
10-26 10:07:31.356 18320 18320 D LifecycleMonitor: Lifecycle status change: androidx.test.core.app.InstrumentationActivityInvoker$EmptyActivity@8ab2cb3 in: PAUSED
10-26 10:07:31.356 18320 18320 V ActivityScenario: Activity lifecycle changed event received but ignored because the intent does not match. startActivityIntent=Intent { act=android.intent.action.MAIN cat=[android.intent.category.LAUNCHER] cmp=com.example.dogglers/.MainActivity }, activity.getIntent()=Intent { act=android.intent.action.MAIN cat=[android.intent.category.LAUNCHER] flg=0x10000000 cmp=com.example.dogglers/androidx.test.core.app.InstrumentationActivityInvoker$EmptyActivity }, activity=androidx.test.core.app.InstrumentationActivityInvoker$EmptyActivity@8ab2cb3
10-26 10:07:31.361   954  3952 D InputDispatcher: Focused application set to (0): edb00e9
10-26 10:07:31.365   954  1015 I SemPersonaManager: SecureFolder personaId = 150
10-26 10:07:31.366   620   620 I Layer   : id=189889 removeFromCurrentState ActivityRecord{f5e8d5f u0 com.example.dogglers/.MainActivity t30229}#0 (170)
10-26 10:07:31.366   620   620 I Layer   : id=189907 removeFromCurrentState Surface(name=2188bee InputMethod)/@0xe151908 - animation-leash of insets_animation#0 (170)
10-26 10:07:31.367   620   620 I SurfaceFlinger: id=189889 Removed ActivityRecord{f5e8d5f u0 com.example.dogglers/.MainActivity t30229}#0 (170)
10-26 10:07:31.368   620   620 I Layer   : id=189891 Destroyed com.example.dogglers/com.example.dogglers.MainActivity$_18320#0
10-26 10:07:31.368   620   620 I Layer   : id=189889 Destroyed ActivityRecord{f5e8d5f u0 com.example.dogglers/.MainActivity t30229}#0
10-26 10:07:31.369   954  1015 D EnterpriseDeviceManagerService: isMdmAdminPresentInternal() : MDM Admin Found - com.samsung.knox.securefolder
10-26 10:07:31.371  8198  8198 I Utils   : HomePackage : com.sec.android.app.launcher, resumePackageName : com.example.dogglers
10-26 10:07:31.371 18320 18320 D LifecycleMonitor: Lifecycle status change: androidx.test.core.app.InstrumentationActivityInvoker$BootstrapActivity@13f52ea in: DESTROYED
10-26 10:07:31.371 18320 18320 V ActivityScenario: Activity lifecycle changed event received but ignored because the intent does not match. startActivityIntent=Intent { act=android.intent.action.MAIN cat=[android.intent.category.LAUNCHER] cmp=com.example.dogglers/.MainActivity }, activity.getIntent()=Intent { act=android.intent.action.MAIN cat=[android.intent.category.LAUNCHER] flg=0x10008000 cmp=com.example.dogglers/androidx.test.core.app.InstrumentationActivityInvoker$BootstrapActivity (has extras) }, activity=androidx.test.core.app.InstrumentationActivityInvoker$BootstrapActivity@13f52ea
10-26 10:07:31.373   954  3914 D InputMethodManagerServicePhysicalKey: isConnectedDexOnPC false
10-26 10:07:31.374   954  3914 D InputMethodManagerService: isImeSwitcherDisabledPackage : false
10-26 10:07:31.378 18320 18320 D LifecycleMonitor: Lifecycle status change: androidx.test.core.app.InstrumentationActivityInvoker$EmptyActivity@f69a546 in: PRE_ON_CREATE
10-26 10:07:31.379 18320 18320 V ActivityScenario: Activity lifecycle changed event received but ignored because the intent does not match. startActivityIntent=Intent { act=android.intent.action.MAIN cat=[android.intent.category.LAUNCHER] cmp=com.example.dogglers/.MainActivity }, activity.getIntent()=Intent { act=android.intent.action.MAIN cat=[android.intent.category.LAUNCHER] flg=0x10000000 cmp=com.example.dogglers/androidx.test.core.app.InstrumentationActivityInvoker$EmptyActivity }, activity=androidx.test.core.app.InstrumentationActivityInvoker$EmptyActivity@f69a546
10-26 10:07:31.383   620   620 I Layer   : id=189882 removeFromCurrentState ActivityRecord{5addd52 u0 com.example.dogglers/androidx.test.core.app.InstrumentationActivityInvoker$BootstrapActivity t30229}#0 (168)
10-26 10:07:31.383   620   620 I SurfaceFlinger: id=189882 Removed ActivityRecord{5addd52 u0 com.example.dogglers/androidx.test.core.app.InstrumentationActivityInvoker$BootstrapActivity t30229}#0 (168)
10-26 10:07:31.383   620   620 I Layer   : id=189882 Destroyed ActivityRecord{5addd52 u0 com.example.dogglers/androidx.test.core.app.InstrumentationActivityInvoker$BootstrapActivity t30229}#0
10-26 10:07:31.384   954  3936 D InputDispatcher: Focus left window (0): a164779 com.example.dogglers/androidx.test.core.app.InstrumentationActivityInvoker$EmptyActivity
10-26 10:07:31.384   954  1115 I SensorService: [REARLIGHT] lux value : 27, code value : 0
10-26 10:07:31.385 18320 18320 I DecorView: [INFO] isPopOver=false, config=true
10-26 10:07:31.385 18320 18320 I DecorView: updateCaptionType >> DecorView@5e8fc34[], isFloating=false, isApplication=true, hasWindowControllerCallback=true, hasWindowDecorCaption=false
10-26 10:07:31.385 18320 18320 D DecorView: setCaptionType = 0, this = DecorView@5e8fc34[]
10-26 10:07:31.389 18320 18320 I DecorView: getCurrentDensityDpi: from real metrics. densityDpi=420 msg=resources_loaded
10-26 10:07:31.390 18320 18320 D LifecycleMonitor: Lifecycle status change: androidx.test.core.app.InstrumentationActivityInvoker$EmptyActivity@f69a546 in: CREATED
10-26 10:07:31.391 18320 18320 V ActivityScenario: Activity lifecycle changed event received but ignored because the intent does not match. startActivityIntent=Intent { act=android.intent.action.MAIN cat=[android.intent.category.LAUNCHER] cmp=com.example.dogglers/.MainActivity }, activity.getIntent()=Intent { act=android.intent.action.MAIN cat=[android.intent.category.LAUNCHER] flg=0x10000000 cmp=com.example.dogglers/androidx.test.core.app.InstrumentationActivityInvoker$EmptyActivity }, activity=androidx.test.core.app.InstrumentationActivityInvoker$EmptyActivity@f69a546
10-26 10:07:31.393 18320 18320 D LifecycleMonitor: Lifecycle status change: androidx.test.core.app.InstrumentationActivityInvoker$EmptyActivity@f69a546 in: STARTED
10-26 10:07:31.393 18320 18320 V ActivityScenario: Activity lifecycle changed event received but ignored because the intent does not match. startActivityIntent=Intent { act=android.intent.action.MAIN cat=[android.intent.category.LAUNCHER] cmp=com.example.dogglers/.MainActivity }, activity.getIntent()=Intent { act=android.intent.action.MAIN cat=[android.intent.category.LAUNCHER] flg=0x10000000 cmp=com.example.dogglers/androidx.test.core.app.InstrumentationActivityInvoker$EmptyActivity }, activity=androidx.test.core.app.InstrumentationActivityInvoker$EmptyActivity@f69a546
10-26 10:07:31.394 18320 18320 D LifecycleMonitor: Lifecycle status change: androidx.test.core.app.InstrumentationActivityInvoker$EmptyActivity@f69a546 in: RESUMED
10-26 10:07:31.395 18320 18320 V ActivityScenario: Activity lifecycle changed event received but ignored because the intent does not match. startActivityIntent=Intent { act=android.intent.action.MAIN cat=[android.intent.category.LAUNCHER] cmp=com.example.dogglers/.MainActivity }, activity.getIntent()=Intent { act=android.intent.action.MAIN cat=[android.intent.category.LAUNCHER] flg=0x10000000 cmp=com.example.dogglers/androidx.test.core.app.InstrumentationActivityInvoker$EmptyActivity }, activity=androidx.test.core.app.InstrumentationActivityInvoker$EmptyActivity@f69a546
10-26 10:07:31.401   954  2449 D InputTransport: Input channel constructed: 'd28b0cc', fd=1594
10-26 10:07:31.401   954  2449 D InputTransport: Input channel constructed: 'd28b0cc', fd=1595
10-26 10:07:31.401   954  2449 D InputTransport: Input channel constructed: 'd28b0cc', fd=1596
10-26 10:07:31.402   620  2717 I SurfaceFlinger: id=189909 createSurf (0x0),-1 flag=80004, d28b0cc com.example.dogglers/androidx.test.core.app.InstrumentationActivityInvoker$EmptyActivity#0
10-26 10:07:31.403   954  2449 D InputTransport: Input channel destroyed: 'd28b0cc', fd=1596
10-26 10:07:31.404 18320 18320 I ViewRootImpl@5436a5d[InstrumentationActivityInvoker$EmptyActivity]: setView = com.android.internal.policy.DecorView@5e8fc34 TM=true
10-26 10:07:31.405   954  1054 D AnalyticsContainerHandler: handleMessage : { when=0 what=1 target=com.android.server.knox.KnoxAnalyticsContainer$AnalyticsHandler }
10-26 10:07:31.412   954  3917 V WindowManager: Relayout Window{d28b0cc u0 com.example.dogglers/androidx.test.core.app.InstrumentationActivityInvoker$EmptyActivity}: viewVisibility=0 req=1080x2280 d0
10-26 10:07:31.412   620  2717 I SurfaceFlinger: id=189910 createSurf (1x1),-3 flag=40004, com.example.dogglers/androidx.test.core.app.InstrumentationActivityInvoker$EmptyActivity$_18320#1
10-26 10:07:31.415   620  2717 I SurfaceFlinger: id=189911 createSurf (0x0),-1 flag=24000, Surface(name=2fa8401 StatusBar)/@0xf000e26 - animation-leash of insets_animation#0
10-26 10:07:31.415   620  2717 I SurfaceFlinger: id=189912 createSurf (0x0),-1 flag=24000, Surface(name=be23078 NavigationBar0)/@0x50010bd - animation-leash of insets_animation#0
10-26 10:07:31.416   954  3917 V WindowManager: Relayout hash=d28b0cc, pid=18320: mAttrs={(0,0)(fillxfill) sim={adjust=pan forwardNavigation} ty=BASE_APPLICATION wanim=0x1030001
10-26 10:07:31.416   954  3917 V WindowManager:   fl=1810100
10-26 10:07:31.416   954  3917 V WindowManager:   pfl=12020040
10-26 10:07:31.416   954  3917 V WindowManager:   apr=LIGHT_NAVIGATION_BARS
10-26 10:07:31.416   954  3917 V WindowManager:   bhv=DEFAULT
10-26 10:07:31.416   954  3917 V WindowManager:   fitSides= naviIconColor=0
10-26 10:07:31.416   954  3917 V WindowManager:   sfl=100000}
10-26 10:07:31.419 18320 18320 I ViewRootImpl@5436a5d[InstrumentationActivityInvoker$EmptyActivity]: Relayout returned: old=(0,0,1080,2280) new=(0,0,1080,2280) req=(1080,2280)0 dur=5 res=0x7 s={true 515080253824} ch=true fn=-1
10-26 10:07:31.420 18320 18355 D OpenGLRenderer: eglCreateWindowSurface
10-26 10:07:31.421 18320 18320 I ViewRootImpl@5436a5d[InstrumentationActivityInvoker$EmptyActivity]: [DP] dp(1) 1 android.view.ViewRootImpl.reportNextDraw:11420 android.view.ViewRootImpl.performTraversals:4193 android.view.ViewRootImpl.doTraversal:2919
10-26 10:07:31.423 28904 28923 I FontLog : Received query Noto Color Emoji Compat, URI content://com.google.android.gms.fonts [CONTEXT service_id=132 ]
10-26 10:07:31.423 28904 28923 I FontLog : Query [emojicompat-emoji-font] resolved to {Noto Color Emoji Compat, wdth 100.0, wght 400, ital 0.0, bestEffort false} [CONTEXT service_id=132 ]
10-26 10:07:31.425 28904 28923 I FontLog : Fetch {Noto Color Emoji Compat, wdth 100.0, wght 400, ital 0.0, bestEffort false} end status Status{statusCode=SUCCESS, resolution=null} [CONTEXT service_id=132 ]
10-26 10:07:31.426 18320 18320 I ViewRootImpl@5436a5d[InstrumentationActivityInvoker$EmptyActivity]: [DP] pdf(0) 1 android.view.ViewRootImpl.lambda$addFrameCompleteCallbackIfNeeded$3$ViewRootImpl:4995 android.view.ViewRootImpl$$ExternalSyntheticLambda16.run:6 android.os.Handler.handleCallback:938
10-26 10:07:31.426 18320 18320 I ViewRootImpl@5436a5d[InstrumentationActivityInvoker$EmptyActivity]: [DP] rdf()
10-26 10:07:31.426 18320 18320 D ViewRootImpl@5436a5d[InstrumentationActivityInvoker$EmptyActivity]: reportDrawFinished (fn: -1)
10-26 10:07:31.427 18320 18320 I ViewRootImpl@45366e[InstrumentationActivityInvoker$EmptyActivity]: MSG_WINDOW_FOCUS_CHANGED 0 1
10-26 10:07:31.428 19204 19204 E FullInputEventModel: onStartInput event aborted: al1: could not obtain extracted text (class al1)
10-26 10:07:31.429   954  1012 I ActivityTaskManager: Displayed com.example.dogglers/androidx.test.core.app.InstrumentationActivityInvoker$EmptyActivity: +96ms
10-26 10:07:31.429   954  1016 I SemDvfsHyPerManager: acquire hyper - AMS_RESUME_TAIL/954@19, type = -999
10-26 10:07:31.429   954  1016 I SemDvfsHyPerManager: acquire hyper - AMS_ACT_LAZY/954@20, type = -999
10-26 10:07:31.429  2946  2946 E pageboostd: Received HALT command code 2
10-26 10:07:31.429   566   611 I HYPER-HAL: [RequestManager.cpp]acquire(): Acquired ID : 473870  [954 / 19]    HINT : AMS_RESUME_TAIL    list :
10-26 10:07:31.430   566   611 I HYPER-HAL: [RequestManager.cpp]releaseLocked(): Released ID : 471923
10-26 10:07:31.430 28904 29979 I FontLog : Pulling font file for id = 41, cache size = 4 [CONTEXT service_id=132 ]
10-26 10:07:31.433   620   620 I Layer   : id=189904 removeFromCurrentState Surface(name=2fa8401 StatusBar)/@0xf000e26 - animation-leash of insets_animation#1 (171)
10-26 10:07:31.433   620   620 I Layer   : id=76 removeFromCurrentState 2fa8401 StatusBar#0 (171)
10-26 10:07:31.433   620   620 I Layer   : id=84 removeFromCurrentState StatusBar$_1348#0 (171)
10-26 10:07:31.433   620   620 I Layer   : id=76 addToCurrentState 2fa8401 StatusBar#0 (171)
10-26 10:07:31.433   620   620 I Layer   : id=84 addToCurrentState StatusBar$_1348#0 (171)
10-26 10:07:31.433   620   620 I Layer   : id=189905 removeFromCurrentState Surface(name=be23078 NavigationBar0)/@0x50010bd - animation-leash of insets_animation#1 (171)
10-26 10:07:31.433 18320 18320 D InsetsSourceConsumer: ensureControlAlpha: for ITYPE_NAVIGATION_BAR on com.example.dogglers/androidx.test.core.app.InstrumentationActivityInvoker$EmptyActivity
10-26 10:07:31.434   620   620 I SurfaceFlinger: id=189904 Removed Surface(name=2fa8401 StatusBar)/@0xf000e26 - animation-leash of insets_animation#1 (171)
10-26 10:07:31.434   620   620 I SurfaceFlinger: id=189905 Removed Surface(name=be23078 NavigationBar0)/@0x50010bd - animation-leash of insets_animation#1 (171)
10-26 10:07:31.434   620   620 I Layer   : id=189904 Destroyed Surface(name=2fa8401 StatusBar)/@0xf000e26 - animation-leash of insets_animation#1
10-26 10:07:31.434   620   620 I Layer   : id=189905 Destroyed Surface(name=be23078 NavigationBar0)/@0x50010bd - animation-leash of insets_animation#1
10-26 10:07:31.434 28904 29979 I FontLog : Pulling font file for id = 41, cache size = 4 [CONTEXT service_id=132 ]
10-26 10:07:31.435   954  3917 D InputDispatcher: Focus entered window (0): d28b0cc com.example.dogglers/androidx.test.core.app.InstrumentationActivityInvoker$EmptyActivity
10-26 10:07:31.435 18320 18320 D InsetsSourceConsumer: ensureControlAlpha: for ITYPE_STATUS_BAR on com.example.dogglers/androidx.test.core.app.InstrumentationActivityInvoker$EmptyActivity
10-26 10:07:31.436 18320 18320 I ViewRootImpl@45366e[InstrumentationActivityInvoker$EmptyActivity]: handleAppVisibility mAppVisible=true visible=false
10-26 10:07:31.437 18320 18320 I ViewRootImpl@45366e[InstrumentationActivityInvoker$EmptyActivity]: stopped(true) old=false
10-26 10:07:31.437 18320 18320 D LifecycleMonitor: Lifecycle status change: androidx.test.core.app.InstrumentationActivityInvoker$EmptyActivity@8ab2cb3 in: STOPPED
10-26 10:07:31.437 18320 18320 V ActivityScenario: Activity lifecycle changed event received but ignored because the intent does not match. startActivityIntent=Intent { act=android.intent.action.MAIN cat=[android.intent.category.LAUNCHER] cmp=com.example.dogglers/.MainActivity }, activity.getIntent()=Intent { act=android.intent.action.MAIN cat=[android.intent.category.LAUNCHER] flg=0x10000000 cmp=com.example.dogglers/androidx.test.core.app.InstrumentationActivityInvoker$EmptyActivity }, activity=androidx.test.core.app.InstrumentationActivityInvoker$EmptyActivity@8ab2cb3
10-26 10:07:31.438   620   620 D SurfaceFlinger: Display 0 HWC layers:
10-26 10:07:31.438   620   620 D SurfaceFlinger:      DEVICE | 0x7843da67f0 | 0102 | RGBA_8888    |    0.0    0.0 1080.0 2280.0 |    0    0 1080 2280 | com.example.dogglers/androidx.test.c[...]tivityInvoker$EmptyActivity$_18320#1
10-26 10:07:31.438   620   620 D SurfaceFlinger:      DEVICE | 0x7843dbb970 | 0100 | RGBA_8888    |    0.0    0.0 1080.0  112.0 |    0    0 1080  112 | StatusBar$_1348#0
10-26 10:07:31.438   620   620 D SurfaceFlinger:      DEVICE | 0x7843daab70 | 0100 | RGBA_8888    |    0.0    0.0   67.0  416.0 |    0  814   67 1230 | com.samsung.android.app.cocktailbars[...]arservice.CocktailBarService$_8198#0
10-26 10:07:31.438   620   620 D SurfaceFlinger:      DEVICE | 0x7843da5dd0 | 0100 | RGBA_8888    |    0.0    0.0 1080.0  126.0 |    0 2154 1080 2280 | NavigationBar0$_1348#0
10-26 10:07:31.438   620   620 D SurfaceFlinger:
10-26 10:07:31.441   954  3917 D InputDispatcher: Focused application set to (0): 7d8cfdc
10-26 10:07:31.444   954  1015 D PersonaActivityHelper: Activity not in resumed state, do not run immediate lock
10-26 10:07:31.446 18320 18320 I ViewRootImpl@5436a5d[InstrumentationActivityInvoker$EmptyActivity]: MSG_WINDOW_FOCUS_CHANGED 1 1
10-26 10:07:31.447 18320 18320 D InputMethodManager: startInputInner - Id : 0
10-26 10:07:31.447 18320 18320 I InputMethodManager: startInputInner - mService.startInputOrWindowGainedFocus
10-26 10:07:31.448   954  1253 D SemNscXgbMsL1: Probability - Cloud gaming: [0.03295412]
10-26 10:07:31.448   954  1253 D SemNscXgbMsL1: Probability - Real time: [0.047079533]
10-26 10:07:31.448   954  1253 D SemNscXgbMsL1: Probability - Non real time: [0.979482]
10-26 10:07:31.448   954  1253 D SemNscXgbMsL1: 1 sample inference time: 0.306346 msecs
10-26 10:07:31.448   954  1253 D SemNscXgbL2Rt: L2 RT 1 sample inference time: 0.395731 msecs
10-26 10:07:31.449   954  3917 D InputMethodManagerServicePhysicalKey: isConnectedDexOnPC false
10-26 10:07:31.449   954  1253 D SemNscXgbL2Nrt: L2 NRT 1 sample inference time: 0.360115 msecs
10-26 10:07:31.449   954  3917 D InputMethodManagerService: isImeSwitcherDisabledPackage : false
10-26 10:07:31.450 18320 18355 D OpenGLRenderer: setSurface called with nullptr
10-26 10:07:31.450 18320 18355 D OpenGLRenderer: setSurface() destroyed EGLSurface
10-26 10:07:31.450 18320 18355 D OpenGLRenderer: destroyEglSurface
10-26 10:07:31.452   954  3917 V WindowManager: Relayout Window{a164779 u0 com.example.dogglers/androidx.test.core.app.InstrumentationActivityInvoker$EmptyActivity}: viewVisibility=8 req=1080x2280 d0
10-26 10:07:31.455   954  3917 V WindowManager: Relayout hash=a164779, pid=18320: mAttrs={(0,0)(fillxfill) sim={adjust=pan forwardNavigation} ty=BASE_APPLICATION wanim=0x1030001
10-26 10:07:31.455   954  3917 V WindowManager:   fl=1810100
10-26 10:07:31.455   954  3917 V WindowManager:   pfl=12020040
10-26 10:07:31.455   954  3917 V WindowManager:   apr=LIGHT_NAVIGATION_BARS
10-26 10:07:31.455   954  3917 V WindowManager:   bhv=DEFAULT
10-26 10:07:31.455   954  3917 V WindowManager:   fitSides= naviIconColor=0
10-26 10:07:31.455   954  3917 V WindowManager:   sfl=100000}
10-26 10:07:31.457 18320 18320 I ViewRootImpl@45366e[InstrumentationActivityInvoker$EmptyActivity]: Relayout returned: old=(0,0,1080,2280) new=(0,0,1080,2280) req=(1080,2280)8 dur=4 res=0x5 s={false 0} ch=false fn=-1
10-26 10:07:31.462 18320 18320 D LifecycleMonitor: Lifecycle status change: androidx.test.core.app.InstrumentationActivityInvoker$EmptyActivity@8ab2cb3 in: DESTROYED
10-26 10:07:31.462 18320 18320 V ActivityScenario: Activity lifecycle changed event received but ignored because the intent does not match. startActivityIntent=Intent { act=android.intent.action.MAIN cat=[android.intent.category.LAUNCHER] cmp=com.example.dogglers/.MainActivity }, activity.getIntent()=Intent { act=android.intent.action.MAIN cat=[android.intent.category.LAUNCHER] flg=0x10000000 cmp=com.example.dogglers/androidx.test.core.app.InstrumentationActivityInvoker$EmptyActivity }, activity=androidx.test.core.app.InstrumentationActivityInvoker$EmptyActivity@8ab2cb3
10-26 10:07:31.463 18320 18355 D OpenGLRenderer: setSurface called with nullptr
10-26 10:07:31.463 18320 18320 I ViewRootImpl@45366e[InstrumentationActivityInvoker$EmptyActivity]: dispatchDetachedFromWindow
10-26 10:07:31.464 26660  4876 I RecentModel: onTaskStackChangedBackground
10-26 10:07:31.464   954  3917 D InputTransport: Input channel destroyed: 'a164779', fd=1592
10-26 10:07:31.464   954  3917 W InputManager-JNI: Input channel object 'a164779 com.example.dogglers/androidx.test.core.app.InstrumentationActivityInvoker$EmptyActivity (client)' was disposed without first being removed with the input manager!
10-26 10:07:31.464   954  3917 D InputTransport: Input channel destroyed: 'a164779', fd=1593
10-26 10:07:31.465   620  2717 I SurfaceFlinger: id=189913 createSurf (0x0),-1 flag=24004, Surface(name=2188bee InputMethod)/@0xe151908 - animation-leash of insets_animation#0
10-26 10:07:31.467   954  3912 D InputDispatcher: Focus left window (0): d28b0cc com.example.dogglers/androidx.test.core.app.InstrumentationActivityInvoker$EmptyActivity
10-26 10:07:31.471 18320 18320 D InputTransport: Input channel destroyed: 'a164779', fd=117
10-26 10:07:31.473 18320 18320 D LifecycleMonitor: Lifecycle status change: androidx.test.core.app.InstrumentationActivityInvoker$EmptyActivity@f69a546 in: PAUSED
10-26 10:07:31.474 18320 18320 V ActivityScenario: Activity lifecycle changed event received but ignored because the intent does not match. startActivityIntent=Intent { act=android.intent.action.MAIN cat=[android.intent.category.LAUNCHER] cmp=com.example.dogglers/.MainActivity }, activity.getIntent()=Intent { act=android.intent.action.MAIN cat=[android.intent.category.LAUNCHER] flg=0x10000000 cmp=com.example.dogglers/androidx.test.core.app.InstrumentationActivityInvoker$EmptyActivity }, activity=androidx.test.core.app.InstrumentationActivityInvoker$EmptyActivity@f69a546
10-26 10:07:31.480 30071 30318 I Rubin   : [1169] LoggingEventHelper.notifyUpdatedWithValue(LoggingEventHelper.java:58) : Notify AppUsageLogger's database is updated.
10-26 10:07:31.483   620   620 I Layer   : id=189903 removeFromCurrentState com.example.dogglers/androidx.test.core.app.InstrumentationActivityInvoker$EmptyActivity$_18320#0 (170)
10-26 10:07:31.483   620   620 I Layer   : id=189900 removeFromCurrentState a164779 com.example.dogglers/androidx.test.core.app.InstrumentationActivityInvoker$EmptyActivity#0 (170)
10-26 10:07:31.483   620   620 I Layer   : id=189908 removeFromCurrentState Surface(name=2188bee InputMethod)/@0xe151908 - animation-leash of insets_animation#1 (170)
10-26 10:07:31.484   620   620 I Layer   : id=189896 removeFromCurrentState ActivityRecord{93db1d1 u0 com.example.dogglers/androidx.test.core.app.InstrumentationActivityInvoker$EmptyActivity t30229}#0 (170)
10-26 10:07:31.484   620   620 I SurfaceFlinger: id=189896 Removed ActivityRecord{93db1d1 u0 com.example.dogglers/androidx.test.core.app.InstrumentationActivityInvoker$EmptyActivity t30229}#0 (170)
10-26 10:07:31.484   620   620 I SurfaceFlinger: id=189900 Removed a164779 com.example.dogglers/androidx.test.core.app.InstrumentationActivityInvoker$EmptyActivity#0 (170)
10-26 10:07:31.484   954  3912 I SemDvfsHyPerManager: acquire hyper - AMS_APP_HOME/954@32, type = -999
10-26 10:07:31.484   620   620 I SurfaceFlinger: id=189908 Removed Surface(name=2188bee InputMethod)/@0xe151908 - animation-leash of insets_animation#1 (170)
10-26 10:07:31.484   620   620 I SurfaceFlinger: id=189903 Removed com.example.dogglers/androidx.test.core.app.InstrumentationActivityInvoker$EmptyActivity$_18320#0 (170)
10-26 10:07:31.484   620   620 I Layer   : id=189896 Destroyed ActivityRecord{93db1d1 u0 com.example.dogglers/androidx.test.core.app.InstrumentationActivityInvoker$EmptyActivity t30229}#0
10-26 10:07:31.484   620   620 I Layer   : id=189900 Destroyed a164779 com.example.dogglers/androidx.test.core.app.InstrumentationActivityInvoker$EmptyActivity#0
10-26 10:07:31.484   620   620 I Layer   : id=189903 Destroyed com.example.dogglers/androidx.test.core.app.InstrumentationActivityInvoker$EmptyActivity$_18320#0
10-26 10:07:31.484   620   620 I Layer   : id=189908 Destroyed Surface(name=2188bee InputMethod)/@0xe151908 - animation-leash of insets_animation#1
10-26 10:07:31.484  3825  3825 I SemDvfsHyPerManager: acquire hyper - APP_START_SHORT/3825@14, type = -999
10-26 10:07:31.485 26660 26660 I ViewRootImpl@623994e[LauncherActivity]: handleAppVisibility mAppVisible=false visible=true
10-26 10:07:31.485   566   611 I HYPER-HAL: [RequestManager.cpp]acquire(): Acquired ID : 486623  [954 / 32]    HINT : AMS_APP_HOME    list :
10-26 10:07:31.486   566   611 I HYPER-HAL: [RequestManager.cpp]acquire(): Acquired ID : 7370894  [3825 / 14]    HINT : APP_START    list : [TIMEOUT / 1500]
10-26 10:07:31.488   529   535 E statsd  : Predicate 5980654721335871649 dropping data for dimension key (10)0x2010101->10988[I] (10)0x30000->*launch*[S]
10-26 10:07:31.488   529   535 E statsd  : Predicate -7037417284711607308 dropping data for dimension key (10)0x2010101->10988[I] (10)0x30000->*launch*[S]
10-26 10:07:31.489 18320 18320 I ViewRootImpl@5436a5d[InstrumentationActivityInvoker$EmptyActivity]: MSG_WINDOW_FOCUS_CHANGED 0 1
10-26 10:07:31.490   954  1015 I SemPersonaManager: SecureFolder personaId = 150
10-26 10:07:31.493 18320 18346 I TestRunner: finished: grid_list_button_is_displayed(com.example.dogglers.ButtonTests)
