10-26 10:07:33.451 18320 18346 I TestRunner: started: clicking_grid_list_button_displays_grid_list(com.example.dogglers.ButtonTests)
10-26 10:07:33.451   954  3917 D InputTransport: Input channel destroyed: 'de7ab05', fd=1597
10-26 10:07:33.451   954  3917 W InputManager-JNI: Input channel object 'de7ab05 com.example.dogglers/com.example.dogglers.HorizontalListActivity (client)' was disposed without first being removed with the input manager!
10-26 10:07:33.451   954  3917 D InputTransport: Input channel destroyed: 'de7ab05', fd=1616
10-26 10:07:33.453 18320 18320 D InputTransport: Input channel destroyed: 'de7ab05', fd=114
10-26 10:07:33.455   620   642 I SurfaceFlinger: id=189977 createSurf (0x0),-1 flag=24004, Task=30230#1
10-26 10:07:33.457 26660 26660 I RecentsView: onTaskRemoved() taskId : 30230
10-26 10:07:33.457 26660 26660 I RecentsView: onTaskRemoved() taskId : 30230
10-26 10:07:33.459   620   620 I Layer   : id=189946 removeFromCurrentState com.example.dogglers/com.example.dogglers.HorizontalListActivity$_18320#0 (178)
10-26 10:07:33.459   620   620 I Layer   : id=189945 removeFromCurrentState de7ab05 com.example.dogglers/com.example.dogglers.HorizontalListActivity#0 (178)
10-26 10:07:33.459   620   620 I Layer   : id=189940 removeFromCurrentState ActivityRecord{cfd11d9 u0 com.example.dogglers/.HorizontalListActivity t30230}#0 (178)
10-26 10:07:33.459   620   620 I Layer   : id=189924 removeFromCurrentState Task=30230#0 (178)
10-26 10:07:33.459   620   620 I Layer   : id=189977 removeFromCurrentState Task=30230#1 (178)
10-26 10:07:33.459   620   620 I SurfaceFlinger: id=189940 Removed ActivityRecord{cfd11d9 u0 com.example.dogglers/.HorizontalListActivity t30230}#0 (178)
10-26 10:07:33.459   620   620 I SurfaceFlinger: id=189977 Removed Task=30230#1 (178)
10-26 10:07:33.459   620   620 I SurfaceFlinger: id=189945 Removed de7ab05 com.example.dogglers/com.example.dogglers.HorizontalListActivity#0 (178)
10-26 10:07:33.459   620   620 I SurfaceFlinger: id=189946 Removed com.example.dogglers/com.example.dogglers.HorizontalListActivity$_18320#0 (178)
10-26 10:07:33.459   620   620 I Layer   : id=189977 Destroyed Task=30230#1
10-26 10:07:33.459   620   620 I Layer   : id=189945 Destroyed de7ab05 com.example.dogglers/com.example.dogglers.HorizontalListActivity#0
10-26 10:07:33.459   620   620 I Layer   : id=189946 Destroyed com.example.dogglers/com.example.dogglers.HorizontalListActivity$_18320#0
10-26 10:07:33.460   620   620 I Layer   : id=189940 Destroyed ActivityRecord{cfd11d9 u0 com.example.dogglers/.HorizontalListActivity t30230}#0
10-26 10:07:33.460   954  1253 D SemNscXgbMsL1: Probability - Cloud gaming: [0.036626674]
10-26 10:07:33.460   954  1253 D SemNscXgbMsL1: Probability - Real time: [0.033858586]
10-26 10:07:33.460   954  1253 D SemNscXgbMsL1: Probability - Non real time: [0.9737603]
10-26 10:07:33.460   954  1253 D SemNscXgbMsL1: 1 sample inference time: 0.302231 msecs
10-26 10:07:33.460   954  1253 D SemNscXgbL2Rt: L2 RT 1 sample inference time: 0.419846 msecs
10-26 10:07:33.461   954  1253 D SemNscXgbL2Nrt: L2 NRT 1 sample inference time: 0.371269 msecs
10-26 10:07:33.465 18320 18346 W Settings: Setting always_finish_activities has moved from android.provider.Settings.System to android.provider.Settings.Global, returning read-only value.
10-26 10:07:33.470   954  2013 I SemDvfsHyPerManager: acquire hyper - AMS_APP_SWITCH/954@21, type = -999
10-26 10:07:33.470   954  2771 D PkgPredictorService-IpmAdcpController: create a new DexPreloadTask pkg:com.example.dogglers  path:/data/app/~~gQVUXpdHkoIHdAz2oCmlZw==/com.example.dogglers-aSa4fDUpcm4-U0kwu-wmsA==
10-26 10:07:33.470   566   611 I HYPER-HAL: [RequestManager.cpp]acquire(): Acquired ID : 475821  [954 / 21]    HINT : AMS_APP_SWITCH    list :
10-26 10:07:33.470   620  3677 I SurfaceFlinger: id=189978 createSurf (0x0),-1 flag=24004, Task=30231#0
10-26 10:07:33.471  3825  3825 I SemDvfsHyPerManager: acquire hyper - APP_START_SHORT/3825@14, type = -999
10-26 10:07:33.471   566   611 I HYPER-HAL: [RequestManager.cpp]acquire(): Acquired ID : 7370894  [3825 / 14]    HINT : APP_START    list : [TIMEOUT / 1500]
10-26 10:07:33.471   620  3677 I SurfaceFlinger: id=189979 createSurf (0x0),-1 flag=80004, ActivityRecord{c9e3da2 u0 com.example.dogglers/androidx.test.core.app.InstrumentationActivityInvoker$BootstrapActivity t30231}#0
10-26 10:07:33.474   529   535 E statsd  : Predicate 5980654721335871649 dropping data for dimension key (10)0x2010101->10988[I] (10)0x30000->*launch*[S]
10-26 10:07:33.475   529   535 E statsd  : Predicate -7037417284711607308 dropping data for dimension key (10)0x2010101->10988[I] (10)0x30000->*launch*[S]
10-26 10:07:33.475   954  3917 I SemDvfsHyPerManager: acquire hyper - AMS_APP_LAUNCH/954@18, type = -999
10-26 10:07:33.476   566   611 I HYPER-HAL: [RequestManager.cpp]acquire(): Acquired ID : 472896  [954 / 18]    HINT : AMS_APP_LAUNCH    list :
10-26 10:07:33.476  3825  3825 I SemDvfsHyPerManager: acquire hyper - APP_START/3825@15, type = -999
10-26 10:07:33.477 26660 26660 I BaseActivity: removeActivityFlags, flags : 16
10-26 10:07:33.477 26660 26660 I BaseActivity: removeActivityFlags, flags : 6
10-26 10:07:33.477 26660 26660 I DragController: endDrag
10-26 10:07:33.477   954  3937 D InputTransport: Input channel constructed: 'b4691ee', fd=1172
10-26 10:07:33.477   954  3937 D InputTransport: Input channel constructed: 'b4691ee', fd=1201
10-26 10:07:33.477 26660 26660 W LauncherAppWidgetHost: setShouldListenFlag, mFlags:15 flag:resume on:false isFront:false
10-26 10:07:33.477   954  3937 D InputTransport: Input channel constructed: 'b4691ee', fd=1214
10-26 10:07:33.477   620  3677 I SurfaceFlinger: id=189980 createSurf (0x0),-1 flag=80004, b4691ee Splash Screen com.example.dogglers#0
10-26 10:07:33.478   566   611 I HYPER-HAL: [RequestManager.cpp]acquire(): Acquired ID : 7374735  [3825 / 15]    HINT : APP_START    list :
10-26 10:07:33.479   954  3937 D InputTransport: Input channel destroyed: 'b4691ee', fd=1214
10-26 10:07:33.479  1348  1474 I ViewRootImpl@1ef4641[dogglers]: setView = android.widget.FrameLayout@a858fd4 TM=true
10-26 10:07:33.480 26660 26660 I DecorView: notifyKeepScreenOnChanged: keepScreenOn=false
10-26 10:07:33.480 26660 26660 I SPayUpdater: updateSpayHandler launcher activity is paused false
10-26 10:07:33.480 26660 26660 I BlurOperator: progress = 1.0, mBlurProgress = 1.0, forced = true, mForced = false
10-26 10:07:33.481 26660 26660 I BlurOperator: mSetTime = 1666771651973, currentTimeMs = 1666771653480
10-26 10:07:33.481 26660 26660 I BlurOperator: blurAmount = 0.125, mBgBlurAmount = 0.125, show = true, mPreBlur = 0.125, mDuration = 1
10-26 10:07:33.483   954  2449 D InputDispatcher: Focused application set to (0): c9e3da2
10-26 10:07:33.486   954  3937 V WindowManager: Relayout Window{b4691ee u0 Splash Screen com.example.dogglers}: viewVisibility=0 req=1080x2280 d0
10-26 10:07:33.487   620  3677 I SurfaceFlinger: id=189981 createSurf (1080x2280),-3 flag=40004, Splash Screen com.example.dogglers$_1348#0
10-26 10:07:33.489   954  3937 V WindowManager: Relayout hash=b4691ee, pid=1348: mAttrs={(0,0)(fillxfill) sim={adjust=pan} ty=APPLICATION_STARTING fmt=TRANSLUCENT wanim=0x1030001
10-26 10:07:33.489   954  3937 V WindowManager:   fl=81030118
10-26 10:07:33.489   954  3937 V WindowManager:   pfl=36000010
10-26 10:07:33.489   954  3937 V WindowManager:   bhv=DEFAULT
10-26 10:07:33.489   954  3937 V WindowManager:   fitSides= naviIconColor=0}
10-26 10:07:33.491  1348  1474 I ViewRootImpl@1ef4641[dogglers]: Relayout returned: old=(0,0,1080,2280) new=(0,0,1080,2280) req=(1080,2280)0 dur=10 res=0x7 s={true 515084544064} ch=true fn=-1
10-26 10:07:33.491  1348  1537 D OpenGLRenderer: eglCreateWindowSurface
10-26 10:07:33.491  1348  1474 I ViewRootImpl@1ef4641[dogglers]: [DP] dp(1) 0 android.view.ViewRootImpl.reportNextDraw:11420 android.view.ViewRootImpl.performTraversals:4193 android.view.ViewRootImpl.doTraversal:2919
10-26 10:07:33.493   954  3912 V WindowManager: Relayout Window{4ad90e6 u0 com.sec.android.app.launcher/com.sec.android.app.launcher.activities.LauncherActivity}: viewVisibility=0 req=1080x2280 d0
10-26 10:07:33.496   954  3912 V WindowManager: Relayout hash=4ad90e6, pid=26660: mAttrs={(0,0)(fillxfill) sim={adjust=nothing} layoutInDisplayCutoutMode=shortEdges ty=BASE_APPLICATION fmt=TRANSPARENT wanim=0x10302f2
10-26 10:07:33.496   954  3912 V WindowManager:   fl=81910100
10-26 10:07:33.496   954  3912 V WindowManager:   pfl=1e020040
10-26 10:07:33.496   954  3912 V WindowManager:   vsysui=1700
10-26 10:07:33.496   954  3912 V WindowManager:   bhv=SHOW_TRANSIENT_BARS_BY_SWIPE
10-26 10:07:33.496   954  3912 V WindowManager:   fitSides= naviIconColor=0}
10-26 10:07:33.497 26660 26660 I ViewRootImpl@623994e[LauncherActivity]: Relayout returned: old=(0,0,1080,2280) new=(0,0,1080,2280) req=(1080,2280)0 dur=4 res=0x1 s={true 515082128624} ch=false fn=26
10-26 10:07:33.497  1348  1474 I ViewRootImpl@1ef4641[dogglers]: [DP] pdf(0) 0 android.view.ViewRootImpl.lambda$addFrameCompleteCallbackIfNeeded$3$ViewRootImpl:4995 android.view.ViewRootImpl$$ExternalSyntheticLambda16.run:6 android.os.Handler.handleCallback:938
10-26 10:07:33.498  1348  1474 I ViewRootImpl@1ef4641[dogglers]: [DP] rdf()
10-26 10:07:33.498  1348  1474 D ViewRootImpl@1ef4641[dogglers]: reportDrawFinished (fn: -1)
10-26 10:07:33.498 18320 18320 D LifecycleMonitor: Lifecycle status change: androidx.test.core.app.InstrumentationActivityInvoker$BootstrapActivity@1dcabd0 in: PRE_ON_CREATE
10-26 10:07:33.499 18320 18320 V ActivityScenario: Activity lifecycle changed event received but ignored because the intent does not match. startActivityIntent=Intent { act=android.intent.action.MAIN cat=[android.intent.category.LAUNCHER] cmp=com.example.dogglers/.MainActivity }, activity.getIntent()=Intent { act=android.intent.action.MAIN cat=[android.intent.category.LAUNCHER] flg=0x10008000 cmp=com.example.dogglers/androidx.test.core.app.InstrumentationActivityInvoker$BootstrapActivity (has extras) }, activity=androidx.test.core.app.InstrumentationActivityInvoker$BootstrapActivity@1dcabd0
10-26 10:07:33.501 30071 30318 I Rubin   : [1169] LoggingEventHelper.notifyUpdatedWithValue(LoggingEventHelper.java:58) : Notify AppUsageLogger's database is updated.
10-26 10:07:33.501  1348  1348 D FullscreenTaskListener: Fullscreen Task Appeared: #30231, caller=com.android.wm.shell.ShellTaskOrganizer.onTaskAppeared:387 com.android.wm.shell.ShellTaskOrganizer.onTaskAppeared:376 android.window.TaskOrganizer$1.lambda$onTaskAppeared$4$TaskOrganizer$1:297
10-26 10:07:33.504   620  3677 I SurfaceFlinger: id=189982 createSurf (0x0),-1 flag=24000, Surface(name=Task=1)/@0x4cdbfdb - animation-leash of app_transition#0
10-26 10:07:33.505   954  1271 D NetdEventListenerService: DNS Requested by : 229, 1000, 0
10-26 10:07:33.507   620  3677 I SurfaceFlinger: id=189983 createSurf (0x0),-1 flag=24004, Surface(name=Task=30231)/@0x720817f - animation-leash of app_transition#0
10-26 10:07:33.508   620  3677 I SurfaceFlinger: id=189984 createSurf (0x0),-1 flag=24000, Surface(name=2fa8401 StatusBar)/@0xf000e26 - animation-leash of insets_animation#1
10-26 10:07:33.509   620  3677 I SurfaceFlinger: id=189985 createSurf (0x0),-1 flag=24000, Surface(name=be23078 NavigationBar0)/@0x50010bd - animation-leash of insets_animation#1
10-26 10:07:33.510   954  2449 D InputDispatcher: Focus left window (0): 4ad90e6 com.sec.android.app.launcher/com.sec.android.app.launcher.activities.LauncherActivity
10-26 10:07:33.510 26660 26660 I ViewRootImpl@623994e[LauncherActivity]: MSG_WINDOW_FOCUS_CHANGED 0 1
10-26 10:07:33.510 26660 26660 I BaseActivity: removeActivityFlags, flags : 8
10-26 10:07:33.511  1348  1474 D InsetsSourceConsumer: ensureControlAlpha: for ITYPE_NAVIGATION_BAR on Splash Screen com.example.dogglers
10-26 10:07:33.511   954  1015 I SemPersonaManager: SecureFolder personaId = 150
10-26 10:07:33.512  1348  1474 D InsetsSourceConsumer: ensureControlAlpha: for ITYPE_STATUS_BAR on Splash Screen com.example.dogglers
10-26 10:07:33.514 26660  4876 I TouchInteractionService: onSystemUiStateChanged, stateFlags : 131072
10-26 10:07:33.516 30071 30318 I Rubin   : [1169] ExercisingWithCmhMonitor.isSatisfiedByCmh(ExercisingWithCmhMonitor.java:121) : isSatisfiedByCmh is false
10-26 10:07:33.517 18320 18320 I DecorView: [INFO] isPopOver=false, config=true
10-26 10:07:33.517 18320 18320 I DecorView: updateCaptionType >> DecorView@59aece[], isFloating=false, isApplication=true, hasWindowControllerCallback=true, hasWindowDecorCaption=false
10-26 10:07:33.517 18320 18320 D DecorView: setCaptionType = 0, this = DecorView@59aece[]
10-26 10:07:33.522 18320 18320 I DecorView: getCurrentDensityDpi: from real metrics. densityDpi=420 msg=resources_loaded
10-26 10:07:33.526   620   620 I Layer   : id=189969 removeFromCurrentState Surface(name=2fa8401 StatusBar)/@0xf000e26 - animation-leash of insets_animation#0 (182)
10-26 10:07:33.526   620   620 I Layer   : id=189970 removeFromCurrentState Surface(name=be23078 NavigationBar0)/@0x50010bd - animation-leash of insets_animation#0 (182)
10-26 10:07:33.527 18320 18320 D LifecycleMonitor: Lifecycle status change: androidx.test.core.app.InstrumentationActivityInvoker$BootstrapActivity@1dcabd0 in: CREATED
10-26 10:07:33.527 18320 18320 V ActivityScenario: Activity lifecycle changed event received but ignored because the intent does not match. startActivityIntent=Intent { act=android.intent.action.MAIN cat=[android.intent.category.LAUNCHER] cmp=com.example.dogglers/.MainActivity }, activity.getIntent()=Intent { act=android.intent.action.MAIN cat=[android.intent.category.LAUNCHER] flg=0x10008000 cmp=com.example.dogglers/androidx.test.core.app.InstrumentationActivityInvoker$BootstrapActivity (has extras) }, activity=androidx.test.core.app.InstrumentationActivityInvoker$BootstrapActivity@1dcabd0
10-26 10:07:33.528 26660 26660 I BadgeRenderer: Invalid count : 0
10-26 10:07:33.528 26660 26660 I BadgeRenderer: Invalid count : 0
10-26 10:07:33.531   954  1015 D EnterpriseDeviceManagerService: isMdmAdminPresentInternal() : MDM Admin Found - com.samsung.knox.securefolder
10-26 10:07:33.531 18320 18320 D LifecycleMonitor: Lifecycle status change: androidx.test.core.app.InstrumentationActivityInvoker$BootstrapActivity@1dcabd0 in: STARTED
10-26 10:07:33.532 18320 18320 V ActivityScenario: Activity lifecycle changed event received but ignored because the intent does not match. startActivityIntent=Intent { act=android.intent.action.MAIN cat=[android.intent.category.LAUNCHER] cmp=com.example.dogglers/.MainActivity }, activity.getIntent()=Intent { act=android.intent.action.MAIN cat=[android.intent.category.LAUNCHER] flg=0x10008000 cmp=com.example.dogglers/androidx.test.core.app.InstrumentationActivityInvoker$BootstrapActivity (has extras) }, activity=androidx.test.core.app.InstrumentationActivityInvoker$BootstrapActivity@1dcabd0
10-26 10:07:33.532 26660 26660 I TouchInteractionService: onSystemUiFlagsChanged, userUnlocked
10-26 10:07:33.532   620  3677 I SurfaceFlinger: id=189970 Removed Surface(name=be23078 NavigationBar0)/@0x50010bd - animation-leash of insets_animation#0 (182)
10-26 10:07:33.532   620   642 I SurfaceFlinger: id=189969 Removed Surface(name=2fa8401 StatusBar)/@0xf000e26 - animation-leash of insets_animation#0 (182)
10-26 10:07:33.537   620   642 I SurfaceFlinger: id=189986 createSurf (0x0),-1 flag=80004, ActivityRecord{9760850 u0 com.example.dogglers/.MainActivity t30231}#0
10-26 10:07:33.540  1348  5738 I ViewRootImpl@1ef4641[dogglers]: Resizing android.view.ViewRootImpl@ea9057d: frame=[0,0][1080,2280] reportDraw=false forceLayout=false backDropFrame=Rect(0, 0 - 1080, 2280)
10-26 10:07:33.540  1348  1474 I ViewRootImpl@1ef4641[dogglers]: handleResized, msg = 4 frames=ClientWindowFrames{frame=[0,0][1080,2280] display=[0,0][1080,2280] backdrop=[0,0][1080,2280]} forceNextWindowRelayout=false displayId=0 frameChanged=false backdropFrameChanged=false configChanged=false displayChanged=false mNextDrawUseBlastSync=false mergedConfiguration={mGlobalConfig={1.1 220mcc1mnc [en_US,sr_RS] ldltr sw411dp w411dp h777dp 420dpi nrml long port finger -keyb/v/h -nav/h winConfig={ mBounds=Rect(0, 0 - 1080, 2280) mAppBounds=Rect(0, 112 - 1080, 2154) mMaxBounds=Rect(0, 0 - 1080, 2280) mWindowingMode=fullscreen mDisplayWindowingMode=fullscreen mActivityType=undefined mAlwaysOnTop=undefined mRotation=ROTATION_0 mPopOver=undefined mFreeformTaskPinningState=undefined} s.10103 fontWeightAdjustment=0 ff=0 bf=0 bts=0 desktop/d dm/n ?dc ?dcui ?dcaf enb/d themeSeq=0} mOverrideConfig={1.1 220mcc1mnc [en_US,sr_RS] ldltr sw411dp w411dp h777dp 420dpi nrml long port finger -keyb/v/h -nav/h winConfig={ mBounds=Rect(0, 0 - 1080, 2280) mAppBounds=Rect(0, 112 - 1080, 2154) mMaxBounds=Rect(0, 0 - 1080, 2280) mWindowingMode=fullscreen mDisplayWindowingMode=fullscreen mActivityType=standard mAlwaysOnTop=undefined mRotation=ROTATION_0 mPopOver=off mFreeformTaskPinningState=unpinned} s.1 fontWeightAdjustment=0 ff=0 bf=0 bts=0 desktop/d dm/n dc/d ?dcui ?dcaf enb/d themeSeq=0}}
10-26 10:07:33.541 18320 18320 D LifecycleMonitor: Lifecycle status change: androidx.test.core.app.InstrumentationActivityInvoker$BootstrapActivity@1dcabd0 in: RESUMED
10-26 10:07:33.541 18320 18320 V ActivityScenario: Activity lifecycle changed event received but ignored because the intent does not match. startActivityIntent=Intent { act=android.intent.action.MAIN cat=[android.intent.category.LAUNCHER] cmp=com.example.dogglers/.MainActivity }, activity.getIntent()=Intent { act=android.intent.action.MAIN cat=[android.intent.category.LAUNCHER] flg=0x10008000 cmp=com.example.dogglers/androidx.test.core.app.InstrumentationActivityInvoker$BootstrapActivity (has extras) }, activity=androidx.test.core.app.InstrumentationActivityInvoker$BootstrapActivity@1dcabd0
10-26 10:07:33.542   620   620 I Layer   : id=189969 Destroyed Surface(name=2fa8401 StatusBar)/@0xf000e26 - animation-leash of insets_animation#0
10-26 10:07:33.542   620   620 I Layer   : id=189970 Destroyed Surface(name=be23078 NavigationBar0)/@0x50010bd - animation-leash of insets_animation#0
10-26 10:07:33.543 18320 18320 D LifecycleMonitor: Lifecycle status change: androidx.test.core.app.InstrumentationActivityInvoker$BootstrapActivity@1dcabd0 in: PAUSED
10-26 10:07:33.544 18320 18320 V ActivityScenario: Activity lifecycle changed event received but ignored because the intent does not match. startActivityIntent=Intent { act=android.intent.action.MAIN cat=[android.intent.category.LAUNCHER] cmp=com.example.dogglers/.MainActivity }, activity.getIntent()=Intent { act=android.intent.action.MAIN cat=[android.intent.category.LAUNCHER] flg=0x10008000 cmp=com.example.dogglers/androidx.test.core.app.InstrumentationActivityInvoker$BootstrapActivity (has extras) }, activity=androidx.test.core.app.InstrumentationActivityInvoker$BootstrapActivity@1dcabd0
10-26 10:07:33.547   620   620 D SurfaceFlinger: Display 0 HWC layers:
10-26 10:07:33.547   620   620 D SurfaceFlinger:      CLIENT | 0x7843db7cb0 | 0100 | RGBx_8888    |  589.0    0.0 1651.0 2240.0 |    0    0 1080 2280 | Wallpaper BBQ wrapper#0
10-26 10:07:33.547   620   620 D SurfaceFlinger:      CLIENT |              | 0000 |  Unknown  |    0.0    0.0    0.0    0.0 |    0    0 1080 2280 | OneUiHome-BlurLayer#0 (backgroundBlurRadius)
10-26 10:07:33.547   620   620 D SurfaceFlinger:      DEVICE | 0x7843db1e30 | 0100 | RGBA_8888    |    0.0    0.0 1080.0 2280.0 |    0    0 1080 2280 | com.sec.android.app.launcher/com.sec[...]activities.LauncherActivity$_26660#0
10-26 10:07:33.547   620   620 D SurfaceFlinger:      DEVICE | 0x7843db2cd0 | 0100 | RGBA_8888    |    0.0    0.0 1080.0 2280.0 |   67  142 1013 2138 | Splash Screen com.example.dogglers$_1348#0
10-26 10:07:33.547   620   620 D SurfaceFlinger:      DEVICE | 0x7843dbb970 | 0100 | RGBA_8888    |    0.0    0.0 1080.0  112.0 |    0    0 1080  112 | StatusBar$_1348#0
10-26 10:07:33.547   620   620 D SurfaceFlinger:      DEVICE | 0x7843daab70 | 0100 | RGBA_8888    |    0.0    0.0   67.0  416.0 |    0  814   67 1230 | com.samsung.android.app.cocktailbars[...]arservice.CocktailBarService$_8198#0
10-26 10:07:33.547   620   620 D SurfaceFlinger:      DEVICE | 0x7843da5dd0 | 0100 | RGBA_8888    |    0.0    0.0 1080.0  126.0 |    0 2154 1080 2280
10-26 10:07:33.547   620   620 D SurfaceFlinger:  | NavigationBar0$_1348#0
10-26 10:07:33.547   620   620 D SurfaceFlinger:
10-26 10:07:33.548  8198  8198 I Utils   : HomePackage : com.sec.android.app.launcher, resumePackageName : com.example.dogglers
10-26 10:07:33.548   954  3912 D InputDispatcher: Focused application set to (0): 9760850
10-26 10:07:33.557   954  1015 I SemPersonaManager: SecureFolder personaId = 150
10-26 10:07:33.558 18320 18320 D LifecycleMonitor: Lifecycle status change: com.example.dogglers.MainActivity@5c12e0b in: PRE_ON_CREATE
10-26 10:07:33.558 18320 18320 V ActivityScenario: Activity lifecycle changed event received but ignored because the reported transition was not ON_CREATE while the last known transition was PRE_ON_CREATE
10-26 10:07:33.561   954  1015 D EnterpriseDeviceManagerService: isMdmAdminPresentInternal() : MDM Admin Found - com.samsung.knox.securefolder
10-26 10:07:33.564  8198  8198 I Utils   : HomePackage : com.sec.android.app.launcher, resumePackageName : com.example.dogglers
10-26 10:07:33.575 18320 18320 I DecorView: [INFO] isPopOver=false, config=true
10-26 10:07:33.576 18320 18320 I DecorView: updateCaptionType >> DecorView@641d98e[], isFloating=false, isApplication=true, hasWindowControllerCallback=true, hasWindowDecorCaption=false
10-26 10:07:33.576 18320 18320 D DecorView: setCaptionType = 0, this = DecorView@641d98e[]
10-26 10:07:33.577 18320 18320 I DecorView: getCurrentDensityDpi: from real metrics. densityDpi=420 msg=resources_loaded
10-26 10:07:33.585 18320 18320 D LifecycleMonitor: Lifecycle status change: com.example.dogglers.MainActivity@5c12e0b in: CREATED
10-26 10:07:33.585 18320 18320 V ActivityScenario: Update currentActivityStage to CREATED, currentActivity=com.example.dogglers.MainActivity@5c12e0b
10-26 10:07:33.585 18320 18328 I xample.doggler: Compiler allocated 4163KB to compile void android.widget.TextView.<init>(android.content.Context, android.util.AttributeSet, int, int)
10-26 10:07:33.586 18320 18320 D LifecycleMonitor: Lifecycle status change: com.example.dogglers.MainActivity@5c12e0b in: STARTED
10-26 10:07:33.587 18320 18320 V ActivityScenario: Update currentActivityStage to STARTED, currentActivity=com.example.dogglers.MainActivity@5c12e0b
10-26 10:07:33.588 18320 18320 D LifecycleMonitor: Lifecycle status change: com.example.dogglers.MainActivity@5c12e0b in: RESUMED
10-26 10:07:33.588 18320 18320 V ActivityScenario: Update currentActivityStage to RESUMED, currentActivity=com.example.dogglers.MainActivity@5c12e0b
10-26 10:07:33.593   954  2449 D InputTransport: Input channel constructed: 'd24a26 ', fd=1282
10-26 10:07:33.593   954  2449 D InputTransport: Input channel constructed: 'd24a26 ', fd=1283
10-26 10:07:33.593   954  2449 D InputTransport: Input channel constructed: 'd24a26 ', fd=1292
10-26 10:07:33.594   620  3677 I SurfaceFlinger: id=189987 createSurf (0x0),-1 flag=80004, d24a26 com.example.dogglers/com.example.dogglers.MainActivity#0
10-26 10:07:33.595   954  2449 D InputTransport: Input channel destroyed: 'd24a26 ', fd=1292
10-26 10:07:33.597 18320 18320 I ViewRootImpl@29dc23e[MainActivity]: setView = com.android.internal.policy.DecorView@641d98e TM=true
10-26 10:07:33.598   954  1054 D AnalyticsContainerHandler: handleMessage : { when=0 what=1 target=com.android.server.knox.KnoxAnalyticsContainer$AnalyticsHandler }
10-26 10:07:33.606   954  2449 V WindowManager: Relayout Window{d24a26 u0 com.example.dogglers/com.example.dogglers.MainActivity}: viewVisibility=0 req=1080x2280 d0
10-26 10:07:33.606   620  3677 I SurfaceFlinger: id=189988 createSurf (1x1),-3 flag=40004, com.example.dogglers/com.example.dogglers.MainActivity$_18320#0
10-26 10:07:33.609   620  3677 I SurfaceFlinger: id=189989 createSurf (0x0),-1 flag=24000, Surface(name=2fa8401 StatusBar)/@0xf000e26 - animation-leash of insets_animation#0
10-26 10:07:33.610   620   642 I SurfaceFlinger: id=189990 createSurf (0x0),-1 flag=24000, Surface(name=be23078 NavigationBar0)/@0x50010bd - animation-leash of insets_animation#0
10-26 10:07:33.612   954  2449 V WindowManager: Relayout hash=d24a26, pid=18320: mAttrs={(0,0)(fillxfill) sim={adjust=pan forwardNavigation} ty=BASE_APPLICATION wanim=0x1030303
10-26 10:07:33.612   954  2449 V WindowManager:   fl=81810100
10-26 10:07:33.612   954  2449 V WindowManager:   pfl=12020040
10-26 10:07:33.612   954  2449 V WindowManager:   apr=LIGHT_NAVIGATION_BARS
10-26 10:07:33.612   954  2449 V WindowManager:   bhv=DEFAULT
10-26 10:07:33.612   954  2449 V WindowManager:   fitSides= naviIconColor=0
10-26 10:07:33.612   954  2449 V WindowManager:   sfl=100000}
10-26 10:07:33.614 18320 18320 I ViewRootImpl@29dc23e[MainActivity]: Relayout returned: old=(0,0,1080,2280) new=(0,0,1080,2280) req=(1080,2280)0 dur=7 res=0x7 s={true 515080384624} ch=true fn=-1
10-26 10:07:33.615 18320 18355 D OpenGLRenderer: eglCreateWindowSurface
10-26 10:07:33.618 18320 18320 I ViewRootImpl@29dc23e[MainActivity]: [DP] dp(1) 1 android.view.ViewRootImpl.reportNextDraw:11420 android.view.ViewRootImpl.performTraversals:4193 android.view.ViewRootImpl.doTraversal:2919
10-26 10:07:33.626   620   620 I Layer   : id=189984 removeFromCurrentState Surface(name=2fa8401 StatusBar)/@0xf000e26 - animation-leash of insets_animation#1 (185)
10-26 10:07:33.626   620   620 I Layer   : id=189985 removeFromCurrentState Surface(name=be23078 NavigationBar0)/@0x50010bd - animation-leash of insets_animation#1 (185)
10-26 10:07:33.626   620   620 I SurfaceFlinger: id=189984 Removed Surface(name=2fa8401 StatusBar)/@0xf000e26 - animation-leash of insets_animation#1 (185)
10-26 10:07:33.626   620   620 I SurfaceFlinger: id=189985 Removed Surface(name=be23078 NavigationBar0)/@0x50010bd - animation-leash of insets_animation#1 (185)
10-26 10:07:33.627   620   620 I Layer   : id=189984 Destroyed Surface(name=2fa8401 StatusBar)/@0xf000e26 - animation-leash of insets_animation#1
10-26 10:07:33.627   620   620 I Layer   : id=189985 Destroyed Surface(name=be23078 NavigationBar0)/@0x50010bd - animation-leash of insets_animation#1
10-26 10:07:33.628   954  2449 D InputDispatcher: Focus request (0): d24a26 com.example.dogglers/com.example.dogglers.MainActivity but waiting because NOT_VISIBLE
10-26 10:07:33.630 18320 18320 I ViewRootImpl@29dc23e[MainActivity]: [DP] pdf(0) 1 android.view.ViewRootImpl.lambda$addFrameCompleteCallbackIfNeeded$3$ViewRootImpl:4995 android.view.ViewRootImpl$$ExternalSyntheticLambda16.run:6 android.os.Handler.handleCallback:938
10-26 10:07:33.630 18320 18320 I ViewRootImpl@29dc23e[MainActivity]: [DP] rdf()
10-26 10:07:33.630 18320 18320 D ViewRootImpl@29dc23e[MainActivity]: reportDrawFinished (fn: -1)
10-26 10:07:33.632   620   642 I SurfaceFlinger: id=189991 createSurf (0x0),-1 flag=24000, Surface(name=d24a26 com.example.dogglers/com.example.dogglers.MainActivity)/@0x842580 - animation-leash of starting_reveal#0
10-26 10:07:33.634   954  1012 I PkgPredictorService-SecIpmManagerServiceImpl: reportToNAP uid:10988 com.example.dogglers/com.example.dogglers.MainActivity thisTime:164
10-26 10:07:33.635   954  2750 I PkgPredictorService-NapClassifier: it's ready to run
10-26 10:07:33.635   954  1012 I ActivityTaskManager: Displayed com.example.dogglers/.MainActivity: +164ms
10-26 10:07:33.636  2946  2946 E pageboostd: Received HALT command code 2
10-26 10:07:33.636 18320 18320 D InsetsSourceConsumer: ensureControlAlpha: for ITYPE_NAVIGATION_BAR on com.example.dogglers/com.example.dogglers.MainActivity
10-26 10:07:33.637 18320 18320 D InsetsSourceConsumer: ensureControlAlpha: for ITYPE_STATUS_BAR on com.example.dogglers/com.example.dogglers.MainActivity
10-26 10:07:33.638 18320 18320 D RootViewPicker: Root not ready - waiting: 10ms for one to appear.
10-26 10:07:33.639   954  3912 I SemDvfsHyPerManager: acquire hyper - AMS_RESUME_TAIL/954@19, type = -999
10-26 10:07:33.639   954  3912 I SemDvfsHyPerManager: acquire hyper - AMS_ACT_LAZY/954@20, type = -999
10-26 10:07:33.639   566   611 I HYPER-HAL: [RequestManager.cpp]acquire(): Acquired ID : 473870  [954 / 19]    HINT : AMS_RESUME_TAIL    list :
10-26 10:07:33.640   566   611 I HYPER-HAL: [RequestManager.cpp]releaseLocked(): Released ID : 475821
10-26 10:07:33.640   529   535 E statsd  : Predicate 5980654721335871649 dropping data for dimension key (10)0x2010101->10988[I] (10)0x30000->*launch*[S]
10-26 10:07:33.640   529   535 E statsd  : Predicate -7037417284711607308 dropping data for dimension key (10)0x2010101->10988[I] (10)0x30000->*launch*[S]
10-26 10:07:33.644  1348  2148 I ViewRootImpl@1ef4641[dogglers]: mWNT: t = android.view.SurfaceControl$Transaction@79688c3 fN = 2 android.view.SyncRtSurfaceTransactionApplier.applyTransaction:94 android.view.SyncRtSurfaceTransactionApplier.lambda$scheduleApply$0$SyncRtSurfaceTransactionApplier:71 android.view.SyncRtSurfaceTransactionApplier$$ExternalSyntheticLambda0.onFrameDraw:4
10-26 10:07:33.644  1348  2148 I ViewRootImpl@1ef4641[dogglers]: mWNT: merge t to BBQ
10-26 10:07:33.644  1348  2148 I ViewRootImpl@1ef4641[dogglers]: mWNT: t = android.view.SurfaceControl$Transaction@295d540 fN = 2 android.view.SyncRtSurfaceTransactionApplier.applyTransaction:94 android.view.SyncRtSurfaceTransactionApplier.lambda$scheduleApply$0$SyncRtSurfaceTransactionApplier:71 android.view.SyncRtSurfaceTransactionApplier$$ExternalSyntheticLambda0.onFrameDraw:4
10-26 10:07:33.644  1348  2148 I ViewRootImpl@1ef4641[dogglers]: mWNT: merge t to BBQ
10-26 10:07:33.644   954  3912 D InputDispatcher: Focus entered window (0): d24a26 com.example.dogglers/com.example.dogglers.MainActivity
10-26 10:07:33.645 18320 18320 I ViewRootImpl@29dc23e[MainActivity]: MSG_WINDOW_FOCUS_CHANGED 1 1
10-26 10:07:33.648 18320 18320 D InputMethodManager: startInputInner - Id : 0
10-26 10:07:33.648 18320 18320 I InputMethodManager: startInputInner - mService.startInputOrWindowGainedFocus
10-26 10:07:33.648   954  3912 D InputMethodManagerService: DESKTOP MODE! : 2
10-26 10:07:33.648   954  3912 D InputMethodManagerService: NOT IN KNOX DESKTOP MODE!
10-26 10:07:33.648   954  3912 V InputMethodManagerService: getDisplayIdOfInputMethodWindowToBeAdded : 0
10-26 10:07:33.649   954  3912 D InputMethodManagerService: checkDisplayOfStartInputAndUpdateKeyboard display Id 0last 0
10-26 10:07:33.649   954  3912 D InputTransport: Input channel constructed: 'ClientS', fd=1292
10-26 10:07:33.649   954  3912 D InputTransport: Input channel destroyed: 'ClientS', fd=1292
10-26 10:07:33.649   620   620 D SurfaceFlinger: Display 0 HWC layers:
10-26 10:07:33.649   620   620 D SurfaceFlinger:      CLIENT | 0x7843db7cb0 | 0100 | RGBx_8888    |  589.0    0.0 1651.0 2240.0 |    0    0 1080 2280 | Wallpaper BBQ wrapper#0
10-26 10:07:33.649   620   620 D SurfaceFlinger:      CLIENT |              | 0000 |  Unknown  |    0.0    0.0    0.0    0.0 |    0    0 1080 2280 | OneUiHome-BlurLayer#0 (backgroundBlurRadius)
10-26 10:07:33.649   620   620 D SurfaceFlinger:      DEVICE | 0x7843db1e30 | 0100 | RGBA_8888    |    0.0    0.0 1080.0 2280.0 |    0    0 1080 2280 | com.sec.android.app.launcher/com.sec[...]activities.LauncherActivity$_26660#0
10-26 10:07:33.649   620   620 D SurfaceFlinger:      DEVICE | 0x7843db8130 | 0102 | RGBA_8888    |    0.0    0.0 1080.0 2280.0 |   22   46 1058 2234 | com.example.dogglers/com.example.dogglers.MainActivity$_18320#0
10-26 10:07:33.649   620   620 D SurfaceFlinger:      DEVICE | 0x7843db2cd0 | 0100 | RGBA_8888    |    0.0    0.0 1080.0 2280.0 |   22   46 1058 2234 | Splash Screen com.example.dogglers$_1348#0
10-26 10:07:33.649   620   620 D SurfaceFlinger:      DEVICE | 0x7843dbb970 | 0100 | RGBA_8888    |    0.0    0.0 1080.0  112.0 |    0    0 1080  112 | StatusBar$_1348#0
10-26 10:07:33.649   620   620 D SurfaceFlinger:      DEVICE | 0x7843daab70 | 0100 | RGBA_8888    |    0.0    0.0   67.0  416.0 |    0  814   67 1230 | com.samsung
10-26 10:07:33.649   620   620 D SurfaceFlinger: .android.app.cocktailbars[...]arservice.CocktailBarService$_8198#0
10-26 10:07:33.649   620   620 D SurfaceFlinger:      DEVICE | 0x7843da5dd0 | 0100 | RGBA_8888    |    0.0    0.0 1080.0  126.0 |    0 2154 1080 2280 | NavigationBar0$_1348#0
10-26 10:07:33.649   620   620 D SurfaceFlinger:
10-26 10:07:33.649 26660 26687 I RecentModel: onTaskStackChangedBackground
10-26 10:07:33.650 19204 19204 D InputMethodService: checkDisplayOfStartInputAndUpdateKeyboard display Id 0last 0
10-26 10:07:33.650 26660 26687 I RecentTasksList: getTaskKeys, numTasks :3 callback : com.android.quickstep.-$$Lambda$RecentsModel$k1Mm-BV64Bc89eJHYugywZmW_Js@a2b071
10-26 10:07:33.651  3825  4192 I SemDvfsHyPerManager: acquire hyper - BaseTABoost/3825@21, type = 1090523139
10-26 10:07:33.651  3825  4192 I SemDvfsHyPerManager: acquire hyper - BaseTAToouchBoost/3825@23, type = 1090523139
10-26 10:07:33.651   620   642 I SurfaceFlinger: id=189992 createSurf (0x0),-1 flag=24004, Surface(name=2188bee InputMethod)/@0xe151908 - animation-leash of insets_animation#1
10-26 10:07:33.653   566   611 I HYPER-HAL: [RequestManager.cpp]acquire(): Acquired ID : 7397802  [3825 / 21]    HINT :      list : [TABoost / 5]
10-26 10:07:33.653   566   611 I HYPER-HAL: [RequestManager.cpp]acquire(): Acquired ID : 7405499  [3825 / 23]    HINT :      list : [TABoost / 20] [TIMEOUT / 1500]
10-26 10:07:33.655 26660 26792 I RecentTasksList: loadTasksInBackground() task id : 30071
10-26 10:07:33.655 26660 26792 I RecentTasksList: loadTasksInBackground() task id : 30058
10-26 10:07:33.655 26660 26792 I RecentTasksList: loadTasksInBackground() task id : 30231
10-26 10:07:33.660   620   620 I Layer   : id=189976 removeFromCurrentState Surface(name=2188bee InputMethod)/@0xe151908 - animation-leash of insets_animation#0 (185)
10-26 10:07:33.660   620   620 I SurfaceFlinger: id=189976 Removed Surface(name=2188bee InputMethod)/@0xe151908 - animation-leash of insets_animation#0 (185)
10-26 10:07:33.660   620   620 I Layer   : id=189976 Destroyed Surface(name=2188bee InputMethod)/@0xe151908 - animation-leash of insets_animation#0
10-26 10:07:33.660  1348  2147 I ViewRootImpl@1ef4641[dogglers]: mWNT: t = android.view.SurfaceControl$Transaction@457c79 fN = 3 android.view.SyncRtSurfaceTransactionApplier.applyTransaction:94 android.view.SyncRtSurfaceTransactionApplier.lambda$scheduleApply$0$SyncRtSurfaceTransactionApplier:71 android.view.SyncRtSurfaceTransactionApplier$$ExternalSyntheticLambda0.onFrameDraw:4
10-26 10:07:33.660  1348  2147 I ViewRootImpl@1ef4641[dogglers]: mWNT: merge t to BBQ
10-26 10:07:33.662   954  2449 D InputMethodManagerServicePhysicalKey: isConnectedDexOnPC false
10-26 10:07:33.663   954  2449 D InputMethodManagerService: isImeSwitcherDisabledPackage : false
10-26 10:07:33.663 18320 18320 I ViewInteraction: Performing 'single click' action on view view.getId() is <2131230936/com.example.dogglers:id/grid_btn>
10-26 10:07:33.665   954  2449 D InputDispatcher: Inject motion (18320): action=0x0, time=779248597000000, f=0x0, d=0
10-26 10:07:33.665   954  1162 I InputDispatcher: Delivering touch to (1348): action: 0x4, f=0x0, d=0, 'be23078', t=0
10-26 10:07:33.665   954  1162 I InputDispatcher: Delivering touch to (18320): action: 0x0, f=0x0, d=0, 'd24a26 ', t=0 +(-18,-92)*1.03
10-26 10:07:33.666 18320 18320 I ViewRootImpl@29dc23e[MainActivity]: ViewPostIme pointer 0
10-26 10:07:33.666  3825  3825 I SemDvfsHyPerManager: acquire hyper - BaseTABoost/3825@21, type = 1090523139
10-26 10:07:33.667  3825  3825 I SemDvfsHyPerManager: acquire hyper - BaseTAToouchBoost/3825@23, type = 1090523139
10-26 10:07:33.667   566   611 I HYPER-HAL: [RequestManager.cpp]acquire(): Acquired ID : 7397802  [3825 / 21]    HINT :      list : [TABoost / 5]
10-26 10:07:33.667   566   611 I HYPER-HAL: [RequestManager.cpp]acquire(): Acquired ID : 7405499  [3825 / 23]    HINT :      list : [TABoost / 20] [TIMEOUT / 1500]
10-26 10:07:33.669 19204 19204 E FullInputEventModel: onStartInput event aborted: al1: could not obtain extracted text (class al1)
10-26 10:07:33.677  1348  2148 I ViewRootImpl@1ef4641[dogglers]: mWNT: t = android.view.SurfaceControl$Transaction@8190dbe fN = 4 android.view.SyncRtSurfaceTransactionApplier.applyTransaction:94 android.view.SyncRtSurfaceTransactionApplier.lambda$scheduleApply$0$SyncRtSurfaceTransactionApplier:71 android.view.SyncRtSurfaceTransactionApplier$$ExternalSyntheticLambda0.onFrameDraw:4
10-26 10:07:33.677  1348  2148 I ViewRootImpl@1ef4641[dogglers]: mWNT: merge t to BBQ
10-26 10:07:33.695  1348  1537 D OpenGLRenderer: setSurface called with nullptr
10-26 10:07:33.695  1348  1537 D OpenGLRenderer: setSurface() destroyed EGLSurface
10-26 10:07:33.695  1348  1537 D OpenGLRenderer: destroyEglSurface
10-26 10:07:33.697   954  2449 V WindowManager: Relayout Window{b4691ee u0 Splash Screen com.example.dogglers}: viewVisibility=8 req=1080x2280 d0
10-26 10:07:33.698   620   642 I SurfaceFlinger: id=189993 createSurf (0x0),-1 flag=24000, Surface(name=b4691ee Splash Screen com.example.dogglers)/@0xbaa1a49 - animation-leash of window_animation#0
10-26 10:07:33.700   954  2449 V WindowManager: Relayout hash=b4691ee, pid=1348: mAttrs={(0,0)(fillxfill) sim={adjust=pan} ty=APPLICATION_STARTING fmt=TRANSLUCENT wanim=0x1030001
10-26 10:07:33.700   954  2449 V WindowManager:   fl=81030118
10-26 10:07:33.700   954  2449 V WindowManager:   pfl=36000010
10-26 10:07:33.700   954  2449 V WindowManager:   bhv=DEFAULT
10-26 10:07:33.700   954  2449 V WindowManager:   fitSides= naviIconColor=0}
10-26 10:07:33.700  1348  1474 I ViewRootImpl@1ef4641[dogglers]: Relayout returned: old=(0,0,1080,2280) new=(0,0,1080,2280) req=(1080,2280)8 dur=3 res=0x5 s={false 0} ch=true fn=5
10-26 10:07:33.700  1348  1474 I ViewRootImpl@1ef4641[dogglers]: dispatchDetachedFromWindow
10-26 10:07:33.701   954  2449 D InputTransport: Input channel destroyed: 'b4691ee', fd=1172
10-26 10:07:33.701   954  2449 W InputManager-JNI: Input channel object 'b4691ee Splash Screen com.example.dogglers (client)' was disposed without first being removed with the input manager!
10-26 10:07:33.701   954  2449 D InputTransport: Input channel destroyed: 'b4691ee', fd=1201
10-26 10:07:33.701  1348  1474 D InputTransport: Input channel destroyed: 'b4691ee', fd=189
10-26 10:07:33.704   954  2449 D InputDispatcher: Inject motion (18320): action=0x1, time=779248637000000, f=0x0, d=0
10-26 10:07:33.705   954  1162 I InputDispatcher: Delivering touch to (18320): action: 0x1, f=0x0, d=0, 'd24a26 ', t=1 +(-11,-26)*1.02
10-26 10:07:33.705 18320 18320 I ViewRootImpl@29dc23e[MainActivity]: ViewPostIme pointer 1
10-26 10:07:33.708   954  2449 I SemDvfsHyPerManager: acquire hyper - AMS_ACT_START/954@17, type = -999
10-26 10:07:33.708   566   611 I HYPER-HAL: [RequestManager.cpp]acquire(): Acquired ID : 471923  [954 / 17]    HINT : AMS_ACT_START    list :
10-26 10:07:33.709   620   642 I SurfaceFlinger: id=189994 createSurf (0x0),-1 flag=80004, ActivityRecord{91b5c62 u0 com.example.dogglers/.GridListActivity t30231}#0
10-26 10:07:33.710   620   620 I Layer   : id=189991 removeFromCurrentState Surface(name=d24a26 com.example.dogglers/com.example.dogglers.MainActivity)/@0x842580 - animation-leash of starting_reveal#0 (186)
10-26 10:07:33.713   529   535 E statsd  : Predicate 5980654721335871649 dropping data for dimension key (10)0x2010101->10988[I] (10)0x30000->*launch*[S]
10-26 10:07:33.714   529   535 E statsd  : Predicate -7037417284711607308 dropping data for dimension key (10)0x2010101->10988[I] (10)0x30000->*launch*[S]
10-26 10:07:33.716   954  1015 D PersonaActivityHelper: Activity not in resumed state, do not run immediate lock
10-26 10:07:33.719 18320 18320 D LifecycleMonitor: Lifecycle status change: com.example.dogglers.MainActivity@5c12e0b in: PAUSED
10-26 10:07:33.719 18320 18320 V ActivityScenario: Update currentActivityStage to PAUSED, currentActivity=com.example.dogglers.MainActivity@5c12e0b
10-26 10:07:33.721   954  2449 D InputDispatcher: Focused application set to (0): 91b5c62
10-26 10:07:33.722   620   642 I SurfaceFlinger: id=189995 createSurf (0x0),-1 flag=24000, Surface(name=2fa8401 StatusBar)/@0xf000e26 - animation-leash of insets_animation#1
10-26 10:07:33.723   620   642 I SurfaceFlinger: id=189996 createSurf (0x0),-1 flag=24000, Surface(name=be23078 NavigationBar0)/@0x50010bd - animation-leash of insets_animation#1
10-26 10:07:33.726   620   620 I Layer   : id=189989 removeFromCurrentState Surface(name=2fa8401 StatusBar)/@0xf000e26 - animation-leash of insets_animation#0 (188)
10-26 10:07:33.726   620   620 I Layer   : id=76 removeFromCurrentState 2fa8401 StatusBar#0 (188)
10-26 10:07:33.726   620   620 I Layer   : id=84 removeFromCurrentState StatusBar$_1348#0 (188)
10-26 10:07:33.727   620   620 I Layer   : id=76 addToCurrentState 2fa8401 StatusBar#0 (188)
10-26 10:07:33.727   620   620 I Layer   : id=84 addToCurrentState StatusBar$_1348#0 (188)
10-26 10:07:33.727   620   620 I Layer   : id=189990 removeFromCurrentState Surface(name=be23078 NavigationBar0)/@0x50010bd - animation-leash of insets_animation#0 (188)
10-26 10:07:33.728   954  1015 I SemPersonaManager: SecureFolder personaId = 150
10-26 10:07:33.732   954  1015 D EnterpriseDeviceManagerService: isMdmAdminPresentInternal() : MDM Admin Found - com.samsung.knox.securefolder
10-26 10:07:33.734  8198  8198 I Utils   : HomePackage : com.sec.android.app.launcher, resumePackageName : com.example.dogglers
10-26 10:07:33.735 18320 18320 D LifecycleMonitor: Lifecycle status change: com.example.dogglers.GridListActivity@82ab420 in: PRE_ON_CREATE
10-26 10:07:33.735 18320 18320 V ActivityScenario: Activity lifecycle changed event received but ignored because the intent does not match. startActivityIntent=Intent { act=android.intent.action.MAIN cat=[android.intent.category.LAUNCHER] cmp=com.example.dogglers/.MainActivity }, activity.getIntent()=Intent { cmp=com.example.dogglers/.GridListActivity }, activity=com.example.dogglers.GridListActivity@82ab420
10-26 10:07:33.743 18320 18320 I DecorView: [INFO] isPopOver=false, config=true
10-26 10:07:33.743 18320 18320 I DecorView: updateCaptionType >> DecorView@153b311[], isFloating=false, isApplication=true, hasWindowControllerCallback=true, hasWindowDecorCaption=false
10-26 10:07:33.743 18320 18320 D DecorView: setCaptionType = 0, this = DecorView@153b311[]
10-26 10:07:33.744 18320 18320 I DecorView: getCurrentDensityDpi: from real metrics. densityDpi=420 msg=resources_loaded
10-26 10:07:33.744   954  2449 D InputDispatcher: Focus left window (0): d24a26 com.example.dogglers/com.example.dogglers.MainActivity
10-26 10:07:33.746   954  1257 W SemWifiTransportLayerUtils: getApplicationCategory - IOException com.example.dogglers
10-26 10:07:33.746   954  1257 W System.err: java.io.FileNotFoundException: https://play.google.com/store/apps/details?id=com.example.dogglers&hl=en
10-26 10:07:33.746   954  1257 W System.err: 	at com.android.okhttp.internal.huc.HttpURLConnectionImpl.getInputStream(HttpURLConnectionImpl.java:255)
10-26 10:07:33.746   954  1257 W System.err: 	at com.android.okhttp.internal.huc.DelegatingHttpsURLConnection.getInputStream(DelegatingHttpsURLConnection.java:211)
10-26 10:07:33.746   954  1257 W System.err: 	at com.android.okhttp.internal.huc.HttpsURLConnectionImpl.getInputStream(HttpsURLConnectionImpl.java:30)
10-26 10:07:33.746   954  1257 W System.err: 	at com.samsung.android.server.wifi.tcp.SemWifiTransportLayerUtils.getApplicationCategory(SemWifiTransportLayerUtils.java:104)
10-26 10:07:33.746   954  1257 W System.err: 	at com.samsung.android.server.wifi.tcp.SemWifiTransportLayerMonitor$TcpMonitorHandler.handleMessage(SemWifiTransportLayerMonitor.java:241)
10-26 10:07:33.746   954  1257 W System.err: 	at android.os.Handler.dispatchMessage(Handler.java:106)
10-26 10:07:33.746   954  1257 W System.err: 	at android.os.Looper.loopOnce(Looper.java:226)
10-26 10:07:33.746   954  1257 W System.err: 	at android.os.Looper.loop(Looper.java:313)
10-26 10:07:33.746   954  1257 W System.err: 	at android.os.HandlerThread.run(HandlerThread.java:67)
10-26 10:07:33.746   954  1257 D SemWifiPackageInfo: isSkipCategory - skip:FAILED
10-26 10:07:33.747   954  1257 D SemWifiTransportLayerMonitor.TcpMonitorHandler: MSG_SAVE_PACKAGE_INFO
10-26 10:07:33.747   954  1257 D SemWifiTransportLayerFileManager: saveWifiPackageInfoToFile
10-26 10:07:33.747   954  1257 D SemWifiTransportLayerFileManager: writeWifiPackageInfoList
10-26 10:07:33.750  1341  1497 D BtGatt.GattService: onScanResult to scannerId: 4- eventType=0x1b, addressType=1, address=CD036A_7, primaryPhy=1, secondaryPhy=0, advertisingSid=0xff, txPower=127, rssi=-71, periodicAdvInt=0x0
10-26 10:07:33.750 28904 29311 I NearbyDiscovery: FastPairCache: Not triggering, because RSSI -68 is below the threshold of -58 [CONTEXT service_id=265 ]
10-26 10:07:33.752 18320 18320 D LifecycleMonitor: Lifecycle status change: com.example.dogglers.GridListActivity@82ab420 in: CREATED
10-26 10:07:33.753 18320 18320 V ActivityScenario: Activity lifecycle changed event received but ignored because the intent does not match. startActivityIntent=Intent { act=android.intent.action.MAIN cat=[android.intent.category.LAUNCHER] cmp=com.example.dogglers/.MainActivity }, activity.getIntent()=Intent { cmp=com.example.dogglers/.GridListActivity }, activity=com.example.dogglers.GridListActivity@82ab420
10-26 10:07:33.754 18320 18320 D LifecycleMonitor: Lifecycle status change: com.example.dogglers.GridListActivity@82ab420 in: STARTED
10-26 10:07:33.754 18320 18320 V ActivityScenario: Activity lifecycle changed event received but ignored because the intent does not match. startActivityIntent=Intent { act=android.intent.action.MAIN cat=[android.intent.category.LAUNCHER] cmp=com.example.dogglers/.MainActivity }, activity.getIntent()=Intent { cmp=com.example.dogglers/.GridListActivity }, activity=com.example.dogglers.GridListActivity@82ab420
10-26 10:07:33.755 18320 18320 D LifecycleMonitor: Lifecycle status change: com.example.dogglers.GridListActivity@82ab420 in: RESUMED
10-26 10:07:33.755 18320 18320 V ActivityScenario: Activity lifecycle changed event received but ignored because the intent does not match. startActivityIntent=Intent { act=android.intent.action.MAIN cat=[android.intent.category.LAUNCHER] cmp=com.example.dogglers/.MainActivity }, activity.getIntent()=Intent { cmp=com.example.dogglers/.GridListActivity }, activity=com.example.dogglers.GridListActivity@82ab420
10-26 10:07:33.758   954  2449 D InputTransport: Input channel constructed: 'fd31d9d', fd=1228
10-26 10:07:33.758   954  2449 D InputTransport: Input channel constructed: 'fd31d9d', fd=1292
10-26 10:07:33.758   954  2449 D InputTransport: Input channel constructed: 'fd31d9d', fd=1312
10-26 10:07:33.759   620   642 I SurfaceFlinger: id=189997 createSurf (0x0),-1 flag=80004, fd31d9d com.example.dogglers/com.example.dogglers.GridListActivity#0
10-26 10:07:33.761   954  2449 D InputTransport: Input channel destroyed: 'fd31d9d', fd=1312
10-26 10:07:33.763 18320 18320 I ViewRootImpl@b7f0f26[GridListActivity]: setView = com.android.internal.policy.DecorView@153b311 TM=true
10-26 10:07:33.763   620   642 I SurfaceFlinger: id=189998 createSurf (0x0),-1 flag=24000, Surface(name=2fa8401 StatusBar)/@0xf000e26 - animation-leash of insets_animation#0
10-26 10:07:33.764   620   642 I SurfaceFlinger: id=189999 createSurf (0x0),-1 flag=24000, Surface(name=be23078 NavigationBar0)/@0x50010bd - animation-leash of insets_animation#0
10-26 10:07:33.766  1348  1348 D NavigationBar: onSystemBarAttributesChanged() -  displayId:0, appearance:16 (APPEARANCE_LIGHT_NAVIGATION_BARS ), navbarColorManagedByIme:false
10-26 10:07:33.766  1348  1348 V Navbar.Store: handleEvent [EventType] GET_BOOL_REGION_SAMPLING_ENABLED [Module] LightBarController  KEYS_DEFAULT=false
10-26 10:07:33.766  1348  1348 V Navbar.Store: --[Band]COLOR_PACK_GET_REGION_SAMPLING_ENABLED
10-26 10:07:33.766  1348  1348 V Navbar.Store: ----getValue(BOOL_REGION_SAMPLING_ENABLED)=false
10-26 10:07:33.766   954  1054 D AnalyticsContainerHandler: handleMessage : { when=0 what=1 target=com.android.server.knox.KnoxAnalyticsContainer$AnalyticsHandler }
10-26 10:07:33.768   954  2449 V WindowManager: Relayout Window{fd31d9d u0 com.example.dogglers/com.example.dogglers.GridListActivity}: viewVisibility=0 req=1080x2280 d0
10-26 10:07:33.768   620   810 I SurfaceFlinger: id=190000 createSurf (1080x2280),-3 flag=40004, com.example.dogglers/com.example.dogglers.GridListActivity$_18320#0
10-26 10:07:33.770   620   810 I SurfaceFlinger: id=190001 createSurf (0x0),-1 flag=24000, Surface(name=2fa8401 StatusBar)/@0xf000e26 - animation-leash of insets_animation#0
10-26 10:07:33.771   620   810 I SurfaceFlinger: id=190002 createSurf (0x0),-1 flag=24000, Surface(name=be23078 NavigationBar0)/@0x50010bd - animation-leash of insets_animation#0
10-26 10:07:33.772   954  2449 V WindowManager: Relayout hash=fd31d9d, pid=18320: mAttrs={(0,0)(fillxfill) sim={adjust=resize forwardNavigation} ty=BASE_APPLICATION wanim=0x1030303
10-26 10:07:33.772   954  2449 V WindowManager:   fl=81810100
10-26 10:07:33.772   954  2449 V WindowManager:   pfl=12020040
10-26 10:07:33.772   954  2449 V WindowManager:   apr=LIGHT_NAVIGATION_BARS
10-26 10:07:33.772   954  2449 V WindowManager:   bhv=DEFAULT
10-26 10:07:33.772   954  2449 V WindowManager:   fitSides= naviIconColor=0
10-26 10:07:33.772   954  2449 V WindowManager:   sfl=100000}
10-26 10:07:33.772   566 18420 I HYPER-HAL: [RequestManager.cpp]releaseLocked(): Released ID : 486623
10-26 10:07:33.773 18320 18320 I ViewRootImpl@b7f0f26[GridListActivity]: Relayout returned: old=(0,0,1080,2280) new=(0,0,1080,2280) req=(1080,2280)0 dur=4 res=0x7 s={true 515080140464} ch=true fn=-1
