10-26 10:07:37.389 18320 18320 D InsetsSourceConsumer: ensureControlAlpha: for ITYPE_NAVIGATION_BAR on com.example.dogglers/androidx.test.core.app.InstrumentationActivityInvoker$EmptyActivity
10-26 10:07:37.389 18320 18320 D InsetsSourceConsumer: ensureControlAlpha: for ITYPE_STATUS_BAR on com.example.dogglers/androidx.test.core.app.InstrumentationActivityInvoker$EmptyActivity
10-26 10:07:37.390  1348  1348 D NavigationBar: onSystemBarAttributesChanged() -  displayId:0, appearance:16 (APPEARANCE_LIGHT_NAVIGATION_BARS ), navbarColorManagedByIme:false
10-26 10:07:37.390  1348  1348 V Navbar.Store: handleEvent [EventType] GET_BOOL_REGION_SAMPLING_ENABLED [Module] LightBarController  KEYS_DEFAULT=false
10-26 10:07:37.390  1348  1348 V Navbar.Store: --[Band]COLOR_PACK_GET_REGION_SAMPLING_ENABLED
10-26 10:07:37.390  1348  1348 V Navbar.Store: ----getValue(BOOL_REGION_SAMPLING_ENABLED)=false
10-26 10:07:37.392   620   620 I Layer   : id=190148 removeFromCurrentState Surface(name=2fa8401 StatusBar)/@0xf000e26 - animation-leash of insets_animation#0 (187)
10-26 10:07:37.392   620   620 I Layer   : id=190149 removeFromCurrentState Surface(name=be23078 NavigationBar0)/@0x50010bd - animation-leash of insets_animation#0 (187)
10-26 10:07:37.392   620   620 I SurfaceFlinger: id=190148 Removed Surface(name=2fa8401 StatusBar)/@0xf000e26 - animation-leash of insets_animation#0 (187)
10-26 10:07:37.392   620   620 I SurfaceFlinger: id=190149 Removed Surface(name=be23078 NavigationBar0)/@0x50010bd - animation-leash of insets_animation#0 (187)
10-26 10:07:37.393   620   620 I Layer   : id=190148 Destroyed Surface(name=2fa8401 StatusBar)/@0xf000e26 - animation-leash of insets_animation#0
10-26 10:07:37.393   620   620 I Layer   : id=190149 Destroyed Surface(name=be23078 NavigationBar0)/@0x50010bd - animation-leash of insets_animation#0
10-26 10:07:37.393   954  3912 I SemDvfsHyPerManager: acquire hyper - AMS_RESUME_TAIL/954@19, type = -999
10-26 10:07:37.393   954  3912 I SemDvfsHyPerManager: acquire hyper - AMS_ACT_LAZY/954@20, type = -999
10-26 10:07:37.393   566   611 I HYPER-HAL: [RequestManager.cpp]acquire(): Acquired ID : 473870  [954 / 19]    HINT : AMS_RESUME_TAIL    list :
10-26 10:07:37.393   566   611 I HYPER-HAL: [RequestManager.cpp]releaseLocked(): Released ID : 471923
10-26 10:07:37.393   954  1528 D InputDispatcher: Focus entered window (0): 4df49cb com.example.dogglers/androidx.test.core.app.InstrumentationActivityInvoker$EmptyActivity
10-26 10:07:37.394 18320 18320 I ViewRootImpl@9808127[InstrumentationActivityInvoker$EmptyActivity]: MSG_WINDOW_FOCUS_CHANGED 1 1
10-26 10:07:37.395   529   535 E statsd  : Predicate 5980654721335871649 dropping data for dimension key (10)0x2010101->10988[I] (10)0x30000->*launch*[S]
10-26 10:07:37.395   529   535 E statsd  : Predicate -7037417284711607308 dropping data for dimension key (10)0x2010101->10988[I] (10)0x30000->*launch*[S]
10-26 10:07:37.396 18320 18320 D InputMethodManager: startInputInner - Id : 0
10-26 10:07:37.396 18320 18320 I InputMethodManager: startInputInner - mService.startInputOrWindowGainedFocus
10-26 10:07:37.397   954  1528 D InputMethodManagerService: DESKTOP MODE! : 2
10-26 10:07:37.397   954  1528 D InputMethodManagerService: NOT IN KNOX DESKTOP MODE!
10-26 10:07:37.397   954  1528 V InputMethodManagerService: getDisplayIdOfInputMethodWindowToBeAdded : 0
10-26 10:07:37.397   954  1528 D InputMethodManagerService: checkDisplayOfStartInputAndUpdateKeyboard display Id 0last 0
10-26 10:07:37.397   954  1528 D InputTransport: Input channel constructed: 'ClientS', fd=1444
10-26 10:07:37.397   954  1528 D InputTransport: Input channel destroyed: 'ClientS', fd=1444
10-26 10:07:37.398   620   620 D SurfaceFlinger: Display 0 HWC layers:
10-26 10:07:37.398   620   620 D SurfaceFlinger:      CLIENT | 0x7843db7cb0 | 0100 | RGBx_8888    |  589.0    0.0 1651.0 2240.0 |    0    0 1080 2280 | Wallpaper BBQ wrapper#0
10-26 10:07:37.398   620   620 D SurfaceFlinger:      CLIENT |              | 0000 |  Unknown  |    0.0    0.0    0.0    0.0 |    0    0 1080 2280 | OneUiHome-BlurLayer#0 (backgroundBlurRadius)
10-26 10:07:37.398   620   620 D SurfaceFlinger:      DEVICE | 0x7843da9bb0 | 0100 | RGBA_8888    |    0.0    0.0 1080.0 2280.0 |    0    0 1080 2280 | com.sec.android.app.launcher/com.sec[...]activities.LauncherActivity$_26660#0
10-26 10:07:37.398   620   620 D SurfaceFlinger:      DEVICE | 0x7843dbec10 | 0102 | RGBA_8888    |    0.0    0.0 1080.0 2280.0 |   11   23 1069 2257 | com.example.dogglers/androidx.test.c[...]tivityInvoker$EmptyActivity$_18320#0
10-26 10:07:37.398   620   620 D SurfaceFlinger:      DEVICE | 0x7843da26b0 | 0100 | RGBA_8888    |    0.0    0.0 1080.0  112.0 |    0    0 1080  112 | StatusBar$_1348#0
10-26 10:07:37.398   620   620 D SurfaceFlinger:      DEVICE | 0x7843daab70 | 0100 | RGBA_8888    |    0.0    0.0   67.0  416.0 |    0  814   67 1230 | com.samsung.android.app.cocktailbars[...]arservice.CocktailBarService$_8198#0
10-26 10:07:37.398   620   620 D SurfaceFlinger:      DEVICE | 0x7843da5dd0 | 0100 | RGBA_8888    |    0.0    0.0
10-26 10:07:37.398   620   620 D SurfaceFlinger: 1080.0  126.0 |    0 2154 1080 2280 | NavigationBar0$_1348#0
10-26 10:07:37.398   620   620 D SurfaceFlinger:
10-26 10:07:37.399 19204 19204 D InputMethodService: checkDisplayOfStartInputAndUpdateKeyboard display Id 0last 0
10-26 10:07:37.399   620   642 I SurfaceFlinger: id=190155 createSurf (0x0),-1 flag=24004, Surface(name=2188bee InputMethod)/@0xe151908 - animation-leash of insets_animation#1
10-26 10:07:37.404   954  3912 I SemDvfsHyPerManager: acquire hyper - AMS_ACT_START/954@17, type = -999
10-26 10:07:37.404   566   611 I HYPER-HAL: [RequestManager.cpp]acquire(): Acquired ID : 471923  [954 / 17]    HINT : AMS_ACT_START    list :
10-26 10:07:37.404   620   642 I SurfaceFlinger: id=190156 createSurf (0x0),-1 flag=80004, ActivityRecord{6a098d8 u0 com.example.dogglers/androidx.test.core.app.InstrumentationActivityInvoker$EmptyActivity t30234}#0
10-26 10:07:37.408   529   535 E statsd  : Predicate 5980654721335871649 dropping data for dimension key (10)0x2010101->10988[I] (10)0x30000->*launch*[S]
10-26 10:07:37.409   620   620 I Layer   : id=190146 removeFromCurrentState Surface(name=2188bee InputMethod)/@0xe151908 - animation-leash of insets_animation#0 (187)
10-26 10:07:37.409   529   535 E statsd  : Predicate -7037417284711607308 dropping data for dimension key (10)0x2010101->10988[I] (10)0x30000->*launch*[S]
10-26 10:07:37.411   954  3912 D InputMethodManagerServicePhysicalKey: isConnectedDexOnPC false
10-26 10:07:37.412   620   643 I SurfaceFlinger: id=190146 Removed Surface(name=2188bee InputMethod)/@0xe151908 - animation-leash of insets_animation#0 (187)
10-26 10:07:37.412  1348  1348 D InterruptionStateProvider: No bubble up: not allowed to bubble: -1|com.android.systemui|2131428820|charging_state|10053
10-26 10:07:37.413  8198  8198 I Edge.badge: updateBadge item = com.android.systemui:-1 1
10-26 10:07:37.413   954  3912 D InputMethodManagerService: isImeSwitcherDisabledPackage : false
10-26 10:07:37.414 26660 26660 I Launcher.NotificationListener: onNotificationPosted : com.android.systemui number : 0
10-26 10:07:37.414  1348  1348 D InterruptionStateProvider: No heads up: unimportant notification: -1|com.android.systemui|2131428820|charging_state|10053
10-26 10:07:37.415 18320 18320 D LifecycleMonitor: Lifecycle status change: androidx.test.core.app.InstrumentationActivityInvoker$EmptyActivity@3b28928 in: PAUSED
10-26 10:07:37.415 18320 18320 V ActivityScenario: Activity lifecycle changed event received but ignored because the intent does not match. startActivityIntent=Intent { act=android.intent.action.MAIN cat=[android.intent.category.LAUNCHER] cmp=com.example.dogglers/.MainActivity }, activity.getIntent()=Intent { act=android.intent.action.MAIN cat=[android.intent.category.LAUNCHER] flg=0x10000000 cmp=com.example.dogglers/androidx.test.core.app.InstrumentationActivityInvoker$EmptyActivity }, activity=androidx.test.core.app.InstrumentationActivityInvoker$EmptyActivity@3b28928
10-26 10:07:37.416  1348  1502 D PeopleSpaceWidgetMgr: Sbn doesn't contain valid PeopleTileKey: null/-1/com.android.systemui
10-26 10:07:37.420   954  2449 D InputDispatcher: Focused application set to (0): 6a098d8
10-26 10:07:37.424 19204 19204 E FullInputEventModel: onStartInput event aborted: al1: could not obtain extracted text (class al1)
10-26 10:07:37.425   620   620 I Layer   : id=190135 removeFromCurrentState Splash Screen com.example.dogglers$_1348#0 (187)
10-26 10:07:37.425   620   620 I Layer   : id=190134 removeFromCurrentState 4c259b8 Splash Screen com.example.dogglers#0 (187)
10-26 10:07:37.425   620   620 I Layer   : id=190150 removeFromCurrentState Surface(name=4c259b8 Splash Screen com.example.dogglers)/@0xb58c37e - animation-leash of window_animation#0 (187)
10-26 10:07:37.425   620   620 I SurfaceFlinger: id=190134 Removed 4c259b8 Splash Screen com.example.dogglers#0 (187)
10-26 10:07:37.426   620   620 I SurfaceFlinger: id=190135 Removed Splash Screen com.example.dogglers$_1348#0 (187)
10-26 10:07:37.426   620   620 I SurfaceFlinger: id=190150 Removed Surface(name=4c259b8 Splash Screen com.example.dogglers)/@0xb58c37e - animation-leash of window_animation#0 (187)
10-26 10:07:37.426   620   620 I Layer   : id=190146 Destroyed Surface(name=2188bee InputMethod)/@0xe151908 - animation-leash of insets_animation#0
10-26 10:07:37.426   620   620 I Layer   : id=190150 Destroyed Surface(name=4c259b8 Splash Screen com.example.dogglers)/@0xb58c37e - animation-leash of window_animation#0
10-26 10:07:37.426   620   620 I Layer   : id=190134 Destroyed 4c259b8 Splash Screen com.example.dogglers#0
10-26 10:07:37.426   620   620 I Layer   : id=190135 Destroyed Splash Screen com.example.dogglers$_1348#0
10-26 10:07:37.426  1348  1348 D QS      : setQSExpansion 0.0 -113.924995
10-26 10:07:37.426  1348  1348 D QS      : setQSExpansion 0.0 -113.924995
10-26 10:07:37.429 18320 18320 D LifecycleMonitor: Lifecycle status change: androidx.test.core.app.InstrumentationActivityInvoker$EmptyActivity@c235540 in: PRE_ON_CREATE
10-26 10:07:37.430 18320 18320 V ActivityScenario: Activity lifecycle changed event received but ignored because the intent does not match. startActivityIntent=Intent { act=android.intent.action.MAIN cat=[android.intent.category.LAUNCHER] cmp=com.example.dogglers/.MainActivity }, activity.getIntent()=Intent { act=android.intent.action.MAIN cat=[android.intent.category.LAUNCHER] flg=0x10000000 cmp=com.example.dogglers/androidx.test.core.app.InstrumentationActivityInvoker$EmptyActivity }, activity=androidx.test.core.app.InstrumentationActivityInvoker$EmptyActivity@c235540
10-26 10:07:37.431   954  1015 I SemPersonaManager: SecureFolder personaId = 150
10-26 10:07:37.437   954  1015 D EnterpriseDeviceManagerService: isMdmAdminPresentInternal() : MDM Admin Found - com.samsung.knox.securefolder
10-26 10:07:37.440  8198  8198 I Utils   : HomePackage : com.sec.android.app.launcher, resumePackageName : com.example.dogglers
10-26 10:07:37.443   954  2449 D InputDispatcher: Focus left window (0): 4df49cb com.example.dogglers/androidx.test.core.app.InstrumentationActivityInvoker$EmptyActivity
10-26 10:07:37.443 18320 18320 I DecorView: [INFO] isPopOver=false, config=true
10-26 10:07:37.443 18320 18320 I DecorView: updateCaptionType >> DecorView@2228dbe[], isFloating=false, isApplication=true, hasWindowControllerCallback=true, hasWindowDecorCaption=false
10-26 10:07:37.443 18320 18320 D DecorView: setCaptionType = 0, this = DecorView@2228dbe[]
10-26 10:07:37.445 18320 18320 I DecorView: getCurrentDensityDpi: from real metrics. densityDpi=420 msg=resources_loaded
10-26 10:07:37.445 18320 18320 D LifecycleMonitor: Lifecycle status change: androidx.test.core.app.InstrumentationActivityInvoker$EmptyActivity@c235540 in: CREATED
10-26 10:07:37.445 18320 18320 V ActivityScenario: Activity lifecycle changed event received but ignored because the intent does not match. startActivityIntent=Intent { act=android.intent.action.MAIN cat=[android.intent.category.LAUNCHER] cmp=com.example.dogglers/.MainActivity }, activity.getIntent()=Intent { act=android.intent.action.MAIN cat=[android.intent.category.LAUNCHER] flg=0x10000000 cmp=com.example.dogglers/androidx.test.core.app.InstrumentationActivityInvoker$EmptyActivity }, activity=androidx.test.core.app.InstrumentationActivityInvoker$EmptyActivity@c235540
10-26 10:07:37.446 18320 18320 D LifecycleMonitor: Lifecycle status change: androidx.test.core.app.InstrumentationActivityInvoker$EmptyActivity@c235540 in: STARTED
10-26 10:07:37.446 18320 18320 V ActivityScenario: Activity lifecycle changed event received but ignored because the intent does not match. startActivityIntent=Intent { act=android.intent.action.MAIN cat=[android.intent.category.LAUNCHER] cmp=com.example.dogglers/.MainActivity }, activity.getIntent()=Intent { act=android.intent.action.MAIN cat=[android.intent.category.LAUNCHER] flg=0x10000000 cmp=com.example.dogglers/androidx.test.core.app.InstrumentationActivityInvoker$EmptyActivity }, activity=androidx.test.core.app.InstrumentationActivityInvoker$EmptyActivity@c235540
10-26 10:07:37.447 18320 18320 D LifecycleMonitor: Lifecycle status change: androidx.test.core.app.InstrumentationActivityInvoker$EmptyActivity@c235540 in: RESUMED
10-26 10:07:37.447 18320 18320 V ActivityScenario: Activity lifecycle changed event received but ignored because the intent does not match. startActivityIntent=Intent { act=android.intent.action.MAIN cat=[android.intent.category.LAUNCHER] cmp=com.example.dogglers/.MainActivity }, activity.getIntent()=Intent { act=android.intent.action.MAIN cat=[android.intent.category.LAUNCHER] flg=0x10000000 cmp=com.example.dogglers/androidx.test.core.app.InstrumentationActivityInvoker$EmptyActivity }, activity=androidx.test.core.app.InstrumentationActivityInvoker$EmptyActivity@c235540
10-26 10:07:37.451  1348  1348 D QS      : setQSExpansion 0.0 -113.924995
10-26 10:07:37.451  1348  1348 D QS      : setQSExpansion 0.0 -113.924995
10-26 10:07:37.451   954  2449 D InputTransport: Input channel constructed: 'e1a861c', fd=1450
10-26 10:07:37.451   954  2449 D InputTransport: Input channel constructed: 'e1a861c', fd=1452
10-26 10:07:37.451   954  2449 D InputTransport: Input channel constructed: 'e1a861c', fd=1453
10-26 10:07:37.452   620  2717 I SurfaceFlinger: id=190157 createSurf (0x0),-1 flag=80004, e1a861c com.example.dogglers/androidx.test.core.app.InstrumentationActivityInvoker$EmptyActivity#0
10-26 10:07:37.453   954  2449 D InputTransport: Input channel destroyed: 'e1a861c', fd=1453
10-26 10:07:37.454 18320 18320 I ViewRootImpl@eda6e1f[InstrumentationActivityInvoker$EmptyActivity]: setView = com.android.internal.policy.DecorView@2228dbe TM=true
10-26 10:07:37.455   954  1054 D AnalyticsContainerHandler: handleMessage : { when=0 what=1 target=com.android.server.knox.KnoxAnalyticsContainer$AnalyticsHandler }
10-26 10:07:37.458   566 18477 I HYPER-HAL: [RequestManager.cpp]releaseLocked(): Released ID : 486623
10-26 10:07:37.463   954  2449 V WindowManager: Relayout Window{e1a861c u0 com.example.dogglers/androidx.test.core.app.InstrumentationActivityInvoker$EmptyActivity}: viewVisibility=0 req=1080x2280 d0
10-26 10:07:37.463   620  3677 I SurfaceFlinger: id=190158 createSurf (1x1),-3 flag=40004, com.example.dogglers/androidx.test.core.app.InstrumentationActivityInvoker$EmptyActivity$_18320#1
10-26 10:07:37.466   620  3677 I SurfaceFlinger: id=190159 createSurf (0x0),-1 flag=24000, Surface(name=2fa8401 StatusBar)/@0xf000e26 - animation-leash of insets_animation#0
10-26 10:07:37.467   620  3677 I SurfaceFlinger: id=190160 createSurf (0x0),-1 flag=24000, Surface(name=be23078 NavigationBar0)/@0x50010bd - animation-leash of insets_animation#0
10-26 10:07:37.468   954  2449 V WindowManager: Relayout hash=e1a861c, pid=18320: mAttrs={(0,0)(fillxfill) sim={adjust=pan forwardNavigation} ty=BASE_APPLICATION wanim=0x1030001
10-26 10:07:37.468   954  2449 V WindowManager:   fl=1810100
10-26 10:07:37.468   954  2449 V WindowManager:   pfl=12020040
10-26 10:07:37.468   954  2449 V WindowManager:   apr=LIGHT_NAVIGATION_BARS
10-26 10:07:37.468   954  2449 V WindowManager:   bhv=DEFAULT
10-26 10:07:37.468   954  2449 V WindowManager:   fitSides= naviIconColor=0
10-26 10:07:37.468   954  2449 V WindowManager:   sfl=100000}
10-26 10:07:37.469 18320 18320 I ViewRootImpl@eda6e1f[InstrumentationActivityInvoker$EmptyActivity]: Relayout returned: old=(0,0,1080,2280) new=(0,0,1080,2280) req=(1080,2280)0 dur=6 res=0x7 s={true 515080236384} ch=true fn=-1
10-26 10:07:37.470 18320 18355 D OpenGLRenderer: eglCreateWindowSurface
10-26 10:07:37.471 18320 18320 I ViewRootImpl@eda6e1f[InstrumentationActivityInvoker$EmptyActivity]: [DP] dp(1) 1 android.view.ViewRootImpl.reportNextDraw:11420 android.view.ViewRootImpl.performTraversals:4193 android.view.ViewRootImpl.doTraversal:2919
10-26 10:07:37.476 18320 18320 I ViewRootImpl@eda6e1f[InstrumentationActivityInvoker$EmptyActivity]: [DP] pdf(0) 1 android.view.ViewRootImpl.lambda$addFrameCompleteCallbackIfNeeded$3$ViewRootImpl:4995 android.view.ViewRootImpl$$ExternalSyntheticLambda16.run:6 android.os.Handler.handleCallback:938
10-26 10:07:37.476 18320 18320 I ViewRootImpl@eda6e1f[InstrumentationActivityInvoker$EmptyActivity]: [DP] rdf()
10-26 10:07:37.476 18320 18320 D ViewRootImpl@eda6e1f[InstrumentationActivityInvoker$EmptyActivity]: reportDrawFinished (fn: -1)
10-26 10:07:37.476 18320 18320 I ViewRootImpl@9808127[InstrumentationActivityInvoker$EmptyActivity]: MSG_WINDOW_FOCUS_CHANGED 0 1
10-26 10:07:37.479   954  1012 I ActivityTaskManager: Displayed com.example.dogglers/androidx.test.core.app.InstrumentationActivityInvoker$EmptyActivity: +76ms
10-26 10:07:37.480  2946  2946 E pageboostd: Received HALT command code 2
10-26 10:07:37.481 18320 18320 D InsetsSourceConsumer: ensureControlAlpha: for ITYPE_NAVIGATION_BAR on com.example.dogglers/androidx.test.core.app.InstrumentationActivityInvoker$EmptyActivity
10-26 10:07:37.482 18320 18320 D InsetsSourceConsumer: ensureControlAlpha: for ITYPE_STATUS_BAR on com.example.dogglers/androidx.test.core.app.InstrumentationActivityInvoker$EmptyActivity
10-26 10:07:37.485   954  1528 D InputDispatcher: Focused application set to (0): 7d8cfdc
10-26 10:07:37.489   954  1253 D SemNscXgbMsL1: Probability - Cloud gaming: [0.003235682]
10-26 10:07:37.489   954  1253 D SemNscXgbMsL1: Probability - Real time: [0.00851472]
10-26 10:07:37.489   954  1253 D SemNscXgbMsL1: Probability - Non real time: [0.9915245]
10-26 10:07:37.489   954  1253 D SemNscXgbMsL1: 1 sample inference time: 0.264615 msecs
10-26 10:07:37.489   954  1253 D SemNscXgbL2Rt: L2 RT 1 sample inference time: 0.419346 msecs
10-26 10:07:37.490   954  1253 D SemNscXgbL2Nrt: L2 NRT 1 sample inference time: 0.326731 msecs
10-26 10:07:37.492   954  1015 D PersonaActivityHelper: Activity not in resumed state, do not run immediate lock
10-26 10:07:37.492   620   620 I Layer   : id=190153 removeFromCurrentState Surface(name=2fa8401 StatusBar)/@0xf000e26 - animation-leash of insets_animation#1 (187)
10-26 10:07:37.493   620   620 I Layer   : id=190154 removeFromCurrentState Surface(name=be23078 NavigationBar0)/@0x50010bd - animation-leash of insets_animation#1 (187)
10-26 10:07:37.493   620   620 I SurfaceFlinger: id=190153 Removed Surface(name=2fa8401 StatusBar)/@0xf000e26 - animation-leash of insets_animation#1 (187)
10-26 10:07:37.493   620   620 I SurfaceFlinger: id=190154 Removed Surface(name=be23078 NavigationBar0)/@0x50010bd - animation-leash of insets_animation#1 (187)
10-26 10:07:37.493   620   620 I Layer   : id=190153 Destroyed Surface(name=2fa8401 StatusBar)/@0xf000e26 - animation-leash of insets_animation#1
10-26 10:07:37.493   620   620 I Layer   : id=190154 Destroyed Surface(name=be23078 NavigationBar0)/@0x50010bd - animation-leash of insets_animation#1
10-26 10:07:37.494   954  3937 D InputDispatcher: Focus entered window (0): e1a861c com.example.dogglers/androidx.test.core.app.InstrumentationActivityInvoker$EmptyActivity
10-26 10:07:37.495 18320 18320 D LifecycleMonitor: Lifecycle status change: androidx.test.core.app.InstrumentationActivityInvoker$EmptyActivity@c235540 in: PAUSED
10-26 10:07:37.496 18320 18320 V ActivityScenario: Activity lifecycle changed event received but ignored because the intent does not match. startActivityIntent=Intent { act=android.intent.action.MAIN cat=[android.intent.category.LAUNCHER] cmp=com.example.dogglers/.MainActivity }, activity.getIntent()=Intent { act=android.intent.action.MAIN cat=[android.intent.category.LAUNCHER] flg=0x10000000 cmp=com.example.dogglers/androidx.test.core.app.InstrumentationActivityInvoker$EmptyActivity }, activity=androidx.test.core.app.InstrumentationActivityInvoker$EmptyActivity@c235540
10-26 10:07:37.498   620   620 D SurfaceFlinger: Display 0 HWC layers:
10-26 10:07:37.498   620   620 D SurfaceFlinger:      CLIENT | 0x7843db7cb0 | 0100 | RGBx_8888    |  589.0    0.0 1651.0 2240.0 |    0    0 1080 2280 | Wallpaper BBQ wrapper#0
10-26 10:07:37.498   620   620 D SurfaceFlinger:      CLIENT |              | 0000 |  Unknown  |    0.0    0.0    0.0    0.0 |    0    0 1080 2280 | OneUiHome-BlurLayer#0 (backgroundBlurRadius)
10-26 10:07:37.498   620   620 D SurfaceFlinger:      DEVICE | 0x7843da9bb0 | 0100 | RGBA_8888    |    0.0    0.0 1080.0 2280.0 |    0    0 1080 2280 | com.sec.android.app.launcher/com.sec[...]activities.LauncherActivity$_26660#0
10-26 10:07:37.498   620   620 D SurfaceFlinger:      DEVICE | 0x7843d91af0 | 0102 | RGBA_8888    |    0.0    0.0 1080.0 2280.0 |    1    3 1079 2277 | com.example.dogglers/androidx.test.c[...]tivityInvoker$EmptyActivity$_18320#1
10-26 10:07:37.498   620   620 D SurfaceFlinger:      DEVICE | 0x7843da26b0 | 0100 | RGBA_8888    |    0.0    0.0 1080.0  112.0 |    0    0 1080  112 | StatusBar$_1348#0
10-26 10:07:37.498   620   620 D SurfaceFlinger:      DEVICE | 0x7843daab70 | 0100 | RGBA_8888    |    0.0    0.0   67.0  416.0 |    0  814   67 1230 | com.samsung.android.app.cocktailbars[...]arservice.CocktailBarService$_8198#0
10-26 10:07:37.498   620   620 D SurfaceFlinger:      DEVICE | 0x7843da5dd0 | 0100 | RGBA_8888    |    0.0    0.0
10-26 10:07:37.498   620   620 D SurfaceFlinger: 1080.0  126.0 |    0 2154 1080 2280 | NavigationBar0$_1348#0
10-26 10:07:37.498   620   620 D SurfaceFlinger:
10-26 10:07:37.501   954  1528 I SemDvfsHyPerManager: acquire hyper - AMS_APP_HOME/954@32, type = -999
10-26 10:07:37.501   566   611 I HYPER-HAL: [RequestManager.cpp]acquire(): Acquired ID : 486623  [954 / 32]    HINT : AMS_APP_HOME    list :
10-26 10:07:37.503   529   535 E statsd  : Predicate 5980654721335871649 dropping data for dimension key (10)0x2010101->10988[I] (10)0x30000->*launch*[S]
10-26 10:07:37.503   529   535 E statsd  : Predicate -7037417284711607308 dropping data for dimension key (10)0x2010101->10988[I] (10)0x30000->*launch*[S]
10-26 10:07:37.503 26660 26660 I ViewRootImpl@623994e[LauncherActivity]: stopped(false) old=false
10-26 10:07:37.503 26660 26660 I Launcher: !@Boot_DEBUG: Launcher.onResume()
10-26 10:07:37.503 26660 26660 I Launcher: !@Boot_EBS_D: Launcher.onResume()
10-26 10:07:37.503 26660 26660 I BaseActivity: addActivityFlags, flags : 18
10-26 10:07:37.503 26660 26660 I BaseActivity: removeActivityFlags, flags : 32
10-26 10:07:37.503 26660 26660 I AppsSearchBar: restoreCurrentCellLayoutAlpha: null
10-26 10:07:37.503 26660 26660 W PageOverlayMover: isMoving : false
10-26 10:07:37.503 26660 26792 I IMM_LC  : hsifw() - flags=0, caller=android.view.inputmethod.InputMethodManager.hideSoftInputFromWindow:1846 android.view.inputmethod.InputMethodManager.hideSoftInputFromWindow:1815 com.android.launcher3.util.UiThreadHelper$UiCallbacks.handleMessage:103 android.os.Handler.dispatchMessage:102 android.os.Looper.loopOnce:226
10-26 10:07:37.503 26660 26792 I IMM_LC  : hideSoftInputFromWindow - mService.hideSoftInput
10-26 10:07:37.504 26660 26660 I DecorView: notifyKeepScreenOnChanged: keepScreenOn=false
10-26 10:07:37.504 26660 26660 I Launcher: setWallpaperOffsets
10-26 10:07:37.504 26660 27115 I Launcher: DisplayMetrics from Resources : DisplayMetrics{density=2.625, width=1080, height=2042, scaledDensity=2.8875, xdpi=415.63577, ydpi=413.6565}
10-26 10:07:37.504 26660 27115 I Launcher: realMetrics from Wm : DisplayMetrics{density=2.625, width=1080, height=2280, scaledDensity=2.625, xdpi=415.63577, ydpi=413.6565}
10-26 10:07:37.504 26660 27115 I Launcher: DeviceProfile, isLand : false, isMultiWin :false, availableWidthPx : 1080, availableHeightPx : 2154
10-26 10:07:37.505 26660 26660 I BaseActivity: addActivityFlags, flags : 4
10-26 10:07:37.505 26660 26660 I Launcher: onDeferredResumed
10-26 10:07:37.505 26660 26660 W Launcher.NotificationListener: setNotificationsChangedListener connected : true
10-26 10:07:37.505 26660 26660 I BadgeCountUpdaterImpl: onNotificationsChangedConnected
10-26 10:07:37.505 26660 26660 I Launcher.NotificationListener: onNotificationFullRefresh
10-26 10:07:37.505 26660 26660 W LauncherAppWidgetHost: setShouldListenFlag, mFlags:7 flag:resume on:true isFront:false
10-26 10:07:37.505  3825  3825 I SemDvfsHyPerManager: acquire hyper - APP_START_SHORT/3825@14, type = -999
10-26 10:07:37.506   566   611 I HYPER-HAL: [RequestManager.cpp]acquire(): Acquired ID : 7370894  [3825 / 14]    HINT : APP_START    list : [TIMEOUT / 1500]
10-26 10:07:37.507 26660 26793 I Launcher.NotificationListener: Full refresh isConnected : true active size : 0
10-26 10:07:37.507  3968  4041 D KnoxHelper: getActivityList callingUserId: 0, target user: 0
10-26 10:07:37.507   620  2717 I SurfaceFlinger: id=190161 createSurf (0x0),-1 flag=24000, Surface(name=Task=30234)/@0xe0ca5a6 - animation-leash of app_transition#1
10-26 10:07:37.508  3968  4041 D KnoxHelper: getActivityList callingUserId: 0, target user: 0
10-26 10:07:37.508  3968  4041 D KnoxHelper: getActivityList callingUserId: 0, target user: 0
10-26 10:07:37.509   620  2717 I SurfaceFlinger: id=190162 createSurf (0x0),-1 flag=24004, Surface(name=Task=1)/@0x4cdbfdb - animation-leash of app_transition#1
10-26 10:07:37.510   954  3919 D InputDispatcher: Focus left window (0): e1a861c com.example.dogglers/androidx.test.core.app.InstrumentationActivityInvoker$EmptyActivity
10-26 10:07:37.511  3968  4041 D KnoxHelper: getActivityList callingUserId: 0, target user: 0
10-26 10:07:37.511   620  3677 I SurfaceFlinger: id=190163 createSurf (0x0),-1 flag=24000, Surface(name=WallpaperWindowToken{811eee0 token=android.os.Binder@7a05c9d})/@0xd37415d - animation-leash of window_animation#0
10-26 10:07:37.512  3968  4041 D KnoxHelper: getActivityList callingUserId: 0, target user: 0
10-26 10:07:37.513  3968  4041 D KnoxHelper: getActivityList callingUserId: 0, target user: 0
10-26 10:07:37.514  3968  4041 D KnoxHelper: getActivityList callingUserId: 0, target user: 0
10-26 10:07:37.514  3968  4041 D KnoxHelper: getActivityList callingUserId: 0, target user: 0
10-26 10:07:37.515  3968  4041 D KnoxHelper: getActivityList callingUserId: 0, target user: 0
10-26 10:07:37.515  3968  4041 D KnoxHelper: getActivityList callingUserId: 0, target user: 0
10-26 10:07:37.516  3968  4041 D KnoxHelper: getActivityList callingUserId: 0, target user: 0
10-26 10:07:37.516  3968  4041 D KnoxHelper: getActivityList callingUserId: 0, target user: 0
10-26 10:07:37.516  3968  4041 D KnoxHelper: getActivityList callingUserId: 0, target user: 0
10-26 10:07:37.517  3968  4041 D KnoxHelper: getActivityList callingUserId: 0, target user: 0
10-26 10:07:37.517  3968  4041 D KnoxHelper: getActivityList callingUserId: 0, target user: 0
10-26 10:07:37.517  3968  4041 D KnoxHelper: getActivityList callingUserId: 0, target user: 0
10-26 10:07:37.518  3968  4041 D KnoxHelper: getActivityList callingUserId: 0, target user: 0
10-26 10:07:37.518  3968  4041 D KnoxHelper: getActivityList callingUserId: 0, target user: 0
10-26 10:07:37.519  3968  4041 D KnoxHelper: getActivityList callingUserId: 0, target user: 0
10-26 10:07:37.519  3968  4041 D KnoxHelper: getActivityList callingUserId: 0, target user: 0
10-26 10:07:37.520  3968  4041 D KnoxHelper: getActivityList callingUserId: 0, target user: 0
10-26 10:07:37.520  3968  4041 D KnoxHelper: getActivityList callingUserId: 0, target user: 0
10-26 10:07:37.521  3968  4041 D KnoxHelper: getActivityList callingUserId: 0, target user: 0
10-26 10:07:37.521  3968  4041 D KnoxHelper: getActivityList callingUserId: 0, target user: 0
10-26 10:07:37.521  3968  4041 D KnoxHelper: getActivityList callingUserId: 0, target user: 0
10-26 10:07:37.522  3968  4041 D KnoxHelper: getActivityList callingUserId: 0, target user: 0
10-26 10:07:37.522  3968  4041 D KnoxHelper: getActivityList callingUserId: 0, target user: 0
10-26 10:07:37.523  3968  4041 D KnoxHelper: getActivityList callingUserId: 0, target user: 0
10-26 10:07:37.523  3968  4041 D KnoxHelper: getActivityList callingUserId: 0, target user: 0
10-26 10:07:37.523   620   620 I Layer   : id=190164 Destroyed Screenshot Parent
10-26 10:07:37.525  3968  4041 D KnoxHelper: getActivityList callingUserId: 0, target user: 0
10-26 10:07:37.527  3968  4041 D KnoxHelper: getActivityList callingUserId: 0, target user: 0
10-26 10:07:37.527   620  3677 I SurfaceFlinger: id=190165 createSurf (0x0),-1 flag=24000, Surface(name=2fa8401 StatusBar)/@0xf000e26 - animation-leash of insets_animation#1
10-26 10:07:37.528  3968  4041 D KnoxHelper: getActivityList callingUserId: 0, target user: 0
10-26 10:07:37.529  3968  4041 D KnoxHelper: getActivityList callingUserId: 0, target user: 0
10-26 10:07:37.529   620  3677 I SurfaceFlinger: id=190166 createSurf (0x0),-1 flag=24000, Surface(name=be23078 NavigationBar0)/@0x50010bd - animation-leash of insets_animation#1
10-26 10:07:37.529  3968  4041 D KnoxHelper: getActivityList callingUserId: 0, target user: 0
10-26 10:07:37.531  1348  1348 D NavigationBar: onSystemBarAttributesChanged() -  displayId:0, appearance:0, navbarColorManagedByIme:false
10-26 10:07:37.531  1348  1348 V Navbar.Store: handleEvent [EventType] GET_BOOL_REGION_SAMPLING_ENABLED [Module] LightBarController  KEYS_DEFAULT=false
10-26 10:07:37.531  1348  1348 V Navbar.Store: --[Band]COLOR_PACK_GET_REGION_SAMPLING_ENABLED
10-26 10:07:37.531  1348  1348 V Navbar.Store: ----getValue(BOOL_REGION_SAMPLING_ENABLED)=false
10-26 10:07:37.531   954  1528 D WindowManager: RemoteAnimationController::onAnimationStart, animations=[Landroid.view.RemoteAnimationTarget;@b052e7f
10-26 10:07:37.532 26660  9842 I LauncherAnimationRunner: onAnimationStart, appTargets : [Lcom.android.systemui.shared.system.RemoteAnimationTargetCompat;@b604905 mStartAtFrontOfQueue : false
10-26 10:07:37.533   954  1054 D AnalyticsContainerHandler: handleMessage : { when=0 what=1 target=com.android.server.knox.KnoxAnalyticsContainer$AnalyticsHandler }
10-26 10:07:37.533   954  3919 V WindowManager: Relayout Window{4ad90e6 u0 com.sec.android.app.launcher/com.sec.android.app.launcher.activities.LauncherActivity}: viewVisibility=0 req=1080x2280 d0
10-26 10:07:37.533 18320 18320 I ViewRootImpl@eda6e1f[InstrumentationActivityInvoker$EmptyActivity]: MSG_WINDOW_FOCUS_CHANGED 0 1
10-26 10:07:37.533  3968  4041 D KnoxHelper: getActivityList callingUserId: 0, target user: 0
10-26 10:07:37.534 26660  9842 I TouchInteractionService: onSystemUiStateChanged, stateFlags : 0
10-26 10:07:37.534  3968  4041 D KnoxHelper: getActivityList callingUserId: 0, target user: 0
10-26 10:07:37.535 18320 18320 I ViewRootImpl@eda6e1f[InstrumentationActivityInvoker$EmptyActivity]: MSG_WINDOW_FOCUS_CHANGED 0 1
10-26 10:07:37.535  3968  4041 D KnoxHelper: getActivityList callingUserId: 0, target user: 0
10-26 10:07:37.536  3968  4041 D KnoxHelper: getActivityList callingUserId: 0, target user: 0
10-26 10:07:37.536  3968  4041 D KnoxHelper: getActivityList callingUserId: 0, target user: 0
10-26 10:07:37.537 26660 26792 I SPayUpdater: updateSpayHandler, show = false, defaultPage = false
10-26 10:07:37.537   954  3919 V WindowManager: Relayout hash=4ad90e6, pid=26660: mAttrs={(0,0)(fillxfill) sim={adjust=nothing} layoutInDisplayCutoutMode=shortEdges ty=BASE_APPLICATION fmt=TRANSPARENT wanim=0x10302f2
10-26 10:07:37.537   954  3919 V WindowManager:   fl=81910100
10-26 10:07:37.537   954  3919 V WindowManager:   pfl=1e020040
10-26 10:07:37.537   954  3919 V WindowManager:   vsysui=1700
10-26 10:07:37.537   954  3919 V WindowManager:   bhv=SHOW_TRANSIENT_BARS_BY_SWIPE
10-26 10:07:37.537   954  3919 V WindowManager:   fitSides= screenDimDuration=100000 naviIconColor=0}
10-26 10:07:37.537 26660 26792 I LiveIconUpdateEventHandler: LiveIcon Init
10-26 10:07:37.538 26660 26792 I LiveIconUpdateEventHandler: registerDateChangedReceiver
10-26 10:07:37.538  3968  4041 D KnoxHelper: getActivityList callingUserId: 0, target user: 0
10-26 10:07:37.538  2946  2946 E pageboostd: Received HALT command code 2
10-26 10:07:37.539   954  1015 I SemPersonaManager: SecureFolder personaId = 150
10-26 10:07:37.539 26660 26660 I ViewRootImpl@623994e[LauncherActivity]: Relayout returned: old=(0,0,1080,2280) new=(0,0,1080,2280) req=(1080,2280)0 dur=28 res=0x1 s={true 515082128624} ch=false fn=25
10-26 10:07:37.539 26660 26660 I PopupDataProvider: onNotificationFullRefresh prev dotInfoSize : 0
10-26 10:07:37.539 26660 26660 I QuickstepTransition: WallpaperOpenLauncherAnimationRunner, onCreateAnimation
10-26 10:07:37.540 26660 26793 W QuickstepModelDelegate: handleUpdate targets : 9
10-26 10:07:37.540 26660 26660 W AppTransitionAnimatorImpl: closing animation without icon
10-26 10:07:37.540 26660 26660 I AppTransitionAnimatorImpl: window bounds: Rect(0, 0 - 1080, 2280), target bounds: RectF(0.0, 0.0, 1080.0, 2280.0)
10-26 10:07:37.540 26660 26660 W AppTransitionAnimatorImpl: onAnimationStart - APP OUT
10-26 10:07:37.540 26660 26660 I TouchInteractionService: onSystemUiFlagsChanged, userUnlocked
10-26 10:07:37.542   620   620 I Layer   : id=190137 removeFromCurrentState Surface(name=Task=30234)/@0xe0ca5a6 - animation-leash of app_transition#0 (190)
10-26 10:07:37.543   620   620 I Layer   : id=190136 removeFromCurrentState Surface(name=Task=1)/@0x4cdbfdb - animation-leash of app_transition#0 (190)
10-26 10:07:37.543   620   620 I Layer   : id=190159 removeFromCurrentState Surface(name=2fa8401 StatusBar)/@0xf000e26 - animation-leash of insets_animation#0 (190)
10-26 10:07:37.543   620   620 I Layer   : id=190160 removeFromCurrentState Surface(name=be23078 NavigationBar0)/@0x50010bd - animation-leash of insets_animation#0 (190)
10-26 10:07:37.543   620   620 I SurfaceFlinger: id=190137 Removed Surface(name=Task=30234)/@0xe0ca5a6 - animation-leash of app_transition#0 (190)
10-26 10:07:37.543   620   620 I SurfaceFlinger: id=190136 Removed Surface(name=Task=1)/@0x4cdbfdb - animation-leash of app_transition#0 (190)
10-26 10:07:37.543   620   620 I Layer   : id=190136 Destroyed Surface(name=Task=1)/@0x4cdbfdb - animation-leash of app_transition#0
10-26 10:07:37.543   620   620 I Layer   : id=190137 Destroyed Surface(name=Task=30234)/@0xe0ca5a6 - animation-leash of app_transition#0
10-26 10:07:37.543   954  1015 D EnterpriseDeviceManagerService: isMdmAdminPresentInternal() : MDM Admin Found - com.samsung.knox.securefolder
10-26 10:07:37.546 26660 26792 I LiveIconUpdateEventHandler: cancelDateChangeAlarm
10-26 10:07:37.546   620   620 D SurfaceFlinger: Display 0 HWC layers:
10-26 10:07:37.546   620   620 D SurfaceFlinger:      DEVICE | 0x7843d91af0 | 0102 | RGBA_8888    |    0.0    0.0 1080.0 2280.0 |    0    0 1080 2280 | com.example.dogglers/androidx.test.c[...]tivityInvoker$EmptyActivity$_18320#1
10-26 10:07:37.546   620   620 D SurfaceFlinger:      DEVICE | 0x7843da26b0 | 0100 | RGBA_8888    |    0.0    0.0 1080.0  112.0 |    0    0 1080  112 | StatusBar$_1348#0
10-26 10:07:37.546   620   620 D SurfaceFlinger:      DEVICE | 0x7843daab70 | 0100 | RGBA_8888    |    0.0    0.0   67.0  416.0 |    0  814   67 1230 | com.samsung.android.app.cocktailbars[...]arservice.CocktailBarService$_8198#0
10-26 10:07:37.546   620   620 D SurfaceFlinger:      DEVICE | 0x7843da5dd0 | 0100 | RGBA_8888    |    0.0    0.0 1080.0  126.0 |    0 2154 1080 2280 | NavigationBar0$_1348#0
10-26 10:07:37.546   620   620 D SurfaceFlinger:
10-26 10:07:37.549  8198  8198 I Utils   : HomePackage : com.sec.android.app.launcher, resumePackageName : com.sec.android.app.launcher
10-26 10:07:37.550 26660 26792 I LiveIconUpdateEventHandler: setDateChangeAlarm
10-26 10:07:37.551 26660 26792 I LiveIconUpdateEventHandler: cancelMinuteChangeAlarm
10-26 10:07:37.555 26660 26792 I LiveIconUpdateEventHandler: setMinuteChangeAlarm
10-26 10:07:37.555 26660 26792 I LiveIconUpdateEventHandler: Initialized
10-26 10:07:37.561 26660 27021 I ViewRootImpl@623994e[LauncherActivity]: mWNT: t = android.view.SurfaceControl$Transaction@87393bd fN = 25 com.android.systemui.shared.system.ViewRootImplCompat.mergeWithNextTransaction:62 com.android.quickstep.util.SurfaceTransactionApplier.lambda$scheduleApply$0$SurfaceTransactionApplier:94 com.android.quickstep.util.-$$Lambda$SurfaceTransactionApplier$Xj9m0ayWHIr2xvQnKB4EJdxg8RU.accept:6
10-26 10:07:37.561 26660 27021 I ViewRootImpl@623994e[LauncherActivity]: mWNT: merge t to BBQ
10-26 10:07:37.561 26660 27021 I ViewRootImpl@623994e[LauncherActivity]: mWNT: t = android.view.SurfaceControl$Transaction@167adb2 fN = 25 com.android.systemui.shared.system.ViewRootImplCompat.mergeWithNextTransaction:62 com.android.quickstep.util.SurfaceTransactionApplier.lambda$scheduleApply$0$SurfaceTransactionApplier:94 com.android.quickstep.util.-$$Lambda$SurfaceTransactionApplier$Xj9m0ayWHIr2xvQnKB4EJdxg8RU.accept:6
10-26 10:07:37.561   954  3937 I SemDvfsHyPerManager: acquire hyper - AMS_RESUME_TAIL/954@19, type = -999
10-26 10:07:37.561 26660 27021 I ViewRootImpl@623994e[LauncherActivity]: mWNT: merge t to BBQ
10-26 10:07:37.561 26660 27021 I ViewRootImpl@623994e[LauncherActivity]: mWNT: t = android.view.SurfaceControl$Transaction@9bd6103 fN = 25 com.android.systemui.shared.system.ViewRootImplCompat.mergeWithNextTransaction:62 com.android.quickstep.util.SurfaceTransactionApplier.lambda$scheduleApply$0$SurfaceTransactionApplier:94 com.android.quickstep.util.-$$Lambda$SurfaceTransactionApplier$Xj9m0ayWHIr2xvQnKB4EJdxg8RU.accept:6
10-26 10:07:37.561 26660 27021 I ViewRootImpl@623994e[LauncherActivity]: mWNT: merge t to BBQ
10-26 10:07:37.561   954  3937 I SemDvfsHyPerManager: acquire hyper - AMS_ACT_LAZY/954@20, type = -999
10-26 10:07:37.561   566   611 I HYPER-HAL: [RequestManager.cpp]acquire(): Acquired ID : 473870  [954 / 19]    HINT : AMS_RESUME_TAIL    list :
10-26 10:07:37.561   566   611 I HYPER-HAL: [RequestManager.cpp]releaseLocked(): Released ID : 471923
10-26 10:07:37.563 26660 26660 W SuggestedAppsViewImpl: pending predictedApps : 9, alpha: 0.0, overview: false
10-26 10:07:37.577 26660 27022 I ViewRootImpl@623994e[LauncherActivity]: mWNT: t = android.view.SurfaceControl$Transaction@8caaeb9 fN = 26 com.android.systemui.shared.system.ViewRootImplCompat.mergeWithNextTransaction:62 com.android.quickstep.util.SurfaceTransactionApplier.lambda$scheduleApply$0$SurfaceTransactionApplier:94 com.android.quickstep.util.-$$Lambda$SurfaceTransactionApplier$Xj9m0ayWHIr2xvQnKB4EJdxg8RU.accept:6
10-26 10:07:37.577 26660 27022 I ViewRootImpl@623994e[LauncherActivity]: mWNT: merge t to BBQ
10-26 10:07:37.583   620   620 D SurfaceFlinger: Display 0 HWC layers:
10-26 10:07:37.583   620   620 D SurfaceFlinger:      CLIENT | 0x7843db7cb0 | 0100 | RGBx_8888    |  589.0    0.0 1651.0 2240.0 |    0    0 1080 2280 | Wallpaper BBQ wrapper#0
10-26 10:07:37.583   620   620 D SurfaceFlinger:      CLIENT |              | 0000 |  Unknown  |    0.0    0.0    0.0    0.0 |    0    0 1080 2280 | OneUiHome-BlurLayer#0 (backgroundBlurRadius)
10-26 10:07:37.583   620   620 D SurfaceFlinger:      CLIENT | 0x7843d984b0 | 0100 | RGBA_8888    |    0.0    0.0 1080.0 2280.0 |    0    0 1080 2280 | com.sec.android.app.launcher/com.sec[...]activities.LauncherActivity$_26660#0
10-26 10:07:37.583   620   620 D SurfaceFlinger:      CLIENT | 0x7843daa030 | 0102 | RGBA_8888    |    0.0    0.0 1080.0 2280.0 |    1    2 1079 2278 | com.example.dogglers/com.example.dogglers.MainActivity$_18320#0
10-26 10:07:37.583   620   620 D SurfaceFlinger:      CLIENT | 0x7843dbec10 | 0102 | RGBA_8888    |    0.0    0.0 1080.0 2280.0 |    1    2 1079 2278 | com.example.dogglers/androidx.test.c[...]tivityInvoker$EmptyActivity$_18320#0
10-26 10:07:37.583   620   620 D SurfaceFlinger:      CLIENT | 0x7843d91af0 | 0102 | RGBA_8888    |    0.0    0.0 1080.0 2280.0 |    1    2 1079 2278 | com.example.dogglers/androidx.test.c[...]tivityInvoker$EmptyActivity$_18320#1
10-26 10:07:37.583   620   620 D SurfaceFlinger:      DEVICE | 0x784
10-26 10:07:37.583   620   620 D SurfaceFlinger: 3da26b0 | 0100 | RGBA_8888    |    0.0    0.0 1080.0  112.0 |    0    0 1080  112 | StatusBar$_1348#0
10-26 10:07:37.583   620   620 D SurfaceFlinger:      DEVICE | 0x7843daab70 | 0100 | RGBA_8888    |    0.0    0.0   67.0  416.0 |    0  814   67 1230 | com.samsung.android.app.cocktailbars[...]arservice.CocktailBarService$_8198#0
10-26 10:07:37.583   620   620 D SurfaceFlinger:      DEVICE | 0x7843da89b0 | 0100 | RGBA_8888    |    0.0    0.0 1080.0  126.0 |    0 2154 1080 2280 | NavigationBar0$_1348#0
10-26 10:07:37.583   620   620 D SurfaceFlinger:
10-26 10:07:37.594 26660 27021 I ViewRootImpl@623994e[LauncherActivity]: mWNT: t = android.view.SurfaceControl$Transaction@b9ef2fe fN = 27 com.android.systemui.shared.system.ViewRootImplCompat.mergeWithNextTransaction:62 com.android.quickstep.util.SurfaceTransactionApplier.lambda$scheduleApply$0$SurfaceTransactionApplier:94 com.android.quickstep.util.-$$Lambda$SurfaceTransactionApplier$Xj9m0ayWHIr2xvQnKB4EJdxg8RU.accept:6
10-26 10:07:37.594 26660 27021 I ViewRootImpl@623994e[LauncherActivity]: mWNT: merge t to BBQ
10-26 10:07:37.604 26660  9842 I RecentModel: onTaskStackChangedBackground
10-26 10:07:37.605 26660  9842 I RecentTasksList: getTaskKeys, numTasks :3 callback : com.android.quickstep.-$$Lambda$RecentsModel$k1Mm-BV64Bc89eJHYugywZmW_Js@f2b0a5f
10-26 10:07:37.606 26660 26792 I RecentTasksList: loadTasksInBackground() task id : 30071
10-26 10:07:37.606 26660 26792 I RecentTasksList: loadTasksInBackground() task id : 30058
10-26 10:07:37.606 26660 26792 I RecentTasksList: loadTasksInBackground() task id : 30234
10-26 10:07:37.606  3825  4192 I SemDvfsHyPerManager: acquire hyper - BaseTABoost/3825@21, type = 1090523139
10-26 10:07:37.606  3825  4192 I SemDvfsHyPerManager: acquire hyper - BaseTAToouchBoost/3825@23, type = 1090523139
10-26 10:07:37.608   566   611 I HYPER-HAL: [RequestManager.cpp]acquire(): Acquired ID : 7397802  [3825 / 21]    HINT :      list : [TABoost / 5]
10-26 10:07:37.608   566   611 I HYPER-HAL: [RequestManager.cpp]acquire(): Acquired ID : 7405499  [3825 / 23]    HINT :      list : [TABoost / 20] [TIMEOUT / 1500]
10-26 10:07:37.611 26660 27022 I ViewRootImpl@623994e[LauncherActivity]: mWNT: t = android.view.SurfaceControl$Transaction@6f68cac fN = 28 com.android.systemui.shared.system.ViewRootImplCompat.mergeWithNextTransaction:62 com.android.quickstep.util.SurfaceTransactionApplier.lambda$scheduleApply$0$SurfaceTransactionApplier:94 com.android.quickstep.util.-$$Lambda$SurfaceTransactionApplier$Xj9m0ayWHIr2xvQnKB4EJdxg8RU.accept:6
10-26 10:07:37.611 26660 27022 I ViewRootImpl@623994e[LauncherActivity]: mWNT: merge t to BBQ
10-26 10:07:37.627 26660 27021 I ViewRootImpl@623994e[LauncherActivity]: mWNT: t = android.view.SurfaceControl$Transaction@ede7d75 fN = 29 com.android.systemui.shared.system.ViewRootImplCompat.mergeWithNextTransaction:62 com.android.quickstep.util.SurfaceTransactionApplier.lambda$scheduleApply$0$SurfaceTransactionApplier:94 com.android.quickstep.util.-$$Lambda$SurfaceTransactionApplier$Xj9m0ayWHIr2xvQnKB4EJdxg8RU.accept:6
10-26 10:07:37.627 26660 27021 I ViewRootImpl@623994e[LauncherActivity]: mWNT: merge t to BBQ
10-26 10:07:37.644 26660 27022 I ViewRootImpl@623994e[LauncherActivity]: mWNT: t = android.view.SurfaceControl$Transaction@c73410a fN = 30 com.android.systemui.shared.system.ViewRootImplCompat.mergeWithNextTransaction:62 com.android.quickstep.util.SurfaceTransactionApplier.lambda$scheduleApply$0$SurfaceTransactionApplier:94 com.android.quickstep.util.-$$Lambda$SurfaceTransactionApplier$Xj9m0ayWHIr2xvQnKB4EJdxg8RU.accept:6
10-26 10:07:37.644 26660 27022 I ViewRootImpl@623994e[LauncherActivity]: mWNT: merge t to BBQ
10-26 10:07:37.661 26660 27021 I ViewRootImpl@623994e[LauncherActivity]: mWNT: t = android.view.SurfaceControl$Transaction@29fed7b fN = 31 com.android.systemui.shared.system.ViewRootImplCompat.mergeWithNextTransaction:62 com.android.quickstep.util.SurfaceTransactionApplier.lambda$scheduleApply$0$SurfaceTransactionApplier:94 com.android.quickstep.util.-$$Lambda$SurfaceTransactionApplier$Xj9m0ayWHIr2xvQnKB4EJdxg8RU.accept:6
10-26 10:07:37.661 26660 27021 I ViewRootImpl@623994e[LauncherActivity]: mWNT: merge t to BBQ
10-26 10:07:37.677 26660 27022 I ViewRootImpl@623994e[LauncherActivity]: mWNT: t = android.view.SurfaceControl$Transaction@95c798 fN = 32 com.android.systemui.shared.system.ViewRootImplCompat.mergeWithNextTransaction:62 com.android.quickstep.util.SurfaceTransactionApplier.lambda$scheduleApply$0$SurfaceTransactionApplier:94 com.android.quickstep.util.-$$Lambda$SurfaceTransactionApplier$Xj9m0ayWHIr2xvQnKB4EJdxg8RU.accept:6
10-26 10:07:37.677 26660 27022 I ViewRootImpl@623994e[LauncherActivity]: mWNT: merge t to BBQ
10-26 10:07:37.694 26660 27021 I ViewRootImpl@623994e[LauncherActivity]: mWNT: t = android.view.SurfaceControl$Transaction@a267bf1 fN = 33 com.android.systemui.shared.system.ViewRootImplCompat.mergeWithNextTransaction:62 com.android.quickstep.util.SurfaceTransactionApplier.lambda$scheduleApply$0$SurfaceTransactionApplier:94 com.android.quickstep.util.-$$Lambda$SurfaceTransactionApplier$Xj9m0ayWHIr2xvQnKB4EJdxg8RU.accept:6
10-26 10:07:37.694 26660 27021 I ViewRootImpl@623994e[LauncherActivity]: mWNT: merge t to BBQ
10-26 10:07:37.711 26660 27022 I ViewRootImpl@623994e[LauncherActivity]: mWNT: t = android.view.SurfaceControl$Transaction@98c63d6 fN = 34 com.android.systemui.shared.system.ViewRootImplCompat.mergeWithNextTransaction:62 com.android.quickstep.util.SurfaceTransactionApplier.lambda$scheduleApply$0$SurfaceTransactionApplier:94 com.android.quickstep.util.-$$Lambda$SurfaceTransactionApplier$Xj9m0ayWHIr2xvQnKB4EJdxg8RU.accept:6
10-26 10:07:37.711 26660 27022 I ViewRootImpl@623994e[LauncherActivity]: mWNT: merge t to BBQ
10-26 10:07:37.728 26660 27021 I ViewRootImpl@623994e[LauncherActivity]: mWNT: t = android.view.SurfaceControl$Transaction@4b5e657 fN = 35 com.android.systemui.shared.system.ViewRootImplCompat.mergeWithNextTransaction:62 com.android.quickstep.util.SurfaceTransactionApplier.lambda$scheduleApply$0$SurfaceTransactionApplier:94 com.android.quickstep.util.-$$Lambda$SurfaceTransactionApplier$Xj9m0ayWHIr2xvQnKB4EJdxg8RU.accept:6
10-26 10:07:37.728 26660 27021 I ViewRootImpl@623994e[LauncherActivity]: mWNT: merge t to BBQ
10-26 10:07:37.731   620   620 D SurfaceFlinger: Display 0 HWC layers:
10-26 10:07:37.731   620   620 D SurfaceFlinger:      CLIENT | 0x7843db7cb0 | 0100 | RGBx_8888    |  589.0    0.0 1651.0 2240.0 |    0    0 1080 2280 | Wallpaper BBQ wrapper#0
10-26 10:07:37.731   620   620 D SurfaceFlinger:      CLIENT |              | 0000 |  Unknown  |    0.0    0.0    0.0    0.0 |    0    0 1080 2280 | OneUiHome-BlurLayer#0 (backgroundBlurRadius)
10-26 10:07:37.731   620   620 D SurfaceFlinger:      DEVICE | 0x7843d984b0 | 0100 | RGBA_8888    |    0.0    0.0 1080.0 2280.0 |    0    0 1080 2280 | com.sec.android.app.launcher/com.sec[...]activities.LauncherActivity$_26660#0
10-26 10:07:37.731   620   620 D SurfaceFlinger:      DEVICE | 0x7843da26b0 | 0100 | RGBA_8888    |    0.0    0.0 1080.0  112.0 |    0    0 1080  112 | StatusBar$_1348#0
10-26 10:07:37.731   620   620 D SurfaceFlinger:      DEVICE | 0x7843daab70 | 0100 | RGBA_8888    |    0.0    0.0   67.0  416.0 |    0  814   67 1230 | com.samsung.android.app.cocktailbars[...]arservice.CocktailBarService$_8198#0
10-26 10:07:37.731   620   620 D SurfaceFlinger:      DEVICE | 0x7843da5dd0 | 0100 | RGBA_8888    |    0.0    0.0 1080.0  126.0 |    0 2154 1080 2280 | NavigationBar0$_1348#0
10-26 10:07:37.731   620   620 D SurfaceFlinger:
10-26 10:07:37.740  8198  8198 I Utils   : isCurrentUser current = 0, ownerId = 0
10-26 10:07:37.740  8198  8198 I TrayVisibilityController: getComputedTrayVisible : keyguardState = 1
10-26 10:07:37.740  8198  8198 I TrayVisibilityController: updateTrayVisible: State=1 visible=1 mCurrentVisible=1 specificMode=0
10-26 10:07:37.740  8198  8198 I TrayStateController: onNotifyUpdateTray: state=0
10-26 10:07:37.744 26660 27022 I ViewRootImpl@623994e[LauncherActivity]: mWNT: t = android.view.SurfaceControl$Transaction@bebc544 fN = 36 com.android.systemui.shared.system.ViewRootImplCompat.mergeWithNextTransaction:62 com.android.quickstep.util.SurfaceTransactionApplier.lambda$scheduleApply$0$SurfaceTransactionApplier:94 com.android.quickstep.util.-$$Lambda$SurfaceTransactionApplier$Xj9m0ayWHIr2xvQnKB4EJdxg8RU.accept:6
10-26 10:07:37.744 26660 27022 I ViewRootImpl@623994e[LauncherActivity]: mWNT: merge t to BBQ
10-26 10:07:37.761 26660 27021 I ViewRootImpl@623994e[LauncherActivity]: mWNT: t = android.view.SurfaceControl$Transaction@15e62d fN = 37 com.android.systemui.shared.system.ViewRootImplCompat.mergeWithNextTransaction:62 com.android.quickstep.util.SurfaceTransactionApplier.lambda$scheduleApply$0$SurfaceTransactionApplier:94 com.android.quickstep.util.-$$Lambda$SurfaceTransactionApplier$Xj9m0ayWHIr2xvQnKB4EJdxg8RU.accept:6
10-26 10:07:37.761 26660 27021 I ViewRootImpl@623994e[LauncherActivity]: mWNT: merge t to BBQ
