10-26 10:07:32.331 18320 18320 V ActivityScenario: Activity lifecycle changed event received but ignored because the intent does not match. startActivityIntent=Intent { act=android.intent.action.MAIN cat=[android.intent.category.LAUNCHER] cmp=com.example.dogglers/.MainActivity }, activity.getIntent()=Intent { cmp=com.example.dogglers/.HorizontalListActivity }, activity=com.example.dogglers.HorizontalListActivity@c47b07b
10-26 10:07:32.332 18320 18320 D LifecycleMonitor: Lifecycle status change: com.example.dogglers.HorizontalListActivity@c47b07b in: RESUMED
10-26 10:07:32.332 18320 18320 V ActivityScenario: Activity lifecycle changed event received but ignored because the intent does not match. startActivityIntent=Intent { act=android.intent.action.MAIN cat=[android.intent.category.LAUNCHER] cmp=com.example.dogglers/.MainActivity }, activity.getIntent()=Intent { cmp=com.example.dogglers/.HorizontalListActivity }, activity=com.example.dogglers.HorizontalListActivity@c47b07b
10-26 10:07:32.336   954  3937 D InputTransport: Input channel constructed: 'de7ab05', fd=1597
10-26 10:07:32.336   954  3937 D InputTransport: Input channel constructed: 'de7ab05', fd=1616
10-26 10:07:32.337   954  3937 D InputTransport: Input channel constructed: 'de7ab05', fd=1618
10-26 10:07:32.337   620  3677 I SurfaceFlinger: id=189945 createSurf (0x0),-1 flag=80004, de7ab05 com.example.dogglers/com.example.dogglers.HorizontalListActivity#0
10-26 10:07:32.338   568   568 I SehLight: lcd : 7958+
10-26 10:07:32.338   954  3937 D InputTransport: Input channel destroyed: 'de7ab05', fd=1618
10-26 10:07:32.339 18320 18320 I ViewRootImpl@d7f475e[HorizontalListActivity]: setView = com.android.internal.policy.DecorView@8791329 TM=true
10-26 10:07:32.340   954  1054 D AnalyticsContainerHandler: handleMessage : { when=0 what=1 target=com.android.server.knox.KnoxAnalyticsContainer$AnalyticsHandler }
10-26 10:07:32.345   568   568 I SehLight: lcd : 7958-
10-26 10:07:32.346   553   580 D BatteryDump: wait_for_battery_event : occurred : change@/devices/platform/panel@0/backlight/panel
10-26 10:07:32.347 18320 18320 E VIEW TYPE: 0
10-26 10:07:32.354   568   568 I SehLight: lcd : 8259+
10-26 10:07:32.356 26660 26660 I ViewRootImpl@623994e[LauncherActivity]: handleAppVisibility mAppVisible=true visible=false
10-26 10:07:32.357  1348  5738 D WallpaperService: dispatchAppVisibility onVisibilityChanged(): false
10-26 10:07:32.357  1348  1348 D WallpaperService: reportVisibility onVisibilityChanged visible: false
10-26 10:07:32.357  1348  1535 I ImageWallpaper:  onVisibilityChanged false , 0
10-26 10:07:32.357   620   620 D SurfaceFlinger: Display 0 HWC layers:
10-26 10:07:32.357   620   620 D SurfaceFlinger:      DEVICE | 0x7843db7ef0 | 0102 | RGBA_8888    |    0.0    0.0 1080.0 2280.0 |    0    0 1080 2280 | com.example.dogglers/com.example.dogglers.MainActivity$_18320#0
10-26 10:07:32.357   620   620 D SurfaceFlinger:      DEVICE | 0x7843dbb970 | 0100 | RGBA_8888    |    0.0    0.0 1080.0  112.0 |    0    0 1080  112 | StatusBar$_1348#0
10-26 10:07:32.357   620   620 D SurfaceFlinger:      DEVICE | 0x7843daab70 | 0100 | RGBA_8888    |    0.0    0.0   67.0  416.0 |    0  814   67 1230 | com.samsung.android.app.cocktailbars[...]arservice.CocktailBarService$_8198#0
10-26 10:07:32.357   620   620 D SurfaceFlinger:      DEVICE | 0x7843db97b0 | 0100 | RGBA_8888    |    0.0    0.0 1080.0  126.0 |    0 2154 1080 2280 | NavigationBar0$_1348#0
10-26 10:07:32.357   620   620 D SurfaceFlinger:
10-26 10:07:32.362 26660  4876 I RecentModel: onTaskStackChangedBackground
10-26 10:07:32.362   568   568 I SehLight: lcd : 8259-
10-26 10:07:32.362   553   580 D BatteryDump: wait_for_battery_event : occurred : change@/devices/platform/panel@0/backlight/panel
10-26 10:07:32.363 26660  4876 I RecentTasksList: getTaskKeys, numTasks :3 callback : com.android.quickstep.-$$Lambda$RecentsModel$k1Mm-BV64Bc89eJHYugywZmW_Js@52bd15
10-26 10:07:32.364 26660 26792 I RecentTasksList: loadTasksInBackground() task id : 30071
10-26 10:07:32.364 26660 26792 I RecentTasksList: loadTasksInBackground() task id : 30058
10-26 10:07:32.364 26660 26792 I RecentTasksList: loadTasksInBackground() task id : 30230
10-26 10:07:32.371   620   620 I Layer   : id=189928 removeFromCurrentState Surface(name=Task=1)/@0x4cdbfdb - animation-leash of app_transition#0 (181)
10-26 10:07:32.371   620   620 I Layer   : id=189929 removeFromCurrentState Surface(name=Task=30230)/@0x6f8b09a - animation-leash of app_transition#0 (181)
10-26 10:07:32.371   568   568 I SehLight: lcd : 8560+
10-26 10:07:32.371   620   620 I SurfaceFlinger: id=189929 Removed Surface(name=Task=30230)/@0x6f8b09a - animation-leash of app_transition#0 (181)
10-26 10:07:32.371   620   620 I SurfaceFlinger: id=189928 Removed Surface(name=Task=1)/@0x4cdbfdb - animation-leash of app_transition#0 (181)
10-26 10:07:32.371   620   620 I Layer   : id=189928 Destroyed Surface(name=Task=1)/@0x4cdbfdb - animation-leash of app_transition#0
10-26 10:07:32.371   620   620 I Layer   : id=189929 Destroyed Surface(name=Task=30230)/@0x6f8b09a - animation-leash of app_transition#0
10-26 10:07:32.378   954  3937 V WindowManager: Relayout Window{de7ab05 u0 com.example.dogglers/com.example.dogglers.HorizontalListActivity}: viewVisibility=0 req=1080x2280 d0
10-26 10:07:32.378   620  3677 I SurfaceFlinger: id=189946 createSurf (1x1),-3 flag=40004, com.example.dogglers/com.example.dogglers.HorizontalListActivity$_18320#0
10-26 10:07:32.379   568   568 I SehLight: lcd : 8560-
10-26 10:07:32.379   553   580 D BatteryDump: wait_for_battery_event : occurred : change@/devices/platform/panel@0/backlight/panel
10-26 10:07:32.381   620  3677 I SurfaceFlinger: id=189947 createSurf (0x0),-1 flag=24000, Surface(name=2fa8401 StatusBar)/@0xf000e26 - animation-leash of insets_animation#0
10-26 10:07:32.382   620  3677 I SurfaceFlinger: id=189948 createSurf (0x0),-1 flag=24000, Surface(name=be23078 NavigationBar0)/@0x50010bd - animation-leash of insets_animation#0
10-26 10:07:32.383   954  2449 V WindowManager: Relayout Window{4ad90e6 u0 com.sec.android.app.launcher/com.sec.android.app.launcher.activities.LauncherActivity}: viewVisibility=8 req=1080x2280 d0
10-26 10:07:32.384   954  3937 V WindowManager: Relayout hash=de7ab05, pid=18320: mAttrs={(0,0)(fillxfill) sim={adjust=resize forwardNavigation} ty=BASE_APPLICATION wanim=0x1030303
10-26 10:07:32.384   954  3937 V WindowManager:   fl=81810100
10-26 10:07:32.384   954  3937 V WindowManager:   pfl=12020040
10-26 10:07:32.384   954  3937 V WindowManager:   apr=LIGHT_NAVIGATION_BARS
10-26 10:07:32.384   954  3937 V WindowManager:   bhv=DEFAULT
10-26 10:07:32.384   954  3937 V WindowManager:   fitSides= naviIconColor=0
10-26 10:07:32.384   954  3937 V WindowManager:   sfl=100000}
10-26 10:07:32.385   954  2449 V WindowManager: Relayout hash=4ad90e6, pid=26660: mAttrs={(0,0)(fillxfill) sim={adjust=nothing} layoutInDisplayCutoutMode=shortEdges ty=BASE_APPLICATION fmt=TRANSPARENT wanim=0x10302f2
10-26 10:07:32.385   954  2449 V WindowManager:   fl=81910100
10-26 10:07:32.385   954  2449 V WindowManager:   pfl=1e020040
10-26 10:07:32.385   954  2449 V WindowManager:   vsysui=1700
10-26 10:07:32.385   954  2449 V WindowManager:   bhv=SHOW_TRANSIENT_BARS_BY_SWIPE
10-26 10:07:32.385   954  2449 V WindowManager:   fitSides= naviIconColor=0}
10-26 10:07:32.386 18320 18320 I ViewRootImpl@d7f475e[HorizontalListActivity]: Relayout returned: old=(0,0,1080,2280) new=(0,0,1080,2280) req=(1080,2280)0 dur=8 res=0x7 s={true 515080279984} ch=true fn=-1
10-26 10:07:32.386 26660 26660 I ViewRootImpl@623994e[LauncherActivity]: Relayout returned: old=(0,0,1080,2280) new=(0,0,1080,2280) req=(1080,2280)8 dur=8 res=0x5 s={false 0} ch=true fn=24
10-26 10:07:32.387 18320 18355 D OpenGLRenderer: eglCreateWindowSurface
10-26 10:07:32.387   620   620 I Layer   : id=189943 removeFromCurrentState Surface(name=2fa8401 StatusBar)/@0xf000e26 - animation-leash of insets_animation#1 (182)
10-26 10:07:32.387   620   620 I Layer   : id=189944 removeFromCurrentState Surface(name=be23078 NavigationBar0)/@0x50010bd - animation-leash of insets_animation#1 (182)
10-26 10:07:32.388   568   568 I SehLight: lcd : 8730+
10-26 10:07:32.393 18320 18320 I ViewRootImpl@d7f475e[HorizontalListActivity]: [DP] dp(1) 1 android.view.ViewRootImpl.reportNextDraw:11420 android.view.ViewRootImpl.performTraversals:4193 android.view.ViewRootImpl.doTraversal:2919
10-26 10:07:32.396   568   568 I SehLight: lcd : 8730-
10-26 10:07:32.396   553   580 D BatteryDump: wait_for_battery_event : occurred : change@/devices/platform/panel@0/backlight/panel
10-26 10:07:32.405   954  3937 D InputDispatcher: Focus request (0): de7ab05 com.example.dogglers/com.example.dogglers.HorizontalListActivity but waiting because NOT_VISIBLE
10-26 10:07:32.437 18320 18320 I ViewRootImpl@d7f475e[HorizontalListActivity]: [DP] pdf(0) 1 android.view.ViewRootImpl.lambda$addFrameCompleteCallbackIfNeeded$3$ViewRootImpl:4995 android.view.ViewRootImpl$$ExternalSyntheticLambda16.run:6 android.os.Handler.handleCallback:938
10-26 10:07:32.437 18320 18320 I ViewRootImpl@d7f475e[HorizontalListActivity]: [DP] rdf()
10-26 10:07:32.437 18320 18320 D ViewRootImpl@d7f475e[HorizontalListActivity]: reportDrawFinished (fn: -1)
10-26 10:07:32.438   620  3677 I SurfaceFlinger: id=189936 Removed Surface(name=be23078 NavigationBar0)/@0x50010bd - animation-leash of insets_animation#1 (182)
10-26 10:07:32.438   620  3677 I SurfaceFlinger: id=189935 Removed Surface(name=2fa8401 StatusBar)/@0xf000e26 - animation-leash of insets_animation#1 (182)
10-26 10:07:32.438 18320 18320 D InsetsSourceConsumer: ensureControlAlpha: for ITYPE_NAVIGATION_BAR on com.example.dogglers/com.example.dogglers.MainActivity
10-26 10:07:32.439 18320 18320 D InsetsSourceConsumer: ensureControlAlpha: for ITYPE_STATUS_BAR on com.example.dogglers/com.example.dogglers.MainActivity
10-26 10:07:32.441 18320 18320 I ViewRootImpl@80adb95[MainActivity]: MSG_WINDOW_FOCUS_CHANGED 0 1
10-26 10:07:32.441   620   810 I SurfaceFlinger: id=189949 createSurf (0x0),-1 flag=24000, Surface(name=ActivityRecord{506a2f9 u0 com.example.dogglers/.MainActivity t30230})/@0xa9ce6ee - animation-leash of app_transition#0
10-26 10:07:32.443   620   810 I SurfaceFlinger: id=189950 createSurf (0x0),-1 flag=20004, Dim Layer for - ActivityRecord{506a2f9 u0 com.example.dogglers/.MainActivity t30230} - animating-dim#0
10-26 10:07:32.444   620   810 I SurfaceFlinger: id=189951 createSurf (0x0),-1 flag=24000, Surface(name=Dim Layer for - ActivityRecord{506a2f9 u0 com.example.dogglers/.MainActivity t30230} - animating-dim)/@0x394b6ac - animation-leash of dimmer#0
10-26 10:07:32.444   620   810 I SurfaceFlinger: id=189952 createSurf (0x0),-1 flag=80004, Surface(name=ActivityRecord{506a2f9 u0 com.example.dogglers/.MainActivity t30230})/@0xa9ce6ee - animation-bounds#0
10-26 10:07:32.446   620   810 I SurfaceFlinger: id=189953 createSurf (0x0),-1 flag=24004, Surface(name=ActivityRecord{cfd11d9 u0 com.example.dogglers/.HorizontalListActivity t30230})/@0x4e52f44 - animation-leash of app_transition#0
10-26 10:07:32.447   620   810 I SurfaceFlinger: id=189954 createSurf (0x0),-1 flag=80004, Surface(name=ActivityRecord{cfd11d9 u0 com.example.dogglers/.HorizontalListActivity t30230})/@0x4e52f44 - animation-bounds#0
10-26 10:07:32.448   566 18402 I HYPER-HAL: [RequestManager.cpp]releaseLocked(): Released ID : 473870
10-26 10:07:32.449   954  1012 I ActivityTaskManager: Displayed com.example.dogglers/.HorizontalListActivity: +224ms
10-26 10:07:32.449  2946  2946 E pageboostd: Received HALT command code 2
10-26 10:07:32.452   954  1253 D SemNscXgbMsL1: Probability - Cloud gaming: [0.013714661]
10-26 10:07:32.452   954  1253 D SemNscXgbMsL1: Probability - Real time: [0.016116329]
10-26 10:07:32.453   954  1253 D SemNscXgbMsL1: Probability - Non real time: [0.93822616]
10-26 10:07:32.453   954  1253 D SemNscXgbMsL1: 1 sample inference time: 0.956808 msecs
10-26 10:07:32.455   954  1253 D SemNscXgbL2Rt: L2 RT 1 sample inference time: 2.562576 msecs
10-26 10:07:32.456   620   620 I Layer   : id=189936 Destroyed Surface(name=be23078 NavigationBar0)/@0x50010bd - animation-leash of insets_animation#1
10-26 10:07:32.456   620   620 I Layer   : id=189935 Destroyed Surface(name=2fa8401 StatusBar)/@0xf000e26 - animation-leash of insets_animation#1
10-26 10:07:32.456   954  1253 D SemNscXgbL2Nrt: L2 NRT 1 sample inference time: 0.932923 msecs
10-26 10:07:32.457   620   643 I SurfaceFlinger: id=189944 Removed Surface(name=be23078 NavigationBar0)/@0x50010bd - animation-leash of insets_animation#1 (186)
10-26 10:07:32.457   954  2449 D InputDispatcher: Focus entered window (0): de7ab05 com.example.dogglers/com.example.dogglers.HorizontalListActivity
10-26 10:07:32.458   620   810 I SurfaceFlinger: id=189943 Removed Surface(name=2fa8401 StatusBar)/@0xf000e26 - animation-leash of insets_animation#1 (186)
10-26 10:07:32.459 18320 18320 D InsetsSourceConsumer: ensureControlAlpha: for ITYPE_NAVIGATION_BAR on com.example.dogglers/com.example.dogglers.HorizontalListActivity
10-26 10:07:32.460 18320 18320 D InsetsSourceConsumer: ensureControlAlpha: for ITYPE_STATUS_BAR on com.example.dogglers/com.example.dogglers.HorizontalListActivity
10-26 10:07:32.461 18320 18320 I ViewRootImpl@d7f475e[HorizontalListActivity]: MSG_WINDOW_FOCUS_CHANGED 1 1
10-26 10:07:32.462 18320 18320 D InputMethodManager: startInputInner - Id : 0
10-26 10:07:32.462 18320 18320 I InputMethodManager: startInputInner - mService.startInputOrWindowGainedFocus
10-26 10:07:32.463   954  2449 D InputMethodManagerService: DESKTOP MODE! : 2
10-26 10:07:32.463   954  2449 D InputMethodManagerService: NOT IN KNOX DESKTOP MODE!
10-26 10:07:32.463   954  2449 V InputMethodManagerService: getDisplayIdOfInputMethodWindowToBeAdded : 0
10-26 10:07:32.463   954  2449 D InputMethodManagerService: checkDisplayOfStartInputAndUpdateKeyboard display Id 0last 0
10-26 10:07:32.463   954  2449 D InputTransport: Input channel constructed: 'ClientS', fd=1618
10-26 10:07:32.463   954  2449 D InputTransport: Input channel destroyed: 'ClientS', fd=1618
10-26 10:07:32.464 19204 19204 D InputMethodService: checkDisplayOfStartInputAndUpdateKeyboard display Id 0last 0
10-26 10:07:32.464   620   810 I SurfaceFlinger: id=189955 createSurf (0x0),-1 flag=24004, Surface(name=2188bee InputMethod)/@0xe151908 - animation-leash of insets_animation#1
10-26 10:07:32.471   620   620 I Layer   : id=189938 removeFromCurrentState Surface(name=2188bee InputMethod)/@0xe151908 - animation-leash of insets_animation#0 (187)
10-26 10:07:32.471   620   620 I Layer   : id=189944 Destroyed Surface(name=be23078 NavigationBar0)/@0x50010bd - animation-leash of insets_animation#1
10-26 10:07:32.472   620   620 I Layer   : id=189943 Destroyed Surface(name=2fa8401 StatusBar)/@0xf000e26 - animation-leash of insets_animation#1
10-26 10:07:32.473   620   810 I SurfaceFlinger: id=189938 Removed Surface(name=2188bee InputMethod)/@0xe151908 - animation-leash of insets_animation#0 (185)
10-26 10:07:32.474   954  2449 D InputMethodManagerServicePhysicalKey: isConnectedDexOnPC false
10-26 10:07:32.475   954  2449 D InputMethodManagerService: isImeSwitcherDisabledPackage : false
10-26 10:07:32.477   954  2449 I SemDvfsHyPerManager: acquire hyper - AMS_RESUME_TAIL/954@19, type = -999
10-26 10:07:32.477   954  2449 I SemDvfsHyPerManager: acquire hyper - AMS_ACT_LAZY/954@20, type = -999
10-26 10:07:32.477   566   611 I HYPER-HAL: [RequestManager.cpp]acquire(): Acquired ID : 473870  [954 / 19]    HINT : AMS_RESUME_TAIL    list :
10-26 10:07:32.477   620   620 D SurfaceFlinger: Display 0 HWC layers:
10-26 10:07:32.477   620   620 D SurfaceFlinger:      DEVICE | 0x7843db7ef0 | 0102 | RGBA_8888    |    0.0    7.0 1080.0 2280.0 |    0    0 1080 2273 | com.example.dogglers/com.example.dogglers.MainActivity$_18320#0
10-26 10:07:32.477   620   620 D SurfaceFlinger:      DEVICE | 0x7843db4a10 | 0102 | RGBA_8888    |    0.0    0.0 1080.0 1897.0 |    0  383 1080 2280 | com.example.dogglers/com.example.dogglers.HorizontalListActivity$_18320#0
10-26 10:07:32.477   620   620 D SurfaceFlinger:      DEVICE | 0x7843dbb970 | 0100 | RGBA_8888    |    0.0    0.0 1080.0  112.0 |    0    0 1080  112 | StatusBar$_1348#0
10-26 10:07:32.477   620   620 D SurfaceFlinger:      DEVICE | 0x7843daab70 | 0100 | RGBA_8888    |    0.0    0.0   67.0  416.0 |    0  814   67 1230 | com.samsung.android.app.cocktailbars[...]arservice.CocktailBarService$_8198#0
10-26 10:07:32.477   620   620 D SurfaceFlinger:      DEVICE | 0x7843da5dd0 | 0100 | RGBA_8888    |    0.0    0.0 1080.0  126.0 |    0 2154 1080 2280 | NavigationBar0$_1348#0
10-26 10:07:32.477   620   620 D SurfaceFlinger:
10-26 10:07:32.478   566   611 I HYPER-HAL: [RequestManager.cpp]releaseLocked(): Released ID : 471923
10-26 10:07:32.479   529   535 E statsd  : Predicate 5980654721335871649 dropping data for dimension key (10)0x2010101->10988[I] (10)0x30000->*launch*[S]
10-26 10:07:32.479   529   535 E statsd  : Predicate -7037417284711607308 dropping data for dimension key (10)0x2010101->10988[I] (10)0x30000->*launch*[S]
10-26 10:07:32.479 19204 19204 E FullInputEventModel: onStartInput event aborted: al1: could not obtain extracted text (class al1)
10-26 10:07:32.480 26660 26660 I ViewRootImpl@623994e[LauncherActivity]: stopped(true) old=false
10-26 10:07:32.480 18320 18320 D LifecycleMonitor: Lifecycle status change: androidx.test.core.app.InstrumentationActivityInvoker$BootstrapActivity@8d4872a in: STOPPED
10-26 10:07:32.481 18320 18320 V ActivityScenario: Activity lifecycle changed event received but ignored because the intent does not match. startActivityIntent=Intent { act=android.intent.action.MAIN cat=[android.intent.category.LAUNCHER] cmp=com.example.dogglers/.MainActivity }, activity.getIntent()=Intent { act=android.intent.action.MAIN cat=[android.intent.category.LAUNCHER] flg=0x10008000 cmp=com.example.dogglers/androidx.test.core.app.InstrumentationActivityInvoker$BootstrapActivity (has extras) }, activity=androidx.test.core.app.InstrumentationActivityInvoker$BootstrapActivity@8d4872a
10-26 10:07:32.482 26660 26660 I BaseActivity: removeActivityFlags, flags : 17
10-26 10:07:32.482 26660 26660 W LauncherAppWidgetHost: setShouldListenFlag, mFlags:7 flag:start on:false isFront:false
10-26 10:07:32.483 26660 26792 I IMM_LC  : hsifw() - flags=0, caller=android.view.inputmethod.InputMethodManager.hideSoftInputFromWindow:1846 android.view.inputmethod.InputMethodManager.hideSoftInputFromWindow:1815 com.android.launcher3.util.UiThreadHelper$UiCallbacks.handleMessage:103 android.os.Handler.dispatchMessage:102 android.os.Looper.loopOnce:226
10-26 10:07:32.483 26660 26792 I IMM_LC  : hideSoftInputFromWindow - mService.hideSoftInput
10-26 10:07:32.483   954  3937 I AppWidgetServiceImpl: stopListening callbacks : null
10-26 10:07:32.483 26660 26660 W LauncherAppWidgetHost: stopListening, mFlags:2 isFront:false
10-26 10:07:32.483 26660 26660 W Launcher.NotificationListener: removeNotificationsChangedListener
10-26 10:07:32.483 26660 26660 I BadgeCountUpdaterImpl: onNotificationsChangedDisConnected
10-26 10:07:32.483 26660 26660 I Launcher.NotificationListener: unregisterObserver, this is not notificationService!!
10-26 10:07:32.483 26660 26792 I LiveIconUpdateEventHandler: LiveIcon onStop
10-26 10:07:32.484 26660 26792 I LiveIconUpdateEventHandler: cancelMinuteChangeAlarm
10-26 10:07:32.485 26660 26792 I LiveIconUpdateEventHandler: cancelDateChangeAlarm
10-26 10:07:32.485   954  1115 I SensorService: [REARLIGHT] lux value : 27, code value : 0
10-26 10:07:32.487   620   620 D Layer   : setBackgroundBlurRadius ## OneUiHome-BlurLayer#0, backgroundBlurRadius=0
10-26 10:07:32.488   620   620 I SurfaceFlinger: id=189917 Removed OneUiHome-BlurLayer#0 (185)
10-26 10:07:32.488   620   620 I Layer   : id=189938 Destroyed Surface(name=2188bee InputMethod)/@0xe151908 - animation-leash of insets_animation#0
10-26 10:07:32.490 26660 26792 I LiveIconUpdateEventHandler: unregisterReceiver
10-26 10:07:32.492   620   620 D SurfaceFlinger: Display 0 HWC layers:
10-26 10:07:32.492   620   620 D SurfaceFlinger:      DEVICE | 0x7843db00f0 | 0102 | RGBA_8888    |    0.0   18.0 1080.0 2280.0 |    0    0 1080 2262 | com.example.dogglers/com.example.dogglers.MainActivity$_18320#0
10-26 10:07:32.492   620   620 D SurfaceFlinger:  SOLID_COLOR |              | 0000 |  Unknown  |    0.0    0.0    0.0    0.0 |    0    0 1080 2262 | Dim Layer for - ActivityRecord{506a2[...]inActivity t30230} - animating-dim#0
10-26 10:07:32.492   620   620 D SurfaceFlinger:      DEVICE | 0x7843dc0dd0 | 0102 | RGBA_8888    |    0.0    0.0 1080.0 1963.0 |    0  317 1080 2280 | com.example.dogglers/com.example.dogglers.HorizontalListActivity$_18320#0
10-26 10:07:32.492   620   620 D SurfaceFlinger:      DEVICE | 0x7843dbb970 | 0100 | RGBA_8888    |    0.0    0.0 1080.0  112.0 |    0    0 1080  112 | StatusBar$_1348#0
10-26 10:07:32.492   620   620 D SurfaceFlinger:      DEVICE | 0x7843daab70 | 0100 | RGBA_8888    |    0.0    0.0   67.0  416.0 |    0  814   67 1230 | com.samsung.android.app.cocktailbars[...]arservice.CocktailBarService$_8198#0
10-26 10:07:32.492   620   620 D SurfaceFlinger:      DEVICE | 0x7843da5dd0 | 0100 | RGBA_8888    |    0.0    0.0 1080.0  126.0 |    0 2154 1080 2280 | NavigationBar0$_1348#0
10-26 10:07:32.492   620   620 D SurfaceFlinger:
10-26 10:07:32.504   620   620 I Layer   : id=189914 removeFromCurrentState com.sec.android.app.launcher/com.sec.android.app.launcher.activities.LauncherActivity$_26660#0 (184)
10-26 10:07:32.504   620   620 I Layer   : id=189917 removeFromCurrentState OneUiHome-BlurLayer#0 (184)
10-26 10:07:32.504   620   620 I SurfaceFlinger: id=189914 Removed com.sec.android.app.launcher/com.sec.android.app.launcher.activities.LauncherActivity$_26660#0 (184)
10-26 10:07:32.505   620   620 I Layer   : id=189914 Destroyed com.sec.android.app.launcher/com.sec.android.app.launcher.activities.LauncherActivity$_26660#0
10-26 10:07:32.505   620   620 I Layer   : id=189917 Destroyed OneUiHome-BlurLayer#0
10-26 10:07:32.537  1341  1497 D BtGatt.GattService: onScanResult to scannerId: 4- eventType=0x1b, addressType=1, address=CD036A_7, primaryPhy=1, secondaryPhy=0, advertisingSid=0xff, txPower=127, rssi=-69, periodicAdvInt=0x0
10-26 10:07:32.539 28904 29311 I NearbyDiscovery: FastPairCache: Not triggering, because RSSI -66 is below the threshold of -58 [CONTEXT service_id=265 ]
10-26 10:07:32.563   954   971 I system_server: Background concurrent copying GC freed 557583(25MB) AllocSpace objects, 37(3056KB) LOS objects, 17% free, 116MB/140MB, paused 128us,220us total 323.312ms
10-26 10:07:32.579  8198  8198 I Utils   : isCurrentUser current = 0, ownerId = 0
10-26 10:07:32.580  8198  8198 I TrayVisibilityController: getComputedTrayVisible : keyguardState = 1
10-26 10:07:32.580  8198  8198 I TrayVisibilityController: updateTrayVisible: State=1 visible=1 mCurrentVisible=1 specificMode=0
10-26 10:07:32.580  8198  8198 I TrayStateController: onNotifyUpdateTray: state=0
10-26 10:07:32.581   954   973 W System  : A resource failed to call end.
10-26 10:07:32.581   954   973 W System  : A resource failed to call release.
10-26 10:07:32.582   954   973 W System  : A resource failed to call end.
10-26 10:07:32.582   954   973 W System  : A resource failed to call release.
10-26 10:07:32.693 18320 18320 I ViewInteraction: Checking 'MatchesViewAssertion{viewMatcher=(view has effective visibility <VISIBLE> and view.getGlobalVisibleRect() to return non-empty rectangle)}' assertion on view view.getId() is <2131230949/com.example.dogglers:id/horizontal_recycler_view>
10-26 10:07:32.698   954  3937 I SemDvfsHyPerManager: acquire hyper - AMS_ACT_START/954@17, type = -999
10-26 10:07:32.699   566   611 I HYPER-HAL: [RequestManager.cpp]acquire(): Acquired ID : 471923  [954 / 17]    HINT : AMS_ACT_START    list :
10-26 10:07:32.699   620   643 I SurfaceFlinger: id=189956 createSurf (0x0),-1 flag=80004, ActivityRecord{51ae712 u0 com.example.dogglers/androidx.test.core.app.InstrumentationActivityInvoker$EmptyActivity t30230}#0
10-26 10:07:32.702   529   535 E statsd  : Predicate 5980654721335871649 dropping data for dimension key (10)0x2010101->10988[I] (10)0x30000->*launch*[S]
10-26 10:07:32.703   529   535 E statsd  : Predicate -7037417284711607308 dropping data for dimension key (10)0x2010101->10988[I] (10)0x30000->*launch*[S]
10-26 10:07:32.704   954  1015 D PersonaActivityHelper: Activity not in resumed state, do not run immediate lock
10-26 10:07:32.705 18320 18320 D LifecycleMonitor: Lifecycle status change: com.example.dogglers.HorizontalListActivity@c47b07b in: PAUSED
10-26 10:07:32.705 18320 18320 V ActivityScenario: Activity lifecycle changed event received but ignored because the intent does not match. startActivityIntent=Intent { act=android.intent.action.MAIN cat=[android.intent.category.LAUNCHER] cmp=com.example.dogglers/.MainActivity }, activity.getIntent()=Intent { cmp=com.example.dogglers/.HorizontalListActivity }, activity=com.example.dogglers.HorizontalListActivity@c47b07b
10-26 10:07:32.707   954  2449 D InputDispatcher: Focused application set to (0): 51ae712
10-26 10:07:32.711   954  1015 I SemPersonaManager: SecureFolder personaId = 150
10-26 10:07:32.714 18320 18320 D LifecycleMonitor: Lifecycle status change: androidx.test.core.app.InstrumentationActivityInvoker$EmptyActivity@ec69522 in: PRE_ON_CREATE
10-26 10:07:32.714 18320 18320 V ActivityScenario: Activity lifecycle changed event received but ignored because the intent does not match. startActivityIntent=Intent { act=android.intent.action.MAIN cat=[android.intent.category.LAUNCHER] cmp=com.example.dogglers/.MainActivity }, activity.getIntent()=Intent { act=android.intent.action.MAIN cat=[android.intent.category.LAUNCHER] flg=0x10000000 cmp=com.example.dogglers/androidx.test.core.app.InstrumentationActivityInvoker$EmptyActivity }, activity=androidx.test.core.app.InstrumentationActivityInvoker$EmptyActivity@ec69522
10-26 10:07:32.715   954  1015 D EnterpriseDeviceManagerService: isMdmAdminPresentInternal() : MDM Admin Found - com.samsung.knox.securefolder
10-26 10:07:32.718  8198  8198 I Utils   : HomePackage : com.sec.android.app.launcher, resumePackageName : com.example.dogglers
10-26 10:07:32.721 18320 18320 I DecorView: [INFO] isPopOver=false, config=true
10-26 10:07:32.722 18320 18320 I DecorView: updateCaptionType >> DecorView@c89b570[], isFloating=false, isApplication=true, hasWindowControllerCallback=true, hasWindowDecorCaption=false
10-26 10:07:32.722 18320 18320 D DecorView: setCaptionType = 0, this = DecorView@c89b570[]
10-26 10:07:32.724 18320 18320 I DecorView: getCurrentDensityDpi: from real metrics. densityDpi=420 msg=resources_loaded
10-26 10:07:32.724 18320 18320 D LifecycleMonitor: Lifecycle status change: androidx.test.core.app.InstrumentationActivityInvoker$EmptyActivity@ec69522 in: CREATED
10-26 10:07:32.724 18320 18320 V ActivityScenario: Activity lifecycle changed event received but ignored because the intent does not match. startActivityIntent=Intent { act=android.intent.action.MAIN cat=[android.intent.category.LAUNCHER] cmp=com.example.dogglers/.MainActivity }, activity.getIntent()=Intent { act=android.intent.action.MAIN cat=[android.intent.category.LAUNCHER] flg=0x10000000 cmp=com.example.dogglers/androidx.test.core.app.InstrumentationActivityInvoker$EmptyActivity }, activity=androidx.test.core.app.InstrumentationActivityInvoker$EmptyActivity@ec69522
10-26 10:07:32.725 18320 18320 D LifecycleMonitor: Lifecycle status change: androidx.test.core.app.InstrumentationActivityInvoker$EmptyActivity@ec69522 in: STARTED
10-26 10:07:32.725 18320 18320 V ActivityScenario: Activity lifecycle changed event received but ignored because the intent does not match. startActivityIntent=Intent { act=android.intent.action.MAIN cat=[android.intent.category.LAUNCHER] cmp=com.example.dogglers/.MainActivity }, activity.getIntent()=Intent { act=android.intent.action.MAIN cat=[android.intent.category.LAUNCHER] flg=0x10000000 cmp=com.example.dogglers/androidx.test.core.app.InstrumentationActivityInvoker$EmptyActivity }, activity=androidx.test.core.app.InstrumentationActivityInvoker$EmptyActivity@ec69522
10-26 10:07:32.727 18320 18320 D LifecycleMonitor: Lifecycle status change: androidx.test.core.app.InstrumentationActivityInvoker$EmptyActivity@ec69522 in: RESUMED
10-26 10:07:32.727 18320 18320 V ActivityScenario: Activity lifecycle changed event received but ignored because the intent does not match. startActivityIntent=Intent { act=android.intent.action.MAIN cat=[android.intent.category.LAUNCHER] cmp=com.example.dogglers/.MainActivity }, activity.getIntent()=Intent { act=android.intent.action.MAIN cat=[android.intent.category.LAUNCHER] flg=0x10000000 cmp=com.example.dogglers/androidx.test.core.app.InstrumentationActivityInvoker$EmptyActivity }, activity=androidx.test.core.app.InstrumentationActivityInvoker$EmptyActivity@ec69522
10-26 10:07:32.731   954  3937 D InputTransport: Input channel constructed: '7e47782', fd=954
10-26 10:07:32.731   954  3937 D InputTransport: Input channel constructed: '7e47782', fd=961
10-26 10:07:32.731   954  3937 D InputTransport: Input channel constructed: '7e47782', fd=1136
10-26 10:07:32.732   620   643 I SurfaceFlinger: id=189957 createSurf (0x0),-1 flag=80004, 7e47782 com.example.dogglers/androidx.test.core.app.InstrumentationActivityInvoker$EmptyActivity#0
10-26 10:07:32.732   954  3937 D InputTransport: Input channel destroyed: '7e47782', fd=1136
10-26 10:07:32.734 18320 18320 I ViewRootImpl@8a90e9[InstrumentationActivityInvoker$EmptyActivity]: setView = com.android.internal.policy.DecorView@c89b570 TM=true
10-26 10:07:32.735   954  1054 D AnalyticsContainerHandler: handleMessage : { when=0 what=1 target=com.android.server.knox.KnoxAnalyticsContainer$AnalyticsHandler }
10-26 10:07:32.740   954  3937 D InputDispatcher: Focus left window (0): de7ab05 com.example.dogglers/com.example.dogglers.HorizontalListActivity
10-26 10:07:32.743   954  3937 V WindowManager: Relayout Window{7e47782 u0 com.example.dogglers/androidx.test.core.app.InstrumentationActivityInvoker$EmptyActivity}: viewVisibility=0 req=1080x2280 d0
10-26 10:07:32.744   620   643 I SurfaceFlinger: id=189958 createSurf (1x1),-3 flag=40004, com.example.dogglers/androidx.test.core.app.InstrumentationActivityInvoker$EmptyActivity$_18320#0
10-26 10:07:32.746   620   643 I SurfaceFlinger: id=189959 createSurf (0x0),-1 flag=24000, Surface(name=2fa8401 StatusBar)/@0xf000e26 - animation-leash of insets_animation#1
10-26 10:07:32.746   620   643 I SurfaceFlinger: id=189960 createSurf (0x0),-1 flag=24000, Surface(name=be23078 NavigationBar0)/@0x50010bd - animation-leash of insets_animation#1
10-26 10:07:32.747   954  3937 V WindowManager: Relayout hash=7e47782, pid=18320: mAttrs={(0,0)(fillxfill) sim={adjust=pan forwardNavigation} ty=BASE_APPLICATION wanim=0x1030001
10-26 10:07:32.747   954  3937 V WindowManager:   fl=1810100
10-26 10:07:32.747   954  3937 V WindowManager:   pfl=12020040
10-26 10:07:32.747   954  3937 V WindowManager:   apr=LIGHT_NAVIGATION_BARS
10-26 10:07:32.747   954  3937 V WindowManager:   bhv=DEFAULT
10-26 10:07:32.747   954  3937 V WindowManager:   fitSides= naviIconColor=0
10-26 10:07:32.747   954  3937 V WindowManager:   sfl=100000}
10-26 10:07:32.749 18320 18320 I ViewRootImpl@8a90e9[InstrumentationActivityInvoker$EmptyActivity]: Relayout returned: old=(0,0,1080,2280) new=(0,0,1080,2280) req=(1080,2280)0 dur=5 res=0x7 s={true 515080314864} ch=true fn=-1
10-26 10:07:32.750 18320 18355 D OpenGLRenderer: eglCreateWindowSurface
10-26 10:07:32.751 18320 18320 I ViewRootImpl@8a90e9[InstrumentationActivityInvoker$EmptyActivity]: [DP] dp(1) 1 android.view.ViewRootImpl.reportNextDraw:11420 android.view.ViewRootImpl.performTraversals:4193 android.view.ViewRootImpl.doTraversal:2919
10-26 10:07:32.758 18320 18320 I ViewRootImpl@8a90e9[InstrumentationActivityInvoker$EmptyActivity]: [DP] pdf(0) 1 android.view.ViewRootImpl.lambda$addFrameCompleteCallbackIfNeeded$3$ViewRootImpl:4995 android.view.ViewRootImpl$$ExternalSyntheticLambda16.run:6 android.os.Handler.handleCallback:938
10-26 10:07:32.758 18320 18320 I ViewRootImpl@8a90e9[InstrumentationActivityInvoker$EmptyActivity]: [DP] rdf()
10-26 10:07:32.759 18320 18320 D ViewRootImpl@8a90e9[InstrumentationActivityInvoker$EmptyActivity]: reportDrawFinished (fn: -1)
10-26 10:07:32.760   954  1012 I ActivityTaskManager: Displayed com.example.dogglers/androidx.test.core.app.InstrumentationActivityInvoker$EmptyActivity: +63ms
10-26 10:07:32.761  2946  2946 E pageboostd: Received HALT command code 2
10-26 10:07:32.763 18320 18320 I ViewRootImpl@d7f475e[HorizontalListActivity]: MSG_WINDOW_FOCUS_CHANGED 0 1
10-26 10:07:32.765 18320 18320 D InsetsSourceConsumer: ensureControlAlpha: for ITYPE_NAVIGATION_BAR on com.example.dogglers/androidx.test.core.app.InstrumentationActivityInvoker$EmptyActivity
10-26 10:07:32.765 18320 18320 D InsetsSourceConsumer: ensureControlAlpha: for ITYPE_STATUS_BAR on com.example.dogglers/androidx.test.core.app.InstrumentationActivityInvoker$EmptyActivity
10-26 10:07:32.769   620   643 I SurfaceFlinger: id=189961 createSurf (0x0),-1 flag=80004, ActivityRecord{f81de01 u0 com.example.dogglers/androidx.test.core.app.InstrumentationActivityInvoker$EmptyActivity t30230}#0
10-26 10:07:32.772   620   620 I SurfaceFlinger: SFWD update time=779247705747898
10-26 10:07:32.772   620   620 I Layer   : id=189947 removeFromCurrentState Surface(name=2fa8401 StatusBar)/@0xf000e26 - animation-leash of insets_animation#0 (188)
10-26 10:07:32.772   620   620 I Layer   : id=189948 removeFromCurrentState Surface(name=be23078 NavigationBar0)/@0x50010bd - animation-leash of insets_animation#0 (188)
10-26 10:07:32.772   620   620 I Layer   : id=189951 removeFromCurrentState Surface(name=Dim Layer for - ActivityRecord{506a2f9 u0 com.example.dogglers/.MainActivity t30230} - animating-dim)/@0x394b6ac - animation-leash of dimmer#0 (188)
10-26 10:07:32.773   620   620 I SurfaceFlinger: id=189947 Removed Surface(name=2fa8401 StatusBar)/@0xf000e26 - animation-leash of insets_animation#0 (188)
10-26 10:07:32.773   620   620 I SurfaceFlinger: id=189948 Removed Surface(name=be23078 NavigationBar0)/@0x50010bd - animation-leash of insets_animation#0 (188)
10-26 10:07:32.773   620   620 I SurfaceFlinger: id=189951 Removed Surface(name=Dim Layer for - ActivityRecord{506a2f9 u0 com.example.dogglers/.MainActivity t30230} - animating-dim)/@0x394b6ac - animation-leash of dimmer#0 (188)
10-26 10:07:32.773   620   620 I Layer   : id=189951 Destroyed Surface(name=Dim Layer for - ActivityRecord{506a2f9 u0 com.example.dogglers/.MainActivity t30230} - animating-dim)/@0x394b6ac - animation-leash of dimmer#0
10-26 10:07:32.773   620   620 I Layer   : id=189947 Destroyed Surface(name=2fa8401 StatusBar)/@0xf000e26 - animation-leash of insets_animation#0
10-26 10:07:32.773   620   620 I Layer   : id=189948 Destroyed Surface(name=be23078 NavigationBar0)/@0x50010bd - animation-leash of insets_animation#0
10-26 10:07:32.774   954  2449 D InputDispatcher: Focus entered window (0): 7e47782 com.example.dogglers/androidx.test.core.app.InstrumentationActivityInvoker$EmptyActivity
10-26 10:07:32.774   954  1016 I SemDvfsHyPerManager: acquire hyper - AMS_RESUME_TAIL/954@19, type = -999
10-26 10:07:32.774   954  1016 I SemDvfsHyPerManager: acquire hyper - AMS_ACT_LAZY/954@20, type = -999
10-26 10:07:32.774   566   611 I HYPER-HAL: [RequestManager.cpp]acquire(): Acquired ID : 473870  [954 / 19]    HINT : AMS_RESUME_TAIL    list :
10-26 10:07:32.775   566   611 I HYPER-HAL: [RequestManager.cpp]releaseLocked(): Released ID : 471923
10-26 10:07:32.777   954  1015 D PersonaActivityHelper: Activity not in resumed state, do not run immediate lock
10-26 10:07:32.778 18320 18320 D LifecycleMonitor: Lifecycle status change: androidx.test.core.app.InstrumentationActivityInvoker$BootstrapActivity@8d4872a in: DESTROYED
10-26 10:07:32.779 18320 18320 V ActivityScenario: Activity lifecycle changed event received but ignored because the intent does not match. startActivityIntent=Intent { act=android.intent.action.MAIN cat=[android.intent.category.LAUNCHER] cmp=com.example.dogglers/.MainActivity }, activity.getIntent()=Intent { act=android.intent.action.MAIN cat=[android.intent.category.LAUNCHER] flg=0x10008000 cmp=com.example.dogglers/androidx.test.core.app.InstrumentationActivityInvoker$BootstrapActivity (has extras) }, activity=androidx.test.core.app.InstrumentationActivityInvoker$BootstrapActivity@8d4872a
10-26 10:07:32.781 18320 18320 D LifecycleMonitor: Lifecycle status change: androidx.test.core.app.InstrumentationActivityInvoker$EmptyActivity@ec69522 in: PAUSED
10-26 10:07:32.781 18320 18320 V ActivityScenario: Activity lifecycle changed event received but ignored because the intent does not match. startActivityIntent=Intent { act=android.intent.action.MAIN cat=[android.intent.category.LAUNCHER] cmp=com.example.dogglers/.MainActivity }, activity.getIntent()=Intent { act=android.intent.action.MAIN cat=[android.intent.category.LAUNCHER] flg=0x10000000 cmp=com.example.dogglers/androidx.test.core.app.InstrumentationActivityInvoker$EmptyActivity }, activity=androidx.test.core.app.InstrumentationActivityInvoker$EmptyActivity@ec69522
10-26 10:07:32.782   954  2449 I SemDvfsHyPerManager: acquire hyper - AMS_ACT_RESUME/954@33, type = -999
10-26 10:07:32.782   566   611 I HYPER-HAL: [RequestManager.cpp]acquire(): Acquired ID : 487611  [954 / 33]    HINT : AMS_ACT_RESUME    list :
10-26 10:07:32.784   954  2449 D InputDispatcher: Focused application set to (0): f81de01
10-26 10:07:32.787 18320 18320 I ViewRootImpl@8a90e9[InstrumentationActivityInvoker$EmptyActivity]: MSG_WINDOW_FOCUS_CHANGED 1 1
10-26 10:07:32.787   954  1015 I SemPersonaManager: SecureFolder personaId = 150
10-26 10:07:32.788 18320 18320 D InputMethodManager: startInputInner - Id : 0
10-26 10:07:32.788 18320 18320 I InputMethodManager: startInputInner - mService.startInputOrWindowGainedFocus
10-26 10:07:32.789   954  2449 D InputMethodManagerServicePhysicalKey: isConnectedDexOnPC false
10-26 10:07:32.789   620   620 I Layer   : id=189925 removeFromCurrentState ActivityRecord{df92419 u0 com.example.dogglers/androidx.test.core.app.InstrumentationActivityInvoker$BootstrapActivity t30230}#0 (185)
10-26 10:07:32.789   620   620 I SurfaceFlinger: id=189925 Removed ActivityRecord{df92419 u0 com.example.dogglers/androidx.test.core.app.InstrumentationActivityInvoker$BootstrapActivity t30230}#0 (185)
10-26 10:07:32.789   620   620 I Layer   : id=189925 Destroyed ActivityRecord{df92419 u0 com.example.dogglers/androidx.test.core.app.InstrumentationActivityInvoker$BootstrapActivity t30230}#0
10-26 10:07:32.790   954  2449 D InputMethodManagerService: isImeSwitcherDisabledPackage : false
10-26 10:07:32.791   954  1015 D EnterpriseDeviceManagerService: isMdmAdminPresentInternal() : MDM Admin Found - com.samsung.knox.securefolder
10-26 10:07:32.793  8198  8198 I Utils   : HomePackage : com.sec.android.app.launcher, resumePackageName : com.example.dogglers
10-26 10:07:32.798 18320 18320 D LifecycleMonitor: Lifecycle status change: androidx.test.core.app.InstrumentationActivityInvoker$EmptyActivity@cf9a67a in: PRE_ON_CREATE
10-26 10:07:32.799 18320 18320 V ActivityScenario: Activity lifecycle changed event received but ignored because the intent does not match. startActivityIntent=Intent { act=android.intent.action.MAIN cat=[android.intent.category.LAUNCHER] cmp=com.example.dogglers/.MainActivity }, activity.getIntent()=Intent { act=android.intent.action.MAIN cat=[android.intent.category.LAUNCHER] flg=0x10000000 cmp=com.example.dogglers/androidx.test.core.app.InstrumentationActivityInvoker$EmptyActivity }, activity=androidx.test.core.app.InstrumentationActivityInvoker$EmptyActivity@cf9a67a
10-26 10:07:32.804 18320 18320 I DecorView: [INFO] isPopOver=false, config=true
10-26 10:07:32.804 18320 18320 I DecorView: updateCaptionType >> DecorView@19ac288[], isFloating=false, isApplication=true, hasWindowControllerCallback=true, hasWindowDecorCaption=false
10-26 10:07:32.804 18320 18320 D DecorView: setCaptionType = 0, this = DecorView@19ac288[]
10-26 10:07:32.806 18320 18320 I DecorView: getCurrentDensityDpi: from real metrics. densityDpi=420 msg=resources_loaded
10-26 10:07:32.806   954  2449 D InputDispatcher: Focus left window (0): 7e47782 com.example.dogglers/androidx.test.core.app.InstrumentationActivityInvoker$EmptyActivity
10-26 10:07:32.806 18320 18320 D LifecycleMonitor: Lifecycle status change: androidx.test.core.app.InstrumentationActivityInvoker$EmptyActivity@cf9a67a in: CREATED
10-26 10:07:32.807 18320 18320 V ActivityScenario: Activity lifecycle changed event received but ignored because the intent does not match. startActivityIntent=Intent { act=android.intent.action.MAIN cat=[android.intent.category.LAUNCHER] cmp=com.example.dogglers/.MainActivity }, activity.getIntent()=Intent { act=android.intent.action.MAIN cat=[android.intent.category.LAUNCHER] flg=0x10000000 cmp=com.example.dogglers/androidx.test.core.app.InstrumentationActivityInvoker$EmptyActivity }, activity=androidx.test.core.app.InstrumentationActivityInvoker$EmptyActivity@cf9a67a
10-26 10:07:32.807 18320 18320 D LifecycleMonitor: Lifecycle status change: androidx.test.core.app.InstrumentationActivityInvoker$EmptyActivity@cf9a67a in: STARTED
10-26 10:07:32.807 18320 18320 V ActivityScenario: Activity lifecycle changed event received but ignored because the intent does not match. startActivityIntent=Intent { act=android.intent.action.MAIN cat=[android.intent.category.LAUNCHER] cmp=com.example.dogglers/.MainActivity }, activity.getIntent()=Intent { act=android.intent.action.MAIN cat=[android.intent.category.LAUNCHER] flg=0x10000000 cmp=com.example.dogglers/androidx.test.core.app.InstrumentationActivityInvoker$EmptyActivity }, activity=androidx.test.core.app.InstrumentationActivityInvoker$EmptyActivity@cf9a67a
10-26 10:07:32.809 18320 18320 D LifecycleMonitor: Lifecycle status change: androidx.test.core.app.InstrumentationActivityInvoker$EmptyActivity@cf9a67a in: RESUMED
10-26 10:07:32.809 18320 18320 V ActivityScenario: Activity lifecycle changed event received but ignored because the intent does not match. startActivityIntent=Intent { act=android.intent.action.MAIN cat=[android.intent.category.LAUNCHER] cmp=com.example.dogglers/.MainActivity }, activity.getIntent()=Intent { act=android.intent.action.MAIN cat=[android.intent.category.LAUNCHER] flg=0x10000000 cmp=com.example.dogglers/androidx.test.core.app.InstrumentationActivityInvoker$EmptyActivity }, activity=androidx.test.core.app.InstrumentationActivityInvoker$EmptyActivity@cf9a67a
10-26 10:07:32.812   954  2449 D InputTransport: Input channel constructed: 'd1fe82c', fd=1149
10-26 10:07:32.812   954  2449 D InputTransport: Input channel constructed: 'd1fe82c', fd=1169
10-26 10:07:32.812   954  2449 D InputTransport: Input channel constructed: 'd1fe82c', fd=1172
10-26 10:07:32.812   620  3677 I SurfaceFlinger: id=189962 createSurf (0x0),-1 flag=80004, d1fe82c com.example.dogglers/androidx.test.core.app.InstrumentationActivityInvoker$EmptyActivity#0
10-26 10:07:32.813   954  2449 D InputTransport: Input channel destroyed: 'd1fe82c', fd=1172
10-26 10:07:32.814 18320 18320 I ViewRootImpl@35a7421[InstrumentationActivityInvoker$EmptyActivity]: setView = com.android.internal.policy.DecorView@19ac288 TM=true
10-26 10:07:32.815   954  1054 D AnalyticsContainerHandler: handleMessage : { when=0 what=1 target=com.android.server.knox.KnoxAnalyticsContainer$AnalyticsHandler }
10-26 10:07:32.827   954  2449 V WindowManager: Relayout Window{d1fe82c u0 com.example.dogglers/androidx.test.core.app.InstrumentationActivityInvoker$EmptyActivity}: viewVisibility=0 req=1080x2280 d0
10-26 10:07:32.827   620   643 I SurfaceFlinger: id=189963 createSurf (1x1),-3 flag=40004, com.example.dogglers/androidx.test.core.app.InstrumentationActivityInvoker$EmptyActivity$_18320#1
10-26 10:07:32.830   620   643 I SurfaceFlinger: id=189964 createSurf (0x0),-1 flag=24000, Surface(name=2fa8401 StatusBar)/@0xf000e26 - animation-leash of insets_animation#0
10-26 10:07:32.831   620   643 I SurfaceFlinger: id=189965 createSurf (0x0),-1 flag=24000, Surface(name=be23078 NavigationBar0)/@0x50010bd - animation-leash of insets_animation#0
10-26 10:07:32.832   954  2449 V WindowManager: Relayout hash=d1fe82c, pid=18320: mAttrs={(0,0)(fillxfill) sim={adjust=pan forwardNavigation} ty=BASE_APPLICATION wanim=0x1030001
10-26 10:07:32.832   954  2449 V WindowManager:   fl=1810100
10-26 10:07:32.832   954  2449 V WindowManager:   pfl=12020040
10-26 10:07:32.832   954  2449 V WindowManager:   apr=LIGHT_NAVIGATION_BARS
10-26 10:07:32.832   954  2449 V WindowManager:   bhv=DEFAULT
10-26 10:07:32.832   954  2449 V WindowManager:   fitSides= naviIconColor=0
10-26 10:07:32.832   954  2449 V WindowManager:   sfl=100000}
10-26 10:07:32.834 18320 18320 I ViewRootImpl@35a7421[InstrumentationActivityInvoker$EmptyActivity]: Relayout returned: old=(0,0,1080,2280) new=(0,0,1080,2280) req=(1080,2280)0 dur=7 res=0x7 s={true 515080384624} ch=true fn=-1
10-26 10:07:32.836 18320 18355 D OpenGLRenderer: eglCreateWindowSurface
10-26 10:07:32.837 18320 18320 I ViewRootImpl@35a7421[InstrumentationActivityInvoker$EmptyActivity]: [DP] dp(1) 1 android.view.ViewRootImpl.reportNextDraw:11420 android.view.ViewRootImpl.performTraversals:4193 android.view.ViewRootImpl.doTraversal:2919
10-26 10:07:32.843 18320 18320 I ViewRootImpl@35a7421[InstrumentationActivityInvoker$EmptyActivity]: [DP] pdf(0) 1 android.view.ViewRootImpl.lambda$addFrameCompleteCallbackIfNeeded$3$ViewRootImpl:4995 android.view.ViewRootImpl$$ExternalSyntheticLambda16.run:6 android.os.Handler.handleCallback:938
10-26 10:07:32.843 18320 18320 I ViewRootImpl@35a7421[InstrumentationActivityInvoker$EmptyActivity]: [DP] rdf()
10-26 10:07:32.843 18320 18320 D ViewRootImpl@35a7421[InstrumentationActivityInvoker$EmptyActivity]: reportDrawFinished (fn: -1)
10-26 10:07:32.843   620   620 D SurfaceFlinger: Display 0 HWC layers:
10-26 10:07:32.843   620   620 D SurfaceFlinger:      DEVICE | 0x7843db35d0 | 0102 | RGBA_8888    |    0.0    0.0 1080.0 2280.0 |    0    0 1080 2280 | com.example.dogglers/com.example.dogglers.HorizontalListActivity$_18320#0
10-26 10:07:32.843   620   620 D SurfaceFlinger:      DEVICE | 0x7843dbb970 | 0100 | RGBA_8888    |    0.0    0.0 1080.0  112.0 |    0    0 1080  112 | StatusBar$_1348#0
10-26 10:07:32.843   620   620 D SurfaceFlinger:      DEVICE | 0x7843daab70 | 0100 | RGBA_8888    |    0.0    0.0   67.0  416.0 |    0  814   67 1230 | com.samsung.android.app.cocktailbars[...]arservice.CocktailBarService$_8198#0
10-26 10:07:32.843   620   620 D SurfaceFlinger:      DEVICE | 0x7843da5dd0 | 0100 | RGBA_8888    |    0.0    0.0 1080.0  126.0 |    0 2154 1080 2280 | NavigationBar0$_1348#0
10-26 10:07:32.843   620   620 D SurfaceFlinger:
10-26 10:07:32.843 18320 18320 I ViewRootImpl@8a90e9[InstrumentationActivityInvoker$EmptyActivity]: MSG_WINDOW_FOCUS_CHANGED 0 1
10-26 10:07:32.844 18320 18320 I ViewRootImpl@80adb95[MainActivity]: handleAppVisibility mAppVisible=true visible=false
10-26 10:07:32.845 18320 18320 I ViewRootImpl@d7f475e[HorizontalListActivity]: handleAppVisibility mAppVisible=true visible=false
10-26 10:07:32.846 18320 18320 D InsetsSourceConsumer: ensureControlAlpha: for ITYPE_NAVIGATION_BAR on com.example.dogglers/androidx.test.core.app.InstrumentationActivityInvoker$EmptyActivity
10-26 10:07:32.847 18320 18320 D InsetsSourceConsumer: ensureControlAlpha: for ITYPE_STATUS_BAR on com.example.dogglers/androidx.test.core.app.InstrumentationActivityInvoker$EmptyActivity
10-26 10:07:32.847   954  1012 I ActivityTaskManager: Displayed com.example.dogglers/androidx.test.core.app.InstrumentationActivityInvoker$EmptyActivity: +79ms
10-26 10:07:32.848   566   611 I HYPER-HAL: [RequestManager.cpp]releaseLocked(): Released ID : 487611
10-26 10:07:32.849  2946  2946 E pageboostd: Received HALT command code 2
10-26 10:07:32.856   620   620 I Layer   : id=189959 removeFromCurrentState Surface(name=2fa8401 StatusBar)/@0xf000e26 - animation-leash of insets_animation#1 (188)
10-26 10:07:32.856   620   620 I Layer   : id=189960 removeFromCurrentState Surface(name=be23078 NavigationBar0)/@0x50010bd - animation-leash of insets_animation#1 (188)
10-26 10:07:32.856   620   620 I Layer   : id=189949 removeFromCurrentState Surface(name=ActivityRecord{506a2f9 u0 com.example.dogglers/.MainActivity t30230})/@0xa9ce6ee - animation-leash of app_transition#0 (188)
10-26 10:07:32.856   620   620 I Layer   : id=189950 removeFromCurrentState Dim Layer for - ActivityRecord{506a2f9 u0 com.example.dogglers/.MainActivity t30230} - animating-dim#0 (188)
10-26 10:07:32.856   620   620 I Layer   : id=189952 removeFromCurrentState Surface(name=ActivityRecord{506a2f9 u0 com.example.dogglers/.MainActivity t30230})/@0xa9ce6ee - animation-bounds#0 (188)
10-26 10:07:32.856   620   620 I Layer   : id=189953 removeFromCurrentState Surface(name=ActivityRecord{cfd11d9 u0 com.example.dogglers/.HorizontalListActivity t30230})/@0x4e52f44 - animation-leash of app_transition#0 (188)
10-26 10:07:32.856   620   620 I Layer   : id=189954 removeFromCurrentState Surface(name=ActivityRecord{cfd11d9 u0 com.example.dogglers/.HorizontalListActivity t30230})/@0x4e52f44 - animation-bounds#0 (188)
10-26 10:07:32.857   620   620 I SurfaceFlinger: id=189950 Removed Dim Layer for - ActivityRecord{506a2f9 u0 com.example.dogglers/.MainActivity t30230} - animating-dim#0 (188)
10-26 10:07:32.857   620   620 I SurfaceFlinger: id=189952 Removed Surface(name=ActivityRecord{506a2f9 u0 com.example.dogglers/.MainActivity t30230})/@0xa9ce6ee - animation-bounds#0 (188)
