10-26 10:07:35.674 18320 18320 D LifecycleMonitor: Lifecycle status change: androidx.test.core.app.InstrumentationActivityInvoker$EmptyActivity@412f958 in: STOPPED
10-26 10:07:35.674 18320 18320 V ActivityScenario: Activity lifecycle changed event received but ignored because the intent does not match. startActivityIntent=Intent { act=android.intent.action.MAIN cat=[android.intent.category.LAUNCHER] cmp=com.example.dogglers/.MainActivity }, activity.getIntent()=Intent { act=android.intent.action.MAIN cat=[android.intent.category.LAUNCHER] flg=0x10000000 cmp=com.example.dogglers/androidx.test.core.app.InstrumentationActivityInvoker$EmptyActivity }, activity=androidx.test.core.app.InstrumentationActivityInvoker$EmptyActivity@412f958
10-26 10:07:35.675   954  1054 D AnalyticsContainerHandler: handleMessage : { when=0 what=1 target=com.android.server.knox.KnoxAnalyticsContainer$AnalyticsHandler }
10-26 10:07:35.676  8198  8198 I Utils   : HomePackage : com.sec.android.app.launcher, resumePackageName : com.example.dogglers
10-26 10:07:35.677 18320 18320 D LifecycleMonitor: Lifecycle status change: androidx.test.core.app.InstrumentationActivityInvoker$EmptyActivity@412f958 in: DESTROYED
10-26 10:07:35.677 18320 18320 V ActivityScenario: Activity lifecycle changed event received but ignored because the intent does not match. startActivityIntent=Intent { act=android.intent.action.MAIN cat=[android.intent.category.LAUNCHER] cmp=com.example.dogglers/.MainActivity }, activity.getIntent()=Intent { act=android.intent.action.MAIN cat=[android.intent.category.LAUNCHER] flg=0x10000000 cmp=com.example.dogglers/androidx.test.core.app.InstrumentationActivityInvoker$EmptyActivity }, activity=androidx.test.core.app.InstrumentationActivityInvoker$EmptyActivity@412f958
10-26 10:07:35.679 18320 18355 D OpenGLRenderer: setSurface called with nullptr
10-26 10:07:35.679 18320 18355 D OpenGLRenderer: setSurface() destroyed EGLSurface
10-26 10:07:35.679 18320 18355 D OpenGLRenderer: destroyEglSurface
10-26 10:07:35.679 18320 18320 I ViewRootImpl@7831317[InstrumentationActivityInvoker$EmptyActivity]: dispatchDetachedFromWindow
10-26 10:07:35.680   954  3937 D InputTransport: Input channel destroyed: '3c26bd2', fd=1391
10-26 10:07:35.680   954  3937 W InputManager-JNI: Input channel object '3c26bd2 com.example.dogglers/androidx.test.core.app.InstrumentationActivityInvoker$EmptyActivity (client)' was disposed without first being removed with the input manager!
10-26 10:07:35.680   954  3937 D InputTransport: Input channel destroyed: '3c26bd2', fd=1393
10-26 10:07:35.680   620  3677 I SurfaceFlinger: id=190080 createSurf (0x0),-1 flag=24004, Surface(name=2188bee InputMethod)/@0xe151908 - animation-leash of insets_animation#1
10-26 10:07:35.683 18320 18320 D InputTransport: Input channel destroyed: '3c26bd2', fd=166
10-26 10:07:35.684 18320 18320 I ViewRootImpl@37a5f1f[InstrumentationActivityInvoker$EmptyActivity]: stopped(true) old=false
10-26 10:07:35.684 18320 18320 D LifecycleMonitor: Lifecycle status change: androidx.test.core.app.InstrumentationActivityInvoker$EmptyActivity@37b2240 in: STOPPED
10-26 10:07:35.685 18320 18320 V ActivityScenario: Activity lifecycle changed event received but ignored because the intent does not match. startActivityIntent=Intent { act=android.intent.action.MAIN cat=[android.intent.category.LAUNCHER] cmp=com.example.dogglers/.MainActivity }, activity.getIntent()=Intent { act=android.intent.action.MAIN cat=[android.intent.category.LAUNCHER] flg=0x10000000 cmp=com.example.dogglers/androidx.test.core.app.InstrumentationActivityInvoker$EmptyActivity }, activity=androidx.test.core.app.InstrumentationActivityInvoker$EmptyActivity@37b2240
10-26 10:07:35.685   620   620 I Layer   : id=190066 removeFromCurrentState Surface(name=2188bee InputMethod)/@0xe151908 - animation-leash of insets_animation#0 (193)
10-26 10:07:35.685   620   620 I Layer   : id=190060 removeFromCurrentState Surface(name=ActivityRecord{aa37fd9 u0 com.example.dogglers/.MainActivity t30232})/@0xe4cca4e - animation-leash of app_transition#0 (193)
10-26 10:07:35.685   620   620 I Layer   : id=190061 removeFromCurrentState Dim Layer for - ActivityRecord{aa37fd9 u0 com.example.dogglers/.MainActivity t30232} - animating-dim#0 (193)
10-26 10:07:35.685   620   620 I Layer   : id=190063 removeFromCurrentState Surface(name=ActivityRecord{aa37fd9 u0 com.example.dogglers/.MainActivity t30232})/@0xe4cca4e - animation-bounds#0 (193)
10-26 10:07:35.686   620   620 I Layer   : id=190064 removeFromCurrentState Surface(name=ActivityRecord{9d81db2 u0 com.example.dogglers/.VerticalListActivity t30232})/@0x8f2c10c - animation-leash of app_transition#0 (193)
10-26 10:07:35.686   620   620 I Layer   : id=190065 removeFromCurrentState Surface(name=ActivityRecord{9d81db2 u0 com.example.dogglers/.VerticalListActivity t30232})/@0x8f2c10c - animation-bounds#0 (193)
10-26 10:07:35.686   620   620 I Layer   : id=190074 removeFromCurrentState com.example.dogglers/androidx.test.core.app.InstrumentationActivityInvoker$EmptyActivity$_18320#1 (193)
10-26 10:07:35.686 18320 18320 D LifecycleMonitor: Lifecycle status change: androidx.test.core.app.InstrumentationActivityInvoker$EmptyActivity@37b2240 in: DESTROYED
10-26 10:07:35.686   620   620 I Layer   : id=190073 removeFromCurrentState 3c26bd2 com.example.dogglers/androidx.test.core.app.InstrumentationActivityInvoker$EmptyActivity#0 (193)
10-26 10:07:35.686 18320 18320 V ActivityScenario: Activity lifecycle changed event received but ignored because the intent does not match. startActivityIntent=Intent { act=android.intent.action.MAIN cat=[android.intent.category.LAUNCHER] cmp=com.example.dogglers/.MainActivity }, activity.getIntent()=Intent { act=android.intent.action.MAIN cat=[android.intent.category.LAUNCHER] flg=0x10000000 cmp=com.example.dogglers/androidx.test.core.app.InstrumentationActivityInvoker$EmptyActivity }, activity=androidx.test.core.app.InstrumentationActivityInvoker$EmptyActivity@37b2240
10-26 10:07:35.686   620   620 I Layer   : id=190079 removeFromCurrentState Surface(name=2188bee InputMethod)/@0xe151908 - animation-leash of insets_animation#1 (193)
10-26 10:07:35.686   620   620 I SurfaceFlinger: id=190073 Removed 3c26bd2 com.example.dogglers/androidx.test.core.app.InstrumentationActivityInvoker$EmptyActivity#0 (193)
10-26 10:07:35.687   620   620 I SurfaceFlinger: id=190061 Removed Dim Layer for - ActivityRecord{aa37fd9 u0 com.example.dogglers/.MainActivity t30232} - animating-dim#0 (193)
10-26 10:07:35.687   620   620 I SurfaceFlinger: id=190063 Removed Surface(name=ActivityRecord{aa37fd9 u0 com.example.dogglers/.MainActivity t30232})/@0xe4cca4e - animation-bounds#0 (193)
10-26 10:07:35.687   620   620 I SurfaceFlinger: id=190065 Removed Surface(name=ActivityRecord{9d81db2 u0 com.example.dogglers/.VerticalListActivity t30232})/@0x8f2c10c - animation-bounds#0 (193)
10-26 10:07:35.687   620   620 I SurfaceFlinger: id=190074 Removed com.example.dogglers/androidx.test.core.app.InstrumentationActivityInvoker$EmptyActivity$_18320#1 (193)
10-26 10:07:35.687   620   620 I SurfaceFlinger: id=190064 Removed Surface(name=ActivityRecord{9d81db2 u0 com.example.dogglers/.VerticalListActivity t30232})/@0x8f2c10c - animation-leash of app_transition#0 (193)
10-26 10:07:35.687   620   620 I SurfaceFlinger: id=190060 Removed Surface(name=ActivityRecord{aa37fd9 u0 com.example.dogglers/.MainActivity t30232})/@0xe4cca4e - animation-leash of app_transition#0 (193)
10-26 10:07:35.687 18320 18355 D OpenGLRenderer: setSurface called with nullptr
10-26 10:07:35.687 18320 18320 I ViewRootImpl@37a5f1f[InstrumentationActivityInvoker$EmptyActivity]: dispatchDetachedFromWindow
10-26 10:07:35.687   620   620 I Layer   : id=190076 Destroyed Surface(name=be23078 NavigationBar0)/@0x50010bd - animation-leash of insets_animation#1
10-26 10:07:35.687   954  3937 D InputTransport: Input channel destroyed: 'b5477ca', fd=1382
10-26 10:07:35.687   620   620 I Layer   : id=190075 Destroyed Surface(name=2fa8401 StatusBar)/@0xf000e26 - animation-leash of insets_animation#1
10-26 10:07:35.687   954  3937 W InputManager-JNI: Input channel object 'b5477ca com.example.dogglers/androidx.test.core.app.InstrumentationActivityInvoker$EmptyActivity (client)' was disposed without first being removed with the input manager!
10-26 10:07:35.687   954  3937 D InputTransport: Input channel destroyed: 'b5477ca', fd=1383
10-26 10:07:35.687   620   620 I Layer   : id=190061 Destroyed Dim Layer for - ActivityRecord{aa37fd9 u0 com.example.dogglers/.MainActivity t30232} - animating-dim#0
10-26 10:07:35.687   620   620 I Layer   : id=190073 Destroyed 3c26bd2 com.example.dogglers/androidx.test.core.app.InstrumentationActivityInvoker$EmptyActivity#0
10-26 10:07:35.688   620   620 I Layer   : id=190074 Destroyed com.example.dogglers/androidx.test.core.app.InstrumentationActivityInvoker$EmptyActivity$_18320#1
10-26 10:07:35.688   620   620 I Layer   : id=190063 Destroyed Surface(name=ActivityRecord{aa37fd9 u0 com.example.dogglers/.MainActivity t30232})/@0xe4cca4e - animation-bounds#0
10-26 10:07:35.688   620   620 I Layer   : id=190060 Destroyed Surface(name=ActivityRecord{aa37fd9 u0 com.example.dogglers/.MainActivity t30232})/@0xe4cca4e - animation-leash of app_transition#0
10-26 10:07:35.688   620   620 I Layer   : id=190065 Destroyed Surface(name=ActivityRecord{9d81db2 u0 com.example.dogglers/.VerticalListActivity t30232})/@0x8f2c10c - animation-bounds#0
10-26 10:07:35.688   620   620 I Layer   : id=190064 Destroyed Surface(name=ActivityRecord{9d81db2 u0 com.example.dogglers/.VerticalListActivity t30232})/@0x8f2c10c - animation-leash of app_transition#0
10-26 10:07:35.689   954  3937 D InputDispatcher: Focus entered window (0): 2e829 com.example.dogglers/com.example.dogglers.VerticalListActivity
10-26 10:07:35.689 18320 18320 D InputTransport: Input channel destroyed: 'b5477ca', fd=120
10-26 10:07:35.690 18320 18320 W IInputConnectionWrapper: getExtractedText on inactive InputConnection
10-26 10:07:35.690 18320 18320 E ViewRootImpl: sendUserActionEvent() mView returned.
10-26 10:07:35.690 18320 18320 I ViewRootImpl@8c23d6d[MainActivity]: handleAppVisibility mAppVisible=true visible=false
10-26 10:07:35.691   620   642 I SurfaceFlinger: id=190066 Removed Surface(name=2188bee InputMethod)/@0xe151908 - animation-leash of insets_animation#0 (184)
10-26 10:07:35.692 18320 18320 I ViewRootImpl@8c23d6d[MainActivity]: stopped(true) old=false
10-26 10:07:35.692 18320 18320 D LifecycleMonitor: Lifecycle status change: com.example.dogglers.MainActivity@aeb527e in: STOPPED
10-26 10:07:35.692 18320 18320 V ActivityScenario: Update currentActivityStage to STOPPED, currentActivity=com.example.dogglers.MainActivity@aeb527e
10-26 10:07:35.694 18320 18320 D LifecycleMonitor: Lifecycle status change: com.example.dogglers.MainActivity@aeb527e in: DESTROYED
10-26 10:07:35.694 18320 18320 V ActivityScenario: Update currentActivityStage to DESTROYED, currentActivity=null
10-26 10:07:35.695 18320 18355 D OpenGLRenderer: setSurface called with nullptr
10-26 10:07:35.695 18320 18355 D OpenGLRenderer: setSurface() destroyed EGLSurface
10-26 10:07:35.695 18320 18355 D OpenGLRenderer: destroyEglSurface
10-26 10:07:35.696 18320 18320 I ViewRootImpl@8c23d6d[MainActivity]: dispatchDetachedFromWindow
10-26 10:07:35.696   954  3937 D InputTransport: Input channel destroyed: 'e079077', fd=1361
10-26 10:07:35.696   954  3937 W InputManager-JNI: Input channel object 'e079077 com.example.dogglers/com.example.dogglers.MainActivity (client)' was disposed without first being removed with the input manager!
10-26 10:07:35.696   954  3937 D InputTransport: Input channel destroyed: 'e079077', fd=1367
10-26 10:07:35.698 18320 18320 D InputTransport: Input channel destroyed: 'e079077', fd=92
10-26 10:07:35.699 18320 18320 I ViewRootImpl@e77660a[VerticalListActivity]: MSG_WINDOW_FOCUS_CHANGED 1 1
10-26 10:07:35.700 18320 18320 D InputMethodManager: startInputInner - Id : 0
10-26 10:07:35.700 18320 18320 I InputMethodManager: startInputInner - mService.startInputOrWindowGainedFocus
10-26 10:07:35.700   954  3937 D InputMethodManagerService: DESKTOP MODE! : 2
10-26 10:07:35.700   954  3937 D InputMethodManagerService: NOT IN KNOX DESKTOP MODE!
10-26 10:07:35.700   954  3937 V InputMethodManagerService: getDisplayIdOfInputMethodWindowToBeAdded : 0
10-26 10:07:35.701   954  3937 D InputMethodManagerService: checkDisplayOfStartInputAndUpdateKeyboard display Id 0last 0
10-26 10:07:35.701   954  3937 D InputTransport: Input channel constructed: 'ClientS', fd=1361
10-26 10:07:35.701   954  3937 D InputTransport: Input channel destroyed: 'ClientS', fd=1361
10-26 10:07:35.701   620   620 I Layer   : id=190072 removeFromCurrentState ActivityRecord{7165e9 u0 com.example.dogglers/androidx.test.core.app.InstrumentationActivityInvoker$EmptyActivity t30232}#0 (184)
10-26 10:07:35.701   620   620 I Layer   : id=190069 removeFromCurrentState com.example.dogglers/androidx.test.core.app.InstrumentationActivityInvoker$EmptyActivity$_18320#0 (184)
10-26 10:07:35.701   620   620 I Layer   : id=190068 removeFromCurrentState b5477ca com.example.dogglers/androidx.test.core.app.InstrumentationActivityInvoker$EmptyActivity#0 (184)
10-26 10:07:35.701   620   620 I Layer   : id=190045 removeFromCurrentState com.example.dogglers/com.example.dogglers.MainActivity$_18320#0 (184)
10-26 10:07:35.702   620   620 I Layer   : id=190067 removeFromCurrentState ActivityRecord{ff83fd4 u0 com.example.dogglers/androidx.test.core.app.InstrumentationActivityInvoker$EmptyActivity t30232}#0 (184)
10-26 10:07:35.702   620   620 I Layer   : id=190044 removeFromCurrentState e079077 com.example.dogglers/com.example.dogglers.MainActivity#0 (184)
10-26 10:07:35.702   620   620 I SurfaceFlinger: id=190067 Removed ActivityRecord{ff83fd4 u0 com.example.dogglers/androidx.test.core.app.InstrumentationActivityInvoker$EmptyActivity t30232}#0 (184)
10-26 10:07:35.702   620   620 I SurfaceFlinger: id=190044 Removed e079077 com.example.dogglers/com.example.dogglers.MainActivity#0 (184)
10-26 10:07:35.702   620   620 I SurfaceFlinger: id=190045 Removed com.example.dogglers/com.example.dogglers.MainActivity$_18320#0 (184)
10-26 10:07:35.702   620   620 I SurfaceFlinger: id=190068 Removed b5477ca com.example.dogglers/androidx.test.core.app.InstrumentationActivityInvoker$EmptyActivity#0 (184)
10-26 10:07:35.702   620   620 I SurfaceFlinger: id=190069 Removed com.example.dogglers/androidx.test.core.app.InstrumentationActivityInvoker$EmptyActivity$_18320#0 (184)
10-26 10:07:35.702   620   620 I SurfaceFlinger: id=190072 Removed ActivityRecord{7165e9 u0 com.example.dogglers/androidx.test.core.app.InstrumentationActivityInvoker$EmptyActivity t30232}#0 (184)
10-26 10:07:35.702   620   620 I Layer   : id=190066 Destroyed Surface(name=2188bee InputMethod)/@0xe151908 - animation-leash of insets_animation#0
10-26 10:07:35.702   620   620 I Layer   : id=190044 Destroyed e079077 com.example.dogglers/com.example.dogglers.MainActivity#0
10-26 10:07:35.702   620   620 I Layer   : id=190045 Destroyed com.example.dogglers/com.example.dogglers.MainActivity$_18320#0
10-26 10:07:35.702   620   620 I Layer   : id=190067 Destroyed ActivityRecord{ff83fd4 u0 com.example.dogglers/androidx.test.core.app.InstrumentationActivityInvoker$EmptyActivity t30232}#0
10-26 10:07:35.702   620   620 I Layer   : id=190068 Destroyed b5477ca com.example.dogglers/androidx.test.core.app.InstrumentationActivityInvoker$EmptyActivity#0
10-26 10:07:35.702   620   620 I Layer   : id=190069 Destroyed com.example.dogglers/androidx.test.core.app.InstrumentationActivityInvoker$EmptyActivity$_18320#0
10-26 10:07:35.702   620   620 I Layer   : id=190072 Destroyed ActivityRecord{7165e9 u0 com.example.dogglers/androidx.test.core.app.InstrumentationActivityInvoker$EmptyActivity t30232}#0
10-26 10:07:35.704 18320 18346 I TestRunner: finished: clicking_vertical_list_button_displays_vertical_list(com.example.dogglers.ButtonTests)
