10-26 10:07:34.320   954  3912 D InputDispatcher: Focused application set to (0): 91b5c62
10-26 10:07:34.320   620  3677 I SurfaceFlinger: id=190020 createSurf (0x0),-1 flag=24000, Surface(name=2fa8401 StatusBar)/@0xf000e26 - animation-leash of insets_animation#1
10-26 10:07:34.321   620  3677 I SurfaceFlinger: id=190021 createSurf (0x0),-1 flag=24000, Surface(name=be23078 NavigationBar0)/@0x50010bd - animation-leash of insets_animation#1
10-26 10:07:34.326 18320 18320 I ViewRootImpl@29dc23e[MainActivity]: handleAppVisibility mAppVisible=true visible=false
10-26 10:07:34.327 18320 18320 I ViewRootImpl@b7f0f26[GridListActivity]: handleAppVisibility mAppVisible=true visible=false
10-26 10:07:34.327 18320 18320 I ViewRootImpl@5d79f7[InstrumentationActivityInvoker$EmptyActivity]: MSG_WINDOW_FOCUS_CHANGED 1 1
10-26 10:07:34.327 18320 18419 I ViewRootImpl@b7f0f26[GridListActivity]: Resizing android.view.ViewRootImpl@c47c782: frame=[0,0][1080,2280] reportDraw=true forceLayout=false backDropFrame=Rect(0, 0 - 1080, 2280)
10-26 10:07:34.328   954  1015 I SemPersonaManager: SecureFolder personaId = 150
10-26 10:07:34.328 18320 18320 D InputMethodManager: startInputInner - Id : 0
10-26 10:07:34.328 18320 18320 I InputMethodManager: startInputInner - mService.startInputOrWindowGainedFocus
10-26 10:07:34.329   620   620 I Layer   : id=190003 removeFromCurrentState Surface(name=ActivityRecord{9760850 u0 com.example.dogglers/.MainActivity t30231})/@0xcb127b9 - animation-leash of app_transition#0 (193)
10-26 10:07:34.329   620   620 I Layer   : id=190004 removeFromCurrentState Dim Layer for - ActivityRecord{9760850 u0 com.example.dogglers/.MainActivity t30231} - animating-dim#0 (193)
10-26 10:07:34.329   620   620 I Layer   : id=190006 removeFromCurrentState Surface(name=ActivityRecord{9760850 u0 com.example.dogglers/.MainActivity t30231})/@0xcb127b9 - animation-bounds#0 (193)
10-26 10:07:34.329   620   620 I Layer   : id=190007 removeFromCurrentState Surface(name=ActivityRecord{91b5c62 u0 com.example.dogglers/.GridListActivity t30231})/@0x1d15f41 - animation-leash of app_transition#0 (193)
10-26 10:07:34.329   620   620 I Layer   : id=190008 removeFromCurrentState Surface(name=ActivityRecord{91b5c62 u0 com.example.dogglers/.GridListActivity t30231})/@0x1d15f41 - animation-bounds#0 (193)
10-26 10:07:34.329   620   620 I Layer   : id=190018 removeFromCurrentState Surface(name=2fa8401 StatusBar)/@0xf000e26 - animation-leash of insets_animation#0 (193)
10-26 10:07:34.329   620   620 I Layer   : id=190019 removeFromCurrentState Surface(name=be23078 NavigationBar0)/@0x50010bd - animation-leash of insets_animation#0 (193)
10-26 10:07:34.330   620   620 I SurfaceFlinger: id=190004 Removed Dim Layer for - ActivityRecord{9760850 u0 com.example.dogglers/.MainActivity t30231} - animating-dim#0 (193)
10-26 10:07:34.330   620   620 I SurfaceFlinger: id=190006 Removed Surface(name=ActivityRecord{9760850 u0 com.example.dogglers/.MainActivity t30231})/@0xcb127b9 - animation-bounds#0 (193)
10-26 10:07:34.330   620   620 I SurfaceFlinger: id=190008 Removed Surface(name=ActivityRecord{91b5c62 u0 com.example.dogglers/.GridListActivity t30231})/@0x1d15f41 - animation-bounds#0 (193)
10-26 10:07:34.330   620   620 I SurfaceFlinger: id=190007 Removed Surface(name=ActivityRecord{91b5c62 u0 com.example.dogglers/.GridListActivity t30231})/@0x1d15f41 - animation-leash of app_transition#0 (193)
10-26 10:07:34.330   620   620 I SurfaceFlinger: id=190003 Removed Surface(name=ActivityRecord{9760850 u0 com.example.dogglers/.MainActivity t30231})/@0xcb127b9 - animation-leash of app_transition#0 (193)
10-26 10:07:34.330   620   620 I Layer   : id=190004 Destroyed Dim Layer for - ActivityRecord{9760850 u0 com.example.dogglers/.MainActivity t30231} - animating-dim#0
10-26 10:07:34.330   620   620 I Layer   : id=190006 Destroyed Surface(name=ActivityRecord{9760850 u0 com.example.dogglers/.MainActivity t30231})/@0xcb127b9 - animation-bounds#0
10-26 10:07:34.330   620   620 I Layer   : id=190003 Destroyed Surface(name=ActivityRecord{9760850 u0 com.example.dogglers/.MainActivity t30231})/@0xcb127b9 - animation-leash of app_transition#0
10-26 10:07:34.330   620   620 I Layer   : id=190008 Destroyed Surface(name=ActivityRecord{91b5c62 u0 com.example.dogglers/.GridListActivity t30231})/@0x1d15f41 - animation-bounds#0
10-26 10:07:34.330   620   620 I Layer   : id=190007 Destroyed Surface(name=ActivityRecord{91b5c62 u0 com.example.dogglers/.GridListActivity t30231})/@0x1d15f41 - animation-leash of app_transition#0
10-26 10:07:34.331   954  3937 D InputDispatcher: Focus left window (0): 4b8f282 com.example.dogglers/androidx.test.core.app.InstrumentationActivityInvoker$EmptyActivity
10-26 10:07:34.332   954  3912 D InputMethodManagerService: DESKTOP MODE! : 2
10-26 10:07:34.332   954  3912 D InputMethodManagerService: NOT IN KNOX DESKTOP MODE!
10-26 10:07:34.332   954  3912 V InputMethodManagerService: getDisplayIdOfInputMethodWindowToBeAdded : 0
10-26 10:07:34.332   954  3912 D InputMethodManagerService: checkDisplayOfStartInputAndUpdateKeyboard display Id 0last 0
10-26 10:07:34.332   954  3912 D InputTransport: Input channel constructed: 'ClientS', fd=1358
10-26 10:07:34.332   954  3912 D InputTransport: Input channel destroyed: 'ClientS', fd=1358
10-26 10:07:34.333 19204 19204 D InputMethodService: checkDisplayOfStartInputAndUpdateKeyboard display Id 0last 0
10-26 10:07:34.333 18320 18320 I ViewRootImpl@b7f0f26[GridListActivity]: handleAppVisibility mAppVisible=false visible=true
10-26 10:07:34.333   620  3677 I SurfaceFlinger: id=190022 createSurf (0x0),-1 flag=24004, Surface(name=2188bee InputMethod)/@0xe151908 - animation-leash of insets_animation#1
10-26 10:07:34.333 18320 18320 I ViewRootImpl@b7f0f26[GridListActivity]: stopped(false) old=false
10-26 10:07:34.333   954  1015 D EnterpriseDeviceManagerService: isMdmAdminPresentInternal() : MDM Admin Found - com.samsung.knox.securefolder
10-26 10:07:34.333 18320 18320 D LifecycleMonitor: Lifecycle status change: com.example.dogglers.GridListActivity@82ab420 in: RESUMED
10-26 10:07:34.334 18320 18320 V ActivityScenario: Activity lifecycle changed event received but ignored because the intent does not match. startActivityIntent=Intent { act=android.intent.action.MAIN cat=[android.intent.category.LAUNCHER] cmp=com.example.dogglers/.MainActivity }, activity.getIntent()=Intent { cmp=com.example.dogglers/.GridListActivity }, activity=com.example.dogglers.GridListActivity@82ab420
10-26 10:07:34.334   620   620 D SurfaceFlinger: Display 0 HWC layers:
10-26 10:07:34.334   620   620 D SurfaceFlinger:      DEVICE | 0x7843db8370 | 0102 | RGBA_8888    |    0.0    0.0 1080.0 2280.0 |    0    0 1080 2280 | com.example.dogglers/androidx.test.c[...]tivityInvoker$EmptyActivity$_18320#1
10-26 10:07:34.334   620   620 D SurfaceFlinger:      DEVICE | 0x7843dbb970 | 0100 | RGBA_8888    |    0.0    0.0 1080.0  112.0 |    0    0 1080  112 | StatusBar$_1348#0
10-26 10:07:34.334   620   620 D SurfaceFlinger:      DEVICE | 0x7843daab70 | 0100 | RGBA_8888    |    0.0    0.0   67.0  416.0 |    0  814   67 1230 | com.samsung.android.app.cocktailbars[...]arservice.CocktailBarService$_8198#0
10-26 10:07:34.334   620   620 D SurfaceFlinger:      DEVICE | 0x7843da5dd0 | 0100 | RGBA_8888    |    0.0    0.0 1080.0  126.0 |    0 2154 1080 2280 | NavigationBar0$_1348#0
10-26 10:07:34.334   620   620 D SurfaceFlinger:
10-26 10:07:34.335   620  2717 I SurfaceFlinger: id=190019 Removed Surface(name=be23078 NavigationBar0)/@0x50010bd - animation-leash of insets_animation#0 (189)
10-26 10:07:34.335   620  2717 I SurfaceFlinger: id=190018 Removed Surface(name=2fa8401 StatusBar)/@0xf000e26 - animation-leash of insets_animation#0 (189)
10-26 10:07:34.336 18320 18320 D InsetsSourceConsumer: ensureControlAlpha: for ITYPE_NAVIGATION_BAR on com.example.dogglers/com.example.dogglers.GridListActivity
10-26 10:07:34.336   954  1054 D AnalyticsContainerHandler: handleMessage : { when=0 what=1 target=com.android.server.knox.KnoxAnalyticsContainer$AnalyticsHandler }
10-26 10:07:34.336 18320 18320 D InsetsSourceConsumer: ensureControlAlpha: for ITYPE_STATUS_BAR on com.example.dogglers/com.example.dogglers.GridListActivity
10-26 10:07:34.338  8198  8198 I Utils   : HomePackage : com.sec.android.app.launcher, resumePackageName : com.example.dogglers
10-26 10:07:34.338 18320 18355 D OpenGLRenderer: setSurface called with nullptr
10-26 10:07:34.338 18320 18355 D OpenGLRenderer: setSurface() destroyed EGLSurface
10-26 10:07:34.338 18320 18355 D OpenGLRenderer: destroyEglSurface
10-26 10:07:34.340   954  3912 V WindowManager: Relayout Window{d24a26 u0 com.example.dogglers/com.example.dogglers.MainActivity}: viewVisibility=8 req=1080x2280 d0
10-26 10:07:34.341   954  3912 V WindowManager: Relayout hash=d24a26, pid=18320: mAttrs={(0,0)(fillxfill) sim={adjust=pan forwardNavigation} ty=BASE_APPLICATION wanim=0x1030303
10-26 10:07:34.341   954  3912 V WindowManager:   fl=81810100
10-26 10:07:34.341   954  3912 V WindowManager:   pfl=12020040
10-26 10:07:34.341   954  3912 V WindowManager:   apr=LIGHT_NAVIGATION_BARS
10-26 10:07:34.341   954  3912 V WindowManager:   bhv=DEFAULT
10-26 10:07:34.341   954  3912 V WindowManager:   fitSides= naviIconColor=0
10-26 10:07:34.341   954  3912 V WindowManager:   sfl=100000}
10-26 10:07:34.342 18320 18320 I ViewRootImpl@29dc23e[MainActivity]: Relayout returned: old=(0,0,1080,2280) new=(0,0,1080,2280) req=(1080,2280)8 dur=3 res=0x5 s={false 0} ch=true fn=25
10-26 10:07:34.343   954  3912 V WindowManager: Relayout Window{fd31d9d u0 com.example.dogglers/com.example.dogglers.GridListActivity}: viewVisibility=0 req=1080x2280 d0
10-26 10:07:34.344   954  3912 V WindowManager: Relayout hash=fd31d9d, pid=18320: mAttrs={(0,0)(fillxfill) sim={adjust=resize forwardNavigation} ty=BASE_APPLICATION wanim=0x1030303
10-26 10:07:34.344   954  3912 V WindowManager:   fl=81810100
10-26 10:07:34.344   954  3912 V WindowManager:   pfl=12020040
10-26 10:07:34.344   954  3912 V WindowManager:   apr=LIGHT_NAVIGATION_BARS
10-26 10:07:34.344   954  3912 V WindowManager:   bhv=DEFAULT
10-26 10:07:34.344   954  3912 V WindowManager:   fitSides= naviIconColor=0
10-26 10:07:34.344   954  3912 V WindowManager:   sfl=100000}
10-26 10:07:34.345 18320 18320 I ViewRootImpl@b7f0f26[GridListActivity]: Relayout returned: old=(0,0,1080,2280) new=(0,0,1080,2280) req=(1080,2280)0 dur=2 res=0x3 s={true 515080140464} ch=false fn=5
10-26 10:07:34.346   620   620 I Layer   : id=190009 removeFromCurrentState Surface(name=2188bee InputMethod)/@0xe151908 - animation-leash of insets_animation#0 (189)
10-26 10:07:34.346 18320 18320 I ViewRootImpl@b7f0f26[GridListActivity]: [DP] dp(1) 1 android.view.ViewRootImpl.reportNextDraw:11420 android.view.ViewRootImpl.performTraversals:4193 android.view.ViewRootImpl.doTraversal:2919
10-26 10:07:34.346   620   620 I SurfaceFlinger: id=190009 Removed Surface(name=2188bee InputMethod)/@0xe151908 - animation-leash of insets_animation#0 (189)
10-26 10:07:34.346   620   620 I Layer   : id=190019 Destroyed Surface(name=be23078 NavigationBar0)/@0x50010bd - animation-leash of insets_animation#0
10-26 10:07:34.346   620   620 I Layer   : id=190018 Destroyed Surface(name=2fa8401 StatusBar)/@0xf000e26 - animation-leash of insets_animation#0
10-26 10:07:34.346   620   620 I Layer   : id=190009 Destroyed Surface(name=2188bee InputMethod)/@0xe151908 - animation-leash of insets_animation#0
10-26 10:07:34.347   954  3912 D InputDispatcher: Focus request (0): fd31d9d com.example.dogglers/com.example.dogglers.GridListActivity but waiting because NOT_VISIBLE
10-26 10:07:34.348 18320 18320 I ViewRootImpl@b7f0f26[GridListActivity]: [DP] pdf(0) 1 android.view.ViewRootImpl.lambda$addFrameCompleteCallbackIfNeeded$3$ViewRootImpl:4995 android.view.ViewRootImpl$$ExternalSyntheticLambda16.run:6 android.os.Handler.handleCallback:938
10-26 10:07:34.348 18320 18320 I ViewRootImpl@b7f0f26[GridListActivity]: [DP] rdf()
10-26 10:07:34.348 18320 18320 D ViewRootImpl@b7f0f26[GridListActivity]: reportDrawFinished (fn: 5)
10-26 10:07:34.349 18320 18320 I ViewRootImpl@b7f0f26[GridListActivity]: handleResized, msg = 5 frames=ClientWindowFrames{frame=[0,0][1080,2280] display=[0,0][1080,2280] backdrop=[0,0][1080,2280]} forceNextWindowRelayout=false displayId=0 frameChanged=false backdropFrameChanged=false configChanged=false displayChanged=false mNextDrawUseBlastSync=false mergedConfiguration={mGlobalConfig={1.1 220mcc1mnc [en_US,sr_RS] ldltr sw411dp w411dp h777dp 420dpi nrml long port finger -keyb/v/h -nav/h winConfig={ mBounds=Rect(0, 0 - 1080, 2280) mAppBounds=Rect(0, 112 - 1080, 2154) mMaxBounds=Rect(0, 0 - 1080, 2280) mWindowingMode=fullscreen mDisplayWindowingMode=fullscreen mActivityType=undefined mAlwaysOnTop=undefined mRotation=ROTATION_0 mPopOver=off mFreeformTaskPinningState=unpinned} s.10102 fontWeightAdjustment=0 ff=0 bf=0 bts=0 desktop/d dm/n dc/d ?dcui ?dcaf enb/d themeSeq=0} mOverrideConfig={1.1 220mcc1mnc [en_US,sr_RS] ldltr sw411dp w411dp h777dp 420dpi nrml long port finger -keyb/v/h -nav/h winConfig={ mBounds=Rect(0, 0 - 1080, 2280) mAppBounds=Rect(0, 112 - 1080, 2154) mMaxBounds=Rect(0, 0 - 1080, 2280) mWindowingMode=fullscreen mDisplayWindowingMode=fullscreen mActivityType=standard mAlwaysOnTop=undefined mRotation=ROTATION_0 mPopOver=off mFreeformTaskPinningState=unpinned} s.1 fontWeightAdjustment=0 ff=0 bf=0 bts=0 desktop/d dm/n dc/d ?dcui ?dcaf enb/d themeSeq=0}}
10-26 10:07:34.349 18320 18320 I ViewRootImpl@b7f0f26[GridListActivity]: [DP] dp(1) 1 android.view.ViewRootImpl.reportNextDraw:11420 android.view.ViewRootImpl.handleResized:2230 android.view.ViewRootImpl.access$1200:302
10-26 10:07:34.349 18320 18320 I ViewRootImpl@2de49ff[InstrumentationActivityInvoker$EmptyActivity]: stopped(true) old=false
10-26 10:07:34.350 18320 18320 D LifecycleMonitor: Lifecycle status change: androidx.test.core.app.InstrumentationActivityInvoker$EmptyActivity@c530da0 in: STOPPED
10-26 10:07:34.350 18320 18320 V ActivityScenario: Activity lifecycle changed event received but ignored because the intent does not match. startActivityIntent=Intent { act=android.intent.action.MAIN cat=[android.intent.category.LAUNCHER] cmp=com.example.dogglers/.MainActivity }, activity.getIntent()=Intent { act=android.intent.action.MAIN cat=[android.intent.category.LAUNCHER] flg=0x10000000 cmp=com.example.dogglers/androidx.test.core.app.InstrumentationActivityInvoker$EmptyActivity }, activity=androidx.test.core.app.InstrumentationActivityInvoker$EmptyActivity@c530da0
10-26 10:07:34.351 18320 18320 D LifecycleMonitor: Lifecycle status change: androidx.test.core.app.InstrumentationActivityInvoker$EmptyActivity@c530da0 in: DESTROYED
10-26 10:07:34.351 18320 18320 V ActivityScenario: Activity lifecycle changed event received but ignored because the intent does not match. startActivityIntent=Intent { act=android.intent.action.MAIN cat=[android.intent.category.LAUNCHER] cmp=com.example.dogglers/.MainActivity }, activity.getIntent()=Intent { act=android.intent.action.MAIN cat=[android.intent.category.LAUNCHER] flg=0x10000000 cmp=com.example.dogglers/androidx.test.core.app.InstrumentationActivityInvoker$EmptyActivity }, activity=androidx.test.core.app.InstrumentationActivityInvoker$EmptyActivity@c530da0
10-26 10:07:34.352   566   611 I HYPER-HAL: [RequestManager.cpp]releaseLocked(): Released ID : 487611
10-26 10:07:34.352 18320 18355 D OpenGLRenderer: setSurface called with nullptr
10-26 10:07:34.352 18320 18320 I ViewRootImpl@2de49ff[InstrumentationActivityInvoker$EmptyActivity]: dispatchDetachedFromWindow
10-26 10:07:34.352   954  3912 D InputTransport: Input channel destroyed: 'dc59888', fd=1315
10-26 10:07:34.353   954  3912 W InputManager-JNI: Input channel object 'dc59888 com.example.dogglers/androidx.test.core.app.InstrumentationActivityInvoker$EmptyActivity (client)' was disposed without first being removed with the input manager!
10-26 10:07:34.353   954  3912 D InputTransport: Input channel destroyed: 'dc59888', fd=1322
10-26 10:07:34.354  1341  1497 D BtGatt.GattService: onScanResult to scannerId: 4- eventType=0x1b, addressType=1, address=CD036A_7, primaryPhy=1, secondaryPhy=0, advertisingSid=0xff, txPower=127, rssi=-69, periodicAdvInt=0x0
10-26 10:07:34.355 28904 29311 I NearbyDiscovery: FastPairCache: Not triggering, because RSSI -66 is below the threshold of -58 [CONTEXT service_id=265 ]
10-26 10:07:34.356 18320 18320 D InputTransport: Input channel destroyed: 'dc59888', fd=129
10-26 10:07:34.358 18320 18320 I ViewRootImpl@29dc23e[MainActivity]: stopped(true) old=false
10-26 10:07:34.359 18320 18320 D LifecycleMonitor: Lifecycle status change: com.example.dogglers.MainActivity@5c12e0b in: STOPPED
10-26 10:07:34.359 18320 18320 V ActivityScenario: Update currentActivityStage to STOPPED, currentActivity=com.example.dogglers.MainActivity@5c12e0b
10-26 10:07:34.360 18320 18320 D LifecycleMonitor: Lifecycle status change: com.example.dogglers.MainActivity@5c12e0b in: DESTROYED
10-26 10:07:34.360 18320 18320 V ActivityScenario: Update currentActivityStage to DESTROYED, currentActivity=null
10-26 10:07:34.361 18320 18355 D OpenGLRenderer: setSurface called with nullptr
10-26 10:07:34.361 18320 18320 I ViewRootImpl@29dc23e[MainActivity]: dispatchDetachedFromWindow
10-26 10:07:34.362   954  3937 D InputTransport: Input channel destroyed: 'd24a26 ', fd=1282
10-26 10:07:34.362   954  3937 W InputManager-JNI: Input channel object 'd24a26 com.example.dogglers/com.example.dogglers.MainActivity (client)' was disposed without first being removed with the input manager!
10-26 10:07:34.362   954  3937 D InputTransport: Input channel destroyed: 'd24a26 ', fd=1283
10-26 10:07:34.362   620   620 I Layer   : id=190012 removeFromCurrentState com.example.dogglers/androidx.test.core.app.InstrumentationActivityInvoker$EmptyActivity$_18320#0 (186)
10-26 10:07:34.362   620   620 I Layer   : id=190011 removeFromCurrentState dc59888 com.example.dogglers/androidx.test.core.app.InstrumentationActivityInvoker$EmptyActivity#0 (186)
10-26 10:07:34.362   620   620 I SurfaceFlinger: id=190011 Removed dc59888 com.example.dogglers/androidx.test.core.app.InstrumentationActivityInvoker$EmptyActivity#0 (186)
10-26 10:07:34.362   620   620 I SurfaceFlinger: id=190012 Removed com.example.dogglers/androidx.test.core.app.InstrumentationActivityInvoker$EmptyActivity$_18320#0 (186)
10-26 10:07:34.363   620   620 I Layer   : id=190011 Destroyed dc59888 com.example.dogglers/androidx.test.core.app.InstrumentationActivityInvoker$EmptyActivity#0
10-26 10:07:34.363   620   620 I Layer   : id=190012 Destroyed com.example.dogglers/androidx.test.core.app.InstrumentationActivityInvoker$EmptyActivity$_18320#0
10-26 10:07:34.363   954  3912 D InputDispatcher: Focus entered window (0): fd31d9d com.example.dogglers/com.example.dogglers.GridListActivity
10-26 10:07:34.364 18320 18320 D InputTransport: Input channel destroyed: 'd24a26 ', fd=89
10-26 10:07:34.364 18320 18320 I ViewRootImpl@5d79f7[InstrumentationActivityInvoker$EmptyActivity]: MSG_WINDOW_FOCUS_CHANGED 0 1
10-26 10:07:34.365   620   620 D SurfaceFlinger: Display 0 HWC layers:
10-26 10:07:34.365   620   620 D SurfaceFlinger:      DEVICE | 0x7843da67f0 | 0102 | RGBA_8888    |    0.0    0.0 1080.0 2280.0 |    0    0 1080 2280 | com.example.dogglers/com.example.dogglers.GridListActivity$_18320#0
10-26 10:07:34.365   620   620 D SurfaceFlinger:      DEVICE | 0x7843dbb970 | 0100 | RGBA_8888    |    0.0    0.0 1080.0  112.0 |    0    0 1080  112 | StatusBar$_1348#0
10-26 10:07:34.365   620   620 D SurfaceFlinger:      DEVICE | 0x7843daab70 | 0100 | RGBA_8888    |    0.0    0.0   67.0  416.0 |    0  814   67 1230 | com.samsung.android.app.cocktailbars[...]arservice.CocktailBarService$_8198#0
10-26 10:07:34.365   620   620 D SurfaceFlinger:      DEVICE | 0x7843da5dd0 | 0100 | RGBA_8888    |    0.0    0.0 1080.0  126.0 |    0 2154 1080 2280 | NavigationBar0$_1348#0
10-26 10:07:34.365   620   620 D SurfaceFlinger:
10-26 10:07:34.366   954  3912 D InputMethodManagerServicePhysicalKey: isConnectedDexOnPC false
10-26 10:07:34.367 18320 18320 I ViewRootImpl@b7f0f26[GridListActivity]: [DP] pdf(0) 1 android.view.ViewRootImpl.lambda$addFrameCompleteCallbackIfNeeded$3$ViewRootImpl:4995 android.view.ViewRootImpl$$ExternalSyntheticLambda16.run:6 android.os.Handler.handleCallback:938
10-26 10:07:34.367 18320 18320 I ViewRootImpl@b7f0f26[GridListActivity]: [DP] rdf()
10-26 10:07:34.367 18320 18320 D ViewRootImpl@b7f0f26[GridListActivity]: reportDrawFinished (fn: 5)
10-26 10:07:34.367 18320 18320 I ViewRootImpl@5d79f7[InstrumentationActivityInvoker$EmptyActivity]: handleAppVisibility mAppVisible=true visible=false
10-26 10:07:34.367   954  3912 D InputMethodManagerService: isImeSwitcherDisabledPackage : false
10-26 10:07:34.368 18320 18320 I ViewRootImpl@5d79f7[InstrumentationActivityInvoker$EmptyActivity]: stopped(true) old=false
10-26 10:07:34.369 18320 18320 D LifecycleMonitor: Lifecycle status change: androidx.test.core.app.InstrumentationActivityInvoker$EmptyActivity@fd0f0b8 in: STOPPED
10-26 10:07:34.369 18320 18320 V ActivityScenario: Activity lifecycle changed event received but ignored because the intent does not match. startActivityIntent=Intent { act=android.intent.action.MAIN cat=[android.intent.category.LAUNCHER] cmp=com.example.dogglers/.MainActivity }, activity.getIntent()=Intent { act=android.intent.action.MAIN cat=[android.intent.category.LAUNCHER] flg=0x10000000 cmp=com.example.dogglers/androidx.test.core.app.InstrumentationActivityInvoker$EmptyActivity }, activity=androidx.test.core.app.InstrumentationActivityInvoker$EmptyActivity@fd0f0b8
10-26 10:07:34.370 18320 18320 D LifecycleMonitor: Lifecycle status change: androidx.test.core.app.InstrumentationActivityInvoker$EmptyActivity@fd0f0b8 in: DESTROYED
10-26 10:07:34.370 18320 18320 V ActivityScenario: Activity lifecycle changed event received but ignored because the intent does not match. startActivityIntent=Intent { act=android.intent.action.MAIN cat=[android.intent.category.LAUNCHER] cmp=com.example.dogglers/.MainActivity }, activity.getIntent()=Intent { act=android.intent.action.MAIN cat=[android.intent.category.LAUNCHER] flg=0x10000000 cmp=com.example.dogglers/androidx.test.core.app.InstrumentationActivityInvoker$EmptyActivity }, activity=androidx.test.core.app.InstrumentationActivityInvoker$EmptyActivity@fd0f0b8
10-26 10:07:34.370 18320 18355 D OpenGLRenderer: setSurface called with nullptr
10-26 10:07:34.371 18320 18355 D OpenGLRenderer: setSurface() destroyed EGLSurface
10-26 10:07:34.371 18320 18355 D OpenGLRenderer: destroyEglSurface
10-26 10:07:34.371 18320 18320 I ViewRootImpl@5d79f7[InstrumentationActivityInvoker$EmptyActivity]: dispatchDetachedFromWindow
10-26 10:07:34.372   954  3919 D InputTransport: Input channel destroyed: '4b8f282', fd=1342
10-26 10:07:34.372   954  3919 W InputManager-JNI: Input channel object '4b8f282 com.example.dogglers/androidx.test.core.app.InstrumentationActivityInvoker$EmptyActivity (client)' was disposed without first being removed with the input manager!
10-26 10:07:34.372   954  3919 D InputTransport: Input channel destroyed: '4b8f282', fd=1347
10-26 10:07:34.372   620  2717 I SurfaceFlinger: id=190023 createSurf (0x0),-1 flag=24004, Surface(name=2188bee InputMethod)/@0xe151908 - animation-leash of insets_animation#0
10-26 10:07:34.376 18320 18320 D InputTransport: Input channel destroyed: '4b8f282', fd=163
10-26 10:07:34.376 18320 18320 I ViewRootImpl@b7f0f26[GridListActivity]: MSG_WINDOW_FOCUS_CHANGED 1 1
10-26 10:07:34.377 18320 18320 D InputMethodManager: startInputInner - Id : 0
10-26 10:07:34.377 18320 18320 I InputMethodManager: startInputInner - mService.startInputOrWindowGainedFocus
10-26 10:07:34.379   954  3937 D InputMethodManagerService: DESKTOP MODE! : 2
10-26 10:07:34.379   620   620 I Layer   : id=189988 removeFromCurrentState com.example.dogglers/com.example.dogglers.MainActivity$_18320#0 (185)
10-26 10:07:34.379   954  3937 D InputMethodManagerService: NOT IN KNOX DESKTOP MODE!
10-26 10:07:34.379   954  3937 V InputMethodManagerService: getDisplayIdOfInputMethodWindowToBeAdded : 0
10-26 10:07:34.379   620   620 I Layer   : id=190010 removeFromCurrentState ActivityRecord{95230ed u0 com.example.dogglers/androidx.test.core.app.InstrumentationActivityInvoker$EmptyActivity t30231}#0 (185)
10-26 10:07:34.379   620   620 I Layer   : id=189987 removeFromCurrentState d24a26 com.example.dogglers/com.example.dogglers.MainActivity#0 (185)
10-26 10:07:34.379   620   620 I Layer   : id=190017 removeFromCurrentState com.example.dogglers/androidx.test.core.app.InstrumentationActivityInvoker$EmptyActivity$_18320#1 (185)
10-26 10:07:34.379   620   620 I Layer   : id=189986 removeFromCurrentState ActivityRecord{9760850 u0 com.example.dogglers/.MainActivity t30231}#0 (185)
10-26 10:07:34.379   620   620 I Layer   : id=190016 removeFromCurrentState 4b8f282 com.example.dogglers/androidx.test.core.app.InstrumentationActivityInvoker$EmptyActivity#0 (185)
10-26 10:07:34.379   620   620 I Layer   : id=190022 removeFromCurrentState Surface(name=2188bee InputMethod)/@0xe151908 - animation-leash of insets_animation#1 (185)
10-26 10:07:34.379   620   620 I SurfaceFlinger: id=189986 Removed ActivityRecord{9760850 u0 com.example.dogglers/.MainActivity t30231}#0 (185)
10-26 10:07:34.379   620   620 I SurfaceFlinger: id=190016 Removed 4b8f282 com.example.dogglers/androidx.test.core.app.InstrumentationActivityInvoker$EmptyActivity#0 (185)
10-26 10:07:34.379   620   620 I SurfaceFlinger: id=190022 Removed Surface(name=2188bee InputMethod)/@0xe151908 - animation-leash of insets_animation#1 (185)
10-26 10:07:34.379   620   620 I SurfaceFlinger: id=190017 Removed com.example.dogglers/androidx.test.core.app.InstrumentationActivityInvoker$EmptyActivity$_18320#1 (185)
10-26 10:07:34.379   620   620 I SurfaceFlinger: id=190010 Removed ActivityRecord{95230ed u0 com.example.dogglers/androidx.test.core.app.InstrumentationActivityInvoker$EmptyActivity t30231}#0 (185)
10-26 10:07:34.379   620   620 I SurfaceFlinger: id=189987 Removed d24a26 com.example.dogglers/com.example.dogglers.MainActivity#0 (185)
10-26 10:07:34.379   620   620 I SurfaceFlinger: id=189988 Removed com.example.dogglers/com.example.dogglers.MainActivity$_18320#0 (185)
10-26 10:07:34.380   954  3937 D InputMethodManagerService: checkDisplayOfStartInputAndUpdateKeyboard display Id 0last 0
10-26 10:07:34.380   620   620 I Layer   : id=190016 Destroyed 4b8f282 com.example.dogglers/androidx.test.core.app.InstrumentationActivityInvoker$EmptyActivity#0
10-26 10:07:34.380   954  3937 D InputTransport: Input channel constructed: 'ClientS', fd=1282
10-26 10:07:34.380   620   620 I Layer   : id=190017 Destroyed com.example.dogglers/androidx.test.core.app.InstrumentationActivityInvoker$EmptyActivity$_18320#1
10-26 10:07:34.380   954  3937 D InputTransport: Input channel destroyed: 'ClientS', fd=1282
10-26 10:07:34.380   620   620 I Layer   : id=189986 Destroyed ActivityRecord{9760850 u0 com.example.dogglers/.MainActivity t30231}#0
10-26 10:07:34.380   620   620 I Layer   : id=189987 Destroyed d24a26 com.example.dogglers/com.example.dogglers.MainActivity#0
10-26 10:07:34.380   620   620 I Layer   : id=189988 Destroyed com.example.dogglers/com.example.dogglers.MainActivity$_18320#0
10-26 10:07:34.380   620   620 I Layer   : id=190010 Destroyed ActivityRecord{95230ed u0 com.example.dogglers/androidx.test.core.app.InstrumentationActivityInvoker$EmptyActivity t30231}#0
10-26 10:07:34.380   620   620 I Layer   : id=190022 Destroyed Surface(name=2188bee InputMethod)/@0xe151908 - animation-leash of insets_animation#1
10-26 10:07:34.382 18320 18346 I TestRunner: finished: clicking_grid_list_button_displays_grid_list(com.example.dogglers.ButtonTests)
