10-26 10:07:46.199   620  2717 I SurfaceFlinger: id=190489 createSurf (1x1),-3 flag=40004, com.example.dogglers/androidx.test.core.app.InstrumentationActivityInvoker$EmptyActivity$_18320#0
10-26 10:07:46.201   620  2717 I SurfaceFlinger: id=190490 createSurf (0x0),-1 flag=24000, Surface(name=2fa8401 StatusBar)/@0xf000e26 - animation-leash of insets_animation#1
10-26 10:07:46.202   620  2717 I SurfaceFlinger: id=190491 createSurf (0x0),-1 flag=24000, Surface(name=be23078 NavigationBar0)/@0x50010bd - animation-leash of insets_animation#1
10-26 10:07:46.203   954  3912 V WindowManager: Relayout hash=98eb506, pid=18320: mAttrs={(0,0)(fillxfill) sim={adjust=pan forwardNavigation} ty=BASE_APPLICATION wanim=0x1030001
10-26 10:07:46.203   954  3912 V WindowManager:   fl=1810100
10-26 10:07:46.203   954  3912 V WindowManager:   pfl=12020040
10-26 10:07:46.203   954  3912 V WindowManager:   apr=LIGHT_NAVIGATION_BARS
10-26 10:07:46.203   954  3912 V WindowManager:   bhv=DEFAULT
10-26 10:07:46.203   954  3912 V WindowManager:   fitSides= naviIconColor=0
10-26 10:07:46.203   954  3912 V WindowManager:   sfl=100000}
10-26 10:07:46.204 18320 18320 I ViewRootImpl@8b93287[InstrumentationActivityInvoker$EmptyActivity]: Relayout returned: old=(0,0,1080,2280) new=(0,0,1080,2280) req=(1080,2280)0 dur=6 res=0x7 s={true 515079870144} ch=true fn=-1
10-26 10:07:46.205 18320 18355 D OpenGLRenderer: eglCreateWindowSurface
10-26 10:07:46.206 18320 18320 I ViewRootImpl@8b93287[InstrumentationActivityInvoker$EmptyActivity]: [DP] dp(1) 1 android.view.ViewRootImpl.reportNextDraw:11420 android.view.ViewRootImpl.performTraversals:4193 android.view.ViewRootImpl.doTraversal:2919
10-26 10:07:46.210 18320 18320 I ViewRootImpl@8b93287[InstrumentationActivityInvoker$EmptyActivity]: [DP] pdf(0) 1 android.view.ViewRootImpl.lambda$addFrameCompleteCallbackIfNeeded$3$ViewRootImpl:4995 android.view.ViewRootImpl$$ExternalSyntheticLambda16.run:6 android.os.Handler.handleCallback:938
10-26 10:07:46.210 18320 18320 I ViewRootImpl@8b93287[InstrumentationActivityInvoker$EmptyActivity]: [DP] rdf()
10-26 10:07:46.210 18320 18320 D ViewRootImpl@8b93287[InstrumentationActivityInvoker$EmptyActivity]: reportDrawFinished (fn: -1)
10-26 10:07:46.212   954  1012 I ActivityTaskManager: Displayed com.example.dogglers/androidx.test.core.app.InstrumentationActivityInvoker$EmptyActivity: +55ms
10-26 10:07:46.212  2946  2946 E pageboostd: Received HALT command code 2
10-26 10:07:46.213   620   620 I Layer   : id=190482 removeFromCurrentState Surface(name=2fa8401 StatusBar)/@0xf000e26 - animation-leash of insets_animation#0 (190)
10-26 10:07:46.213   620   620 I Layer   : id=190483 removeFromCurrentState Surface(name=be23078 NavigationBar0)/@0x50010bd - animation-leash of insets_animation#0 (190)
10-26 10:07:46.213 18320 18320 I ViewRootImpl@d8d1d54[HorizontalListActivity]: MSG_WINDOW_FOCUS_CHANGED 0 1
10-26 10:07:46.214   620   643 I SurfaceFlinger: id=190483 Removed Surface(name=be23078 NavigationBar0)/@0x50010bd - animation-leash of insets_animation#0 (190)
10-26 10:07:46.214   620  2717 I SurfaceFlinger: id=190482 Removed Surface(name=2fa8401 StatusBar)/@0xf000e26 - animation-leash of insets_animation#0 (190)
10-26 10:07:46.214 18320 18320 D InsetsSourceConsumer: ensureControlAlpha: for ITYPE_NAVIGATION_BAR on com.example.dogglers/androidx.test.core.app.InstrumentationActivityInvoker$EmptyActivity
10-26 10:07:46.214   954  3956 D InputDispatcher: Focus entered window (0): 98eb506 com.example.dogglers/androidx.test.core.app.InstrumentationActivityInvoker$EmptyActivity
10-26 10:07:46.215 18320 18320 D InsetsSourceConsumer: ensureControlAlpha: for ITYPE_STATUS_BAR on com.example.dogglers/androidx.test.core.app.InstrumentationActivityInvoker$EmptyActivity
10-26 10:07:46.215 18320 18320 I ViewRootImpl@8b93287[InstrumentationActivityInvoker$EmptyActivity]: MSG_WINDOW_FOCUS_CHANGED 1 1
10-26 10:07:46.215 18320 18320 D InputMethodManager: startInputInner - Id : 0
10-26 10:07:46.216 18320 18320 I InputMethodManager: startInputInner - mService.startInputOrWindowGainedFocus
10-26 10:07:46.217   954  3923 D InputMethodManagerService: DESKTOP MODE! : 2
10-26 10:07:46.217   954  3923 D InputMethodManagerService: NOT IN KNOX DESKTOP MODE!
10-26 10:07:46.217   954  3923 V InputMethodManagerService: getDisplayIdOfInputMethodWindowToBeAdded : 0
10-26 10:07:46.217   954  3923 D InputMethodManagerService: checkDisplayOfStartInputAndUpdateKeyboard display Id 0last 0
10-26 10:07:46.217   954  3923 D InputTransport: Input channel constructed: 'ClientS', fd=1400
10-26 10:07:46.217   954  3923 D InputTransport: Input channel destroyed: 'ClientS', fd=1400
10-26 10:07:46.218   620   620 D SurfaceFlinger: Display 0 HWC layers:
10-26 10:07:46.218   620   620 D SurfaceFlinger:      CLIENT | 0x7843db7cb0 | 0100 | RGBx_8888    |  589.0    0.0 1651.0 2240.0 |    0    0 1080 2280 | Wallpaper BBQ wrapper#0
10-26 10:07:46.218   620   620 D SurfaceFlinger:      CLIENT |              | 0000 |  Unknown  |    0.0    0.0    0.0    0.0 |    0    0 1080 2280 | OneUiHome-BlurLayer#0 (backgroundBlurRadius)
10-26 10:07:46.218   620   620 D SurfaceFlinger:      DEVICE | 0x7843d96e30 | 0100 | RGBA_8888    |    0.0    0.0 1080.0 2280.0 |    0    0 1080 2280 | com.sec.android.app.launcher/com.sec[...]activities.LauncherActivity$_26660#0
10-26 10:07:46.218   620   620 D SurfaceFlinger:      DEVICE | 0x7843d8fff0 | 0102 | RGBA_8888    |    0.0    0.0 1080.0 2280.0 |    0    1 1080 2279 | com.example.dogglers/androidx.test.c[...]tivityInvoker$EmptyActivity$_18320#0
10-26 10:07:46.218   620   620 D SurfaceFlinger:      DEVICE | 0x7843dbb970 | 0100 | RGBA_8888    |    0.0    0.0 1080.0  112.0 |    0    0 1080  112 | StatusBar$_1348#0
10-26 10:07:46.218   620   620 D SurfaceFlinger:      DEVICE | 0x7843daab70 | 0100 | RGBA_8888    |    0.0    0.0   67.0  416.0 |    0  814   67 1230 | com.samsung.android.app.cocktailbars[...]arservice.CocktailBarService$_8198#0
10-26 10:07:46.218   620   620 D SurfaceFlinger:      DEVICE | 0x7843da5dd0 | 0100 | RGBA_8888    |    0.0    0.0
10-26 10:07:46.218   620   620 D SurfaceFlinger: 1080.0  126.0 |    0 2154 1080 2280 | NavigationBar0$_1348#0
10-26 10:07:46.218   620   620 D SurfaceFlinger:
10-26 10:07:46.218 19204 19204 D InputMethodService: checkDisplayOfStartInputAndUpdateKeyboard display Id 0last 0
10-26 10:07:46.219   620   643 I SurfaceFlinger: id=190492 createSurf (0x0),-1 flag=24004, Surface(name=2188bee InputMethod)/@0xe151908 - animation-leash of insets_animation#1
10-26 10:07:46.220   954  3937 I SemDvfsHyPerManager: acquire hyper - AMS_RESUME_TAIL/954@19, type = -999
10-26 10:07:46.220   954  3937 I SemDvfsHyPerManager: acquire hyper - AMS_ACT_LAZY/954@20, type = -999
10-26 10:07:46.220   566   611 I HYPER-HAL: [RequestManager.cpp]acquire(): Acquired ID : 473870  [954 / 19]    HINT : AMS_RESUME_TAIL    list :
10-26 10:07:46.221   529   535 E statsd  : Predicate 5980654721335871649 dropping data for dimension key (10)0x2010101->10988[I] (10)0x30000->*launch*[S]
10-26 10:07:46.221   529   535 E statsd  : Predicate -7037417284711607308 dropping data for dimension key (10)0x2010101->10988[I] (10)0x30000->*launch*[S]
10-26 10:07:46.221   566   611 I HYPER-HAL: [RequestManager.cpp]releaseLocked(): Released ID : 471923
10-26 10:07:46.221 19204 19204 E FullInputEventModel: onStartInput event aborted: al1: could not obtain extracted text (class al1)
10-26 10:07:46.223   954  3937 D InputMethodManagerServicePhysicalKey: isConnectedDexOnPC false
10-26 10:07:46.224   954  3937 D InputMethodManagerService: isImeSwitcherDisabledPackage : false
10-26 10:07:46.230   620   620 I Layer   : id=190485 removeFromCurrentState Surface(name=2188bee InputMethod)/@0xe151908 - animation-leash of insets_animation#0 (191)
10-26 10:07:46.230   620   620 I SurfaceFlinger: id=190485 Removed Surface(name=2188bee InputMethod)/@0xe151908 - animation-leash of insets_animation#0 (191)
10-26 10:07:46.230   620   620 I Layer   : id=190483 Destroyed Surface(name=be23078 NavigationBar0)/@0x50010bd - animation-leash of insets_animation#0
10-26 10:07:46.230   620   620 I Layer   : id=190482 Destroyed Surface(name=2fa8401 StatusBar)/@0xf000e26 - animation-leash of insets_animation#0
10-26 10:07:46.230   620   620 I Layer   : id=190485 Destroyed Surface(name=2188bee InputMethod)/@0xe151908 - animation-leash of insets_animation#0
10-26 10:07:46.232   954  3956 I SemDvfsHyPerManager: acquire hyper - AMS_ACT_START/954@17, type = -999
10-26 10:07:46.232   566   611 I HYPER-HAL: [RequestManager.cpp]acquire(): Acquired ID : 471923  [954 / 17]    HINT : AMS_ACT_START    list :
10-26 10:07:46.233   620   810 I SurfaceFlinger: id=190493 createSurf (0x0),-1 flag=80004, ActivityRecord{32aa1db u0 com.example.dogglers/androidx.test.core.app.InstrumentationActivityInvoker$EmptyActivity t30243}#0
10-26 10:07:46.234   620   620 D SurfaceFlinger: Display 0 HWC layers:
10-26 10:07:46.234   620   620 D SurfaceFlinger:      DEVICE | 0x7843d8fff0 | 0102 | RGBA_8888    |    0.0    0.0 1080.0 2280.0 |    0    0 1080 2280 | com.example.dogglers/androidx.test.c[...]tivityInvoker$EmptyActivity$_18320#0
10-26 10:07:46.234   620   620 D SurfaceFlinger:      DEVICE | 0x7843dbb970 | 0100 | RGBA_8888    |    0.0    0.0 1080.0  112.0 |    0    0 1080  112 | StatusBar$_1348#0
10-26 10:07:46.234   620   620 D SurfaceFlinger:      DEVICE | 0x7843daab70 | 0100 | RGBA_8888    |    0.0    0.0   67.0  416.0 |    0  814   67 1230 | com.samsung.android.app.cocktailbars[...]arservice.CocktailBarService$_8198#0
10-26 10:07:46.234   620   620 D SurfaceFlinger:      DEVICE | 0x7843db97b0 | 0100 | RGBA_8888    |    0.0    0.0 1080.0  126.0 |    0 2154 1080 2280 | NavigationBar0$_1348#0
10-26 10:07:46.234   620   620 D SurfaceFlinger:
10-26 10:07:46.236   529   535 E statsd  : Predicate 5980654721335871649 dropping data for dimension key (10)0x2010101->10988[I] (10)0x30000->*launch*[S]
10-26 10:07:46.237   529   535 E statsd  : Predicate -7037417284711607308 dropping data for dimension key (10)0x2010101->10988[I] (10)0x30000->*launch*[S]
10-26 10:07:46.237   954  1015 D PersonaActivityHelper: Activity not in resumed state, do not run immediate lock
10-26 10:07:46.238 18320 18320 D LifecycleMonitor: Lifecycle status change: androidx.test.core.app.InstrumentationActivityInvoker$EmptyActivity@3d6b108 in: PAUSED
10-26 10:07:46.238 18320 18320 V ActivityScenario: Activity lifecycle changed event received but ignored because the intent does not match. startActivityIntent=Intent { act=android.intent.action.MAIN cat=[android.intent.category.LAUNCHER] cmp=com.example.dogglers/.HorizontalListActivity }, activity.getIntent()=Intent { act=android.intent.action.MAIN cat=[android.intent.category.LAUNCHER] flg=0x10000000 cmp=com.example.dogglers/androidx.test.core.app.InstrumentationActivityInvoker$EmptyActivity }, activity=androidx.test.core.app.InstrumentationActivityInvoker$EmptyActivity@3d6b108
10-26 10:07:46.238 26660 26660 I ViewRootImpl@623994e[LauncherActivity]: handleAppVisibility mAppVisible=true visible=false
10-26 10:07:46.239  1348  2944 D WallpaperService: dispatchAppVisibility onVisibilityChanged(): false
10-26 10:07:46.239  1348  1348 D WallpaperService: reportVisibility onVisibilityChanged visible: false
10-26 10:07:46.239  1348  1535 I ImageWallpaper:  onVisibilityChanged false , 0
10-26 10:07:46.243   954  3923 D InputDispatcher: Focused application set to (0): 32aa1db
10-26 10:07:46.246   620   620 I Layer   : id=190475 removeFromCurrentState Surface(name=Task=1)/@0x4cdbfdb - animation-leash of app_transition#0 (189)
10-26 10:07:46.247   620   620 I SurfaceFlinger: id=190475 Removed Surface(name=Task=1)/@0x4cdbfdb - animation-leash of app_transition#0 (189)
10-26 10:07:46.247   620   620 I Layer   : id=190475 Destroyed Surface(name=Task=1)/@0x4cdbfdb - animation-leash of app_transition#0
10-26 10:07:46.249   954  1015 I SemPersonaManager: SecureFolder personaId = 150
10-26 10:07:46.251   954  3956 V WindowManager: Relayout Window{4ad90e6 u0 com.sec.android.app.launcher/com.sec.android.app.launcher.activities.LauncherActivity}: viewVisibility=8 req=1080x2280 d0
10-26 10:07:46.251 18320 18320 D LifecycleMonitor: Lifecycle status change: androidx.test.core.app.InstrumentationActivityInvoker$EmptyActivity@be89920 in: PRE_ON_CREATE
10-26 10:07:46.251 18320 18320 V ActivityScenario: Activity lifecycle changed event received but ignored because the intent does not match. startActivityIntent=Intent { act=android.intent.action.MAIN cat=[android.intent.category.LAUNCHER] cmp=com.example.dogglers/.HorizontalListActivity }, activity.getIntent()=Intent { act=android.intent.action.MAIN cat=[android.intent.category.LAUNCHER] flg=0x10000000 cmp=com.example.dogglers/androidx.test.core.app.InstrumentationActivityInvoker$EmptyActivity }, activity=androidx.test.core.app.InstrumentationActivityInvoker$EmptyActivity@be89920
10-26 10:07:46.253   954  1015 D EnterpriseDeviceManagerService: isMdmAdminPresentInternal() : MDM Admin Found - com.samsung.knox.securefolder
10-26 10:07:46.254   954  3956 V WindowManager: Relayout hash=4ad90e6, pid=26660: mAttrs={(0,0)(fillxfill) sim={adjust=nothing} layoutInDisplayCutoutMode=shortEdges ty=BASE_APPLICATION fmt=TRANSPARENT wanim=0x10302f2
10-26 10:07:46.254   954  3956 V WindowManager:   fl=81910100
10-26 10:07:46.254   954  3956 V WindowManager:   pfl=1e020040
10-26 10:07:46.254   954  3956 V WindowManager:   vsysui=1700
10-26 10:07:46.254   954  3956 V WindowManager:   bhv=SHOW_TRANSIENT_BARS_BY_SWIPE
10-26 10:07:46.254   954  3956 V WindowManager:   fitSides= naviIconColor=0}
10-26 10:07:46.256 26660 26660 I ViewRootImpl@623994e[LauncherActivity]: Relayout returned: old=(0,0,1080,2280) new=(0,0,1080,2280) req=(1080,2280)8 dur=5 res=0x5 s={false 0} ch=true fn=52
10-26 10:07:46.256  8198  8198 I Utils   : HomePackage : com.sec.android.app.launcher, resumePackageName : com.example.dogglers
10-26 10:07:46.256 26660 26660 I ViewRootImpl@623994e[LauncherActivity]: stopped(true) old=false
10-26 10:07:46.257 26660 26660 I BaseActivity: removeActivityFlags, flags : 17
10-26 10:07:46.257 26660 26660 W LauncherAppWidgetHost: setShouldListenFlag, mFlags:7 flag:start on:false isFront:false
10-26 10:07:46.257 26660 26792 I IMM_LC  : hsifw() - flags=0, caller=android.view.inputmethod.InputMethodManager.hideSoftInputFromWindow:1846 android.view.inputmethod.InputMethodManager.hideSoftInputFromWindow:1815 com.android.launcher3.util.UiThreadHelper$UiCallbacks.handleMessage:103 android.os.Handler.dispatchMessage:102 android.os.Looper.loopOnce:226
10-26 10:07:46.257   954  3956 I AppWidgetServiceImpl: stopListening callbacks : null
10-26 10:07:46.258 26660 26792 I IMM_LC  : hideSoftInputFromWindow - mService.hideSoftInput
10-26 10:07:46.258 26660 26660 W LauncherAppWidgetHost: stopListening, mFlags:2 isFront:false
10-26 10:07:46.258 26660 26660 W Launcher.NotificationListener: removeNotificationsChangedListener
10-26 10:07:46.258 26660 26660 I BadgeCountUpdaterImpl: onNotificationsChangedDisConnected
10-26 10:07:46.258 26660 26660 I Launcher.NotificationListener: unregisterObserver, this is not notificationService!!
10-26 10:07:46.259 18320 18320 I DecorView: [INFO] isPopOver=false, config=true
10-26 10:07:46.259 18320 18320 I DecorView: updateCaptionType >> DecorView@8a0249e[], isFloating=false, isApplication=true, hasWindowControllerCallback=true, hasWindowDecorCaption=false
10-26 10:07:46.259 18320 18320 D DecorView: setCaptionType = 0, this = DecorView@8a0249e[]
10-26 10:07:46.260 26660 26792 I LiveIconUpdateEventHandler: LiveIcon onStop
10-26 10:07:46.260 26660 26792 I LiveIconUpdateEventHandler: cancelMinuteChangeAlarm
10-26 10:07:46.261 18320 18320 I DecorView: getCurrentDensityDpi: from real metrics. densityDpi=420 msg=resources_loaded
10-26 10:07:46.261 26660 26792 I LiveIconUpdateEventHandler: cancelDateChangeAlarm
10-26 10:07:46.261 18320 18320 D LifecycleMonitor: Lifecycle status change: androidx.test.core.app.InstrumentationActivityInvoker$EmptyActivity@be89920 in: CREATED
10-26 10:07:46.261 18320 18320 V ActivityScenario: Activity lifecycle changed event received but ignored because the intent does not match. startActivityIntent=Intent { act=android.intent.action.MAIN cat=[android.intent.category.LAUNCHER] cmp=com.example.dogglers/.HorizontalListActivity }, activity.getIntent()=Intent { act=android.intent.action.MAIN cat=[android.intent.category.LAUNCHER] flg=0x10000000 cmp=com.example.dogglers/androidx.test.core.app.InstrumentationActivityInvoker$EmptyActivity }, activity=androidx.test.core.app.InstrumentationActivityInvoker$EmptyActivity@be89920
10-26 10:07:46.261 26660 26792 I LiveIconUpdateEventHandler: unregisterReceiver
10-26 10:07:46.262 18320 18320 D LifecycleMonitor: Lifecycle status change: androidx.test.core.app.InstrumentationActivityInvoker$EmptyActivity@be89920 in: STARTED
10-26 10:07:46.262 18320 18320 V ActivityScenario: Activity lifecycle changed event received but ignored because the intent does not match. startActivityIntent=Intent { act=android.intent.action.MAIN cat=[android.intent.category.LAUNCHER] cmp=com.example.dogglers/.HorizontalListActivity }, activity.getIntent()=Intent { act=android.intent.action.MAIN cat=[android.intent.category.LAUNCHER] flg=0x10000000 cmp=com.example.dogglers/androidx.test.core.app.InstrumentationActivityInvoker$EmptyActivity }, activity=androidx.test.core.app.InstrumentationActivityInvoker$EmptyActivity@be89920
10-26 10:07:46.263   620   620 I Layer   : id=190476 removeFromCurrentState Surface(name=Task=30243)/@0x4b9bb5d - animation-leash of app_transition#0 (188)
10-26 10:07:46.263   620   620 D Layer   : setBackgroundBlurRadius ## OneUiHome-BlurLayer#0, backgroundBlurRadius=0
10-26 10:07:46.263   620   620 I SurfaceFlinger: id=190428 Removed OneUiHome-BlurLayer#0 (188)
10-26 10:07:46.263   620   620 I SurfaceFlinger: id=190476 Removed Surface(name=Task=30243)/@0x4b9bb5d - animation-leash of app_transition#0 (188)
10-26 10:07:46.264 18320 18320 D LifecycleMonitor: Lifecycle status change: androidx.test.core.app.InstrumentationActivityInvoker$EmptyActivity@be89920 in: RESUMED
10-26 10:07:46.264   620   620 I Layer   : id=190476 Destroyed Surface(name=Task=30243)/@0x4b9bb5d - animation-leash of app_transition#0
10-26 10:07:46.264 18320 18320 V ActivityScenario: Activity lifecycle changed event received but ignored because the intent does not match. startActivityIntent=Intent { act=android.intent.action.MAIN cat=[android.intent.category.LAUNCHER] cmp=com.example.dogglers/.HorizontalListActivity }, activity.getIntent()=Intent { act=android.intent.action.MAIN cat=[android.intent.category.LAUNCHER] flg=0x10000000 cmp=com.example.dogglers/androidx.test.core.app.InstrumentationActivityInvoker$EmptyActivity }, activity=androidx.test.core.app.InstrumentationActivityInvoker$EmptyActivity@be89920
10-26 10:07:46.265   954  3923 D InputDispatcher: Focus left window (0): 98eb506 com.example.dogglers/androidx.test.core.app.InstrumentationActivityInvoker$EmptyActivity
10-26 10:07:46.268   954  3923 D InputTransport: Input channel constructed: '8a74ba8', fd=1411
10-26 10:07:46.268   954  3923 D InputTransport: Input channel constructed: '8a74ba8', fd=1413
10-26 10:07:46.269   954  3923 D InputTransport: Input channel constructed: '8a74ba8', fd=1418
10-26 10:07:46.269   620   643 I SurfaceFlinger: id=190494 createSurf (0x0),-1 flag=80004, 8a74ba8 com.example.dogglers/androidx.test.core.app.InstrumentationActivityInvoker$EmptyActivity#0
10-26 10:07:46.270   954  3923 D InputTransport: Input channel destroyed: '8a74ba8', fd=1418
10-26 10:07:46.271 18320 18320 I ViewRootImpl@78beb7f[InstrumentationActivityInvoker$EmptyActivity]: setView = com.android.internal.policy.DecorView@8a0249e TM=true
10-26 10:07:46.271 18320 18320 I ViewRootImpl@d8d1d54[HorizontalListActivity]: stopped(true) old=false
10-26 10:07:46.272   954  1054 D AnalyticsContainerHandler: handleMessage : { when=0 what=1 target=com.android.server.knox.KnoxAnalyticsContainer$AnalyticsHandler }
10-26 10:07:46.273 18320 18320 D LifecycleMonitor: Lifecycle status change: com.example.dogglers.HorizontalListActivity@21f8c60 in: STOPPED
10-26 10:07:46.273 18320 18320 V ActivityScenario: Update currentActivityStage to STOPPED, currentActivity=com.example.dogglers.HorizontalListActivity@21f8c60
10-26 10:07:46.274 18320 18320 D LifecycleMonitor: Lifecycle status change: com.example.dogglers.HorizontalListActivity@21f8c60 in: DESTROYED
10-26 10:07:46.274 18320 18320 V ActivityScenario: Update currentActivityStage to DESTROYED, currentActivity=null
10-26 10:07:46.275 18320 18355 D OpenGLRenderer: setSurface called with nullptr
10-26 10:07:46.275 18320 18355 D OpenGLRenderer: setSurface() destroyed EGLSurface
10-26 10:07:46.275 18320 18355 D OpenGLRenderer: destroyEglSurface
10-26 10:07:46.276 18320 18320 I ViewRootImpl@d8d1d54[HorizontalListActivity]: dispatchDetachedFromWindow
10-26 10:07:46.276   954  3956 D InputTransport: Input channel destroyed: 'f205185', fd=1375
10-26 10:07:46.276   954  3956 W InputManager-JNI: Input channel object 'f205185 com.example.dogglers/com.example.dogglers.HorizontalListActivity (client)' was disposed without first being removed with the input manager!
10-26 10:07:46.276   954  3956 D InputTransport: Input channel destroyed: 'f205185', fd=1379
10-26 10:07:46.278 18320 18320 D InputTransport: Input channel destroyed: 'f205185', fd=89
10-26 10:07:46.279 18320 18320 D LifecycleMonitor: Lifecycle status change: androidx.test.core.app.InstrumentationActivityInvoker$BootstrapActivity@a356f1e in: STOPPED
10-26 10:07:46.279 18320 18320 V ActivityScenario: Activity lifecycle changed event received but ignored because the intent does not match. startActivityIntent=Intent { act=android.intent.action.MAIN cat=[android.intent.category.LAUNCHER] cmp=com.example.dogglers/.HorizontalListActivity }, activity.getIntent()=Intent { act=android.intent.action.MAIN cat=[android.intent.category.LAUNCHER] flg=0x10008000 cmp=com.example.dogglers/androidx.test.core.app.InstrumentationActivityInvoker$BootstrapActivity (has extras) }, activity=androidx.test.core.app.InstrumentationActivityInvoker$BootstrapActivity@a356f1e
10-26 10:07:46.280   620   620 I Layer   : id=190425 removeFromCurrentState com.sec.android.app.launcher/com.sec.android.app.launcher.activities.LauncherActivity$_26660#0 (188)
10-26 10:07:46.280   620   620 I Layer   : id=190428 removeFromCurrentState OneUiHome-BlurLayer#0 (188)
10-26 10:07:46.280   620   620 I Layer   : id=190481 removeFromCurrentState com.example.dogglers/com.example.dogglers.HorizontalListActivity$_18320#0 (188)
10-26 10:07:46.280   620   620 I Layer   : id=190480 removeFromCurrentState f205185 com.example.dogglers/com.example.dogglers.HorizontalListActivity#0 (188)
10-26 10:07:46.280   620   620 I SurfaceFlinger: id=190480 Removed f205185 com.example.dogglers/com.example.dogglers.HorizontalListActivity#0 (188)
10-26 10:07:46.280   620   620 I SurfaceFlinger: id=190481 Removed com.example.dogglers/com.example.dogglers.HorizontalListActivity$_18320#0 (188)
10-26 10:07:46.280   620   620 I SurfaceFlinger: id=190425 Removed com.sec.android.app.launcher/com.sec.android.app.launcher.activities.LauncherActivity$_26660#0 (188)
10-26 10:07:46.280   620   620 I Layer   : id=190425 Destroyed com.sec.android.app.launcher/com.sec.android.app.launcher.activities.LauncherActivity$_26660#0
10-26 10:07:46.280   620   620 I Layer   : id=190428 Destroyed OneUiHome-BlurLayer#0
10-26 10:07:46.280   620   620 I Layer   : id=190480 Destroyed f205185 com.example.dogglers/com.example.dogglers.HorizontalListActivity#0
10-26 10:07:46.280   620   620 I Layer   : id=190481 Destroyed com.example.dogglers/com.example.dogglers.HorizontalListActivity$_18320#0
10-26 10:07:46.282 18320 18320 D LifecycleMonitor: Lifecycle status change: androidx.test.core.app.InstrumentationActivityInvoker$BootstrapActivity@a356f1e in: DESTROYED
10-26 10:07:46.282 18320 18320 V ActivityScenario: Activity lifecycle changed event received but ignored because the intent does not match. startActivityIntent=Intent { act=android.intent.action.MAIN cat=[android.intent.category.LAUNCHER] cmp=com.example.dogglers/.HorizontalListActivity }, activity.getIntent()=Intent { act=android.intent.action.MAIN cat=[android.intent.category.LAUNCHER] flg=0x10008000 cmp=com.example.dogglers/androidx.test.core.app.InstrumentationActivityInvoker$BootstrapActivity (has extras) }, activity=androidx.test.core.app.InstrumentationActivityInvoker$BootstrapActivity@a356f1e
10-26 10:07:46.285   954  3923 V WindowManager: Relayout Window{8a74ba8 u0 com.example.dogglers/androidx.test.core.app.InstrumentationActivityInvoker$EmptyActivity}: viewVisibility=0 req=1080x2280 d0
10-26 10:07:46.286   620   643 I SurfaceFlinger: id=190495 createSurf (1080x2280),-3 flag=40004, com.example.dogglers/androidx.test.core.app.InstrumentationActivityInvoker$EmptyActivity$_18320#1
10-26 10:07:46.288   620   643 I SurfaceFlinger: id=190496 createSurf (0x0),-1 flag=24000, Surface(name=2fa8401 StatusBar)/@0xf000e26 - animation-leash of insets_animation#0
10-26 10:07:46.289   620   643 I SurfaceFlinger: id=190497 createSurf (0x0),-1 flag=24000, Surface(name=be23078 NavigationBar0)/@0x50010bd - animation-leash of insets_animation#0
10-26 10:07:46.290   954  3923 V WindowManager: Relayout hash=8a74ba8, pid=18320: mAttrs={(0,0)(fillxfill) sim={adjust=pan forwardNavigation} ty=BASE_APPLICATION wanim=0x1030001
10-26 10:07:46.290   954  3923 V WindowManager:   fl=1810100
10-26 10:07:46.290   954  3923 V WindowManager:   pfl=12020040
10-26 10:07:46.290   954  3923 V WindowManager:   apr=LIGHT_NAVIGATION_BARS
10-26 10:07:46.290   954  3923 V WindowManager:   bhv=DEFAULT
10-26 10:07:46.290   954  3923 V WindowManager:   fitSides= naviIconColor=0
10-26 10:07:46.290   954  3923 V WindowManager:   sfl=100000}
10-26 10:07:46.292 18320 18320 I ViewRootImpl@78beb7f[InstrumentationActivityInvoker$EmptyActivity]: Relayout returned: old=(0,0,1080,2280) new=(0,0,1080,2280) req=(1080,2280)0 dur=7 res=0x7 s={true 515080646224} ch=true fn=-1
10-26 10:07:46.293 18320 18355 D OpenGLRenderer: eglCreateWindowSurface
10-26 10:07:46.294 18320 18320 I ViewRootImpl@78beb7f[InstrumentationActivityInvoker$EmptyActivity]: [DP] dp(1) 1 android.view.ViewRootImpl.reportNextDraw:11420 android.view.ViewRootImpl.performTraversals:4193 android.view.ViewRootImpl.doTraversal:2919
10-26 10:07:46.296   620   620 I Layer   : id=190479 removeFromCurrentState ActivityRecord{a95a42a u0 com.example.dogglers/.HorizontalListActivity t30243}#0 (187)
10-26 10:07:46.296   620   620 I Layer   : id=190472 removeFromCurrentState ActivityRecord{5ed796 u0 com.example.dogglers/androidx.test.core.app.InstrumentationActivityInvoker$BootstrapActivity t30243}#0 (187)
10-26 10:07:46.296   620   620 I Layer   : id=190491 removeFromCurrentState Surface(name=be23078 NavigationBar0)/@0x50010bd - animation-leash of insets_animation#1 (187)
10-26 10:07:46.296   620   620 I Layer   : id=69 removeFromCurrentState be23078 NavigationBar0#0 (187)
10-26 10:07:46.297   620   620 I Layer   : id=79 removeFromCurrentState NavigationBar0$_1348#0 (187)
10-26 10:07:46.297   620   620 I Layer   : id=190490 removeFromCurrentState Surface(name=2fa8401 StatusBar)/@0xf000e26 - animation-leash of insets_animation#1 (187)
10-26 10:07:46.297   620   620 I Layer   : id=76 removeFromCurrentState 2fa8401 StatusBar#0 (187)
10-26 10:07:46.297   620   620 I Layer   : id=84 removeFromCurrentState StatusBar$_1348#0 (187)
10-26 10:07:46.297   620   620 I Layer   : id=69 addToCurrentState be23078 NavigationBar0#0 (187)
10-26 10:07:46.297   620   620 I Layer   : id=79 addToCurrentState NavigationBar0$_1348#0 (187)
10-26 10:07:46.297   620   620 I Layer   : id=76 addToCurrentState 2fa8401 StatusBar#0 (187)
10-26 10:07:46.297   620   620 I Layer   : id=84 addToCurrentState StatusBar$_1348#0 (187)
10-26 10:07:46.297   620   620 I SurfaceFlinger: id=190472 Removed ActivityRecord{5ed796 u0 com.example.dogglers/androidx.test.core.app.InstrumentationActivityInvoker$BootstrapActivity t30243}#0 (187)
10-26 10:07:46.297   620   620 I SurfaceFlinger: id=190479 Removed ActivityRecord{a95a42a u0 com.example.dogglers/.HorizontalListActivity t30243}#0 (187)
10-26 10:07:46.297   620   620 I Layer   : id=190472 Destroyed ActivityRecord{5ed796 u0 com.example.dogglers/androidx.test.core.app.InstrumentationActivityInvoker$BootstrapActivity t30243}#0
10-26 10:07:46.297   620   620 I Layer   : id=190479 Destroyed ActivityRecord{a95a42a u0 com.example.dogglers/.HorizontalListActivity t30243}#0
10-26 10:07:46.298 18320 18320 I ViewRootImpl@78beb7f[InstrumentationActivityInvoker$EmptyActivity]: [DP] pdf(0) 1 android.view.ViewRootImpl.lambda$addFrameCompleteCallbackIfNeeded$3$ViewRootImpl:4995 android.view.ViewRootImpl$$ExternalSyntheticLambda16.run:6 android.os.Handler.handleCallback:938
10-26 10:07:46.298 18320 18320 I ViewRootImpl@78beb7f[InstrumentationActivityInvoker$EmptyActivity]: [DP] rdf()
10-26 10:07:46.298 18320 18320 D ViewRootImpl@78beb7f[InstrumentationActivityInvoker$EmptyActivity]: reportDrawFinished (fn: -1)
10-26 10:07:46.298 18320 18320 I ViewRootImpl@8b93287[InstrumentationActivityInvoker$EmptyActivity]: MSG_WINDOW_FOCUS_CHANGED 0 1
10-26 10:07:46.300   954  1016 I SemDvfsHyPerManager: acquire hyper - AMS_RESUME_TAIL/954@19, type = -999
10-26 10:07:46.300   954  1012 I ActivityTaskManager: Displayed com.example.dogglers/androidx.test.core.app.InstrumentationActivityInvoker$EmptyActivity: +71ms
10-26 10:07:46.300   954  1016 I SemDvfsHyPerManager: acquire hyper - AMS_ACT_LAZY/954@20, type = -999
10-26 10:07:46.301   566   611 I HYPER-HAL: [RequestManager.cpp]acquire(): Acquired ID : 473870  [954 / 19]    HINT : AMS_RESUME_TAIL    list :
10-26 10:07:46.301  2946  2946 E pageboostd: Received HALT command code 2
10-26 10:07:46.301   566   611 I HYPER-HAL: [RequestManager.cpp]releaseLocked(): Released ID : 471923
10-26 10:07:46.304 18320 18320 D InsetsSourceConsumer: ensureControlAlpha: for ITYPE_NAVIGATION_BAR on com.example.dogglers/androidx.test.core.app.InstrumentationActivityInvoker$EmptyActivity
10-26 10:07:46.304 18320 18320 D InsetsSourceConsumer: ensureControlAlpha: for ITYPE_STATUS_BAR on com.example.dogglers/androidx.test.core.app.InstrumentationActivityInvoker$EmptyActivity
10-26 10:07:46.305   620   810 I SurfaceFlinger: id=190491 Removed Surface(name=be23078 NavigationBar0)/@0x50010bd - animation-leash of insets_animation#1 (185)
10-26 10:07:46.305   620   642 I SurfaceFlinger: id=190490 Removed Surface(name=2fa8401 StatusBar)/@0xf000e26 - animation-leash of insets_animation#1 (185)
10-26 10:07:46.305 18320 18320 I ViewRootImpl@8b93287[InstrumentationActivityInvoker$EmptyActivity]: handleAppVisibility mAppVisible=true visible=false
10-26 10:07:46.306 18320 18320 I ViewRootImpl@8b93287[InstrumentationActivityInvoker$EmptyActivity]: stopped(true) old=false
10-26 10:07:46.306 18320 18320 D LifecycleMonitor: Lifecycle status change: androidx.test.core.app.InstrumentationActivityInvoker$EmptyActivity@3d6b108 in: STOPPED
10-26 10:07:46.306 18320 18320 V ActivityScenario: Activity lifecycle changed event received but ignored because the intent does not match. startActivityIntent=Intent { act=android.intent.action.MAIN cat=[android.intent.category.LAUNCHER] cmp=com.example.dogglers/.HorizontalListActivity }, activity.getIntent()=Intent { act=android.intent.action.MAIN cat=[android.intent.category.LAUNCHER] flg=0x10000000 cmp=com.example.dogglers/androidx.test.core.app.InstrumentationActivityInvoker$EmptyActivity }, activity=androidx.test.core.app.InstrumentationActivityInvoker$EmptyActivity@3d6b108
10-26 10:07:46.309   954  3923 D InputDispatcher: Focused application set to (0): 7d8cfdc
10-26 10:07:46.312   954  1015 D PersonaActivityHelper: Activity not in resumed state, do not run immediate lock
10-26 10:07:46.313   620   620 I Layer   : id=190491 Destroyed Surface(name=be23078 NavigationBar0)/@0x50010bd - animation-leash of insets_animation#1
10-26 10:07:46.313   620   620 I Layer   : id=190490 Destroyed Surface(name=2fa8401 StatusBar)/@0xf000e26 - animation-leash of insets_animation#1
10-26 10:07:46.314 18320 18355 D OpenGLRenderer: setSurface called with nullptr
10-26 10:07:46.314 18320 18355 D OpenGLRenderer: setSurface() destroyed EGLSurface
10-26 10:07:46.314 18320 18355 D OpenGLRenderer: destroyEglSurface
10-26 10:07:46.314   954  3956 D InputDispatcher: Focus entered window (0): 8a74ba8 com.example.dogglers/androidx.test.core.app.InstrumentationActivityInvoker$EmptyActivity
10-26 10:07:46.315   954  3956 V WindowManager: Relayout Window{98eb506 u0 com.example.dogglers/androidx.test.core.app.InstrumentationActivityInvoker$EmptyActivity}: viewVisibility=8 req=1080x2280 d0
10-26 10:07:46.316   954  3956 V WindowManager: Relayout hash=98eb506, pid=18320: mAttrs={(0,0)(fillxfill) sim={adjust=pan forwardNavigation} ty=BASE_APPLICATION wanim=0x1030001
10-26 10:07:46.316   954  3956 V WindowManager:   fl=1810100
10-26 10:07:46.316   954  3956 V WindowManager:   pfl=12020040
10-26 10:07:46.316   954  3956 V WindowManager:   apr=LIGHT_NAVIGATION_BARS
10-26 10:07:46.316   954  3956 V WindowManager:   bhv=DEFAULT
10-26 10:07:46.316   954  3956 V WindowManager:   fitSides= naviIconColor=0
10-26 10:07:46.316   954  3956 V WindowManager:   sfl=100000}
10-26 10:07:46.317 18320 18320 I ViewRootImpl@8b93287[InstrumentationActivityInvoker$EmptyActivity]: Relayout returned: old=(0,0,1080,2280) new=(0,0,1080,2280) req=(1080,2280)8 dur=1 res=0x5 s={false 0} ch=false fn=-1
10-26 10:07:46.317   620   620 D SurfaceFlinger: Display 0 HWC layers:
10-26 10:07:46.317   620   620 D SurfaceFlinger:      DEVICE | 0x7843dbc030 | 0102 | RGBA_8888    |    0.0    0.0 1080.0 2280.0 |    0    0 1080 2280 | com.example.dogglers/androidx.test.c[...]tivityInvoker$EmptyActivity$_18320#1
10-26 10:07:46.317   620   620 D SurfaceFlinger:      DEVICE | 0x7843dbb970 | 0100 | RGBA_8888    |    0.0    0.0 1080.0  112.0 |    0    0 1080  112 | StatusBar$_1348#0
10-26 10:07:46.317   620   620 D SurfaceFlinger:      DEVICE | 0x7843daab70 | 0100 | RGBA_8888    |    0.0    0.0   67.0  416.0 |    0  814   67 1230 | com.samsung.android.app.cocktailbars[...]arservice.CocktailBarService$_8198#0
10-26 10:07:46.317   620   620 D SurfaceFlinger:      DEVICE | 0x7843db97b0 | 0100 | RGBA_8888    |    0.0    0.0 1080.0  126.0 |    0 2154 1080 2280 | NavigationBar0$_1348#0
10-26 10:07:46.317   620   620 D SurfaceFlinger:
10-26 10:07:46.320 18320 18320 D LifecycleMonitor: Lifecycle status change: androidx.test.core.app.InstrumentationActivityInvoker$EmptyActivity@3d6b108 in: DESTROYED
10-26 10:07:46.321 18320 18320 V ActivityScenario: Activity lifecycle changed event received but ignored because the intent does not match. startActivityIntent=Intent { act=android.intent.action.MAIN cat=[android.intent.category.LAUNCHER] cmp=com.example.dogglers/.HorizontalListActivity }, activity.getIntent()=Intent { act=android.intent.action.MAIN cat=[android.intent.category.LAUNCHER] flg=0x10000000 cmp=com.example.dogglers/androidx.test.core.app.InstrumentationActivityInvoker$EmptyActivity }, activity=androidx.test.core.app.InstrumentationActivityInvoker$EmptyActivity@3d6b108
10-26 10:07:46.322 30071 30318 I Rubin   : [1169] LoggingEventHelper.notifyUpdatedWithValue(LoggingEventHelper.java:58) : Notify AppUsageLogger's database is updated.
10-26 10:07:46.322 18320 18355 D OpenGLRenderer: setSurface called with nullptr
10-26 10:07:46.322 18320 18320 I ViewRootImpl@8b93287[InstrumentationActivityInvoker$EmptyActivity]: dispatchDetachedFromWindow
10-26 10:07:46.322   954  3912 D InputTransport: Input channel destroyed: '98eb506', fd=1382
10-26 10:07:46.323   954  3912 W InputManager-JNI: Input channel object '98eb506 com.example.dogglers/androidx.test.core.app.InstrumentationActivityInvoker$EmptyActivity (client)' was disposed without first being removed with the input manager!
10-26 10:07:46.323   954  3912 D InputTransport: Input channel destroyed: '98eb506', fd=1393
10-26 10:07:46.324   620   642 I SurfaceFlinger: id=190498 createSurf (0x0),-1 flag=24004, Surface(name=2188bee InputMethod)/@0xe151908 - animation-leash of insets_animation#0
10-26 10:07:46.327 18320 18320 D InputTransport: Input channel destroyed: '98eb506', fd=114
10-26 10:07:46.330   620   620 I Layer   : id=190489 removeFromCurrentState com.example.dogglers/androidx.test.core.app.InstrumentationActivityInvoker$EmptyActivity$_18320#0 (184)
10-26 10:07:46.330   620   620 I Layer   : id=190488 removeFromCurrentState 98eb506 com.example.dogglers/androidx.test.core.app.InstrumentationActivityInvoker$EmptyActivity#0 (184)
10-26 10:07:46.330   620   620 I Layer   : id=190492 removeFromCurrentState Surface(name=2188bee InputMethod)/@0xe151908 - animation-leash of insets_animation#1 (184)
10-26 10:07:46.330   620   620 I SurfaceFlinger: id=190488 Removed 98eb506 com.example.dogglers/androidx.test.core.app.InstrumentationActivityInvoker$EmptyActivity#0 (184)
10-26 10:07:46.330   620   620 I SurfaceFlinger: id=190492 Removed Surface(name=2188bee InputMethod)/@0xe151908 - animation-leash of insets_animation#1 (184)
10-26 10:07:46.330   620   620 I SurfaceFlinger: id=190489 Removed com.example.dogglers/androidx.test.core.app.InstrumentationActivityInvoker$EmptyActivity$_18320#0 (184)
10-26 10:07:46.330   620   620 I Layer   : id=190488 Destroyed 98eb506 com.example.dogglers/androidx.test.core.app.InstrumentationActivityInvoker$EmptyActivity#0
10-26 10:07:46.330   620   620 I Layer   : id=190489 Destroyed com.example.dogglers/androidx.test.core.app.InstrumentationActivityInvoker$EmptyActivity$_18320#0
10-26 10:07:46.330   620   620 I Layer   : id=190492 Destroyed Surface(name=2188bee InputMethod)/@0xe151908 - animation-leash of insets_animation#1
10-26 10:07:46.331   954  3937 D InputDispatcher: Focus left window (0): 8a74ba8 com.example.dogglers/androidx.test.core.app.InstrumentationActivityInvoker$EmptyActivity
10-26 10:07:46.332 30071 30318 I Rubin   : [1169] ExercisingWithCmhMonitor.isSatisfiedByCmh(ExercisingWithCmhMonitor.java:121) : isSatisfiedByCmh is false
10-26 10:07:46.332 18320 18320 D LifecycleMonitor: Lifecycle status change: androidx.test.core.app.InstrumentationActivityInvoker$EmptyActivity@be89920 in: PAUSED
10-26 10:07:46.332 18320 18320 V ActivityScenario: Activity lifecycle changed event received but ignored because the intent does not match. startActivityIntent=Intent { act=android.intent.action.MAIN cat=[android.intent.category.LAUNCHER] cmp=com.example.dogglers/.HorizontalListActivity }, activity.getIntent()=Intent { act=android.intent.action.MAIN cat=[android.intent.category.LAUNCHER] flg=0x10000000 cmp=com.example.dogglers/androidx.test.core.app.InstrumentationActivityInvoker$EmptyActivity }, activity=androidx.test.core.app.InstrumentationActivityInvoker$EmptyActivity@be89920
10-26 10:07:46.334   954  3912 I SemDvfsHyPerManager: acquire hyper - AMS_APP_HOME/954@32, type = -999
10-26 10:07:46.335   529   535 E statsd  : Predicate 5980654721335871649 dropping data for dimension key (10)0x2010101->10988[I] (10)0x30000->*launch*[S]
10-26 10:07:46.335   529   535 E statsd  : Predicate -7037417284711607308 dropping data for dimension key (10)0x2010101->10988[I] (10)0x30000->*launch*[S]
10-26 10:07:46.336   566   611 I HYPER-HAL: [RequestManager.cpp]acquire(): Acquired ID : 486623  [954 / 32]    HINT : AMS_APP_HOME    list :
10-26 10:07:46.336  3825  3825 I SemDvfsHyPerManager: acquire hyper - APP_START_SHORT/3825@14, type = -999
10-26 10:07:46.336   566   611 I HYPER-HAL: [RequestManager.cpp]acquire(): Acquired ID : 7370894  [3825 / 14]    HINT : APP_START    list : [TIMEOUT / 1500]
10-26 10:07:46.336 26660 26660 I ViewRootImpl@623994e[LauncherActivity]: handleAppVisibility mAppVisible=false visible=true
10-26 10:07:46.340 18320 18320 I ViewRootImpl@78beb7f[InstrumentationActivityInvoker$EmptyActivity]: MSG_WINDOW_FOCUS_CHANGED 0 1
10-26 10:07:46.340   954  1015 I SemPersonaManager: SecureFolder personaId = 150
10-26 10:07:46.341 18320 18320 I ViewRootImpl@78beb7f[InstrumentationActivityInvoker$EmptyActivity]: MSG_WINDOW_FOCUS_CHANGED 0 1
10-26 10:07:46.341 18320 18346 I TestRunner: finished: horizontal_scroll_content_at_first_position(com.example.dogglers.HorizontalListTests)
