10-26 10:07:44.088   620   620 I Layer   : id=190391 Destroyed OneUiHome-BlurLayer#0
10-26 10:07:44.106   566 18600 I HYPER-HAL: [RequestManager.cpp]releaseLocked(): Released ID : 473870
10-26 10:07:44.176  3825  3825 I SemDvfsHyPerManager: acquire hyper - BaseTABoost/3825@21, type = 1090523139
10-26 10:07:44.177  3825  3825 I SemDvfsHyPerManager: acquire hyper - BaseTAToouchBoost/3825@23, type = 1090523139
10-26 10:07:44.177   566   611 I HYPER-HAL: [RequestManager.cpp]acquire(): Acquired ID : 7397802  [3825 / 21]    HINT :      list : [TABoost / 5]
10-26 10:07:44.177   566   611 I HYPER-HAL: [RequestManager.cpp]acquire(): Acquired ID : 7405499  [3825 / 23]    HINT :      list : [TABoost / 20] [TIMEOUT / 1500]
10-26 10:07:44.236   954  3956 D InputDispatcher: Inject motion (18320): action=0x1, time=779259169000000, f=0x0, d=0
10-26 10:07:44.236   954  1162 I InputDispatcher: Delivering touch to (18320): action: 0x1, f=0x0, d=0, '6cf94d1', t=0
10-26 10:07:44.238   954   954 I SemDvfsHyPerManager: acquire hyper - SMOOTH_SCROLL/954@23, type = -999
10-26 10:07:44.238   954   954 I SemDvfsHyPerManager: acquire hyper - GESTURE_DETECTED/954@24, type = -999
10-26 10:07:44.238   566   611 I HYPER-HAL: [RequestManager.cpp]acquire(): Acquired ID : 477776  [954 / 23]    HINT : SMOOTH_SCROLL    list :
10-26 10:07:44.238   954   954 I SemDvfsHyPerManager: acquire hyper - GESTURE_DETECTED/954@24, type = -999
10-26 10:07:44.238 18320 18320 I ViewRootImpl@6a5fe19[HorizontalListActivity]: ViewPostIme pointer 1
10-26 10:07:44.239   566   611 I HYPER-HAL: [RequestManager.cpp]releaseLocked(): Released ID : 477776
10-26 10:07:44.239   566   611 I HYPER-HAL: [RequestManager.cpp]acquire(): Acquired ID : 478755  [954 / 24]    HINT : GESTURE_DETECTED    list : [TIMEOUT / 1794]
10-26 10:07:44.239   566   611 I HYPER-HAL: [RequestManager.cpp]acquire(): Acquired ID : 478755  [954 / 24]    HINT : GESTURE_DETECTED    list : [TIMEOUT / 1794]
10-26 10:07:44.242   954   954 I SemDvfsHyPerManager: acquire hyper - SMOOTH_SCROLL/954@23, type = -999
10-26 10:07:44.242   566   611 I HYPER-HAL: [RequestManager.cpp]acquire(): Acquired ID : 477776  [954 / 23]    HINT : SMOOTH_SCROLL    list :
10-26 10:07:44.293 18320 18320 E VIEW TYPE: 0
10-26 10:07:44.308 18320 18320 I ViewInteraction: Checking 'MatchesViewAssertion{viewMatcher=(view has effective visibility <VISIBLE> and view.getGlobalVisibleRect() to return non-empty rectangle)}' assertion on view an instance of android.widget.TextView and view.getText() with or without transformation to match: is "Frankie"
10-26 10:07:44.312   954  3956 I SemDvfsHyPerManager: acquire hyper - AMS_ACT_START/954@17, type = -999
10-26 10:07:44.312   566   611 I HYPER-HAL: [RequestManager.cpp]acquire(): Acquired ID : 471923  [954 / 17]    HINT : AMS_ACT_START    list :
10-26 10:07:44.313   620  3677 I SurfaceFlinger: id=190414 createSurf (0x0),-1 flag=80004, ActivityRecord{b43c3e9 u0 com.example.dogglers/androidx.test.core.app.InstrumentationActivityInvoker$EmptyActivity t30241}#0
10-26 10:07:44.315   529   535 E statsd  : Predicate 5980654721335871649 dropping data for dimension key (10)0x2010101->10988[I] (10)0x30000->*launch*[S]
10-26 10:07:44.316   529   535 E statsd  : Predicate -7037417284711607308 dropping data for dimension key (10)0x2010101->10988[I] (10)0x30000->*launch*[S]
10-26 10:07:44.316   954  1015 D PersonaActivityHelper: Activity not in resumed state, do not run immediate lock
10-26 10:07:44.317 18320 18320 D LifecycleMonitor: Lifecycle status change: com.example.dogglers.HorizontalListActivity@607a9fb in: PAUSED
10-26 10:07:44.317 18320 18320 V ActivityScenario: Update currentActivityStage to PAUSED, currentActivity=com.example.dogglers.HorizontalListActivity@607a9fb
10-26 10:07:44.320   954  3917 D InputDispatcher: Focused application set to (0): b43c3e9
10-26 10:07:44.324   954  1015 I SemPersonaManager: SecureFolder personaId = 150
10-26 10:07:44.327 18320 18320 D LifecycleMonitor: Lifecycle status change: androidx.test.core.app.InstrumentationActivityInvoker$EmptyActivity@44e1750 in: PRE_ON_CREATE
10-26 10:07:44.327 18320 18320 V ActivityScenario: Activity lifecycle changed event received but ignored because the intent does not match. startActivityIntent=Intent { act=android.intent.action.MAIN cat=[android.intent.category.LAUNCHER] cmp=com.example.dogglers/.HorizontalListActivity }, activity.getIntent()=Intent { act=android.intent.action.MAIN cat=[android.intent.category.LAUNCHER] flg=0x10000000 cmp=com.example.dogglers/androidx.test.core.app.InstrumentationActivityInvoker$EmptyActivity }, activity=androidx.test.core.app.InstrumentationActivityInvoker$EmptyActivity@44e1750
10-26 10:07:44.328   954  1015 D EnterpriseDeviceManagerService: isMdmAdminPresentInternal() : MDM Admin Found - com.samsung.knox.securefolder
10-26 10:07:44.330  8198  8198 I Utils   : HomePackage : com.sec.android.app.launcher, resumePackageName : com.example.dogglers
10-26 10:07:44.335 18320 18320 I DecorView: [INFO] isPopOver=false, config=true
10-26 10:07:44.335 18320 18320 I DecorView: updateCaptionType >> DecorView@289c64e[], isFloating=false, isApplication=true, hasWindowControllerCallback=true, hasWindowDecorCaption=false
10-26 10:07:44.335 18320 18320 D DecorView: setCaptionType = 0, this = DecorView@289c64e[]
10-26 10:07:44.336 18320 18320 I DecorView: getCurrentDensityDpi: from real metrics. densityDpi=420 msg=resources_loaded
10-26 10:07:44.336 18320 18320 D LifecycleMonitor: Lifecycle status change: androidx.test.core.app.InstrumentationActivityInvoker$EmptyActivity@44e1750 in: CREATED
10-26 10:07:44.336 18320 18320 V ActivityScenario: Activity lifecycle changed event received but ignored because the intent does not match. startActivityIntent=Intent { act=android.intent.action.MAIN cat=[android.intent.category.LAUNCHER] cmp=com.example.dogglers/.HorizontalListActivity }, activity.getIntent()=Intent { act=android.intent.action.MAIN cat=[android.intent.category.LAUNCHER] flg=0x10000000 cmp=com.example.dogglers/androidx.test.core.app.InstrumentationActivityInvoker$EmptyActivity }, activity=androidx.test.core.app.InstrumentationActivityInvoker$EmptyActivity@44e1750
10-26 10:07:44.337 18320 18320 D LifecycleMonitor: Lifecycle status change: androidx.test.core.app.InstrumentationActivityInvoker$EmptyActivity@44e1750 in: STARTED
10-26 10:07:44.337 18320 18320 V ActivityScenario: Activity lifecycle changed event received but ignored because the intent does not match. startActivityIntent=Intent { act=android.intent.action.MAIN cat=[android.intent.category.LAUNCHER] cmp=com.example.dogglers/.HorizontalListActivity }, activity.getIntent()=Intent { act=android.intent.action.MAIN cat=[android.intent.category.LAUNCHER] flg=0x10000000 cmp=com.example.dogglers/androidx.test.core.app.InstrumentationActivityInvoker$EmptyActivity }, activity=androidx.test.core.app.InstrumentationActivityInvoker$EmptyActivity@44e1750
10-26 10:07:44.338 18320 18320 D LifecycleMonitor: Lifecycle status change: androidx.test.core.app.InstrumentationActivityInvoker$EmptyActivity@44e1750 in: RESUMED
10-26 10:07:44.338 18320 18320 V ActivityScenario: Activity lifecycle changed event received but ignored because the intent does not match. startActivityIntent=Intent { act=android.intent.action.MAIN cat=[android.intent.category.LAUNCHER] cmp=com.example.dogglers/.HorizontalListActivity }, activity.getIntent()=Intent { act=android.intent.action.MAIN cat=[android.intent.category.LAUNCHER] flg=0x10000000 cmp=com.example.dogglers/androidx.test.core.app.InstrumentationActivityInvoker$EmptyActivity }, activity=androidx.test.core.app.InstrumentationActivityInvoker$EmptyActivity@44e1750
10-26 10:07:44.339   954  3956 D InputDispatcher: Focus left window (0): 6cf94d1 com.example.dogglers/com.example.dogglers.HorizontalListActivity
10-26 10:07:44.342   954  3956 D InputTransport: Input channel constructed: 'c756e34', fd=1278
10-26 10:07:44.342   954  3956 D InputTransport: Input channel constructed: 'c756e34', fd=1282
10-26 10:07:44.342   954  3956 D InputTransport: Input channel constructed: 'c756e34', fd=1283
10-26 10:07:44.342   620  2717 I SurfaceFlinger: id=190415 createSurf (0x0),-1 flag=80004, c756e34 com.example.dogglers/androidx.test.core.app.InstrumentationActivityInvoker$EmptyActivity#0
10-26 10:07:44.343   954  3956 D InputTransport: Input channel destroyed: 'c756e34', fd=1283
10-26 10:07:44.344 18320 18320 I ViewRootImpl@d69636f[InstrumentationActivityInvoker$EmptyActivity]: setView = com.android.internal.policy.DecorView@289c64e TM=true
10-26 10:07:44.344   954  1054 D AnalyticsContainerHandler: handleMessage : { when=0 what=1 target=com.android.server.knox.KnoxAnalyticsContainer$AnalyticsHandler }
10-26 10:07:44.346   954  3956 V WindowManager: Relayout Window{c756e34 u0 com.example.dogglers/androidx.test.core.app.InstrumentationActivityInvoker$EmptyActivity}: viewVisibility=0 req=1080x2280 d0
10-26 10:07:44.347   620  2717 I SurfaceFlinger: id=190416 createSurf (1x1),-3 flag=40004, com.example.dogglers/androidx.test.core.app.InstrumentationActivityInvoker$EmptyActivity$_18320#0
10-26 10:07:44.349   620  2717 I SurfaceFlinger: id=190417 createSurf (0x0),-1 flag=24000, Surface(name=2fa8401 StatusBar)/@0xf000e26 - animation-leash of insets_animation#0
10-26 10:07:44.350   620  2717 I SurfaceFlinger: id=190418 createSurf (0x0),-1 flag=24000, Surface(name=be23078 NavigationBar0)/@0x50010bd - animation-leash of insets_animation#0
10-26 10:07:44.352   954  3956 V WindowManager: Relayout hash=c756e34, pid=18320: mAttrs={(0,0)(fillxfill) sim={adjust=pan forwardNavigation} ty=BASE_APPLICATION wanim=0x1030001
10-26 10:07:44.352   954  3956 V WindowManager:   fl=1810100
10-26 10:07:44.352   954  3956 V WindowManager:   pfl=12020040
10-26 10:07:44.352   954  3956 V WindowManager:   apr=LIGHT_NAVIGATION_BARS
10-26 10:07:44.352   954  3956 V WindowManager:   bhv=DEFAULT
10-26 10:07:44.352   954  3956 V WindowManager:   fitSides= naviIconColor=0
10-26 10:07:44.352   954  3956 V WindowManager:   sfl=100000}
10-26 10:07:44.353 18320 18320 I ViewRootImpl@d69636f[InstrumentationActivityInvoker$EmptyActivity]: Relayout returned: old=(0,0,1080,2280) new=(0,0,1080,2280) req=(1080,2280)0 dur=6 res=0x7 s={true 515080663664} ch=true fn=-1
10-26 10:07:44.354 18320 18355 D OpenGLRenderer: eglCreateWindowSurface
10-26 10:07:44.354 18320 18320 I ViewRootImpl@d69636f[InstrumentationActivityInvoker$EmptyActivity]: [DP] dp(1) 1 android.view.ViewRootImpl.reportNextDraw:11420 android.view.ViewRootImpl.performTraversals:4193 android.view.ViewRootImpl.doTraversal:2919
10-26 10:07:44.360 18320 18320 I ViewRootImpl@d69636f[InstrumentationActivityInvoker$EmptyActivity]: [DP] pdf(0) 1 android.view.ViewRootImpl.lambda$addFrameCompleteCallbackIfNeeded$3$ViewRootImpl:4995 android.view.ViewRootImpl$$ExternalSyntheticLambda16.run:6 android.os.Handler.handleCallback:938
10-26 10:07:44.360 18320 18320 I ViewRootImpl@d69636f[InstrumentationActivityInvoker$EmptyActivity]: [DP] rdf()
10-26 10:07:44.360 18320 18320 D ViewRootImpl@d69636f[InstrumentationActivityInvoker$EmptyActivity]: reportDrawFinished (fn: -1)
10-26 10:07:44.362   954  1012 I ActivityTaskManager: Displayed com.example.dogglers/androidx.test.core.app.InstrumentationActivityInvoker$EmptyActivity: +50ms
10-26 10:07:44.362   954  1016 I SemDvfsHyPerManager: acquire hyper - AMS_RESUME_TAIL/954@19, type = -999
10-26 10:07:44.362   954  1016 I SemDvfsHyPerManager: acquire hyper - AMS_ACT_LAZY/954@20, type = -999
10-26 10:07:44.362   566   611 I HYPER-HAL: [RequestManager.cpp]acquire(): Acquired ID : 473870  [954 / 19]    HINT : AMS_RESUME_TAIL    list :
10-26 10:07:44.363   566   611 I HYPER-HAL: [RequestManager.cpp]releaseLocked(): Released ID : 471923
10-26 10:07:44.363 18320 18320 I ViewRootImpl@6a5fe19[HorizontalListActivity]: MSG_WINDOW_FOCUS_CHANGED 0 1
10-26 10:07:44.363  2946  2946 E pageboostd: Received HALT command code 2
10-26 10:07:44.365 18320 18320 D InsetsSourceConsumer: ensureControlAlpha: for ITYPE_NAVIGATION_BAR on com.example.dogglers/androidx.test.core.app.InstrumentationActivityInvoker$EmptyActivity
10-26 10:07:44.366 18320 18320 D InsetsSourceConsumer: ensureControlAlpha: for ITYPE_STATUS_BAR on com.example.dogglers/androidx.test.core.app.InstrumentationActivityInvoker$EmptyActivity
10-26 10:07:44.368 18320 18320 I ViewRootImpl@6a5fe19[HorizontalListActivity]: handleAppVisibility mAppVisible=true visible=false
10-26 10:07:44.369 18320 18320 I ViewRootImpl@6a5fe19[HorizontalListActivity]: stopped(true) old=false
10-26 10:07:44.370 18320 18320 D LifecycleMonitor: Lifecycle status change: com.example.dogglers.HorizontalListActivity@607a9fb in: STOPPED
10-26 10:07:44.370 18320 18320 V ActivityScenario: Update currentActivityStage to STOPPED, currentActivity=com.example.dogglers.HorizontalListActivity@607a9fb
10-26 10:07:44.371 18320 18320 D LifecycleMonitor: Lifecycle status change: com.example.dogglers.HorizontalListActivity@607a9fb in: DESTROYED
10-26 10:07:44.371 18320 18320 V ActivityScenario: Update currentActivityStage to DESTROYED, currentActivity=null
10-26 10:07:44.372   620   620 I Layer   : id=190409 removeFromCurrentState Surface(name=2fa8401 StatusBar)/@0xf000e26 - animation-leash of insets_animation#1 (190)
10-26 10:07:44.372   620   620 I Layer   : id=190410 removeFromCurrentState Surface(name=be23078 NavigationBar0)/@0x50010bd - animation-leash of insets_animation#1 (190)
10-26 10:07:44.372   620   620 I SurfaceFlinger: id=190409 Removed Surface(name=2fa8401 StatusBar)/@0xf000e26 - animation-leash of insets_animation#1 (190)
10-26 10:07:44.372   620   620 I SurfaceFlinger: id=190410 Removed Surface(name=be23078 NavigationBar0)/@0x50010bd - animation-leash of insets_animation#1 (190)
10-26 10:07:44.373   620   620 I Layer   : id=190409 Destroyed Surface(name=2fa8401 StatusBar)/@0xf000e26 - animation-leash of insets_animation#1
10-26 10:07:44.373   620   620 I Layer   : id=190410 Destroyed Surface(name=be23078 NavigationBar0)/@0x50010bd - animation-leash of insets_animation#1
10-26 10:07:44.373   954  3917 D InputDispatcher: Focus entered window (0): c756e34 com.example.dogglers/androidx.test.core.app.InstrumentationActivityInvoker$EmptyActivity
10-26 10:07:44.374 18320 18355 D OpenGLRenderer: setSurface called with nullptr
10-26 10:07:44.374 18320 18355 D OpenGLRenderer: setSurface() destroyed EGLSurface
10-26 10:07:44.374 18320 18355 D OpenGLRenderer: destroyEglSurface
10-26 10:07:44.375 18320 18320 I ViewRootImpl@6a5fe19[HorizontalListActivity]: dispatchDetachedFromWindow
10-26 10:07:44.376   954  3956 I SemDvfsHyPerManager: acquire hyper - AMS_ACT_START/954@17, type = -999
10-26 10:07:44.376   566   611 I HYPER-HAL: [RequestManager.cpp]acquire(): Acquired ID : 471923  [954 / 17]    HINT : AMS_ACT_START    list :
10-26 10:07:44.377   620   810 I SurfaceFlinger: id=190419 createSurf (0x0),-1 flag=80004, ActivityRecord{3d9892a u0 com.example.dogglers/androidx.test.core.app.InstrumentationActivityInvoker$EmptyActivity t30241}#0
10-26 10:07:44.377   620   620 D SurfaceFlinger: Display 0 HWC layers:
10-26 10:07:44.377   620   620 D SurfaceFlinger:      DEVICE | 0x7843db0210 | 0102 | RGBA_8888    |    0.0    0.0 1080.0 2280.0 |    0    0 1080 2280 | com.example.dogglers/androidx.test.c[...]tivityInvoker$EmptyActivity$_18320#0
10-26 10:07:44.377   620   620 D SurfaceFlinger:      DEVICE | 0x7843dbb970 | 0100 | RGBA_8888    |    0.0    0.0 1080.0  112.0 |    0    0 1080  112 | StatusBar$_1348#0
10-26 10:07:44.377   620   620 D SurfaceFlinger:      DEVICE | 0x7843daab70 | 0100 | RGBA_8888    |    0.0    0.0   67.0  416.0 |    0  814   67 1230 | com.samsung.android.app.cocktailbars[...]arservice.CocktailBarService$_8198#0
10-26 10:07:44.377   620   620 D SurfaceFlinger:      DEVICE | 0x7843da89b0 | 0100 | RGBA_8888    |    0.0    0.0 1080.0  126.0 |    0 2154 1080 2280 | NavigationBar0$_1348#0
10-26 10:07:44.377   620   620 D SurfaceFlinger:
10-26 10:07:44.382   954  3912 D InputTransport: Input channel destroyed: '6cf94d1', fd=1201
10-26 10:07:44.382   954  3912 W InputManager-JNI: Input channel object '6cf94d1 com.example.dogglers/com.example.dogglers.HorizontalListActivity (client)' was disposed without first being removed with the input manager!
10-26 10:07:44.382   954  3912 D InputTransport: Input channel destroyed: '6cf94d1', fd=1267
10-26 10:07:44.382   620   810 I SurfaceFlinger: id=190420 createSurf (0x0),-1 flag=24004, Surface(name=2188bee InputMethod)/@0xe151908 - animation-leash of insets_animation#0
10-26 10:07:44.385   954  1015 D PersonaActivityHelper: Activity not in resumed state, do not run immediate lock
10-26 10:07:44.385 18320 18320 D InputTransport: Input channel destroyed: '6cf94d1', fd=97
10-26 10:07:44.388   620   620 I Layer   : id=190408 removeFromCurrentState com.example.dogglers/com.example.dogglers.HorizontalListActivity$_18320#0 (190)
10-26 10:07:44.388   620   620 I Layer   : id=190407 removeFromCurrentState 6cf94d1 com.example.dogglers/com.example.dogglers.HorizontalListActivity#0 (190)
10-26 10:07:44.388   620   620 I Layer   : id=190412 removeFromCurrentState Surface(name=2188bee InputMethod)/@0xe151908 - animation-leash of insets_animation#1 (190)
10-26 10:07:44.388   620   620 I SurfaceFlinger: id=190407 Removed 6cf94d1 com.example.dogglers/com.example.dogglers.HorizontalListActivity#0 (190)
10-26 10:07:44.388   620   620 I SurfaceFlinger: id=190412 Removed Surface(name=2188bee InputMethod)/@0xe151908 - animation-leash of insets_animation#1 (190)
10-26 10:07:44.389   620   620 I Layer   : id=190407 Destroyed 6cf94d1 com.example.dogglers/com.example.dogglers.HorizontalListActivity#0
10-26 10:07:44.389   620   620 I Layer   : id=190412 Destroyed Surface(name=2188bee InputMethod)/@0xe151908 - animation-leash of insets_animation#1
10-26 10:07:44.391   566   611 I HYPER-HAL: [RequestManager.cpp]releaseLocked(): Released ID : 477776
10-26 10:07:44.391 18320 18320 D LifecycleMonitor: Lifecycle status change: androidx.test.core.app.InstrumentationActivityInvoker$EmptyActivity@44e1750 in: PAUSED
10-26 10:07:44.391 18320 18320 V ActivityScenario: Activity lifecycle changed event received but ignored because the intent does not match. startActivityIntent=Intent { act=android.intent.action.MAIN cat=[android.intent.category.LAUNCHER] cmp=com.example.dogglers/.HorizontalListActivity }, activity.getIntent()=Intent { act=android.intent.action.MAIN cat=[android.intent.category.LAUNCHER] flg=0x10000000 cmp=com.example.dogglers/androidx.test.core.app.InstrumentationActivityInvoker$EmptyActivity }, activity=androidx.test.core.app.InstrumentationActivityInvoker$EmptyActivity@44e1750
10-26 10:07:44.391   620  3677 I SurfaceFlinger: id=190408 Removed com.example.dogglers/com.example.dogglers.HorizontalListActivity$_18320#0 (188)
10-26 10:07:44.394   954  3912 D InputDispatcher: Focused application set to (0): 3d9892a
10-26 10:07:44.397 18320 18320 I ViewRootImpl@d69636f[InstrumentationActivityInvoker$EmptyActivity]: MSG_WINDOW_FOCUS_CHANGED 1 1
10-26 10:07:44.397   954  1015 I SemPersonaManager: SecureFolder personaId = 150
10-26 10:07:44.398 18320 18320 D InputMethodManager: startInputInner - Id : 0
10-26 10:07:44.398 18320 18320 I InputMethodManager: startInputInner - mService.startInputOrWindowGainedFocus
10-26 10:07:44.399   954  3912 D InputMethodManagerServicePhysicalKey: isConnectedDexOnPC false
10-26 10:07:44.399   954  3912 D InputMethodManagerService: isImeSwitcherDisabledPackage : false
10-26 10:07:44.401   954  1015 D EnterpriseDeviceManagerService: isMdmAdminPresentInternal() : MDM Admin Found - com.samsung.knox.securefolder
10-26 10:07:44.403  8198  8198 I Utils   : HomePackage : com.sec.android.app.launcher, resumePackageName : com.example.dogglers
10-26 10:07:44.403 18320 18320 D LifecycleMonitor: Lifecycle status change: androidx.test.core.app.InstrumentationActivityInvoker$BootstrapActivity@e11db00 in: DESTROYED
10-26 10:07:44.403 18320 18320 V ActivityScenario: Activity lifecycle changed event received but ignored because the intent does not match. startActivityIntent=Intent { act=android.intent.action.MAIN cat=[android.intent.category.LAUNCHER] cmp=com.example.dogglers/.HorizontalListActivity }, activity.getIntent()=Intent { act=android.intent.action.MAIN cat=[android.intent.category.LAUNCHER] flg=0x10008000 cmp=com.example.dogglers/androidx.test.core.app.InstrumentationActivityInvoker$BootstrapActivity (has extras) }, activity=androidx.test.core.app.InstrumentationActivityInvoker$BootstrapActivity@e11db00
10-26 10:07:44.405   620   620 I Layer   : id=190406 removeFromCurrentState ActivityRecord{5418312 u0 com.example.dogglers/.HorizontalListActivity t30241}#0 (188)
10-26 10:07:44.405   620   620 I SurfaceFlinger: id=190406 Removed ActivityRecord{5418312 u0 com.example.dogglers/.HorizontalListActivity t30241}#0 (188)
10-26 10:07:44.406   620   620 I Layer   : id=190408 Destroyed com.example.dogglers/com.example.dogglers.HorizontalListActivity$_18320#0
10-26 10:07:44.406   620   620 I Layer   : id=190406 Destroyed ActivityRecord{5418312 u0 com.example.dogglers/.HorizontalListActivity t30241}#0
10-26 10:07:44.409 18320 18320 D LifecycleMonitor: Lifecycle status change: androidx.test.core.app.InstrumentationActivityInvoker$EmptyActivity@d245167 in: PRE_ON_CREATE
10-26 10:07:44.409 18320 18320 V ActivityScenario: Activity lifecycle changed event received but ignored because the intent does not match. startActivityIntent=Intent { act=android.intent.action.MAIN cat=[android.intent.category.LAUNCHER] cmp=com.example.dogglers/.HorizontalListActivity }, activity.getIntent()=Intent { act=android.intent.action.MAIN cat=[android.intent.category.LAUNCHER] flg=0x10000000 cmp=com.example.dogglers/androidx.test.core.app.InstrumentationActivityInvoker$EmptyActivity }, activity=androidx.test.core.app.InstrumentationActivityInvoker$EmptyActivity@d245167
10-26 10:07:44.414 18320 18320 I DecorView: [INFO] isPopOver=false, config=true
10-26 10:07:44.414 18320 18320 I DecorView: updateCaptionType >> DecorView@1e76fbd[], isFloating=false, isApplication=true, hasWindowControllerCallback=true, hasWindowDecorCaption=false
10-26 10:07:44.414 18320 18320 D DecorView: setCaptionType = 0, this = DecorView@1e76fbd[]
10-26 10:07:44.416 18320 18320 I DecorView: getCurrentDensityDpi: from real metrics. densityDpi=420 msg=resources_loaded
10-26 10:07:44.416 18320 18320 D LifecycleMonitor: Lifecycle status change: androidx.test.core.app.InstrumentationActivityInvoker$EmptyActivity@d245167 in: CREATED
10-26 10:07:44.417 18320 18320 V ActivityScenario: Activity lifecycle changed event received but ignored because the intent does not match. startActivityIntent=Intent { act=android.intent.action.MAIN cat=[android.intent.category.LAUNCHER] cmp=com.example.dogglers/.HorizontalListActivity }, activity.getIntent()=Intent { act=android.intent.action.MAIN cat=[android.intent.category.LAUNCHER] flg=0x10000000 cmp=com.example.dogglers/androidx.test.core.app.InstrumentationActivityInvoker$EmptyActivity }, activity=androidx.test.core.app.InstrumentationActivityInvoker$EmptyActivity@d245167
10-26 10:07:44.418 18320 18320 D LifecycleMonitor: Lifecycle status change: androidx.test.core.app.InstrumentationActivityInvoker$EmptyActivity@d245167 in: STARTED
10-26 10:07:44.418 18320 18320 V ActivityScenario: Activity lifecycle changed event received but ignored because the intent does not match. startActivityIntent=Intent { act=android.intent.action.MAIN cat=[android.intent.category.LAUNCHER] cmp=com.example.dogglers/.HorizontalListActivity }, activity.getIntent()=Intent { act=android.intent.action.MAIN cat=[android.intent.category.LAUNCHER] flg=0x10000000 cmp=com.example.dogglers/androidx.test.core.app.InstrumentationActivityInvoker$EmptyActivity }, activity=androidx.test.core.app.InstrumentationActivityInvoker$EmptyActivity@d245167
10-26 10:07:44.419 18320 18320 D LifecycleMonitor: Lifecycle status change: androidx.test.core.app.InstrumentationActivityInvoker$EmptyActivity@d245167 in: RESUMED
10-26 10:07:44.419 18320 18320 V ActivityScenario: Activity lifecycle changed event received but ignored because the intent does not match. startActivityIntent=Intent { act=android.intent.action.MAIN cat=[android.intent.category.LAUNCHER] cmp=com.example.dogglers/.HorizontalListActivity }, activity.getIntent()=Intent { act=android.intent.action.MAIN cat=[android.intent.category.LAUNCHER] flg=0x10000000 cmp=com.example.dogglers/androidx.test.core.app.InstrumentationActivityInvoker$EmptyActivity }, activity=androidx.test.core.app.InstrumentationActivityInvoker$EmptyActivity@d245167
10-26 10:07:44.422   620   620 I Layer   : id=190399 removeFromCurrentState ActivityRecord{cae43b2 u0 com.example.dogglers/androidx.test.core.app.InstrumentationActivityInvoker$BootstrapActivity t30241}#0 (186)
10-26 10:07:44.422   620   620 I SurfaceFlinger: id=190399 Removed ActivityRecord{cae43b2 u0 com.example.dogglers/androidx.test.core.app.InstrumentationActivityInvoker$BootstrapActivity t30241}#0 (186)
10-26 10:07:44.422   620   620 I Layer   : id=190399 Destroyed ActivityRecord{cae43b2 u0 com.example.dogglers/androidx.test.core.app.InstrumentationActivityInvoker$BootstrapActivity t30241}#0
10-26 10:07:44.423   954  3956 D InputDispatcher: Focus left window (0): c756e34 com.example.dogglers/androidx.test.core.app.InstrumentationActivityInvoker$EmptyActivity
10-26 10:07:44.423   954  3912 D InputTransport: Input channel constructed: '3fe90da', fd=1283
10-26 10:07:44.423   954  3912 D InputTransport: Input channel constructed: '3fe90da', fd=1292
10-26 10:07:44.423   954  3912 D InputTransport: Input channel constructed: '3fe90da', fd=1312
10-26 10:07:44.423   620   810 I SurfaceFlinger: id=190421 createSurf (0x0),-1 flag=80004, 3fe90da com.example.dogglers/androidx.test.core.app.InstrumentationActivityInvoker$EmptyActivity#0
10-26 10:07:44.424   954  3912 D InputTransport: Input channel destroyed: '3fe90da', fd=1312
10-26 10:07:44.425 18320 18320 I ViewRootImpl@cc459b2[InstrumentationActivityInvoker$EmptyActivity]: setView = com.android.internal.policy.DecorView@1e76fbd TM=true
10-26 10:07:44.425   954  1054 D AnalyticsContainerHandler: handleMessage : { when=0 what=1 target=com.android.server.knox.KnoxAnalyticsContainer$AnalyticsHandler }
10-26 10:07:44.427   954  3912 V WindowManager: Relayout Window{3fe90da u0 com.example.dogglers/androidx.test.core.app.InstrumentationActivityInvoker$EmptyActivity}: viewVisibility=0 req=1080x2280 d0
10-26 10:07:44.427   620   810 I SurfaceFlinger: id=190422 createSurf (1x1),-3 flag=40004, com.example.dogglers/androidx.test.core.app.InstrumentationActivityInvoker$EmptyActivity$_18320#1
10-26 10:07:44.431   620   810 I SurfaceFlinger: id=190423 createSurf (0x0),-1 flag=24000, Surface(name=2fa8401 StatusBar)/@0xf000e26 - animation-leash of insets_animation#1
10-26 10:07:44.431   620   810 I SurfaceFlinger: id=190424 createSurf (0x0),-1 flag=24000, Surface(name=be23078 NavigationBar0)/@0x50010bd - animation-leash of insets_animation#1
10-26 10:07:44.432   954  3912 V WindowManager: Relayout hash=3fe90da, pid=18320: mAttrs={(0,0)(fillxfill) sim={adjust=pan forwardNavigation} ty=BASE_APPLICATION wanim=0x1030001
10-26 10:07:44.432   954  3912 V WindowManager:   fl=1810100
10-26 10:07:44.432   954  3912 V WindowManager:   pfl=12020040
10-26 10:07:44.432   954  3912 V WindowManager:   apr=LIGHT_NAVIGATION_BARS
10-26 10:07:44.432   954  3912 V WindowManager:   bhv=DEFAULT
10-26 10:07:44.432   954  3912 V WindowManager:   fitSides= naviIconColor=0
10-26 10:07:44.432   954  3912 V WindowManager:   sfl=100000}
10-26 10:07:44.434 18320 18320 I ViewRootImpl@cc459b2[InstrumentationActivityInvoker$EmptyActivity]: Relayout returned: old=(0,0,1080,2280) new=(0,0,1080,2280) req=(1080,2280)0 dur=6 res=0x7 s={true 515080681104} ch=true fn=-1
10-26 10:07:44.435 18320 18355 D OpenGLRenderer: eglCreateWindowSurface
10-26 10:07:44.436 18320 18320 I ViewRootImpl@cc459b2[InstrumentationActivityInvoker$EmptyActivity]: [DP] dp(1) 1 android.view.ViewRootImpl.reportNextDraw:11420 android.view.ViewRootImpl.performTraversals:4193 android.view.ViewRootImpl.doTraversal:2919
10-26 10:07:44.441 18320 18320 I ViewRootImpl@cc459b2[InstrumentationActivityInvoker$EmptyActivity]: [DP] pdf(0) 1 android.view.ViewRootImpl.lambda$addFrameCompleteCallbackIfNeeded$3$ViewRootImpl:4995 android.view.ViewRootImpl$$ExternalSyntheticLambda16.run:6 android.os.Handler.handleCallback:938
10-26 10:07:44.441 18320 18320 I ViewRootImpl@cc459b2[InstrumentationActivityInvoker$EmptyActivity]: [DP] rdf()
10-26 10:07:44.441 18320 18320 D ViewRootImpl@cc459b2[InstrumentationActivityInvoker$EmptyActivity]: reportDrawFinished (fn: -1)
10-26 10:07:44.442 18320 18320 I ViewRootImpl@d69636f[InstrumentationActivityInvoker$EmptyActivity]: MSG_WINDOW_FOCUS_CHANGED 0 1
10-26 10:07:44.443   954  1012 I ActivityTaskManager: Displayed com.example.dogglers/androidx.test.core.app.InstrumentationActivityInvoker$EmptyActivity: +68ms
10-26 10:07:44.444   954  1016 I SemDvfsHyPerManager: acquire hyper - AMS_RESUME_TAIL/954@19, type = -999
10-26 10:07:44.444   954  1016 I SemDvfsHyPerManager: acquire hyper - AMS_ACT_LAZY/954@20, type = -999
10-26 10:07:44.444  2946  2946 E pageboostd: Received HALT command code 2
10-26 10:07:44.444   566   611 I HYPER-HAL: [RequestManager.cpp]acquire(): Acquired ID : 473870  [954 / 19]    HINT : AMS_RESUME_TAIL    list :
10-26 10:07:44.444   566   611 I HYPER-HAL: [RequestManager.cpp]releaseLocked(): Released ID : 471923
10-26 10:07:44.447 18320 18320 D InsetsSourceConsumer: ensureControlAlpha: for ITYPE_NAVIGATION_BAR on com.example.dogglers/androidx.test.core.app.InstrumentationActivityInvoker$EmptyActivity
10-26 10:07:44.448 18320 18320 D InsetsSourceConsumer: ensureControlAlpha: for ITYPE_STATUS_BAR on com.example.dogglers/androidx.test.core.app.InstrumentationActivityInvoker$EmptyActivity
10-26 10:07:44.448 18320 18320 I ViewRootImpl@d69636f[InstrumentationActivityInvoker$EmptyActivity]: handleAppVisibility mAppVisible=true visible=false
10-26 10:07:44.449 18320 18320 I ViewRootImpl@d69636f[InstrumentationActivityInvoker$EmptyActivity]: stopped(true) old=false
10-26 10:07:44.449 18320 18320 D LifecycleMonitor: Lifecycle status change: androidx.test.core.app.InstrumentationActivityInvoker$EmptyActivity@44e1750 in: STOPPED
10-26 10:07:44.449 18320 18320 V ActivityScenario: Activity lifecycle changed event received but ignored because the intent does not match. startActivityIntent=Intent { act=android.intent.action.MAIN cat=[android.intent.category.LAUNCHER] cmp=com.example.dogglers/.HorizontalListActivity }, activity.getIntent()=Intent { act=android.intent.action.MAIN cat=[android.intent.category.LAUNCHER] flg=0x10000000 cmp=com.example.dogglers/androidx.test.core.app.InstrumentationActivityInvoker$EmptyActivity }, activity=androidx.test.core.app.InstrumentationActivityInvoker$EmptyActivity@44e1750
10-26 10:07:44.452   954  3912 D InputDispatcher: Focused application set to (0): 7d8cfdc
10-26 10:07:44.454   954  1015 D PersonaActivityHelper: Activity not in resumed state, do not run immediate lock
10-26 10:07:44.455   620   620 I Layer   : id=190417 removeFromCurrentState Surface(name=2fa8401 StatusBar)/@0xf000e26 - animation-leash of insets_animation#0 (189)
10-26 10:07:44.455   620   620 I Layer   : id=190418 removeFromCurrentState Surface(name=be23078 NavigationBar0)/@0x50010bd - animation-leash of insets_animation#0 (189)
10-26 10:07:44.455   620   620 I SurfaceFlinger: id=190417 Removed Surface(name=2fa8401 StatusBar)/@0xf000e26 - animation-leash of insets_animation#0 (189)
10-26 10:07:44.455   620   620 I SurfaceFlinger: id=190418 Removed Surface(name=be23078 NavigationBar0)/@0x50010bd - animation-leash of insets_animation#0 (189)
10-26 10:07:44.456   620   620 I Layer   : id=190417 Destroyed Surface(name=2fa8401 StatusBar)/@0xf000e26 - animation-leash of insets_animation#0
10-26 10:07:44.456   620   620 I Layer   : id=190418 Destroyed Surface(name=be23078 NavigationBar0)/@0x50010bd - animation-leash of insets_animation#0
10-26 10:07:44.456 18320 18355 D OpenGLRenderer: setSurface called with nullptr
10-26 10:07:44.456 18320 18355 D OpenGLRenderer: setSurface() destroyed EGLSurface
10-26 10:07:44.456 18320 18355 D OpenGLRenderer: destroyEglSurface
10-26 10:07:44.456   954  3912 D InputDispatcher: Focus entered window (0): 3fe90da com.example.dogglers/androidx.test.core.app.InstrumentationActivityInvoker$EmptyActivity
10-26 10:07:44.458   954  3956 V WindowManager: Relayout Window{c756e34 u0 com.example.dogglers/androidx.test.core.app.InstrumentationActivityInvoker$EmptyActivity}: viewVisibility=8 req=1080x2280 d0
10-26 10:07:44.460   954  3956 V WindowManager: Relayout hash=c756e34, pid=18320: mAttrs={(0,0)(fillxfill) sim={adjust=pan forwardNavigation} ty=BASE_APPLICATION wanim=0x1030001
10-26 10:07:44.460   954  3956 V WindowManager:   fl=1810100
10-26 10:07:44.460   954  3956 V WindowManager:   pfl=12020040
10-26 10:07:44.460   954  3956 V WindowManager:   apr=LIGHT_NAVIGATION_BARS
10-26 10:07:44.460   954  3956 V WindowManager:   bhv=DEFAULT
10-26 10:07:44.460   954  3956 V WindowManager:   fitSides= naviIconColor=0
10-26 10:07:44.460   954  3956 V WindowManager:   sfl=100000}
10-26 10:07:44.461 18320 18320 I ViewRootImpl@d69636f[InstrumentationActivityInvoker$EmptyActivity]: Relayout returned: old=(0,0,1080,2280) new=(0,0,1080,2280) req=(1080,2280)8 dur=4 res=0x5 s={false 0} ch=false fn=-1
10-26 10:07:44.461   620   620 D SurfaceFlinger: Display 0 HWC layers:
10-26 10:07:44.461   620   620 D SurfaceFlinger:      DEVICE | 0x7843dbec10 | 0102 | RGBA_8888    |    0.0    0.0 1080.0 2280.0 |    0    0 1080 2280 | com.example.dogglers/androidx.test.c[...]tivityInvoker$EmptyActivity$_18320#1
10-26 10:07:44.461   620   620 D SurfaceFlinger:      DEVICE | 0x7843dbb970 | 0100 | RGBA_8888    |    0.0    0.0 1080.0  112.0 |    0    0 1080  112 | StatusBar$_1348#0
10-26 10:07:44.461   620   620 D SurfaceFlinger:      DEVICE | 0x7843daab70 | 0100 | RGBA_8888    |    0.0    0.0   67.0  416.0 |    0  814   67 1230 | com.samsung.android.app.cocktailbars[...]arservice.CocktailBarService$_8198#0
10-26 10:07:44.461   620   620 D SurfaceFlinger:      DEVICE | 0x7843da89b0 | 0100 | RGBA_8888    |    0.0    0.0 1080.0  126.0 |    0 2154 1080 2280 | NavigationBar0$_1348#0
10-26 10:07:44.461   620   620 D SurfaceFlinger:
10-26 10:07:44.464 18320 18320 D LifecycleMonitor: Lifecycle status change: androidx.test.core.app.InstrumentationActivityInvoker$EmptyActivity@44e1750 in: DESTROYED
10-26 10:07:44.465 18320 18320 V ActivityScenario: Activity lifecycle changed event received but ignored because the intent does not match. startActivityIntent=Intent { act=android.intent.action.MAIN cat=[android.intent.category.LAUNCHER] cmp=com.example.dogglers/.HorizontalListActivity }, activity.getIntent()=Intent { act=android.intent.action.MAIN cat=[android.intent.category.LAUNCHER] flg=0x10000000 cmp=com.example.dogglers/androidx.test.core.app.InstrumentationActivityInvoker$EmptyActivity }, activity=androidx.test.core.app.InstrumentationActivityInvoker$EmptyActivity@44e1750
10-26 10:07:44.466 30071 30318 I Rubin   : [1169] LoggingEventHelper.notifyUpdatedWithValue(LoggingEventHelper.java:58) : Notify AppUsageLogger's database is updated.
10-26 10:07:44.472 30071 30318 I Rubin   : [1169] ExercisingWithCmhMonitor.isSatisfiedByCmh(ExercisingWithCmhMonitor.java:121) : isSatisfiedByCmh is false
10-26 10:07:44.472   954  3917 D InputDispatcher: Focus left window (0): 3fe90da com.example.dogglers/androidx.test.core.app.InstrumentationActivityInvoker$EmptyActivity
10-26 10:07:44.473 18320 18355 D OpenGLRenderer: setSurface called with nullptr
10-26 10:07:44.473 18320 18320 I ViewRootImpl@d69636f[InstrumentationActivityInvoker$EmptyActivity]: dispatchDetachedFromWindow
10-26 10:07:44.473   954  3912 D InputTransport: Input channel destroyed: 'c756e34', fd=1278
10-26 10:07:44.473   954  3912 W InputManager-JNI: Input channel object 'c756e34 com.example.dogglers/androidx.test.core.app.InstrumentationActivityInvoker$EmptyActivity (client)' was disposed without first being removed with the input manager!
10-26 10:07:44.473   954  3912 D InputTransport: Input channel destroyed: 'c756e34', fd=1282
10-26 10:07:44.475 18320 18320 D InputTransport: Input channel destroyed: 'c756e34', fd=118
10-26 10:07:44.479 18320 18320 D LifecycleMonitor: Lifecycle status change: androidx.test.core.app.InstrumentationActivityInvoker$EmptyActivity@d245167 in: PAUSED
10-26 10:07:44.479 18320 18320 V ActivityScenario: Activity lifecycle changed event received but ignored because the intent does not match. startActivityIntent=Intent { act=android.intent.action.MAIN cat=[android.intent.category.LAUNCHER] cmp=com.example.dogglers/.HorizontalListActivity }, activity.getIntent()=Intent { act=android.intent.action.MAIN cat=[android.intent.category.LAUNCHER] flg=0x10000000 cmp=com.example.dogglers/androidx.test.core.app.InstrumentationActivityInvoker$EmptyActivity }, activity=androidx.test.core.app.InstrumentationActivityInvoker$EmptyActivity@d245167
10-26 10:07:44.480   954  3912 I SemDvfsHyPerManager: acquire hyper - AMS_APP_HOME/954@32, type = -999
10-26 10:07:44.481   566   611 I HYPER-HAL: [RequestManager.cpp]acquire(): Acquired ID : 486623  [954 / 32]    HINT : AMS_APP_HOME    list :
10-26 10:07:44.481 26660 26660 I ViewRootImpl@623994e[LauncherActivity]: handleAppVisibility mAppVisible=false visible=true
10-26 10:07:44.482  3825  3825 I SemDvfsHyPerManager: acquire hyper - APP_START_SHORT/3825@14, type = -999
10-26 10:07:44.482   566   611 I HYPER-HAL: [RequestManager.cpp]acquire(): Acquired ID : 7370894  [3825 / 14]    HINT : APP_START    list : [TIMEOUT / 1500]
10-26 10:07:44.483   529   535 E statsd  : Predicate 5980654721335871649 dropping data for dimension key (10)0x2010101->10988[I] (10)0x30000->*launch*[S]
10-26 10:07:44.483   529   535 E statsd  : Predicate -7037417284711607308 dropping data for dimension key (10)0x2010101->10988[I] (10)0x30000->*launch*[S]
10-26 10:07:44.485 18320 18320 I ViewRootImpl@cc459b2[InstrumentationActivityInvoker$EmptyActivity]: MSG_WINDOW_FOCUS_CHANGED 0 1
10-26 10:07:44.485   954  1015 I SemPersonaManager: SecureFolder personaId = 150
10-26 10:07:44.485 18320 18320 I ViewRootImpl@cc459b2[InstrumentationActivityInvoker$EmptyActivity]: MSG_WINDOW_FOCUS_CHANGED 0 1
10-26 10:07:44.486 18320 18346 I TestRunner: finished: horizontal_scrolling(com.example.dogglers.HorizontalListTests)
