10-26 10:07:39.418 26660 27021 I ViewRootImpl@623994e[LauncherActivity]: mWNT: t = android.view.SurfaceControl$Transaction@fd8226e fN = 36 com.android.systemui.shared.system.ViewRootImplCompat.mergeWithNextTransaction:62 com.android.quickstep.util.SurfaceTransactionApplier.lambda$scheduleApply$0$SurfaceTransactionApplier:94 com.android.quickstep.util.-$$Lambda$SurfaceTransactionApplier$Xj9m0ayWHIr2xvQnKB4EJdxg8RU.accept:6
10-26 10:07:39.418 26660 27021 I ViewRootImpl@623994e[LauncherActivity]: mWNT: merge t to BBQ
10-26 10:07:39.435 26660 27022 I ViewRootImpl@623994e[LauncherActivity]: mWNT: t = android.view.SurfaceControl$Transaction@8985d0f fN = 37 com.android.systemui.shared.system.ViewRootImplCompat.mergeWithNextTransaction:62 com.android.quickstep.util.SurfaceTransactionApplier.lambda$scheduleApply$0$SurfaceTransactionApplier:94 com.android.quickstep.util.-$$Lambda$SurfaceTransactionApplier$Xj9m0ayWHIr2xvQnKB4EJdxg8RU.accept:6
10-26 10:07:39.435 26660 27022 I ViewRootImpl@623994e[LauncherActivity]: mWNT: merge t to BBQ
10-26 10:07:39.452 26660 27021 I ViewRootImpl@623994e[LauncherActivity]: mWNT: t = android.view.SurfaceControl$Transaction@dd4619c fN = 38 com.android.systemui.shared.system.ViewRootImplCompat.mergeWithNextTransaction:62 com.android.quickstep.util.SurfaceTransactionApplier.lambda$scheduleApply$0$SurfaceTransactionApplier:94 com.android.quickstep.util.-$$Lambda$SurfaceTransactionApplier$Xj9m0ayWHIr2xvQnKB4EJdxg8RU.accept:6
10-26 10:07:39.452 26660 27021 I ViewRootImpl@623994e[LauncherActivity]: mWNT: merge t to BBQ
10-26 10:07:39.454   620   620 D SurfaceFlinger: Display 0 HWC layers:
10-26 10:07:39.454   620   620 D SurfaceFlinger:      CLIENT | 0x7843db7cb0 | 0100 | RGBx_8888    |  589.0    0.0 1651.0 2240.0 |    0    0 1080 2280 | Wallpaper BBQ wrapper#0
10-26 10:07:39.454   620   620 D SurfaceFlinger:      CLIENT |              | 0000 |  Unknown  |    0.0    0.0    0.0    0.0 |    0    0 1080 2280 | OneUiHome-BlurLayer#0 (backgroundBlurRadius)
10-26 10:07:39.454   620   620 D SurfaceFlinger:      DEVICE | 0x7843db2190 | 0100 | RGBA_8888    |    0.0    0.0 1080.0 2280.0 |    0    0 1080 2280 | com.sec.android.app.launcher/com.sec[...]activities.LauncherActivity$_26660#0
10-26 10:07:39.454   620   620 D SurfaceFlinger:      DEVICE | 0x7843da26b0 | 0100 | RGBA_8888    |    0.0    0.0 1080.0  112.0 |    0    0 1080  112 | StatusBar$_1348#0
10-26 10:07:39.454   620   620 D SurfaceFlinger:      DEVICE | 0x7843daab70 | 0100 | RGBA_8888    |    0.0    0.0   67.0  416.0 |    0  814   67 1230 | com.samsung.android.app.cocktailbars[...]arservice.CocktailBarService$_8198#0
10-26 10:07:39.454   620   620 D SurfaceFlinger:      DEVICE | 0x7843db97b0 | 0100 | RGBA_8888    |    0.0    0.0 1080.0  126.0 |    0 2154 1080 2280 | NavigationBar0$_1348#0
10-26 10:07:39.454   620   620 D SurfaceFlinger:
10-26 10:07:39.466  8198  8198 I Utils   : isCurrentUser current = 0, ownerId = 0
10-26 10:07:39.466  8198  8198 I TrayVisibilityController: getComputedTrayVisible : keyguardState = 1
10-26 10:07:39.466  8198  8198 I TrayVisibilityController: updateTrayVisible: State=1 visible=1 mCurrentVisible=1 specificMode=0
10-26 10:07:39.466  8198  8198 I TrayStateController: onNotifyUpdateTray: state=0
10-26 10:07:39.468 26660 27022 I ViewRootImpl@623994e[LauncherActivity]: mWNT: t = android.view.SurfaceControl$Transaction@3d347a5 fN = 39 com.android.systemui.shared.system.ViewRootImplCompat.mergeWithNextTransaction:62 com.android.quickstep.util.SurfaceTransactionApplier.lambda$scheduleApply$0$SurfaceTransactionApplier:94 com.android.quickstep.util.-$$Lambda$SurfaceTransactionApplier$Xj9m0ayWHIr2xvQnKB4EJdxg8RU.accept:6
10-26 10:07:39.468 26660 27022 I ViewRootImpl@623994e[LauncherActivity]: mWNT: merge t to BBQ
10-26 10:07:39.484   954  1115 I SensorService: [REARLIGHT] lux value : 27, code value : 0
10-26 10:07:39.485 26660 27021 I ViewRootImpl@623994e[LauncherActivity]: mWNT: t = android.view.SurfaceControl$Transaction@f67f77a fN = 40 com.android.systemui.shared.system.ViewRootImplCompat.mergeWithNextTransaction:62 com.android.quickstep.util.SurfaceTransactionApplier.lambda$scheduleApply$0$SurfaceTransactionApplier:94 com.android.quickstep.util.-$$Lambda$SurfaceTransactionApplier$Xj9m0ayWHIr2xvQnKB4EJdxg8RU.accept:6
10-26 10:07:39.485 26660 27021 I ViewRootImpl@623994e[LauncherActivity]: mWNT: merge t to BBQ
10-26 10:07:39.501 26660 27022 I ViewRootImpl@623994e[LauncherActivity]: mWNT: t = android.view.SurfaceControl$Transaction@f07bb2b fN = 41 com.android.systemui.shared.system.ViewRootImplCompat.mergeWithNextTransaction:62 com.android.quickstep.util.SurfaceTransactionApplier.lambda$scheduleApply$0$SurfaceTransactionApplier:94 com.android.quickstep.util.-$$Lambda$SurfaceTransactionApplier$Xj9m0ayWHIr2xvQnKB4EJdxg8RU.accept:6
10-26 10:07:39.501 26660 27022 I ViewRootImpl@623994e[LauncherActivity]: mWNT: merge t to BBQ
10-26 10:07:39.507  1341  1497 D BtGatt.GattService: onScanResult to scannerId: 4- eventType=0x1b, addressType=1, address=CD036A_7, primaryPhy=1, secondaryPhy=0, advertisingSid=0xff, txPower=127, rssi=-72, periodicAdvInt=0x0
10-26 10:07:39.508 28904 29311 I NearbyDiscovery: FastPairCache: Not triggering, because RSSI -69 is below the threshold of -58 [CONTEXT service_id=265 ]
10-26 10:07:39.518 26660 27021 I ViewRootImpl@623994e[LauncherActivity]: mWNT: t = android.view.SurfaceControl$Transaction@f93fb88 fN = 42 com.android.systemui.shared.system.ViewRootImplCompat.mergeWithNextTransaction:62 com.android.quickstep.util.SurfaceTransactionApplier.lambda$scheduleApply$0$SurfaceTransactionApplier:94 com.android.quickstep.util.-$$Lambda$SurfaceTransactionApplier$Xj9m0ayWHIr2xvQnKB4EJdxg8RU.accept:6
10-26 10:07:39.518 26660 27021 I ViewRootImpl@623994e[LauncherActivity]: mWNT: merge t to BBQ
10-26 10:07:39.535 26660 27022 I ViewRootImpl@623994e[LauncherActivity]: mWNT: t = android.view.SurfaceControl$Transaction@bd5b921 fN = 43 com.android.systemui.shared.system.ViewRootImplCompat.mergeWithNextTransaction:62 com.android.quickstep.util.SurfaceTransactionApplier.lambda$scheduleApply$0$SurfaceTransactionApplier:94 com.android.quickstep.util.-$$Lambda$SurfaceTransactionApplier$Xj9m0ayWHIr2xvQnKB4EJdxg8RU.accept:6
10-26 10:07:39.535 26660 27022 I ViewRootImpl@623994e[LauncherActivity]: mWNT: merge t to BBQ
10-26 10:07:39.552 26660 27021 I ViewRootImpl@623994e[LauncherActivity]: mWNT: t = android.view.SurfaceControl$Transaction@8ee1146 fN = 44 com.android.systemui.shared.system.ViewRootImplCompat.mergeWithNextTransaction:62 com.android.quickstep.util.SurfaceTransactionApplier.lambda$scheduleApply$0$SurfaceTransactionApplier:94 com.android.quickstep.util.-$$Lambda$SurfaceTransactionApplier$Xj9m0ayWHIr2xvQnKB4EJdxg8RU.accept:6
10-26 10:07:39.552 26660 27021 I ViewRootImpl@623994e[LauncherActivity]: mWNT: merge t to BBQ
10-26 10:07:39.554   566 18515 I HYPER-HAL: [RequestManager.cpp]releaseLocked(): Released ID : 473870
10-26 10:07:39.569 26660 27022 I ViewRootImpl@623994e[LauncherActivity]: mWNT: t = android.view.SurfaceControl$Transaction@8c4df07 fN = 45 com.android.systemui.shared.system.ViewRootImplCompat.mergeWithNextTransaction:62 com.android.quickstep.util.SurfaceTransactionApplier.lambda$scheduleApply$0$SurfaceTransactionApplier:94 com.android.quickstep.util.-$$Lambda$SurfaceTransactionApplier$Xj9m0ayWHIr2xvQnKB4EJdxg8RU.accept:6
10-26 10:07:39.569 26660 27022 I ViewRootImpl@623994e[LauncherActivity]: mWNT: merge t to BBQ
10-26 10:07:39.585 26660 27021 I ViewRootImpl@623994e[LauncherActivity]: mWNT: t = android.view.SurfaceControl$Transaction@e314834 fN = 46 com.android.systemui.shared.system.ViewRootImplCompat.mergeWithNextTransaction:62 com.android.quickstep.util.SurfaceTransactionApplier.lambda$scheduleApply$0$SurfaceTransactionApplier:94 com.android.quickstep.util.-$$Lambda$SurfaceTransactionApplier$Xj9m0ayWHIr2xvQnKB4EJdxg8RU.accept:6
10-26 10:07:39.585 26660 27021 I ViewRootImpl@623994e[LauncherActivity]: mWNT: merge t to BBQ
10-26 10:07:39.602 26660 27022 I ViewRootImpl@623994e[LauncherActivity]: mWNT: t = android.view.SurfaceControl$Transaction@b33c65d fN = 47 com.android.systemui.shared.system.ViewRootImplCompat.mergeWithNextTransaction:62 com.android.quickstep.util.SurfaceTransactionApplier.lambda$scheduleApply$0$SurfaceTransactionApplier:94 com.android.quickstep.util.-$$Lambda$SurfaceTransactionApplier$Xj9m0ayWHIr2xvQnKB4EJdxg8RU.accept:6
10-26 10:07:39.602 26660 27022 I ViewRootImpl@623994e[LauncherActivity]: mWNT: merge t to BBQ
10-26 10:07:39.619 26660 27021 I ViewRootImpl@623994e[LauncherActivity]: mWNT: t = android.view.SurfaceControl$Transaction@469fbd2 fN = 48 com.android.systemui.shared.system.ViewRootImplCompat.mergeWithNextTransaction:62 com.android.quickstep.util.SurfaceTransactionApplier.lambda$scheduleApply$0$SurfaceTransactionApplier:94 com.android.quickstep.util.-$$Lambda$SurfaceTransactionApplier$Xj9m0ayWHIr2xvQnKB4EJdxg8RU.accept:6
10-26 10:07:39.619 26660 27021 I ViewRootImpl@623994e[LauncherActivity]: mWNT: merge t to BBQ
10-26 10:07:39.635 26660 26660 W AppTransitionAnimatorImpl: onAnimationEnd - APP OUT, Execution time for each frame : Start-(1)-0-(0)-0-(5)-0-(17)-1-(15)-0-(17)-0-(17)-0-(17)-0-(16)-0-(17)-0-(16)-1-(16)-1-(16)-0-(17)-0-(17)-0-(16)-0-(17)-0-(17)-0-(16)-1-(16)-0-(17)-0-(17)-0-(17)-0-(16)-0-(17)-0-(17)-0-End
10-26 10:07:39.635 26660 26660 I AppTransitionAnimatorImpl: resetContentView
10-26 10:07:39.636 26660 27022 I ViewRootImpl@623994e[LauncherActivity]: mWNT: t = android.view.SurfaceControl$Transaction@24664a3 fN = 49 com.android.systemui.shared.system.ViewRootImplCompat.mergeWithNextTransaction:62 com.android.quickstep.util.SurfaceTransactionApplier.lambda$scheduleApply$0$SurfaceTransactionApplier:94 com.android.quickstep.util.-$$Lambda$SurfaceTransactionApplier$Xj9m0ayWHIr2xvQnKB4EJdxg8RU.accept:6
10-26 10:07:39.636 26660 27022 I ViewRootImpl@623994e[LauncherActivity]: mWNT: merge t to BBQ
10-26 10:07:39.636 26660 26660 W Launcher: onEnterAnimationComplete
10-26 10:07:39.641 18320 18320 I ViewRootImpl@920c6f7[InstrumentationActivityInvoker$EmptyActivity]: handleAppVisibility mAppVisible=true visible=false
10-26 10:07:39.651   620   620 I Layer   : id=190237 removeFromCurrentState Surface(name=Task=30236)/@0xd36e3c - animation-leash of app_transition#1 (178)
10-26 10:07:39.651   620   620 I Layer   : id=190208 removeFromCurrentState Task=30236#0 (178)
10-26 10:07:39.651   620   620 I Layer   : id=190209 removeFromCurrentState ActivityRecord{48c29e3 u0 com.example.dogglers/androidx.test.core.app.InstrumentationActivityInvoker$BootstrapActivity t30236}#0 (178)
10-26 10:07:39.651   620   620 I Layer   : id=190216 removeFromCurrentState ActivityRecord{70a7d72 u0 com.example.dogglers/.GridListActivity t30236}#0 (178)
10-26 10:07:39.651   620   620 I Layer   : id=190217 removeFromCurrentState d95f6b1 com.example.dogglers/com.example.dogglers.GridListActivity#0 (178)
10-26 10:07:39.651   620   620 I Layer   : id=190218 removeFromCurrentState com.example.dogglers/com.example.dogglers.GridListActivity$_18320#0 (178)
10-26 10:07:39.651   620   620 I Layer   : id=190223 removeFromCurrentState ActivityRecord{dff9c07 u0 com.example.dogglers/androidx.test.core.app.InstrumentationActivityInvoker$EmptyActivity t30236}#0 (178)
10-26 10:07:39.651   620   620 I Layer   : id=190227 removeFromCurrentState e02de82 com.example.dogglers/androidx.test.core.app.InstrumentationActivityInvoker$EmptyActivity#0 (178)
10-26 10:07:39.652   620   620 I Layer   : id=190228 removeFromCurrentState com.example.dogglers/androidx.test.core.app.InstrumentationActivityInvoker$EmptyActivity$_18320#0 (178)
10-26 10:07:39.652   620   620 I Layer   : id=190231 removeFromCurrentState ActivityRecord{2cc1101 u0 com.example.dogglers/androidx.test.core.app.InstrumentationActivityInvoker$EmptyActivity t30236}#0 (178)
10-26 10:07:39.652   620   620 I Layer   : id=190233 removeFromCurrentState 6563a18 com.example.dogglers/androidx.test.core.app.InstrumentationActivityInvoker$EmptyActivity#0 (178)
10-26 10:07:39.652   620   620 I Layer   : id=190234 removeFromCurrentState com.example.dogglers/androidx.test.core.app.InstrumentationActivityInvoker$EmptyActivity$_18320#1 (178)
10-26 10:07:39.652   620   620 I Layer   : id=190238 removeFromCurrentState Surface(name=Task=1)/@0x4cdbfdb - animation-leash of app_transition#1 (178)
10-26 10:07:39.652   620   620 I Layer   : id=190208 addToCurrentState Task=30236#0 (178)
10-26 10:07:39.652   620   620 I Layer   : id=190209 addToCurrentState ActivityRecord{48c29e3 u0 com.example.dogglers/androidx.test.core.app.InstrumentationActivityInvoker$BootstrapActivity t30236}#0 (178)
10-26 10:07:39.652   620   620 I Layer   : id=190216 addToCurrentState ActivityRecord{70a7d72 u0 com.example.dogglers/.GridListActivity t30236}#0 (178)
10-26 10:07:39.652   620   620 I Layer   : id=190217 addToCurrentState d95f6b1 com.example.dogglers/com.example.dogglers.GridListActivity#0 (178)
10-26 10:07:39.652   620   620 I Layer   : id=190218 addToCurrentState com.example.dogglers/com.example.dogglers.GridListActivity$_18320#0 (178)
10-26 10:07:39.652   620   620 I Layer   : id=190223 addToCurrentState ActivityRecord{dff9c07 u0 com.example.dogglers/androidx.test.core.app.InstrumentationActivityInvoker$EmptyActivity t30236}#0 (178)
10-26 10:07:39.652   620   620 I Layer   : id=190227 addToCurrentState e02de82 com.example.dogglers/androidx.test.core.app.InstrumentationActivityInvoker$EmptyActivity#0 (178)
10-26 10:07:39.652   620   620 I Layer   : id=190228 addToCurrentState com.example.dogglers/androidx.test.core.app.InstrumentationActivityInvoker$EmptyActivity$_18320#0 (178)
10-26 10:07:39.652   620   620 I Layer   : id=190231 addToCurrentState ActivityRecord{2cc1101 u0 com.example.dogglers/androidx.test.core.app.InstrumentationActivityInvoker$EmptyActivity t30236}#0 (178)
10-26 10:07:39.652   620   620 I Layer   : id=190233 addToCurrentState 6563a18 com.example.dogglers/androidx.test.core.app.InstrumentationActivityInvoker$EmptyActivity#0 (178)
10-26 10:07:39.652   620   620 I Layer   : id=190234 addToCurrentState com.example.dogglers/androidx.test.core.app.InstrumentationActivityInvoker$EmptyActivity$_18320#1 (178)
10-26 10:07:39.652 18320 18355 D OpenGLRenderer: setSurface called with nullptr
10-26 10:07:39.653 18320 18355 D OpenGLRenderer: setSurface() destroyed EGLSurface
10-26 10:07:39.653 18320 18355 D OpenGLRenderer: destroyEglSurface
10-26 10:07:39.653   954  3912 V WindowManager: Relayout Window{6563a18 u0 com.example.dogglers/androidx.test.core.app.InstrumentationActivityInvoker$EmptyActivity}: viewVisibility=8 req=1080x2280 d0
10-26 10:07:39.655   954  3912 V WindowManager: Relayout hash=6563a18, pid=18320: mAttrs={(0,0)(fillxfill) sim={adjust=pan forwardNavigation} ty=BASE_APPLICATION wanim=0x1030001
10-26 10:07:39.655   954  3912 V WindowManager:   fl=1810100
10-26 10:07:39.655   954  3912 V WindowManager:   pfl=12020040
10-26 10:07:39.655   954  3912 V WindowManager:   apr=LIGHT_NAVIGATION_BARS
10-26 10:07:39.655   954  3912 V WindowManager:   bhv=DEFAULT
10-26 10:07:39.655   954  3912 V WindowManager:   fitSides= naviIconColor=0
10-26 10:07:39.655   954  3912 V WindowManager:   sfl=100000}
10-26 10:07:39.656 18320 18320 I ViewRootImpl@920c6f7[InstrumentationActivityInvoker$EmptyActivity]: Relayout returned: old=(0,0,1080,2280) new=(0,0,1080,2280) req=(1080,2280)8 dur=2 res=0x5 s={false 0} ch=true fn=2
10-26 10:07:39.656 18320 18320 I ViewRootImpl@920c6f7[InstrumentationActivityInvoker$EmptyActivity]: stopped(true) old=false
10-26 10:07:39.657 18320 18320 D LifecycleMonitor: Lifecycle status change: androidx.test.core.app.InstrumentationActivityInvoker$EmptyActivity@8f429b8 in: STOPPED
10-26 10:07:39.657 18320 18320 V ActivityScenario: Activity lifecycle changed event received but ignored because the intent does not match. startActivityIntent=Intent { act=android.intent.action.MAIN cat=[android.intent.category.LAUNCHER] cmp=com.example.dogglers/.GridListActivity }, activity.getIntent()=Intent { act=android.intent.action.MAIN cat=[android.intent.category.LAUNCHER] flg=0x10000000 cmp=com.example.dogglers/androidx.test.core.app.InstrumentationActivityInvoker$EmptyActivity }, activity=androidx.test.core.app.InstrumentationActivityInvoker$EmptyActivity@8f429b8
10-26 10:07:39.659 18320 18320 D LifecycleMonitor: Lifecycle status change: androidx.test.core.app.InstrumentationActivityInvoker$EmptyActivity@8f429b8 in: DESTROYED
10-26 10:07:39.659 18320 18320 V ActivityScenario: Activity lifecycle changed event received but ignored because the intent does not match. startActivityIntent=Intent { act=android.intent.action.MAIN cat=[android.intent.category.LAUNCHER] cmp=com.example.dogglers/.GridListActivity }, activity.getIntent()=Intent { act=android.intent.action.MAIN cat=[android.intent.category.LAUNCHER] flg=0x10000000 cmp=com.example.dogglers/androidx.test.core.app.InstrumentationActivityInvoker$EmptyActivity }, activity=androidx.test.core.app.InstrumentationActivityInvoker$EmptyActivity@8f429b8
10-26 10:07:39.660 18320 18355 D OpenGLRenderer: setSurface called with nullptr
10-26 10:07:39.660 18320 18320 I ViewRootImpl@920c6f7[InstrumentationActivityInvoker$EmptyActivity]: dispatchDetachedFromWindow
10-26 10:07:39.660   954  3912 D InputTransport: Input channel destroyed: '6563a18', fd=1335
10-26 10:07:39.660   954  3912 W InputManager-JNI: Input channel object '6563a18 com.example.dogglers/androidx.test.core.app.InstrumentationActivityInvoker$EmptyActivity (client)' was disposed without first being removed with the input manager!
10-26 10:07:39.660   954  3912 D InputTransport: Input channel destroyed: '6563a18', fd=1339
10-26 10:07:39.661   954  1263 D WifiConnectivityMonitor.NetworkStatsAnalyzer: Backhaul result - RSSI:-60, CE:22, PE:22, TI:28, PTI:28, TW:1, PTW:1, Tx:36, Rx:36, TxS:28, RxS:27, RESULT:true, IC:0, ICT:5, WC:0, WCT:5, R:6, RC:0, IE:0, EC:0
10-26 10:07:39.662 18320 18320 D InputTransport: Input channel destroyed: '6563a18', fd=142
10-26 10:07:39.662 18320 18320 I ViewRootImpl@e98f6ff[InstrumentationActivityInvoker$EmptyActivity]: stopped(true) old=false
10-26 10:07:39.663 18320 18320 D LifecycleMonitor: Lifecycle status change: androidx.test.core.app.InstrumentationActivityInvoker$EmptyActivity@c8c26a0 in: STOPPED
10-26 10:07:39.663 18320 18320 V ActivityScenario: Activity lifecycle changed event received but ignored because the intent does not match. startActivityIntent=Intent { act=android.intent.action.MAIN cat=[android.intent.category.LAUNCHER] cmp=com.example.dogglers/.GridListActivity }, activity.getIntent()=Intent { act=android.intent.action.MAIN cat=[android.intent.category.LAUNCHER] flg=0x10000000 cmp=com.example.dogglers/androidx.test.core.app.InstrumentationActivityInvoker$EmptyActivity }, activity=androidx.test.core.app.InstrumentationActivityInvoker$EmptyActivity@c8c26a0
10-26 10:07:39.664 18320 18320 D LifecycleMonitor: Lifecycle status change: androidx.test.core.app.InstrumentationActivityInvoker$EmptyActivity@c8c26a0 in: DESTROYED
10-26 10:07:39.664 18320 18320 V ActivityScenario: Activity lifecycle changed event received but ignored because the intent does not match. startActivityIntent=Intent { act=android.intent.action.MAIN cat=[android.intent.category.LAUNCHER] cmp=com.example.dogglers/.GridListActivity }, activity.getIntent()=Intent { act=android.intent.action.MAIN cat=[android.intent.category.LAUNCHER] flg=0x10000000 cmp=com.example.dogglers/androidx.test.core.app.InstrumentationActivityInvoker$EmptyActivity }, activity=androidx.test.core.app.InstrumentationActivityInvoker$EmptyActivity@c8c26a0
10-26 10:07:39.666 18320 18355 D OpenGLRenderer: setSurface called with nullptr
10-26 10:07:39.666 18320 18355 D OpenGLRenderer: setSurface() destroyed EGLSurface
10-26 10:07:39.666 18320 18355 D OpenGLRenderer: destroyEglSurface
10-26 10:07:39.666 18320 18320 I ViewRootImpl@e98f6ff[InstrumentationActivityInvoker$EmptyActivity]: dispatchDetachedFromWindow
10-26 10:07:39.666   954  3912 D InputTransport: Input channel destroyed: 'e02de82', fd=892
10-26 10:07:39.667   954  3912 W InputManager-JNI: Input channel object 'e02de82 com.example.dogglers/androidx.test.core.app.InstrumentationActivityInvoker$EmptyActivity (client)' was disposed without first being removed with the input manager!
10-26 10:07:39.667   954  3912 D InputTransport: Input channel destroyed: 'e02de82', fd=937
10-26 10:07:39.667   620   643 I SurfaceFlinger: id=190243 createSurf (0x0),-1 flag=24004, Surface(name=2188bee InputMethod)/@0xe151908 - animation-leash of insets_animation#0
10-26 10:07:39.668   620   620 I Layer   : id=190239 removeFromCurrentState Surface(name=WallpaperWindowToken{811eee0 token=android.os.Binder@7a05c9d})/@0xd37415d - animation-leash of window_animation#0 (179)
10-26 10:07:39.668   620   620 I Layer   : id=190234 removeFromCurrentState com.example.dogglers/androidx.test.core.app.InstrumentationActivityInvoker$EmptyActivity$_18320#1 (179)
10-26 10:07:39.668   620   620 I Layer   : id=190233 removeFromCurrentState 6563a18 com.example.dogglers/androidx.test.core.app.InstrumentationActivityInvoker$EmptyActivity#0 (179)
10-26 10:07:39.668   620   620 I SurfaceFlinger: id=190233 Removed 6563a18 com.example.dogglers/androidx.test.core.app.InstrumentationActivityInvoker$EmptyActivity#0 (179)
10-26 10:07:39.668   620   620 I SurfaceFlinger: id=190234 Removed com.example.dogglers/androidx.test.core.app.InstrumentationActivityInvoker$EmptyActivity$_18320#1 (179)
10-26 10:07:39.669   620   620 I Layer   : id=190233 Destroyed 6563a18 com.example.dogglers/androidx.test.core.app.InstrumentationActivityInvoker$EmptyActivity#0
10-26 10:07:39.669   620   620 I Layer   : id=190234 Destroyed com.example.dogglers/androidx.test.core.app.InstrumentationActivityInvoker$EmptyActivity$_18320#1
10-26 10:07:39.670   954  1528 D InputDispatcher: Focus entered window (0): 4ad90e6 com.sec.android.app.launcher/com.sec.android.app.launcher.activities.LauncherActivity
10-26 10:07:39.670 26660 26660 I ViewRootImpl@623994e[LauncherActivity]: MSG_WINDOW_FOCUS_CHANGED 1 1
10-26 10:07:39.670 26660 26660 I BaseActivity: addActivityFlags, flags : 8
10-26 10:07:39.671 18320 18320 D InputTransport: Input channel destroyed: 'e02de82', fd=116
10-26 10:07:39.672 18320 18320 I ViewRootImpl@93a25b9[GridListActivity]: stopped(true) old=false
10-26 10:07:39.673 18320 18320 D LifecycleMonitor: Lifecycle status change: com.example.dogglers.GridListActivity@c37c49b in: STOPPED
10-26 10:07:39.673 18320 18320 V ActivityScenario: Update currentActivityStage to STOPPED, currentActivity=com.example.dogglers.GridListActivity@c37c49b
10-26 10:07:39.675 18320 18320 D LifecycleMonitor: Lifecycle status change: com.example.dogglers.GridListActivity@c37c49b in: DESTROYED
10-26 10:07:39.675 18320 18320 V ActivityScenario: Update currentActivityStage to DESTROYED, currentActivity=null
10-26 10:07:39.675 18320 18346 I TestRunner: finished: grid_list_content_on_first_page(com.example.dogglers.GridListTests)
