10-26 10:07:32.857   620   620 I SurfaceFlinger: id=189954 Removed Surface(name=ActivityRecord{cfd11d9 u0 com.example.dogglers/.HorizontalListActivity t30230})/@0x4e52f44 - animation-bounds#0 (188)
10-26 10:07:32.857   620   620 I SurfaceFlinger: id=189959 Removed Surface(name=2fa8401 StatusBar)/@0xf000e26 - animation-leash of insets_animation#1 (188)
10-26 10:07:32.857   620   620 I SurfaceFlinger: id=189960 Removed Surface(name=be23078 NavigationBar0)/@0x50010bd - animation-leash of insets_animation#1 (188)
10-26 10:07:32.857   620   620 I SurfaceFlinger: id=189953 Removed Surface(name=ActivityRecord{cfd11d9 u0 com.example.dogglers/.HorizontalListActivity t30230})/@0x4e52f44 - animation-leash of app_transition#0 (188)
10-26 10:07:32.857   620   620 I SurfaceFlinger: id=189949 Removed Surface(name=ActivityRecord{506a2f9 u0 com.example.dogglers/.MainActivity t30230})/@0xa9ce6ee - animation-leash of app_transition#0 (188)
10-26 10:07:32.857   620   620 I Layer   : id=189950 Destroyed Dim Layer for - ActivityRecord{506a2f9 u0 com.example.dogglers/.MainActivity t30230} - animating-dim#0
10-26 10:07:32.857   620   620 I Layer   : id=189952 Destroyed Surface(name=ActivityRecord{506a2f9 u0 com.example.dogglers/.MainActivity t30230})/@0xa9ce6ee - animation-bounds#0
10-26 10:07:32.857   620   620 I Layer   : id=189949 Destroyed Surface(name=ActivityRecord{506a2f9 u0 com.example.dogglers/.MainActivity t30230})/@0xa9ce6ee - animation-leash of app_transition#0
10-26 10:07:32.857   620   620 I Layer   : id=189954 Destroyed Surface(name=ActivityRecord{cfd11d9 u0 com.example.dogglers/.HorizontalListActivity t30230})/@0x4e52f44 - animation-bounds#0
10-26 10:07:32.857   620   620 I Layer   : id=189953 Destroyed Surface(name=ActivityRecord{cfd11d9 u0 com.example.dogglers/.HorizontalListActivity t30230})/@0x4e52f44 - animation-leash of app_transition#0
10-26 10:07:32.857   620   620 I Layer   : id=189959 Destroyed Surface(name=2fa8401 StatusBar)/@0xf000e26 - animation-leash of insets_animation#1
10-26 10:07:32.857   620   620 I Layer   : id=189960 Destroyed Surface(name=be23078 NavigationBar0)/@0x50010bd - animation-leash of insets_animation#1
10-26 10:07:32.857 18320 18355 D OpenGLRenderer: setSurface called with nullptr
10-26 10:07:32.857 18320 18355 D OpenGLRenderer: setSurface() destroyed EGLSurface
10-26 10:07:32.857 18320 18355 D OpenGLRenderer: destroyEglSurface
10-26 10:07:32.858   954  3937 D InputDispatcher: Focus entered window (0): d1fe82c com.example.dogglers/androidx.test.core.app.InstrumentationActivityInvoker$EmptyActivity
10-26 10:07:32.859   954  3937 V WindowManager: Relayout Window{b7b1c97 u0 com.example.dogglers/com.example.dogglers.MainActivity}: viewVisibility=8 req=1080x2280 d0
10-26 10:07:32.860   954  3937 V WindowManager: Relayout hash=b7b1c97, pid=18320: mAttrs={(0,0)(fillxfill) sim={adjust=pan forwardNavigation} ty=BASE_APPLICATION wanim=0x1030303
10-26 10:07:32.860   954  3937 V WindowManager:   fl=81810100
10-26 10:07:32.860   954  3937 V WindowManager:   pfl=12020040
10-26 10:07:32.860   954  3937 V WindowManager:   apr=LIGHT_NAVIGATION_BARS
10-26 10:07:32.860   954  3937 V WindowManager:   bhv=DEFAULT
10-26 10:07:32.860   954  3937 V WindowManager:   fitSides= naviIconColor=0
10-26 10:07:32.860   954  3937 V WindowManager:   sfl=100000}
10-26 10:07:32.861   620   620 D SurfaceFlinger: Display 0 HWC layers:
10-26 10:07:32.861   620   620 D SurfaceFlinger:      DEVICE | 0x7843d8fff0 | 0102 | RGBA_8888    |    0.0    0.0 1080.0 2280.0 |    0    0 1080 2280 | com.example.dogglers/androidx.test.c[...]tivityInvoker$EmptyActivity$_18320#1
10-26 10:07:32.861   620   620 D SurfaceFlinger:      DEVICE | 0x7843dbb970 | 0100 | RGBA_8888    |    0.0    0.0 1080.0  112.0 |    0    0 1080  112 | StatusBar$_1348#0
10-26 10:07:32.861   620   620 D SurfaceFlinger:      DEVICE | 0x7843daab70 | 0100 | RGBA_8888    |    0.0    0.0   67.0  416.0 |    0  814   67 1230 | com.samsung.android.app.cocktailbars[...]arservice.CocktailBarService$_8198#0
10-26 10:07:32.861   620   620 D SurfaceFlinger:      DEVICE | 0x7843da5dd0 | 0100 | RGBA_8888    |    0.0    0.0 1080.0  126.0 |    0 2154 1080 2280 | NavigationBar0$_1348#0
10-26 10:07:32.861   620   620 D SurfaceFlinger:
10-26 10:07:32.861 18320 18320 I ViewRootImpl@80adb95[MainActivity]: Relayout returned: old=(0,0,1080,2280) new=(0,0,1080,2280) req=(1080,2280)8 dur=3 res=0x5 s={false 0} ch=true fn=26
10-26 10:07:32.862 18320 18355 D OpenGLRenderer: setSurface called with nullptr
10-26 10:07:32.862 18320 18355 D OpenGLRenderer: setSurface() destroyed EGLSurface
10-26 10:07:32.862 18320 18355 D OpenGLRenderer: destroyEglSurface
10-26 10:07:32.863   954  3937 V WindowManager: Relayout Window{de7ab05 u0 com.example.dogglers/com.example.dogglers.HorizontalListActivity}: viewVisibility=8 req=1080x2280 d0
10-26 10:07:32.865   954  3937 V WindowManager: Relayout hash=de7ab05, pid=18320: mAttrs={(0,0)(fillxfill) sim={adjust=resize forwardNavigation} ty=BASE_APPLICATION wanim=0x1030303
10-26 10:07:32.865   954  3937 V WindowManager:   fl=81810100
10-26 10:07:32.865   954  3937 V WindowManager:   pfl=12020040
10-26 10:07:32.865   954  3937 V WindowManager:   apr=LIGHT_NAVIGATION_BARS
10-26 10:07:32.865   954  3937 V WindowManager:   bhv=DEFAULT
10-26 10:07:32.865   954  3937 V WindowManager:   fitSides= naviIconColor=0
10-26 10:07:32.865   954  3937 V WindowManager:   sfl=100000}
10-26 10:07:32.866 18320 18320 I ViewRootImpl@d7f475e[HorizontalListActivity]: Relayout returned: old=(0,0,1080,2280) new=(0,0,1080,2280) req=(1080,2280)8 dur=2 res=0x5 s={false 0} ch=true fn=5
10-26 10:07:32.870 18320 18320 I ViewRootImpl@8a90e9[InstrumentationActivityInvoker$EmptyActivity]: handleAppVisibility mAppVisible=true visible=false
10-26 10:07:32.870 18320 18320 I ViewRootImpl@8a90e9[InstrumentationActivityInvoker$EmptyActivity]: stopped(true) old=false
10-26 10:07:32.870 18320 18320 D LifecycleMonitor: Lifecycle status change: androidx.test.core.app.InstrumentationActivityInvoker$EmptyActivity@ec69522 in: STOPPED
10-26 10:07:32.871 18320 18320 V ActivityScenario: Activity lifecycle changed event received but ignored because the intent does not match. startActivityIntent=Intent { act=android.intent.action.MAIN cat=[android.intent.category.LAUNCHER] cmp=com.example.dogglers/.MainActivity }, activity.getIntent()=Intent { act=android.intent.action.MAIN cat=[android.intent.category.LAUNCHER] flg=0x10000000 cmp=com.example.dogglers/androidx.test.core.app.InstrumentationActivityInvoker$EmptyActivity }, activity=androidx.test.core.app.InstrumentationActivityInvoker$EmptyActivity@ec69522
10-26 10:07:32.871 18320 18320 I ViewRootImpl@d7f475e[HorizontalListActivity]: stopped(true) old=false
10-26 10:07:32.872 18320 18320 D LifecycleMonitor: Lifecycle status change: com.example.dogglers.HorizontalListActivity@c47b07b in: STOPPED
10-26 10:07:32.872 18320 18320 V ActivityScenario: Activity lifecycle changed event received but ignored because the intent does not match. startActivityIntent=Intent { act=android.intent.action.MAIN cat=[android.intent.category.LAUNCHER] cmp=com.example.dogglers/.MainActivity }, activity.getIntent()=Intent { cmp=com.example.dogglers/.HorizontalListActivity }, activity=com.example.dogglers.HorizontalListActivity@c47b07b
10-26 10:07:32.874 18320 18320 I ViewRootImpl@80adb95[MainActivity]: stopped(true) old=false
10-26 10:07:32.874 18320 18320 D LifecycleMonitor: Lifecycle status change: com.example.dogglers.MainActivity@412a085 in: STOPPED
10-26 10:07:32.874 18320 18320 V ActivityScenario: Update currentActivityStage to STOPPED, currentActivity=com.example.dogglers.MainActivity@412a085
10-26 10:07:32.875 18320 18320 D LifecycleMonitor: Lifecycle status change: com.example.dogglers.MainActivity@412a085 in: DESTROYED
10-26 10:07:32.875 18320 18320 V ActivityScenario: Update currentActivityStage to DESTROYED, currentActivity=null
10-26 10:07:32.876 18320 18355 D OpenGLRenderer: setSurface called with nullptr
10-26 10:07:32.876 18320 18320 I ViewRootImpl@80adb95[MainActivity]: dispatchDetachedFromWindow
10-26 10:07:32.877   954  3937 D InputTransport: Input channel destroyed: 'b7b1c97', fd=1612
10-26 10:07:32.877   954  3937 W InputManager-JNI: Input channel object 'b7b1c97 com.example.dogglers/com.example.dogglers.MainActivity (client)' was disposed without first being removed with the input manager!
10-26 10:07:32.877   954  3937 D InputTransport: Input channel destroyed: 'b7b1c97', fd=1614
10-26 10:07:32.879 18320 18320 D InputTransport: Input channel destroyed: 'b7b1c97', fd=89
10-26 10:07:32.880 18320 18320 I ViewRootImpl@35a7421[InstrumentationActivityInvoker$EmptyActivity]: MSG_WINDOW_FOCUS_CHANGED 1 1
10-26 10:07:32.881 18320 18320 D InputMethodManager: startInputInner - Id : 0
10-26 10:07:32.881 18320 18320 I InputMethodManager: startInputInner - mService.startInputOrWindowGainedFocus
10-26 10:07:32.883   954  2449 D InputMethodManagerServicePhysicalKey: isConnectedDexOnPC false
10-26 10:07:32.883   954  2449 D InputMethodManagerService: isImeSwitcherDisabledPackage : false
10-26 10:07:32.884 18320 18320 D LifecycleMonitor: Lifecycle status change: androidx.test.core.app.InstrumentationActivityInvoker$EmptyActivity@ec69522 in: DESTROYED
10-26 10:07:32.885 18320 18320 V ActivityScenario: Activity lifecycle changed event received but ignored because the intent does not match. startActivityIntent=Intent { act=android.intent.action.MAIN cat=[android.intent.category.LAUNCHER] cmp=com.example.dogglers/.MainActivity }, activity.getIntent()=Intent { act=android.intent.action.MAIN cat=[android.intent.category.LAUNCHER] flg=0x10000000 cmp=com.example.dogglers/androidx.test.core.app.InstrumentationActivityInvoker$EmptyActivity }, activity=androidx.test.core.app.InstrumentationActivityInvoker$EmptyActivity@ec69522
10-26 10:07:32.885 18320 18355 D OpenGLRenderer: setSurface called with nullptr
10-26 10:07:32.885 18320 18355 D OpenGLRenderer: setSurface() destroyed EGLSurface
10-26 10:07:32.885 18320 18355 D OpenGLRenderer: destroyEglSurface
10-26 10:07:32.886 26660  4876 I RecentModel: onTaskStackChangedBackground
10-26 10:07:32.886 18320 18320 I ViewRootImpl@8a90e9[InstrumentationActivityInvoker$EmptyActivity]: dispatchDetachedFromWindow
10-26 10:07:32.886   954  3937 D InputTransport: Input channel destroyed: '7e47782', fd=954
10-26 10:07:32.887   954  3937 W InputManager-JNI: Input channel object '7e47782 com.example.dogglers/androidx.test.core.app.InstrumentationActivityInvoker$EmptyActivity (client)' was disposed without first being removed with the input manager!
10-26 10:07:32.887   954  3937 D InputTransport: Input channel destroyed: '7e47782', fd=961
10-26 10:07:32.888 18320 18320 D InputTransport: Input channel destroyed: '7e47782', fd=111
10-26 10:07:32.889   620   620 I Layer   : id=189934 removeFromCurrentState com.example.dogglers/com.example.dogglers.MainActivity$_18320#0 (181)
10-26 10:07:32.889   620   620 I Layer   : id=189933 removeFromCurrentState b7b1c97 com.example.dogglers/com.example.dogglers.MainActivity#0 (181)
10-26 10:07:32.890   620   620 I Layer   : id=189958 removeFromCurrentState com.example.dogglers/androidx.test.core.app.InstrumentationActivityInvoker$EmptyActivity$_18320#0 (181)
10-26 10:07:32.890   620   620 I Layer   : id=189932 removeFromCurrentState ActivityRecord{506a2f9 u0 com.example.dogglers/.MainActivity t30230}#0 (181)
10-26 10:07:32.890   620   620 I Layer   : id=189957 removeFromCurrentState 7e47782 com.example.dogglers/androidx.test.core.app.InstrumentationActivityInvoker$EmptyActivity#0 (181)
10-26 10:07:32.890   620   620 I SurfaceFlinger: id=189932 Removed ActivityRecord{506a2f9 u0 com.example.dogglers/.MainActivity t30230}#0 (181)
10-26 10:07:32.890   620   620 I SurfaceFlinger: id=189957 Removed 7e47782 com.example.dogglers/androidx.test.core.app.InstrumentationActivityInvoker$EmptyActivity#0 (181)
10-26 10:07:32.890   620   620 I SurfaceFlinger: id=189958 Removed com.example.dogglers/androidx.test.core.app.InstrumentationActivityInvoker$EmptyActivity$_18320#0 (181)
10-26 10:07:32.890   620   620 I SurfaceFlinger: id=189933 Removed b7b1c97 com.example.dogglers/com.example.dogglers.MainActivity#0 (181)
10-26 10:07:32.890   620   620 I SurfaceFlinger: id=189934 Removed com.example.dogglers/com.example.dogglers.MainActivity$_18320#0 (181)
10-26 10:07:32.890   620   620 I Layer   : id=189957 Destroyed 7e47782 com.example.dogglers/androidx.test.core.app.InstrumentationActivityInvoker$EmptyActivity#0
10-26 10:07:32.890   620   620 I Layer   : id=189958 Destroyed com.example.dogglers/androidx.test.core.app.InstrumentationActivityInvoker$EmptyActivity$_18320#0
10-26 10:07:32.890   620   620 I Layer   : id=189932 Destroyed ActivityRecord{506a2f9 u0 com.example.dogglers/.MainActivity t30230}#0
10-26 10:07:32.890   620   620 I Layer   : id=189933 Destroyed b7b1c97 com.example.dogglers/com.example.dogglers.MainActivity#0
10-26 10:07:32.890   620   620 I Layer   : id=189934 Destroyed com.example.dogglers/com.example.dogglers.MainActivity$_18320#0
10-26 10:07:32.891   954  3912 D InputDispatcher: Focus left window (0): d1fe82c com.example.dogglers/androidx.test.core.app.InstrumentationActivityInvoker$EmptyActivity
10-26 10:07:32.894 18320 18320 D LifecycleMonitor: Lifecycle status change: androidx.test.core.app.InstrumentationActivityInvoker$EmptyActivity@cf9a67a in: PAUSED
10-26 10:07:32.894 18320 18320 V ActivityScenario: Activity lifecycle changed event received but ignored because the intent does not match. startActivityIntent=Intent { act=android.intent.action.MAIN cat=[android.intent.category.LAUNCHER] cmp=com.example.dogglers/.MainActivity }, activity.getIntent()=Intent { act=android.intent.action.MAIN cat=[android.intent.category.LAUNCHER] flg=0x10000000 cmp=com.example.dogglers/androidx.test.core.app.InstrumentationActivityInvoker$EmptyActivity }, activity=androidx.test.core.app.InstrumentationActivityInvoker$EmptyActivity@cf9a67a
10-26 10:07:32.895   954  2449 I SemDvfsHyPerManager: acquire hyper - AMS_ACT_RESUME/954@33, type = -999
10-26 10:07:32.895   954  2449 D InputDispatcher: Focused application set to (0): cfd11d9
10-26 10:07:32.897   566   611 I HYPER-HAL: [RequestManager.cpp]acquire(): Acquired ID : 487611  [954 / 33]    HINT : AMS_ACT_RESUME    list :
10-26 10:07:32.901   954  1259 D SemWifiSwitchForIndividualAppsService: isPackageException - result:3, com.example.dogglers
10-26 10:07:32.901   954  1015 I SemPersonaManager: SecureFolder personaId = 150
10-26 10:07:32.902   954  3937 V WindowManager: Relayout Window{de7ab05 u0 com.example.dogglers/com.example.dogglers.HorizontalListActivity}: viewVisibility=8 req=1080x2280 d0
10-26 10:07:32.904   954  3937 V WindowManager: Relayout hash=de7ab05, pid=18320: mAttrs={(0,0)(fillxfill) sim={adjust=pan} ty=BASE_APPLICATION wanim=0x1030303
10-26 10:07:32.904   954  3937 V WindowManager:   fl=81810100
10-26 10:07:32.904   954  3937 V WindowManager:   pfl=12020040
10-26 10:07:32.904   954  3937 V WindowManager:   apr=LIGHT_NAVIGATION_BARS
10-26 10:07:32.904   954  3937 V WindowManager:   bhv=DEFAULT
10-26 10:07:32.904   954  3937 V WindowManager:   fitSides= naviIconColor=0
10-26 10:07:32.904   954  3937 V WindowManager:   sfl=100000}
10-26 10:07:32.905 18320 18320 I ViewRootImpl@d7f475e[HorizontalListActivity]: Relayout returned: old=(0,0,1080,2280) new=(0,0,1080,2280) req=(1080,2280)8 dur=4 res=0x5 s={false 0} ch=false fn=-1
10-26 10:07:32.906   620   620 I Layer   : id=189956 removeFromCurrentState ActivityRecord{51ae712 u0 com.example.dogglers/androidx.test.core.app.InstrumentationActivityInvoker$EmptyActivity t30230}#0 (176)
10-26 10:07:32.906   620   620 I SurfaceFlinger: id=189956 Removed ActivityRecord{51ae712 u0 com.example.dogglers/androidx.test.core.app.InstrumentationActivityInvoker$EmptyActivity t30230}#0 (176)
10-26 10:07:32.906   620   620 I Layer   : id=189956 Destroyed ActivityRecord{51ae712 u0 com.example.dogglers/androidx.test.core.app.InstrumentationActivityInvoker$EmptyActivity t30230}#0
10-26 10:07:32.907 18320 18320 I ViewRootImpl@35a7421[InstrumentationActivityInvoker$EmptyActivity]: MSG_WINDOW_FOCUS_CHANGED 0 1
10-26 10:07:32.908 18320 18320 I ViewRootImpl@d7f475e[HorizontalListActivity]: handleAppVisibility mAppVisible=false visible=true
10-26 10:07:32.908 18320 18320 I ViewRootImpl@d7f475e[HorizontalListActivity]: stopped(false) old=true
10-26 10:07:32.908 18320 18320 D LifecycleMonitor: Lifecycle status change: com.example.dogglers.HorizontalListActivity@c47b07b in: RESTARTED
10-26 10:07:32.908 18320 18320 V ActivityScenario: Activity lifecycle changed event received but ignored because the intent does not match. startActivityIntent=Intent { act=android.intent.action.MAIN cat=[android.intent.category.LAUNCHER] cmp=com.example.dogglers/.MainActivity }, activity.getIntent()=Intent { cmp=com.example.dogglers/.HorizontalListActivity }, activity=com.example.dogglers.HorizontalListActivity@c47b07b
10-26 10:07:32.909 18320 18320 D LifecycleMonitor: Lifecycle status change: com.example.dogglers.HorizontalListActivity@c47b07b in: STARTED
10-26 10:07:32.909 18320 18320 V ActivityScenario: Activity lifecycle changed event received but ignored because the intent does not match. startActivityIntent=Intent { act=android.intent.action.MAIN cat=[android.intent.category.LAUNCHER] cmp=com.example.dogglers/.MainActivity }, activity.getIntent()=Intent { cmp=com.example.dogglers/.HorizontalListActivity }, activity=com.example.dogglers.HorizontalListActivity@c47b07b
10-26 10:07:32.909 18320 18320 I ViewRootImpl@d7f475e[HorizontalListActivity]: stopped(false) old=false
10-26 10:07:32.909 18320 18320 D LifecycleMonitor: Lifecycle status change: com.example.dogglers.HorizontalListActivity@c47b07b in: RESUMED
10-26 10:07:32.909 18320 18320 V ActivityScenario: Activity lifecycle changed event received but ignored because the intent does not match. startActivityIntent=Intent { act=android.intent.action.MAIN cat=[android.intent.category.LAUNCHER] cmp=com.example.dogglers/.MainActivity }, activity.getIntent()=Intent { cmp=com.example.dogglers/.HorizontalListActivity }, activity=com.example.dogglers.HorizontalListActivity@c47b07b
10-26 10:07:32.911   954  1015 D EnterpriseDeviceManagerService: isMdmAdminPresentInternal() : MDM Admin Found - com.samsung.knox.securefolder
10-26 10:07:32.914  8198  8198 I Utils   : HomePackage : com.sec.android.app.launcher, resumePackageName : com.example.dogglers
10-26 10:07:32.916   954  1054 D AnalyticsContainerHandler: handleMessage : { when=0 what=1 target=com.android.server.knox.KnoxAnalyticsContainer$AnalyticsHandler }
10-26 10:07:32.924 18320 18355 D OpenGLRenderer: setSurface called with nullptr
10-26 10:07:32.925   954  2449 V WindowManager: Relayout Window{de7ab05 u0 com.example.dogglers/com.example.dogglers.HorizontalListActivity EXITING}: viewVisibility=0 req=1080x2280 d0
10-26 10:07:32.927   620   642 I SurfaceFlinger: id=189966 createSurf (0x0),-1 flag=24000, Surface(name=2fa8401 StatusBar)/@0xf000e26 - animation-leash of insets_animation#1
10-26 10:07:32.927   620   642 I SurfaceFlinger: id=189967 createSurf (0x0),-1 flag=24000, Surface(name=be23078 NavigationBar0)/@0x50010bd - animation-leash of insets_animation#1
10-26 10:07:32.928   954  2449 V WindowManager: Relayout hash=de7ab05, pid=18320: mAttrs={(0,0)(fillxfill) sim={adjust=resize} ty=BASE_APPLICATION wanim=0x1030303
10-26 10:07:32.928   954  2449 V WindowManager:   fl=81810100
10-26 10:07:32.928   954  2449 V WindowManager:   pfl=12020040
10-26 10:07:32.928   954  2449 V WindowManager:   apr=LIGHT_NAVIGATION_BARS
10-26 10:07:32.928   954  2449 V WindowManager:   bhv=DEFAULT
10-26 10:07:32.928   954  2449 V WindowManager:   fitSides= naviIconColor=0
10-26 10:07:32.928   954  2449 V WindowManager:   sfl=100000}
10-26 10:07:32.931 18320 18320 I ViewRootImpl@d7f475e[HorizontalListActivity]: Relayout returned: old=(0,0,1080,2280) new=(0,0,1080,2280) req=(1080,2280)0 dur=6 res=0x3 s={true 515080279984} ch=true fn=-1
10-26 10:07:32.931 18320 18355 D OpenGLRenderer: eglCreateWindowSurface
10-26 10:07:32.931 18320 18320 I ViewRootImpl@d7f475e[HorizontalListActivity]: [DP] dp(1) 1 android.view.ViewRootImpl.reportNextDraw:11420 android.view.ViewRootImpl.performTraversals:4193 android.view.ViewRootImpl.doTraversal:2919
10-26 10:07:32.938 18320 18320 I ViewRootImpl@d7f475e[HorizontalListActivity]: [DP] pdf(0) 1 android.view.ViewRootImpl.lambda$addFrameCompleteCallbackIfNeeded$3$ViewRootImpl:4995 android.view.ViewRootImpl$$ExternalSyntheticLambda16.run:6 android.os.Handler.handleCallback:938
10-26 10:07:32.938 18320 18320 I ViewRootImpl@d7f475e[HorizontalListActivity]: [DP] rdf()
10-26 10:07:32.938 18320 18320 D ViewRootImpl@d7f475e[HorizontalListActivity]: reportDrawFinished (fn: -1)
10-26 10:07:32.938 18320 18346 I TestRunner: finished: clicking_horizontal_list_button_displays_horizontal_list(com.example.dogglers.ButtonTests)
